✖ opening trends expose five correctly labelled metrics without inventing a completed tide (598.163949ms)
ℹ tests 1
ℹ suites 0
ℹ pass 0
ℹ fail 1
ℹ cancelled 0
ℹ skipped 0
ℹ todo 0
ℹ duration_ms 1199.527534

✖ failing tests:

test at tests/watch-trends.test.mjs:92:1
✖ opening trends expose five correctly labelled metrics without inventing a completed tide (598.163949ms)
  AssertionError [ERR_ASSERTION]: the completed journal needs its trends view
  
  0 !== 1
  
      at TestContext.<anonymous> (file:///dev/shm/hamon-afe225d6c6be-engine-longwater/source/tests/watch-trends.test.mjs:96:12)
      at async Test.run (node:internal/test_runner/test:1389:7)
      at async startSubtestAfterBootstrap (node:internal/test_runner/harness:387:3) {
    generatedMessage: false,
    code: 'ERR_ASSERTION',
    actual: 0,
    expected: 1,
    operator: 'strictEqual',
    diff: 'simple'
  }
