2026-10-08T14:06:32.2098957Z Current runner version: '2.337.0'
2026-10-08T14:06:32.2123505Z ##[group]Runner Image Provisioner
2026-10-08T14:06:32.2124325Z Hosted Compute Agent
2026-10-08T14:06:32.2124957Z Version: 20261002.596
2026-10-08T14:06:32.2125819Z Commit: c3d12f3313a95f25162a1503be624f3b0617f8c0
2026-10-08T14:06:32.2126470Z Build Date: 2026-10-02T22:28:27Z
2026-10-08T14:06:32.2127138Z Worker ID: {ca23698c-fc14-4e77-a9b2-3477136acc56}
2026-10-08T14:06:32.2127777Z Region: westus3
2026-10-08T14:06:32.2128279Z Cloud: Azure
2026-10-08T14:06:32.2128795Z ##[endgroup]
2026-10-08T14:06:32.2130216Z ##[group]Operating System
2026-10-08T14:06:32.2130819Z Ubuntu
2026-10-08T14:06:32.2131295Z 24.04.5
2026-10-08T14:06:32.2131777Z LTS
2026-10-08T14:06:32.2132290Z ##[endgroup]
2026-10-08T14:06:32.2132774Z ##[group]Runner Image
2026-10-08T14:06:32.2133326Z Image: ubuntu-24.04
2026-10-08T14:06:32.2133844Z Version: 20261004.327.1
2026-10-08T14:06:32.2135029Z Included Software: https://github.com/actions/runner-images/blob/ubuntu24/20261004.327/images/ubuntu/Ubuntu2404-Readme.md
2026-10-08T14:06:32.2136651Z Image Release: https://github.com/actions/runner-images/releases/tag/ubuntu24%2F20261004.327
2026-10-08T14:06:32.2137515Z ##[endgroup]
2026-10-08T14:06:32.2138715Z ##[group]GITHUB_TOKEN Permissions
2026-10-08T14:06:32.2140671Z Contents: read
2026-10-08T14:06:32.2141204Z Metadata: read
2026-10-08T14:06:32.2141713Z Packages: read
2026-10-08T14:06:32.2142231Z ##[endgroup]
2026-10-08T14:06:32.2144304Z Secret source: Actions
2026-10-08T14:06:32.2145335Z Cache mode: write
2026-10-08T14:06:32.2145959Z Prepare workflow directory
2026-10-08T14:06:32.2466333Z Prepare all required actions
2026-10-08T14:06:32.2516520Z Getting action download info
2026-10-08T14:06:32.5666079Z Download action repository 'actions/checkout@11d5960a326750d5838078e36cf38b85af677262' (SHA:11d5960a326750d5838078e36cf38b85af677262)
2026-10-08T14:06:32.9316398Z Download action repository 'actions/upload-artifact@ea165f8d65b6e75b540449e92b4886f43607fa02' (SHA:ea165f8d65b6e75b540449e92b4886f43607fa02)
2026-10-08T14:06:33.1553159Z Complete job name: browser
2026-10-08T14:06:33.2488301Z ##[group]Run actions/checkout@11d5960a326750d5838078e36cf38b85af677262
2026-10-08T14:06:33.2489413Z with:
2026-10-08T14:06:33.2489984Z   repository: Jacob-Met/longwater-browser-demo
2026-10-08T14:06:33.2494084Z   token: ***
2026-10-08T14:06:33.2494570Z   ssh-strict: true
2026-10-08T14:06:33.2495289Z   ssh-user: git
2026-10-08T14:06:33.2495886Z   persist-credentials: true
2026-10-08T14:06:33.2496413Z   clean: true
2026-10-08T14:06:33.2496901Z   sparse-checkout-cone-mode: true
2026-10-08T14:06:33.2497463Z   fetch-depth: 1
2026-10-08T14:06:33.2497935Z   fetch-tags: false
2026-10-08T14:06:33.2498419Z   show-progress: true
2026-10-08T14:06:33.2498918Z   lfs: false
2026-10-08T14:06:33.2499387Z   submodules: false
2026-10-08T14:06:33.2499872Z   set-safe-directory: true
2026-10-08T14:06:33.2500428Z   allow-unsafe-pr-checkout: false
2026-10-08T14:06:33.2501336Z ##[endgroup]
2026-10-08T14:06:33.3502954Z Syncing repository: Jacob-Met/longwater-browser-demo
2026-10-08T14:06:33.3505410Z ##[group]Getting Git version info
2026-10-08T14:06:33.3506398Z Working directory is '/home/runner/work/longwater-browser-demo/longwater-browser-demo'
2026-10-08T14:06:33.3508531Z [command]/usr/bin/git version
2026-10-08T14:06:33.4516884Z git version 2.55.0
2026-10-08T14:06:33.4536949Z ##[endgroup]
2026-10-08T14:06:33.4552442Z Temporarily overriding HOME='/home/runner/work/_temp/1c9e1a9a-118b-407d-8b9d-de551472fc12' before making global git config changes
2026-10-08T14:06:33.4554184Z Adding repository directory to the temporary git global config as a safe directory
2026-10-08T14:06:33.4558240Z [command]/usr/bin/git config --global --add safe.directory /home/runner/work/longwater-browser-demo/longwater-browser-demo
2026-10-08T14:06:33.4779743Z Deleting the contents of '/home/runner/work/longwater-browser-demo/longwater-browser-demo'
2026-10-08T14:06:33.4784822Z ##[group]Initializing the repository
2026-10-08T14:06:33.4790843Z [command]/usr/bin/git init /home/runner/work/longwater-browser-demo/longwater-browser-demo
2026-10-08T14:06:33.5231311Z hint: Using 'master' as the name for the initial branch. This default branch name
2026-10-08T14:06:33.5233552Z hint: will change to "main" in Git 3.0. To configure the initial branch name
2026-10-08T14:06:33.5235466Z hint: to use in all of your new repositories, which will suppress this warning,
2026-10-08T14:06:33.5236742Z hint: call:
2026-10-08T14:06:33.5237663Z hint:
2026-10-08T14:06:33.5238888Z hint: 	git config --global init.defaultBranch <name>
2026-10-08T14:06:33.5239928Z hint:
2026-10-08T14:06:33.5241297Z hint: Names commonly chosen instead of 'master' are 'main', 'trunk' and
2026-10-08T14:06:33.5242684Z hint: 'development'. The just-created branch can be renamed via this command:
2026-10-08T14:06:33.5243654Z hint:
2026-10-08T14:06:33.5245397Z hint: 	git branch -m <name>
2026-10-08T14:06:33.5246544Z hint:
2026-10-08T14:06:33.5248005Z hint: Disable this message with "git config set advice.defaultBranchName false"
2026-10-08T14:06:33.5250955Z Initialized empty Git repository in /home/runner/work/longwater-browser-demo/longwater-browser-demo/.git/
2026-10-08T14:06:33.5255763Z [command]/usr/bin/git remote add origin https://github.com/Jacob-Met/longwater-browser-demo
2026-10-08T14:06:33.5506883Z ##[endgroup]
2026-10-08T14:06:33.5508589Z ##[group]Disabling automatic garbage collection
2026-10-08T14:06:33.5510809Z [command]/usr/bin/git config --local gc.auto 0
2026-10-08T14:06:33.5544224Z ##[endgroup]
2026-10-08T14:06:33.5545887Z ##[group]Setting up auth
2026-10-08T14:06:33.5552789Z [command]/usr/bin/git config --local --name-only --get-regexp core\.sshCommand
2026-10-08T14:06:33.5584419Z [command]/usr/bin/git submodule foreach --recursive sh -c "git config --local --name-only --get-regexp 'core\.sshCommand' && git config --local --unset-all 'core.sshCommand' || :"
2026-10-08T14:06:33.7347989Z [command]/usr/bin/git config --local --name-only --get-regexp http\.https\:\/\/github\.com\/\.extraheader
2026-10-08T14:06:33.7382386Z [command]/usr/bin/git submodule foreach --recursive sh -c "git config --local --name-only --get-regexp 'http\.https\:\/\/github\.com\/\.extraheader' && git config --local --unset-all 'http.https://github.com/.extraheader' || :"
2026-10-08T14:06:33.7574382Z [command]/usr/bin/git config --local --name-only --get-regexp ^includeIf\.gitdir:
2026-10-08T14:06:33.7608000Z [command]/usr/bin/git submodule foreach --recursive git config --local --show-origin --name-only --get-regexp remote.origin.url
2026-10-08T14:06:33.7796555Z [command]/usr/bin/git config --local http.https://github.com/.extraheader AUTHORIZATION: basic ***
2026-10-08T14:06:33.7833643Z ##[endgroup]
2026-10-08T14:06:33.7835540Z ##[group]Fetching the repository
2026-10-08T14:06:33.7844967Z [command]/usr/bin/git -c protocol.version=2 fetch --no-tags --prune --no-recurse-submodules --depth=1 origin +91cfaf8609c88d19f3becd89d28760458df69821:refs/remotes/pull/19/merge
2026-10-08T14:06:35.1177952Z From https://github.com/Jacob-Met/longwater-browser-demo
2026-10-08T14:06:35.1179102Z  * [new ref]         91cfaf8609c88d19f3becd89d28760458df69821 -> pull/19/merge
2026-10-08T14:06:35.1181267Z ##[endgroup]
2026-10-08T14:06:35.1181963Z ##[group]Determining the checkout info
2026-10-08T14:06:35.1182730Z ##[endgroup]
2026-10-08T14:06:35.1192076Z [command]/usr/bin/git sparse-checkout disable
2026-10-08T14:06:35.1769198Z [command]/usr/bin/git config --local --unset-all extensions.worktreeConfig
2026-10-08T14:06:35.1812519Z ##[group]Checking out the ref
2026-10-08T14:06:35.1818474Z [command]/usr/bin/git checkout --progress --force refs/remotes/pull/19/merge
2026-10-08T14:06:35.2423103Z Note: switching to 'refs/remotes/pull/19/merge'.
2026-10-08T14:06:35.2423674Z 
2026-10-08T14:06:35.2424046Z You are in 'detached HEAD' state. You can look around, make experimental
2026-10-08T14:06:35.2424887Z changes and commit them, and you can discard any commits you make in this
2026-10-08T14:06:35.2425976Z state without impacting any branches by switching back to a branch.
2026-10-08T14:06:35.2426525Z 
2026-10-08T14:06:35.2426822Z If you want to create a new branch to retain commits you create, you may
2026-10-08T14:06:35.2427273Z do so (now or later) by using -c with the switch command. Example:
2026-10-08T14:06:35.2427517Z 
2026-10-08T14:06:35.2427643Z   git switch -c <new-branch-name>
2026-10-08T14:06:35.2427823Z 
2026-10-08T14:06:35.2427939Z Or undo this operation with:
2026-10-08T14:06:35.2428105Z 
2026-10-08T14:06:35.2428201Z   git switch -
2026-10-08T14:06:35.2428340Z 
2026-10-08T14:06:35.2428565Z Turn off this advice by setting config variable advice.detachedHead to false
2026-10-08T14:06:35.2428862Z 
2026-10-08T14:06:35.2429240Z HEAD is now at 91cfaf8 Merge 5e975da11de1d57df6f8bd1407e9fd01bf862ca7 into f3215e82795d881c27f0c0225aa8ea5fcd2bbe4c
2026-10-08T14:06:35.2432379Z ##[endgroup]
2026-10-08T14:06:35.2473393Z [command]/usr/bin/git log -1 --format=%H
2026-10-08T14:06:35.2496678Z 91cfaf8609c88d19f3becd89d28760458df69821
2026-10-08T14:06:35.2732521Z ##[group]Run npm ci
2026-10-08T14:06:35.2732916Z [36;1mnpm ci[0m
2026-10-08T14:06:35.4239135Z shell: /usr/bin/bash -e {0}
2026-10-08T14:06:35.4239616Z ##[endgroup]
2026-10-08T14:06:39.5129512Z 
2026-10-08T14:06:39.5129999Z added 2 packages, and audited 3 packages in 2s
2026-10-08T14:06:39.5155978Z 
2026-10-08T14:06:39.5156783Z found 0 vulnerabilities
2026-10-08T14:06:39.5398950Z ##[group]Run npx playwright install --with-deps chromium
2026-10-08T14:06:39.5399407Z [36;1mnpx playwright install --with-deps chromium[0m
2026-10-08T14:06:39.5436369Z shell: /usr/bin/bash -e {0}
2026-10-08T14:06:39.5436656Z ##[endgroup]
2026-10-08T14:06:40.3502850Z Installing dependencies...
2026-10-08T14:06:40.4658732Z Switching to root user to install dependencies...
2026-10-08T14:06:41.1836521Z Get:1 file:/etc/apt/apt-mirrors.txt Mirrorlist [144 B]
2026-10-08T14:06:41.1948617Z Get:6 https://packages.microsoft.com/ubuntu/24.04/prod noble InRelease [3600 B]
2026-10-08T14:06:41.2407930Z Hit:2 http://azure.archive.ubuntu.com/ubuntu noble InRelease
2026-10-08T14:06:41.2436913Z Get:3 http://azure.archive.ubuntu.com/ubuntu noble-updates InRelease [126 kB]
2026-10-08T14:06:41.2754472Z Get:4 http://azure.archive.ubuntu.com/ubuntu noble-backports InRelease [126 kB]
2026-10-08T14:06:41.3224482Z Get:5 http://azure.archive.ubuntu.com/ubuntu noble-security InRelease [126 kB]
2026-10-08T14:06:41.7973036Z Get:7 https://packages.microsoft.com/ubuntu/24.04/prod noble/main all Packages [640 B]
2026-10-08T14:06:41.8336528Z Get:8 https://packages.microsoft.com/ubuntu/24.04/prod noble/main arm64 Packages [474 kB]
2026-10-08T14:06:41.8415592Z Get:9 https://packages.microsoft.com/ubuntu/24.04/prod noble/main amd64 Packages [531 kB]
2026-10-08T14:06:41.8487301Z Get:10 https://packages.microsoft.com/ubuntu/24.04/prod noble/main armhf Packages [12.3 kB]
2026-10-08T14:06:41.9233891Z Get:11 http://azure.archive.ubuntu.com/ubuntu noble-updates/main amd64 Packages [1375 kB]
2026-10-08T14:06:41.9356273Z Get:12 http://azure.archive.ubuntu.com/ubuntu noble-updates/main Translation-en [306 kB]
2026-10-08T14:06:41.9376046Z Get:13 http://azure.archive.ubuntu.com/ubuntu noble-updates/universe amd64 Packages [1702 kB]
2026-10-08T14:06:41.9454997Z Get:14 http://azure.archive.ubuntu.com/ubuntu noble-updates/universe Translation-en [341 kB]
2026-10-08T14:06:41.9486650Z Get:15 http://azure.archive.ubuntu.com/ubuntu noble-updates/restricted amd64 Packages [1761 kB]
2026-10-08T14:06:41.9557135Z Get:16 http://azure.archive.ubuntu.com/ubuntu noble-updates/restricted Translation-en [401 kB]
2026-10-08T14:06:41.9582142Z Get:17 http://azure.archive.ubuntu.com/ubuntu noble-updates/multiverse amd64 Packages [55.0 kB]
2026-10-08T14:06:41.9586516Z Get:18 http://azure.archive.ubuntu.com/ubuntu noble-updates/multiverse Translation-en [14.3 kB]
2026-10-08T14:06:42.0166433Z Get:19 http://azure.archive.ubuntu.com/ubuntu noble-security/main amd64 Packages [1089 kB]
2026-10-08T14:06:42.0220589Z Get:20 http://azure.archive.ubuntu.com/ubuntu noble-security/main Translation-en [225 kB]
2026-10-08T14:06:42.0651869Z Get:21 http://azure.archive.ubuntu.com/ubuntu noble-security/universe amd64 Packages [1218 kB]
2026-10-08T14:06:42.0719053Z Get:22 http://azure.archive.ubuntu.com/ubuntu noble-security/universe Translation-en [245 kB]
2026-10-08T14:06:42.0756816Z Get:23 http://azure.archive.ubuntu.com/ubuntu noble-security/restricted amd64 Packages [1594 kB]
2026-10-08T14:06:42.0844542Z Get:24 http://azure.archive.ubuntu.com/ubuntu noble-security/restricted Translation-en [366 kB]
2026-10-08T14:06:42.0869764Z Get:25 http://azure.archive.ubuntu.com/ubuntu noble-security/multiverse Translation-en [11.6 kB]
2026-10-08T14:06:47.1522103Z Fetched 12.1 MB in 2s (6479 kB/s)
2026-10-08T14:06:48.0704486Z Reading package lists...
2026-10-08T14:06:48.0962930Z Reading package lists...
2026-10-08T14:06:48.2972950Z Building dependency tree...
2026-10-08T14:06:48.2979864Z Reading state information...
2026-10-08T14:06:48.4498978Z libasound2t64 is already the newest version (1.2.11-1ubuntu0.3).
2026-10-08T14:06:48.4499801Z libasound2t64 set to manually installed.
2026-10-08T14:06:48.4500741Z libatk-bridge2.0-0t64 is already the newest version (2.52.0-1build1).
2026-10-08T14:06:48.4501222Z libatk-bridge2.0-0t64 set to manually installed.
2026-10-08T14:06:48.4501648Z libatk1.0-0t64 is already the newest version (2.52.0-1build1).
2026-10-08T14:06:48.4502453Z libatk1.0-0t64 set to manually installed.
2026-10-08T14:06:48.4502865Z libatspi2.0-0t64 is already the newest version (2.52.0-1build1).
2026-10-08T14:06:48.4503301Z libatspi2.0-0t64 set to manually installed.
2026-10-08T14:06:48.4503690Z libcairo2 is already the newest version (1.18.0-3build1).
2026-10-08T14:06:48.4504102Z libcairo2 set to manually installed.
2026-10-08T14:06:48.4504492Z libcups2t64 is already the newest version (2.4.7-1.2ubuntu7.14).
2026-10-08T14:06:48.4504911Z libcups2t64 set to manually installed.
2026-10-08T14:06:48.4505697Z libdbus-1-3 is already the newest version (1.14.10-4ubuntu4.1).
2026-10-08T14:06:48.4506421Z libdbus-1-3 set to manually installed.
2026-10-08T14:06:48.4507143Z libdrm2 is already the newest version (2.4.125-1ubuntu0.1~24.04.2).
2026-10-08T14:06:48.4507879Z libdrm2 set to manually installed.
2026-10-08T14:06:48.4508529Z libgbm1 is already the newest version (25.2.8-0ubuntu0.24.04.4).
2026-10-08T14:06:48.4508922Z libgbm1 set to manually installed.
2026-10-08T14:06:48.4509313Z libglib2.0-0t64 is already the newest version (2.80.0-6ubuntu3.9).
2026-10-08T14:06:48.4509732Z libglib2.0-0t64 set to manually installed.
2026-10-08T14:06:48.4510115Z libnspr4 is already the newest version (2:4.35-1.1build1).
2026-10-08T14:06:48.4510503Z libnspr4 set to manually installed.
2026-10-08T14:06:48.4510861Z libnss3 is already the newest version (2:3.98-1ubuntu0.2).
2026-10-08T14:06:48.4511234Z libnss3 set to manually installed.
2026-10-08T14:06:48.4511607Z libpango-1.0-0 is already the newest version (1.52.1+ds-1build1).
2026-10-08T14:06:48.4512019Z libpango-1.0-0 set to manually installed.
2026-10-08T14:06:48.4512393Z libx11-6 is already the newest version (2:1.8.7-1build1).
2026-10-08T14:06:48.4512764Z libx11-6 set to manually installed.
2026-10-08T14:06:48.4513124Z libxcb1 is already the newest version (1.15-1ubuntu2).
2026-10-08T14:06:48.4513484Z libxcb1 set to manually installed.
2026-10-08T14:06:48.4513853Z libxcomposite1 is already the newest version (1:0.4.5-1build3).
2026-10-08T14:06:48.4514297Z libxcomposite1 set to manually installed.
2026-10-08T14:06:48.4514783Z libxdamage1 is already the newest version (1:1.1.6-1build1).
2026-10-08T14:06:48.4515309Z libxdamage1 set to manually installed.
2026-10-08T14:06:48.4515803Z libxext6 is already the newest version (2:1.3.4-1build2).
2026-10-08T14:06:48.4516174Z libxext6 set to manually installed.
2026-10-08T14:06:48.4516549Z libxfixes3 is already the newest version (1:6.0.0-2build1).
2026-10-08T14:06:48.4516934Z libxfixes3 set to manually installed.
2026-10-08T14:06:48.4517313Z libxkbcommon0 is already the newest version (1.6.0-1build1).
2026-10-08T14:06:48.4517710Z libxkbcommon0 set to manually installed.
2026-10-08T14:06:48.4518299Z libxrandr2 is already the newest version (2:1.5.2-2build1).
2026-10-08T14:06:48.4518680Z libxrandr2 set to manually installed.
2026-10-08T14:06:48.4519043Z xvfb is already the newest version (2:21.1.12-1ubuntu1.8).
2026-10-08T14:06:48.4519562Z fonts-noto-color-emoji is already the newest version (2.047-0ubuntu0.24.04.1).
2026-10-08T14:06:48.4520131Z libfontconfig1 is already the newest version (2.15.0-1.1ubuntu2).
2026-10-08T14:06:48.4520579Z libfontconfig1 set to manually installed.
2026-10-08T14:06:48.4520990Z fonts-liberation is already the newest version (1:2.1.5-3).
2026-10-08T14:06:48.4521390Z fonts-liberation set to manually installed.
2026-10-08T14:06:48.4521769Z The following additional packages will be installed:
2026-10-08T14:06:48.4522142Z   xfonts-encodings xfonts-utils
2026-10-08T14:06:48.4522454Z Recommended packages:
2026-10-08T14:06:48.4522744Z   fonts-ipafont-mincho fonts-tlwg-loma
2026-10-08T14:06:48.4839214Z The following NEW packages will be installed:
2026-10-08T14:06:48.4840048Z   fonts-freefont-ttf fonts-ipafont-gothic fonts-tlwg-loma-otf fonts-unifont
2026-10-08T14:06:48.4851835Z   fonts-wqy-zenhei xfonts-cyrillic xfonts-encodings xfonts-scalable
2026-10-08T14:06:48.4852672Z   xfonts-utils
2026-10-08T14:06:48.4858209Z The following packages will be upgraded:
2026-10-08T14:06:48.4864108Z   libfreetype6
2026-10-08T14:06:48.5065831Z 1 upgraded, 9 newly installed, 0 to remove and 16 not upgraded.
2026-10-08T14:06:48.5066250Z Need to get 21.5 MB of archives.
2026-10-08T14:06:48.5066582Z After this operation, 79.5 MB of additional disk space will be used.
2026-10-08T14:06:48.5066980Z Get:1 file:/etc/apt/apt-mirrors.txt Mirrorlist [144 B]
2026-10-08T14:06:48.5857028Z Get:2 http://azure.archive.ubuntu.com/ubuntu noble/universe amd64 fonts-ipafont-gothic all 00303-21ubuntu1 [3513 kB]
2026-10-08T14:06:48.7163006Z Get:3 http://azure.archive.ubuntu.com/ubuntu noble/main amd64 fonts-freefont-ttf all 20211204+svn4273-2 [5641 kB]
2026-10-08T14:06:48.8606334Z Get:4 http://azure.archive.ubuntu.com/ubuntu noble/universe amd64 fonts-tlwg-loma-otf all 1:0.7.3-1 [107 kB]
2026-10-08T14:06:48.9289113Z Get:5 http://azure.archive.ubuntu.com/ubuntu noble/universe amd64 fonts-unifont all 1:15.1.01-1build1 [2993 kB]
2026-10-08T14:06:49.0632395Z Get:6 http://azure.archive.ubuntu.com/ubuntu noble/universe amd64 fonts-wqy-zenhei all 0.9.45-8 [7472 kB]
2026-10-08T14:06:49.2873023Z Get:7 http://azure.archive.ubuntu.com/ubuntu noble-updates/main amd64 libfreetype6 amd64 2.13.2+dfsg-1ubuntu0.2 [403 kB]
2026-10-08T14:06:49.3593054Z Get:8 http://azure.archive.ubuntu.com/ubuntu noble/main amd64 xfonts-encodings all 1:1.0.5-0ubuntu2 [578 kB]
2026-10-08T14:06:49.4353932Z Get:9 http://azure.archive.ubuntu.com/ubuntu noble/main amd64 xfonts-utils amd64 1:7.7+6build3 [94.4 kB]
2026-10-08T14:06:49.5014796Z Get:10 http://azure.archive.ubuntu.com/ubuntu noble/universe amd64 xfonts-cyrillic all 1:1.0.5+nmu1 [384 kB]
2026-10-08T14:06:49.5738889Z Get:11 http://azure.archive.ubuntu.com/ubuntu noble/main amd64 xfonts-scalable all 1:1.0.3-1.3 [304 kB]
2026-10-08T14:06:49.8391879Z Fetched 21.5 MB in 1s (19.8 MB/s)
2026-10-08T14:06:49.8776760Z Selecting previously unselected package fonts-ipafont-gothic.
2026-10-08T14:06:49.9263395Z (Reading database ... 
2026-10-08T14:06:49.9263721Z (Reading database ... 5%
2026-10-08T14:06:49.9263966Z (Reading database ... 10%
2026-10-08T14:06:49.9264236Z (Reading database ... 15%
2026-10-08T14:06:49.9264452Z (Reading database ... 20%
2026-10-08T14:06:49.9264672Z (Reading database ... 25%
2026-10-08T14:06:49.9264886Z (Reading database ... 30%
2026-10-08T14:06:49.9266025Z (Reading database ... 35%
2026-10-08T14:06:49.9266374Z (Reading database ... 40%
2026-10-08T14:06:49.9266596Z (Reading database ... 45%
2026-10-08T14:06:49.9266815Z (Reading database ... 50%
2026-10-08T14:06:49.9613712Z (Reading database ... 55%
2026-10-08T14:06:50.2741070Z (Reading database ... 60%
2026-10-08T14:06:50.5356466Z (Reading database ... 65%
2026-10-08T14:06:50.7970295Z (Reading database ... 70%
2026-10-08T14:06:51.1080802Z (Reading database ... 75%
2026-10-08T14:06:51.4597899Z (Reading database ... 80%
2026-10-08T14:06:52.0320652Z (Reading database ... 85%
2026-10-08T14:06:52.6985905Z (Reading database ... 90%
2026-10-08T14:06:53.2617293Z (Reading database ... 95%
2026-10-08T14:06:53.2617990Z (Reading database ... 100%
2026-10-08T14:06:53.2619115Z (Reading database ... 203191 files and directories currently installed.)
2026-10-08T14:06:53.2666901Z Preparing to unpack .../0-fonts-ipafont-gothic_00303-21ubuntu1_all.deb ...
2026-10-08T14:06:53.2745316Z Unpacking fonts-ipafont-gothic (00303-21ubuntu1) ...
2026-10-08T14:06:53.4999679Z Selecting previously unselected package fonts-freefont-ttf.
2026-10-08T14:06:53.5111588Z Preparing to unpack .../1-fonts-freefont-ttf_20211204+svn4273-2_all.deb ...
2026-10-08T14:06:53.5120384Z Unpacking fonts-freefont-ttf (20211204+svn4273-2) ...
2026-10-08T14:06:53.5902133Z Selecting previously unselected package fonts-tlwg-loma-otf.
2026-10-08T14:06:53.6019318Z Preparing to unpack .../2-fonts-tlwg-loma-otf_1%3a0.7.3-1_all.deb ...
2026-10-08T14:06:53.6031527Z Unpacking fonts-tlwg-loma-otf (1:0.7.3-1) ...
2026-10-08T14:06:53.6234397Z Selecting previously unselected package fonts-unifont.
2026-10-08T14:06:53.6355608Z Preparing to unpack .../3-fonts-unifont_1%3a15.1.01-1build1_all.deb ...
2026-10-08T14:06:53.6366043Z Unpacking fonts-unifont (1:15.1.01-1build1) ...
2026-10-08T14:06:53.7376715Z Selecting previously unselected package fonts-wqy-zenhei.
2026-10-08T14:06:53.7489140Z Preparing to unpack .../4-fonts-wqy-zenhei_0.9.45-8_all.deb ...
2026-10-08T14:06:53.7571491Z Unpacking fonts-wqy-zenhei (0.9.45-8) ...
2026-10-08T14:06:54.2354393Z Preparing to unpack .../5-libfreetype6_2.13.2+dfsg-1ubuntu0.2_amd64.deb ...
2026-10-08T14:06:54.2387844Z Unpacking libfreetype6:amd64 (2.13.2+dfsg-1ubuntu0.2) over (2.13.2+dfsg-1ubuntu0.1) ...
2026-10-08T14:06:54.2596642Z Selecting previously unselected package xfonts-encodings.
2026-10-08T14:06:54.2712620Z Preparing to unpack .../6-xfonts-encodings_1%3a1.0.5-0ubuntu2_all.deb ...
2026-10-08T14:06:54.2723503Z Unpacking xfonts-encodings (1:1.0.5-0ubuntu2) ...
2026-10-08T14:06:54.2946070Z Selecting previously unselected package xfonts-utils.
2026-10-08T14:06:54.3067092Z Preparing to unpack .../7-xfonts-utils_1%3a7.7+6build3_amd64.deb ...
2026-10-08T14:06:54.3079185Z Unpacking xfonts-utils (1:7.7+6build3) ...
2026-10-08T14:06:54.3663227Z Selecting previously unselected package xfonts-cyrillic.
2026-10-08T14:06:54.3794266Z Preparing to unpack .../8-xfonts-cyrillic_1%3a1.0.5+nmu1_all.deb ...
2026-10-08T14:06:54.3807335Z Unpacking xfonts-cyrillic (1:1.0.5+nmu1) ...
2026-10-08T14:06:54.4089185Z Selecting previously unselected package xfonts-scalable.
2026-10-08T14:06:54.4205777Z Preparing to unpack .../9-xfonts-scalable_1%3a1.0.3-1.3_all.deb ...
2026-10-08T14:06:54.4215656Z Unpacking xfonts-scalable (1:1.0.3-1.3) ...
2026-10-08T14:06:54.4586310Z Setting up fonts-wqy-zenhei (0.9.45-8) ...
2026-10-08T14:06:54.4694298Z Setting up fonts-freefont-ttf (20211204+svn4273-2) ...
2026-10-08T14:06:54.4721744Z Setting up fonts-tlwg-loma-otf (1:0.7.3-1) ...
2026-10-08T14:06:54.4738993Z Setting up libfreetype6:amd64 (2.13.2+dfsg-1ubuntu0.2) ...
2026-10-08T14:06:54.4755000Z Setting up xfonts-encodings (1:1.0.5-0ubuntu2) ...
2026-10-08T14:06:54.4770812Z Setting up fonts-ipafont-gothic (00303-21ubuntu1) ...
2026-10-08T14:06:54.4828029Z update-alternatives: using /usr/share/fonts/opentype/ipafont-gothic/ipag.ttf to provide /usr/share/fonts/truetype/fonts-japanese-gothic.ttf (fonts-japanese-gothic.ttf) in auto mode
2026-10-08T14:06:54.4843011Z Setting up fonts-unifont (1:15.1.01-1build1) ...
2026-10-08T14:06:54.4862964Z Setting up xfonts-utils (1:7.7+6build3) ...
2026-10-08T14:06:54.4901949Z Setting up xfonts-cyrillic (1:1.0.5+nmu1) ...
2026-10-08T14:06:54.5188811Z Setting up xfonts-scalable (1:1.0.3-1.3) ...
2026-10-08T14:06:54.5452185Z Processing triggers for libc-bin (2.39-0ubuntu8.9) ...
2026-10-08T14:06:54.6488663Z Processing triggers for man-db (2.12.0-4build2) ...
2026-10-08T14:06:54.6517036Z Not building database; man-db/auto-update is not 'true'.
2026-10-08T14:06:54.6533520Z Processing triggers for fontconfig (2.15.0-1.1ubuntu2) ...
2026-10-08T14:06:55.8658328Z 
2026-10-08T14:06:55.8659329Z Running kernel seems to be up-to-date.
2026-10-08T14:06:55.8659699Z 
2026-10-08T14:06:55.8659840Z Restarting services...
2026-10-08T14:06:55.8723526Z  systemctl restart php8.3-fpm.service
2026-10-08T14:06:55.9641130Z 
2026-10-08T14:06:55.9642311Z No containers need to be restarted.
2026-10-08T14:06:55.9642732Z 
2026-10-08T14:06:55.9656289Z No user sessions are running outdated binaries.
2026-10-08T14:06:55.9656895Z 
2026-10-08T14:06:55.9657701Z No VM guests are running outdated hypervisor (qemu) binaries on this host.
2026-10-08T14:06:56.9439413Z Downloading Chrome for Testing 151.0.7922.34 (playwright chromium v1234) from https://cdn.playwright.dev/builds/cft/151.0.7922.34/linux64/chrome-linux64.zip
2026-10-08T14:06:57.9791932Z |                                                                                |   0% of 184.3 MiB
2026-10-08T14:06:58.1896963Z |■■■■■■■■                                                                        |  10% of 184.3 MiB
2026-10-08T14:06:58.2933031Z |■■■■■■■■■■■■■■■■                                                                |  20% of 184.3 MiB
2026-10-08T14:06:58.3723743Z |■■■■■■■■■■■■■■■■■■■■■■■■                                                        |  30% of 184.3 MiB
2026-10-08T14:06:58.4800722Z |■■■■■■■■■■■■■■■■■■■■■■■■■■■■■■■■                                                |  40% of 184.3 MiB
2026-10-08T14:06:58.5664931Z |■■■■■■■■■■■■■■■■■■■■■■■■■■■■■■■■■■■■■■■■                                        |  50% of 184.3 MiB
2026-10-08T14:06:58.6499365Z |■■■■■■■■■■■■■■■■■■■■■■■■■■■■■■■■■■■■■■■■■■■■■■■■                                |  60% of 184.3 MiB
2026-10-08T14:06:58.7333705Z |■■■■■■■■■■■■■■■■■■■■■■■■■■■■■■■■■■■■■■■■■■■■■■■■■■■■■■■■                        |  70% of 184.3 MiB
2026-10-08T14:06:58.8264884Z |■■■■■■■■■■■■■■■■■■■■■■■■■■■■■■■■■■■■■■■■■■■■■■■■■■■■■■■■■■■■■■■■                |  80% of 184.3 MiB
2026-10-08T14:06:58.8893672Z |■■■■■■■■■■■■■■■■■■■■■■■■■■■■■■■■■■■■■■■■■■■■■■■■■■■■■■■■■■■■■■■■■■■■■■■■        |  90% of 184.3 MiB
2026-10-08T14:06:58.9703770Z |■■■■■■■■■■■■■■■■■■■■■■■■■■■■■■■■■■■■■■■■■■■■■■■■■■■■■■■■■■■■■■■■■■■■■■■■■■■■■■■■| 100% of 184.3 MiB
2026-10-08T14:07:01.4955001Z Chrome for Testing 151.0.7922.34 (playwright chromium v1234) downloaded to /home/runner/.cache/ms-playwright/chromium-1234
2026-10-08T14:07:01.4956423Z Downloading FFmpeg (playwright ffmpeg v1011) from https://cdn.playwright.dev/dbazure/download/playwright/builds/ffmpeg/1011/ffmpeg-linux.zip
2026-10-08T14:07:02.4772035Z |                                                                                |   0% of 2.3 MiB
2026-10-08T14:07:02.4808408Z |■■■■■■■■                                                                        |  10% of 2.3 MiB
2026-10-08T14:07:02.4842586Z |■■■■■■■■■■■■■■■■                                                                |  20% of 2.3 MiB
2026-10-08T14:07:02.4860196Z |■■■■■■■■■■■■■■■■■■■■■■■■                                                        |  30% of 2.3 MiB
2026-10-08T14:07:02.4875235Z |■■■■■■■■■■■■■■■■■■■■■■■■■■■■■■■■                                                |  40% of 2.3 MiB
2026-10-08T14:07:02.4891832Z |■■■■■■■■■■■■■■■■■■■■■■■■■■■■■■■■■■■■■■■■                                        |  50% of 2.3 MiB
2026-10-08T14:07:02.4901254Z |■■■■■■■■■■■■■■■■■■■■■■■■■■■■■■■■■■■■■■■■■■■■■■■■                                |  60% of 2.3 MiB
2026-10-08T14:07:02.4910786Z |■■■■■■■■■■■■■■■■■■■■■■■■■■■■■■■■■■■■■■■■■■■■■■■■■■■■■■■■                        |  70% of 2.3 MiB
2026-10-08T14:07:02.4920714Z |■■■■■■■■■■■■■■■■■■■■■■■■■■■■■■■■■■■■■■■■■■■■■■■■■■■■■■■■■■■■■■■■                |  80% of 2.3 MiB
2026-10-08T14:07:02.4930120Z |■■■■■■■■■■■■■■■■■■■■■■■■■■■■■■■■■■■■■■■■■■■■■■■■■■■■■■■■■■■■■■■■■■■■■■■■        |  90% of 2.3 MiB
2026-10-08T14:07:02.4939157Z |■■■■■■■■■■■■■■■■■■■■■■■■■■■■■■■■■■■■■■■■■■■■■■■■■■■■■■■■■■■■■■■■■■■■■■■■■■■■■■■■| 100% of 2.3 MiB
2026-10-08T14:07:02.5446224Z FFmpeg (playwright ffmpeg v1011) downloaded to /home/runner/.cache/ms-playwright/ffmpeg-1011
2026-10-08T14:07:02.5449419Z Downloading Chrome Headless Shell 151.0.7922.34 (playwright chromium-headless-shell v1234) from https://cdn.playwright.dev/builds/cft/151.0.7922.34/linux64/chrome-headless-shell-linux64.zip
2026-10-08T14:07:03.5634561Z |                                                                                |   0% of 114.7 MiB
2026-10-08T14:07:03.7232236Z |■■■■■■■■                                                                        |  10% of 114.7 MiB
2026-10-08T14:07:03.7749621Z |■■■■■■■■■■■■■■■■                                                                |  20% of 114.7 MiB
2026-10-08T14:07:03.8206395Z |■■■■■■■■■■■■■■■■■■■■■■■■                                                        |  30% of 114.7 MiB
2026-10-08T14:07:03.8784867Z |■■■■■■■■■■■■■■■■■■■■■■■■■■■■■■■■                                                |  40% of 114.7 MiB
2026-10-08T14:07:03.9371337Z |■■■■■■■■■■■■■■■■■■■■■■■■■■■■■■■■■■■■■■■■                                        |  50% of 114.7 MiB
2026-10-08T14:07:03.9915783Z |■■■■■■■■■■■■■■■■■■■■■■■■■■■■■■■■■■■■■■■■■■■■■■■■                                |  60% of 114.7 MiB
2026-10-08T14:07:04.0424184Z |■■■■■■■■■■■■■■■■■■■■■■■■■■■■■■■■■■■■■■■■■■■■■■■■■■■■■■■■                        |  70% of 114.7 MiB
2026-10-08T14:07:04.0788277Z |■■■■■■■■■■■■■■■■■■■■■■■■■■■■■■■■■■■■■■■■■■■■■■■■■■■■■■■■■■■■■■■■                |  80% of 114.7 MiB
2026-10-08T14:07:04.1221032Z |■■■■■■■■■■■■■■■■■■■■■■■■■■■■■■■■■■■■■■■■■■■■■■■■■■■■■■■■■■■■■■■■■■■■■■■■        |  90% of 114.7 MiB
2026-10-08T14:07:04.1723894Z |■■■■■■■■■■■■■■■■■■■■■■■■■■■■■■■■■■■■■■■■■■■■■■■■■■■■■■■■■■■■■■■■■■■■■■■■■■■■■■■■| 100% of 114.7 MiB
2026-10-08T14:07:05.9979970Z Chrome Headless Shell 151.0.7922.34 (playwright chromium-headless-shell v1234) downloaded to /home/runner/.cache/ms-playwright/chromium_headless_shell-1234
2026-10-08T14:07:06.0176652Z ##[group]Run npm test
2026-10-08T14:07:06.0176922Z [36;1mnpm test[0m
2026-10-08T14:07:06.0212361Z shell: /usr/bin/bash -e {0}
2026-10-08T14:07:06.0212790Z ##[endgroup]
2026-10-08T14:07:06.1252024Z 
2026-10-08T14:07:06.1252470Z > test
2026-10-08T14:07:06.1252828Z > node --test tests/*.test.mjs
2026-10-08T14:07:06.1253047Z 
2026-10-08T14:07:06.1779303Z TAP version 13
2026-10-08T14:07:08.7026459Z # Subtest: the actual WASM watch exposes operable cells, actions, and complete readings
2026-10-08T14:07:08.7046720Z ok 1 - the actual WASM watch exposes operable cells, actions, and complete readings
2026-10-08T14:07:08.7080666Z   ---
2026-10-08T14:07:08.7081390Z   duration_ms: 1920.680978
2026-10-08T14:07:08.7082225Z   type: 'test'
2026-10-08T14:07:08.7083050Z   ...
2026-10-08T14:07:09.3818005Z # Subtest: Tab, Enter, Space, arrows and shortcuts share one turn path
2026-10-08T14:07:09.3847490Z ok 2 - Tab, Enter, Space, arrows and shortcuts share one turn path
2026-10-08T14:07:09.3856047Z   ---
2026-10-08T14:07:09.3856514Z   duration_ms: 681.121588
2026-10-08T14:07:09.3857011Z   type: 'test'
2026-10-08T14:07:09.3857503Z   ...
2026-10-08T14:07:09.9914590Z # Subtest: unavailable actions and modified/repeated shortcuts do not spend a tide
2026-10-08T14:07:09.9935462Z ok 3 - unavailable actions and modified/repeated shortcuts do not spend a tide
2026-10-08T14:07:09.9936803Z   ---
2026-10-08T14:07:09.9937409Z   duration_ms: 608.283925
2026-10-08T14:07:09.9937996Z   type: 'test'
2026-10-08T14:07:09.9938488Z   ...
2026-10-08T14:07:12.8808898Z # Subtest: a player can finish all fourteen tides using only semantic controls and reset
2026-10-08T14:07:12.8826513Z ok 4 - a player can finish all fourteen tides using only semantic controls and reset
2026-10-08T14:07:12.8856012Z   ---
2026-10-08T14:07:12.8880515Z   duration_ms: 2889.85207
2026-10-08T14:07:12.8885254Z   type: 'test'
2026-10-08T14:07:12.8885611Z   ...
2026-10-08T14:07:13.5062653Z # Subtest: phone touch targets follow the canvas with separated notes and actions
2026-10-08T14:07:13.5063919Z ok 5 - phone touch targets follow the canvas with separated notes and actions
2026-10-08T14:07:13.5064647Z   ---
2026-10-08T14:07:13.5065274Z   duration_ms: 627.039685
2026-10-08T14:07:13.5065845Z   type: 'test'
2026-10-08T14:07:13.5066279Z   ...
2026-10-08T14:07:13.7630931Z # Subtest: failed WASM startup leaves an understandable error and no active controls
2026-10-08T14:07:13.7661006Z ok 6 - failed WASM startup leaves an understandable error and no active controls
2026-10-08T14:07:13.7662701Z   ---
2026-10-08T14:07:13.7663200Z   duration_ms: 255.535375
2026-10-08T14:07:13.7663738Z   type: 'test'
2026-10-08T14:07:13.7664207Z   ...
2026-10-08T14:07:13.9894132Z # Subtest: the journal preserves complete real WASM reports and all three cells across later choices
2026-10-08T14:07:13.9895670Z ok 7 - the journal preserves complete real WASM reports and all three cells across later choices
2026-10-08T14:07:13.9918637Z   ---
2026-10-08T14:07:13.9919404Z   duration_ms: 2655.096215
2026-10-08T14:07:13.9919839Z   type: 'test'
2026-10-08T14:07:13.9920147Z   ...
2026-10-08T14:07:13.9920927Z # Subtest: unavailable choices create no journal entry and journal keyboard reading spends no tide
2026-10-08T14:07:13.9921951Z ok 8 - unavailable choices create no journal entry and journal keyboard reading spends no tide
2026-10-08T14:07:13.9922651Z   ---
2026-10-08T14:07:13.9931418Z   duration_ms: 741.968002
2026-10-08T14:07:13.9932121Z   type: 'test'
2026-10-08T14:07:13.9932970Z   ...
2026-10-08T14:07:13.9933850Z # Subtest: all fourteen native tides remain reviewable with an exact final recap, then reset starts a fresh journal
2026-10-08T14:07:13.9936362Z ok 9 - all fourteen native tides remain reviewable with an exact final recap, then reset starts a fresh journal
2026-10-08T14:07:13.9937699Z   ---
2026-10-08T14:07:13.9938285Z   duration_ms: 2113.164319
2026-10-08T14:07:13.9938873Z   type: 'test'
2026-10-08T14:07:13.9939344Z   ...
2026-10-08T14:07:13.9940450Z # Subtest: phone readers can expand every note and cell without horizontal overflow
2026-10-08T14:07:13.9941625Z ok 10 - phone readers can expand every note and cell without horizontal overflow
2026-10-08T14:07:13.9942622Z   ---
2026-10-08T14:07:13.9943083Z   duration_ms: 881.038506
2026-10-08T14:07:13.9943628Z   type: 'test'
2026-10-08T14:07:13.9944136Z   ...
2026-10-08T14:07:13.9944817Z # Subtest: a failed simulation startup offers no fabricated watch history
2026-10-08T14:07:13.9947881Z ok 11 - a failed simulation startup offers no fabricated watch history
2026-10-08T14:07:13.9959525Z   ---
2026-10-08T14:07:13.9960106Z   duration_ms: 297.543562
2026-10-08T14:07:13.9960684Z   type: 'test'
2026-10-08T14:07:13.9961239Z   ...
2026-10-08T14:07:13.9962116Z # Subtest: an accepted native replay restores its full history, and a missing tide cannot replace it
2026-10-08T14:07:13.9963491Z ok 12 - an accepted native replay restores its full history, and a missing tide cannot replace it
2026-10-08T14:07:13.9964451Z   ---
2026-10-08T14:07:13.9964942Z   duration_ms: 411.23806
2026-10-08T14:07:13.9965532Z   type: 'test'
2026-10-08T14:07:13.9965961Z   ...
2026-10-08T14:07:14.3169865Z # Subtest: Reset reviews replacement before changing a native watch; cancel retains exact saved state and journal
2026-10-08T14:07:14.3192389Z ok 13 - Reset reviews replacement before changing a native watch; cancel retains exact saved state and journal
2026-10-08T14:07:14.3193243Z   ---
2026-10-08T14:07:14.3193564Z   duration_ms: 2953.199152
2026-10-08T14:07:14.3193924Z   type: 'test'
2026-10-08T14:07:14.3194239Z   ...
2026-10-08T14:07:14.3194804Z # Subtest: R uses the same review; Escape and the initially focused Enter action keep the watch
2026-10-08T14:07:14.3195883Z ok 14 - R uses the same review; Escape and the initially focused Enter action keep the watch
2026-10-08T14:07:14.3196553Z   ---
2026-10-08T14:07:14.3196873Z   duration_ms: 739.304085
2026-10-08T14:07:14.3197249Z   type: 'test'
2026-10-08T14:07:14.3197554Z   ...
2026-10-08T14:07:14.3198153Z # Subtest: confirming starts exactly the native opening and resets the saved journal once
2026-10-08T14:07:14.3199078Z ok 15 - confirming starts exactly the native opening and resets the saved journal once
2026-10-08T14:07:14.3199754Z   ---
2026-10-08T14:07:14.3200074Z   duration_ms: 859.603732
2026-10-08T14:07:14.3200524Z   type: 'test'
2026-10-08T14:07:14.3200868Z   ...
2026-10-08T14:07:14.3201535Z # Subtest: completed fourteen-tide outcome and full history survive a declined new watch
2026-10-08T14:07:14.3202552Z ok 16 - completed fourteen-tide outcome and full history survive a declined new watch
2026-10-08T14:07:14.3203181Z   ---
2026-10-08T14:07:14.3203484Z   duration_ms: 1817.1697
2026-10-08T14:07:14.3203894Z   type: 'test'
2026-10-08T14:07:14.3204202Z   ...
2026-10-08T14:07:14.3204745Z # Subtest: phone touch can cancel then deliberately confirm without horizontal overflow
2026-10-08T14:07:14.3205738Z ok 17 - phone touch can cancel then deliberately confirm without horizontal overflow
2026-10-08T14:07:14.3206307Z   ---
2026-10-08T14:07:14.3206624Z   duration_ms: 966.764582
2026-10-08T14:07:14.3206962Z   type: 'test'
2026-10-08T14:07:14.3207263Z   ...
2026-10-08T14:07:15.4844471Z # Subtest: the review blocks background game controls and ignores their keyboard shortcuts
2026-10-08T14:07:15.4867049Z ok 18 - the review blocks background game controls and ignores their keyboard shortcuts
2026-10-08T14:07:15.4910525Z   ---
2026-10-08T14:07:15.4926595Z   duration_ms: 1167.217163
2026-10-08T14:07:15.4950261Z   type: 'test'
2026-10-08T14:07:15.4951274Z   ...
2026-10-08T14:07:16.7393382Z # Subtest: a saved-watch change from another tab invalidates an already open replacement review
2026-10-08T14:07:16.7457769Z ok 19 - a saved-watch change from another tab invalidates an already open replacement review
2026-10-08T14:07:16.7495752Z   ---
2026-10-08T14:07:16.7516971Z   duration_ms: 1250.353085
2026-10-08T14:07:16.7571729Z   type: 'test'
2026-10-08T14:07:16.7608774Z   ...
2026-10-08T14:07:17.7395610Z # Subtest: unavailable browser storage still lets the player decline then explicitly start a fresh watch
2026-10-08T14:07:17.7416838Z ok 20 - unavailable browser storage still lets the player decline then explicitly start a fresh watch
2026-10-08T14:07:17.7431252Z   ---
2026-10-08T14:07:17.7505593Z   duration_ms: 1002.457686
2026-10-08T14:07:17.7517379Z   type: 'test'
2026-10-08T14:07:17.7518053Z   ...
2026-10-08T14:07:18.5452380Z # Subtest: modified or held R and R while reading the journal remain inert
2026-10-08T14:07:18.5466963Z ok 21 - modified or held R and R while reading the journal remain inert
2026-10-08T14:07:18.5468979Z   ---
2026-10-08T14:07:18.5469538Z   duration_ms: 809.267393
2026-10-08T14:07:18.5470077Z   type: 'test'
2026-10-08T14:07:18.5470505Z   ...
2026-10-08T14:07:19.4259652Z # Subtest: ordinary actions still advance exactly the existing native simulation
2026-10-08T14:07:19.4260932Z ok 22 - ordinary actions still advance exactly the existing native simulation
2026-10-08T14:07:19.4261307Z   ---
2026-10-08T14:07:19.4261542Z   duration_ms: 805.842616
2026-10-08T14:07:19.4261770Z   type: 'test'
2026-10-08T14:07:19.4261961Z   ...
2026-10-08T14:07:20.6017073Z # Subtest: the assembled offline file preserves a declined watch and saves only an explicitly confirmed new watch
2026-10-08T14:07:20.6063247Z ok 23 - the assembled offline file preserves a declined watch and saves only an explicitly confirmed new watch
2026-10-08T14:07:20.6069515Z   ---
2026-10-08T14:07:20.6070011Z   duration_ms: 1249.939969
2026-10-08T14:07:20.6070445Z   type: 'test'
2026-10-08T14:07:20.6070824Z   ...
2026-10-08T14:07:20.6582119Z # Subtest: a visitor downloads the current game and resumes its complete journal offline
2026-10-08T14:07:20.6583482Z ok 24 - a visitor downloads the current game and resumes its complete journal offline
2026-10-08T14:07:20.6584275Z   ---
2026-10-08T14:07:20.6584702Z   duration_ms: 2610.293033
2026-10-08T14:07:20.6585548Z   type: 'test'
2026-10-08T14:07:20.6588053Z   ...
2026-10-08T14:07:20.6589131Z # Subtest: the packaged watch plays and restores its complete journal offline
2026-10-08T14:07:20.6590119Z ok 25 - the packaged watch plays and restores its complete journal offline
2026-10-08T14:07:20.6590835Z   ---
2026-10-08T14:07:20.6591273Z   duration_ms: 1896.031872
2026-10-08T14:07:20.6591740Z   type: 'test'
2026-10-08T14:07:20.6592164Z   ...
2026-10-08T14:07:22.8858537Z # Subtest: a resumed watch reconstructs every earlier native report before accepting the next tide
2026-10-08T14:07:22.8864942Z ok 26 - a resumed watch reconstructs every earlier native report before accepting the next tide
2026-10-08T14:07:22.8873328Z   ---
2026-10-08T14:07:22.8873971Z   duration_ms: 2887.417652
2026-10-08T14:07:22.8874399Z   type: 'test'
2026-10-08T14:07:22.8874676Z   ...
2026-10-08T14:07:22.8875321Z # Subtest: a completed saved watch retains fourteen reports and the actual opening-to-final recap
2026-10-08T14:07:22.8876262Z ok 27 - a completed saved watch retains fourteen reports and the actual opening-to-final recap
2026-10-08T14:07:22.8876791Z   ---
2026-10-08T14:07:22.8877004Z   duration_ms: 2616.710833
2026-10-08T14:07:22.8877264Z   type: 'test'
2026-10-08T14:07:22.8877478Z   ...
2026-10-08T14:07:23.7461131Z # Subtest: failed saving keeps current reports and a successful explicit retry makes the whole journal resumable
2026-10-08T14:07:23.7462540Z ok 28 - failed saving keeps current reports and a successful explicit retry makes the whole journal resumable
2026-10-08T14:07:23.7476369Z   ---
2026-10-08T14:07:23.7477038Z   duration_ms: 860.850833
2026-10-08T14:07:23.7477454Z   type: 'test'
2026-10-08T14:07:23.7477790Z   ...
2026-10-08T14:07:24.4514432Z # Subtest: a save that disagrees with real replay is protected and cannot fabricate a journal
2026-10-08T14:07:24.4516372Z ok 29 - a save that disagrees with real replay is protected and cannot fabricate a journal
2026-10-08T14:07:24.4517572Z   ---
2026-10-08T14:07:24.4518046Z   duration_ms: 705.804489
2026-10-08T14:07:24.4518514Z   type: 'test'
2026-10-08T14:07:24.4518903Z   ...
2026-10-08T14:07:25.7421773Z # Subtest: another tab's saved branch stays authoritative while the local journal can continue unsaved
2026-10-08T14:07:25.7435423Z ok 30 - another tab's saved branch stays authoritative while the local journal can continue unsaved
2026-10-08T14:07:25.7444667Z   ---
2026-10-08T14:07:25.7447300Z   duration_ms: 1289.197743
2026-10-08T14:07:25.7477333Z   type: 'test'
2026-10-08T14:07:25.7477933Z   ...
2026-10-08T14:07:25.8003295Z # Subtest: each recorded choice reproduces the exact complete native tide and frees both sessions
2026-10-08T14:07:25.8016312Z ok 31 - each recorded choice reproduces the exact complete native tide and frees both sessions
2026-10-08T14:07:25.8025382Z   ---
2026-10-08T14:07:25.8025698Z   duration_ms: 7.091254
2026-10-08T14:07:25.8025981Z   type: 'test'
2026-10-08T14:07:25.8026196Z   ...
2026-10-08T14:07:25.8026616Z # Subtest: alternative actions on every cell preserve every native field and the original input history
2026-10-08T14:07:25.8027333Z ok 32 - alternative actions on every cell preserve every native field and the original input history
2026-10-08T14:07:25.8027775Z   ---
2026-10-08T14:07:25.8027973Z   duration_ms: 8.346524
2026-10-08T14:07:25.8028222Z   type: 'test'
2026-10-08T14:07:25.8028421Z   ...
2026-10-08T14:07:25.8028834Z # Subtest: changed intermediate native readings or field notes are refused even with an exact final snapshot
2026-10-08T14:07:25.8029508Z ok 33 - changed intermediate native readings or field notes are refused even with an exact final snapshot
2026-10-08T14:07:25.8029975Z   ---
2026-10-08T14:07:25.8030375Z   duration_ms: 1.624661
2026-10-08T14:07:25.8030807Z   type: 'test'
2026-10-08T14:07:25.8031161Z   ...
2026-10-08T14:07:25.8031770Z # Subtest: a changed native opening and a changed completed action cannot become comparison authority
2026-10-08T14:07:25.8032570Z ok 34 - a changed native opening and a changed completed action cannot become comparison authority
2026-10-08T14:07:25.8033094Z   ---
2026-10-08T14:07:25.8033469Z   duration_ms: 1.861694
2026-10-08T14:07:25.8033856Z   type: 'test'
2026-10-08T14:07:25.8034189Z   ...
2026-10-08T14:07:25.8034888Z # Subtest: empty, malformed, overlong, reordered and incomplete histories refuse before allocating native state
2026-10-08T14:07:25.8036161Z ok 35 - empty, malformed, overlong, reordered and incomplete histories refuse before allocating native state
2026-10-08T14:07:25.8036915Z   ---
2026-10-08T14:07:25.8037215Z   duration_ms: 1.383993
2026-10-08T14:07:25.8037557Z   type: 'test'
2026-10-08T14:07:25.8135684Z   ...
2026-10-08T14:07:25.8136352Z # Subtest: historical canopy admission uses the selected tide and a native refusal frees its isolated session
2026-10-08T14:07:25.8137425Z ok 36 - historical canopy admission uses the selected tide and a native refusal frees its isolated session
2026-10-08T14:07:25.8138389Z   ---
2026-10-08T14:07:25.8140256Z   duration_ms: 3.608554
2026-10-08T14:07:25.8140725Z   type: 'test'
2026-10-08T14:07:25.8141094Z   ...
2026-10-08T14:07:25.8141805Z # Subtest: exhausted current water and seed packs do not prevent an available historical alternative
2026-10-08T14:07:25.8142897Z ok 37 - exhausted current water and seed packs do not prevent an available historical alternative
2026-10-08T14:07:25.8143679Z   ---
2026-10-08T14:07:25.8144083Z   duration_ms: 6.389649
2026-10-08T14:07:25.8144534Z   type: 'test'
2026-10-08T14:07:25.8144949Z   ...
2026-10-08T14:07:25.8146066Z # Subtest: successful and refused comparisons leave the actual SavedWatch, selection, storage bytes and next tide unchanged
2026-10-08T14:07:25.8147670Z ok 38 - successful and refused comparisons leave the actual SavedWatch, selection, storage bytes and next tide unchanged
2026-10-08T14:07:25.8148707Z   ---
2026-10-08T14:07:25.8149141Z   duration_ms: 2.641254
2026-10-08T14:07:25.8149607Z   type: 'test'
2026-10-08T14:07:25.8150036Z   ...
2026-10-08T14:07:25.8150764Z # Subtest: read-only comparison remains available while the real watch cannot access storage
2026-10-08T14:07:25.8152399Z ok 39 - read-only comparison remains available while the real watch cannot access storage
2026-10-08T14:07:25.8153291Z   ---
2026-10-08T14:07:25.8153692Z   duration_ms: 1.750568
2026-10-08T14:07:25.8154356Z   type: 'test'
2026-10-08T14:07:25.8154786Z   ...
2026-10-08T14:07:25.8155618Z # Subtest: all fourteen admitted snapshots and the final native outcome remain reproducible
2026-10-08T14:07:25.8156657Z ok 40 - all fourteen admitted snapshots and the final native outcome remain reproducible
2026-10-08T14:07:25.8157408Z   ---
2026-10-08T14:07:25.8157784Z   duration_ms: 23.149799
2026-10-08T14:07:25.8158236Z   type: 'test'
2026-10-08T14:07:25.8158603Z   ...
2026-10-08T14:07:27.5481656Z # Subtest: an opening watch stays playable before any historical choice is available
2026-10-08T14:07:27.5494527Z ok 41 - an opening watch stays playable before any historical choice is available
2026-10-08T14:07:27.5556404Z   ---
2026-10-08T14:07:27.5578712Z   duration_ms: 625.476399
2026-10-08T14:07:27.5615582Z   type: 'test'
2026-10-08T14:07:27.5635783Z   ...
2026-10-08T14:07:27.5638428Z # Subtest: a completed historical alternative shows every native consequence without changing the active watch
2026-10-08T14:07:27.5688936Z ok 42 - a completed historical alternative shows every native consequence without changing the active watch
2026-10-08T14:07:27.5698743Z   ---
2026-10-08T14:07:27.5699322Z   duration_ms: 1366.04845
2026-10-08T14:07:27.5699945Z   type: 'test'
2026-10-08T14:07:27.5700448Z   ...
2026-10-08T14:07:27.5702709Z # Subtest: recorded choices match exactly and changing controls clears a previous comparison
2026-10-08T14:07:27.5703873Z ok 43 - recorded choices match exactly and changing controls clears a previous comparison
2026-10-08T14:07:27.5704743Z   ---
2026-10-08T14:07:27.5705570Z   duration_ms: 800.802754
2026-10-08T14:07:27.5706108Z   type: 'test'
2026-10-08T14:07:27.5706578Z   ...
2026-10-08T14:07:27.5707532Z # Subtest: an unavailable historical choice refuses cleanly while an earlier available choice still works
2026-10-08T14:07:27.5708963Z ok 44 - an unavailable historical choice refuses cleanly while an earlier available choice still works
2026-10-08T14:07:27.5717247Z   ---
2026-10-08T14:07:27.5749123Z   duration_ms: 1082.000226
2026-10-08T14:07:27.5776019Z   type: 'test'
2026-10-08T14:07:27.5776553Z   ...
2026-10-08T14:07:27.5777299Z # Subtest: panel keyboard choices remain separate from game shortcuts and phone readings fit
2026-10-08T14:07:27.5778418Z ok 45 - panel keyboard choices remain separate from game shortcuts and phone readings fit
2026-10-08T14:07:27.5779212Z   ---
2026-10-08T14:07:27.5779641Z   duration_ms: 1215.730878
2026-10-08T14:07:27.5781237Z   type: 'test'
2026-10-08T14:07:27.5781690Z   ...
2026-10-08T14:07:27.5782443Z # Subtest: reset invalidates a comparison even when canvas geometry temporarily disappears
2026-10-08T14:07:27.5783604Z ok 46 - reset invalidates a comparison even when canvas geometry temporarily disappears
2026-10-08T14:07:27.5784486Z   ---
2026-10-08T14:07:27.5784993Z   duration_ms: 1321.742894
2026-10-08T14:07:27.5785732Z   type: 'test'
2026-10-08T14:07:27.5787896Z   ...
2026-10-08T14:07:27.5788602Z # Subtest: comparison reads native history when browser saving is unavailable
2026-10-08T14:07:27.5789487Z ok 47 - comparison reads native history when browser saving is unavailable
2026-10-08T14:07:27.5790291Z   ---
2026-10-08T14:07:27.5790717Z   duration_ms: 864.922828
2026-10-08T14:07:27.5801026Z   type: 'test'
2026-10-08T14:07:27.5801549Z   ...
2026-10-08T14:07:27.5802361Z # Subtest: a closed watch can compare its final native tide without reopening the live watch
2026-10-08T14:07:27.5803509Z ok 48 - a closed watch can compare its final native tide without reopening the live watch
2026-10-08T14:07:27.5804804Z   ---
2026-10-08T14:07:27.5805403Z   duration_ms: 2180.283352
2026-10-08T14:07:27.5805902Z   type: 'test'
2026-10-08T14:07:27.5806317Z   ...
2026-10-08T14:07:29.1569728Z # Subtest: the directly opened packaged HTML contains the same isolated native comparison
2026-10-08T14:07:29.1573052Z ok 49 - the directly opened packaged HTML contains the same isolated native comparison
2026-10-08T14:07:29.1573770Z   ---
2026-10-08T14:07:29.1574094Z   duration_ms: 1680.627507
2026-10-08T14:07:29.1574606Z   type: 'test'
2026-10-08T14:07:29.1574801Z   ...
2026-10-08T14:07:29.2002113Z # Subtest: closing and reopening the page resumes the same native watch and selected cell
2026-10-08T14:07:29.2003059Z ok 50 - closing and reopening the page resumes the same native watch and selected cell
2026-10-08T14:07:29.2003779Z   ---
2026-10-08T14:07:29.2004104Z   duration_ms: 1227.555628
2026-10-08T14:07:29.2004495Z   type: 'test'
2026-10-08T14:07:29.2004827Z   ...
2026-10-08T14:07:29.2006040Z # Subtest: a fourteen-tide ending survives reload and explicit reset stores a fresh watch
2026-10-08T14:07:29.2007044Z ok 51 - a fourteen-tide ending survives reload and explicit reset stores a fresh watch
2026-10-08T14:07:29.2007669Z   ---
2026-10-08T14:07:29.2007851Z   duration_ms: 1625.08613
2026-10-08T14:07:29.2008065Z   type: 'test'
2026-10-08T14:07:29.2008274Z   ...
2026-10-08T14:07:29.2014346Z # Subtest: unavailable actions leave the saved history unchanged
2026-10-08T14:07:29.2030885Z ok 52 - unavailable actions leave the saved history unchanged
2026-10-08T14:07:29.2031714Z   ---
2026-10-08T14:07:29.2032339Z   duration_ms: 659.676738
2026-10-08T14:07:29.2032895Z   type: 'test'
2026-10-08T14:07:29.2033349Z   ...
2026-10-08T14:07:29.2034082Z # Subtest: failed replay preserves saved data while play continues until an explicit reset
2026-10-08T14:07:29.2035355Z ok 53 - failed replay preserves saved data while play continues until an explicit reset
2026-10-08T14:07:29.2036264Z   ---
2026-10-08T14:07:29.2036735Z   duration_ms: 1733.420328
2026-10-08T14:07:29.2037253Z   type: 'test'
2026-10-08T14:07:29.2037704Z   ...
2026-10-08T14:07:29.2038487Z # Subtest: quota failure retains the running tide and the visible retry saves without advancing it
2026-10-08T14:07:29.2039725Z ok 54 - quota failure retains the running tide and the visible retry saves without advancing it
2026-10-08T14:07:29.2040658Z   ---
2026-10-08T14:07:29.2041145Z   duration_ms: 715.424459
2026-10-08T14:07:29.2041699Z   type: 'test'
2026-10-08T14:07:29.2042189Z   ...
2026-10-08T14:07:29.2042930Z # Subtest: a blocked storage getter still allows a playable watch and later save retry
2026-10-08T14:07:29.2044053Z ok 55 - a blocked storage getter still allows a playable watch and later save retry
2026-10-08T14:07:29.2044915Z   ---
2026-10-08T14:07:29.2045717Z   duration_ms: 563.624215
2026-10-08T14:07:29.2046295Z   type: 'test'
2026-10-08T14:07:29.2046780Z   ...
2026-10-08T14:07:29.2047469Z # Subtest: two tabs detect divergent storage and do not overwrite the other watch
2026-10-08T14:07:29.2048525Z ok 56 - two tabs detect divergent storage and do not overwrite the other watch
2026-10-08T14:07:29.2049327Z   ---
2026-10-08T14:07:29.2049809Z   duration_ms: 775.039366
2026-10-08T14:07:29.2050357Z   type: 'test'
2026-10-08T14:07:29.2050837Z   ...
2026-10-08T14:07:29.2051520Z # Subtest: failed WASM startup never replaces an existing saved watch
2026-10-08T14:07:29.2052432Z ok 57 - failed WASM startup never replaces an existing saved watch
2026-10-08T14:07:29.2053169Z   ---
2026-10-08T14:07:29.2053652Z   duration_ms: 478.020622
2026-10-08T14:07:29.2054190Z   type: 'test'
2026-10-08T14:07:29.2054670Z   ...
2026-10-08T14:07:29.2055471Z # Subtest: the save revision pins the actual shipped WASM bytes
2026-10-08T14:07:29.2056343Z ok 58 - the save revision pins the actual shipped WASM bytes
2026-10-08T14:07:29.2057022Z   ---
2026-10-08T14:07:29.2057495Z   duration_ms: 2.101719
2026-10-08T14:07:29.2058022Z   type: 'test'
2026-10-08T14:07:29.2058482Z   ...
2026-10-08T14:07:29.2059150Z # Subtest: a new watch does not write until the player chooses a cell or tide
2026-10-08T14:07:29.2060149Z ok 59 - a new watch does not write until the player chooses a cell or tide
2026-10-08T14:07:29.2060917Z   ---
2026-10-08T14:07:29.2061409Z   duration_ms: 3.275959
2026-10-08T14:07:29.2061961Z   type: 'test'
2026-10-08T14:07:29.2062440Z   ...
2026-10-08T14:07:29.2063707Z # Subtest: reload replays actual accepted tides and restores the exact complete state and selection
2026-10-08T14:07:29.2065299Z ok 60 - reload replays actual accepted tides and restores the exact complete state and selection
2026-10-08T14:07:29.2067666Z   ---
2026-10-08T14:07:29.2068525Z   duration_ms: 4.677709
2026-10-08T14:07:29.2069076Z   type: 'test'
2026-10-08T14:07:29.2069509Z   ...
2026-10-08T14:07:29.2070168Z # Subtest: a completed fourteen-tide watch and its outcome survive reopening
2026-10-08T14:07:29.2072290Z ok 61 - a completed fourteen-tide watch and its outcome survive reopening
2026-10-08T14:07:29.2073057Z   ---
2026-10-08T14:07:29.2073529Z   duration_ms: 5.051219
2026-10-08T14:07:29.2074046Z   type: 'test'
2026-10-08T14:07:29.2074480Z   ...
2026-10-08T14:07:29.2075311Z # Subtest: refused actions are absent from storage and do not change native state
2026-10-08T14:07:29.2076230Z ok 62 - refused actions are absent from storage and do not change native state
2026-10-08T14:07:29.2078114Z   ---
2026-10-08T14:07:29.2078586Z   duration_ms: 1.057173
2026-10-08T14:07:29.2079107Z   type: 'test'
2026-10-08T14:07:29.2079580Z   ...
2026-10-08T14:07:29.2080299Z # Subtest: explicit reset persists a fresh watch that cannot resurrect the old history
2026-10-08T14:07:29.2081402Z ok 63 - explicit reset persists a fresh watch that cannot resurrect the old history
2026-10-08T14:07:29.2082381Z   ---
2026-10-08T14:07:29.2082903Z   duration_ms: 1.050286
2026-10-08T14:07:29.2083442Z   type: 'test'
2026-10-08T14:07:29.2083935Z   ...
2026-10-08T14:07:29.2084731Z # Subtest: malformed, unsupported, overlong and tampered saves remain byte-for-byte intact
2026-10-08T14:07:29.2086050Z ok 64 - malformed, unsupported, overlong and tampered saves remain byte-for-byte intact
2026-10-08T14:07:29.2086914Z   ---
2026-10-08T14:07:29.2087398Z   duration_ms: 4.636212
2026-10-08T14:07:29.2087915Z   type: 'test'
2026-10-08T14:07:29.2088361Z   ...
2026-10-08T14:07:29.2089228Z # Subtest: failed partial native replay frees its candidate and explicit reset replaces a protected save
2026-10-08T14:07:29.2090460Z ok 65 - failed partial native replay frees its candidate and explicit reset replaces a protected save
2026-10-08T14:07:29.2091495Z   ---
2026-10-08T14:07:29.2091975Z   duration_ms: 1.240694
2026-10-08T14:07:29.2092504Z   type: 'test'
2026-10-08T14:07:29.2093004Z   ...
2026-10-08T14:07:29.2093901Z # Subtest: a storage quota failure keeps play in memory and retry saves exactly once without replaying a tide
2026-10-08T14:07:29.2095348Z ok 66 - a storage quota failure keeps play in memory and retry saves exactly once without replaying a tide
2026-10-08T14:07:29.2096278Z   ---
2026-10-08T14:07:29.2096806Z   duration_ms: 1.132365
2026-10-08T14:07:29.2097176Z   type: 'test'
2026-10-08T14:07:29.2097506Z   ...
2026-10-08T14:07:29.2097988Z # Subtest: an unavailable localStorage getter does not prevent play and can later recover
2026-10-08T14:07:29.2098569Z ok 67 - an unavailable localStorage getter does not prevent play and can later recover
2026-10-08T14:07:29.2098966Z   ---
2026-10-08T14:07:29.2099165Z   duration_ms: 0.876464
2026-10-08T14:07:29.2099403Z   type: 'test'
2026-10-08T14:07:29.2099602Z   ...
2026-10-08T14:07:29.2099971Z # Subtest: retry after unreadable storage never overwrites a previously unknown saved watch
2026-10-08T14:07:29.2100537Z ok 68 - retry after unreadable storage never overwrites a previously unknown saved watch
2026-10-08T14:07:29.2100934Z   ---
2026-10-08T14:07:29.2101183Z   duration_ms: 0.633627
2026-10-08T14:07:29.2101531Z   type: 'test'
2026-10-08T14:07:29.2101843Z   ...
2026-10-08T14:07:29.2102383Z # Subtest: a stale tab detects another saved watch before writing its divergent tide
2026-10-08T14:07:29.2103260Z ok 69 - a stale tab detects another saved watch before writing its divergent tide
2026-10-08T14:07:29.2103898Z   ---
2026-10-08T14:07:29.2104214Z   duration_ms: 1.153337
2026-10-08T14:07:29.2104609Z   type: 'test'
2026-10-08T14:07:29.2104936Z   ...
2026-10-08T14:07:29.2106172Z # Subtest: storage change and clear notifications hold stale writes without mutating the current watch
2026-10-08T14:07:29.2112032Z ok 70 - storage change and clear notifications hold stale writes without mutating the current watch
2026-10-08T14:07:29.2113192Z   ---
2026-10-08T14:07:29.2113757Z   duration_ms: 0.870676
2026-10-08T14:07:29.2114140Z   type: 'test'
2026-10-08T14:07:29.2114480Z   ...
2026-10-08T14:07:29.2119224Z # Subtest: a failed reset write reports the unsaved state and retry cannot restore old actions
2026-10-08T14:07:29.2120281Z ok 71 - a failed reset write reports the unsaved state and retry cannot restore old actions
2026-10-08T14:07:29.2121038Z   ---
2026-10-08T14:07:29.2121380Z   duration_ms: 0.647628
2026-10-08T14:07:29.2121777Z   type: 'test'
2026-10-08T14:07:29.2122121Z   ...
2026-10-08T14:07:29.3272696Z # Subtest: opening trends expose five correctly labelled metrics without inventing a completed tide
2026-10-08T14:07:29.3273850Z ok 72 - opening trends expose five correctly labelled metrics without inventing a completed tide
2026-10-08T14:07:29.3274531Z   ---
2026-10-08T14:07:29.3274912Z   duration_ms: 913.880127
2026-10-08T14:07:29.3276320Z   type: 'test'
2026-10-08T14:07:29.3276704Z   ...
2026-10-08T14:07:29.3277385Z # Subtest: changed real WASM actions produce complete exact tables and separate cell series without changing the watch
2026-10-08T14:07:29.3280267Z ok 73 - changed real WASM actions produce complete exact tables and separate cell series without changing the watch
2026-10-08T14:07:29.3287058Z   ---
2026-10-08T14:07:29.3287855Z   duration_ms: 1920.111448
2026-10-08T14:07:29.3288674Z   type: 'test'
2026-10-08T14:07:29.3289214Z   ...
2026-10-08T14:07:29.8797934Z # Subtest: native keyboard controls retain earlier selection and focus while later tides arrive
2026-10-08T14:07:29.8816349Z ok 74 - native keyboard controls retain earlier selection and focus while later tides arrive
2026-10-08T14:07:29.8821268Z   ---
2026-10-08T14:07:29.8821774Z   duration_ms: 552.391806
2026-10-08T14:07:29.8822209Z   type: 'test'
2026-10-08T14:07:29.8822525Z   ...
2026-10-08T14:07:30.5112152Z # Subtest: selection and refused actions add no trend, and reset starts at the actual opening
2026-10-08T14:07:30.5120770Z ok 75 - selection and refused actions add no trend, and reset starts at the actual opening
2026-10-08T14:07:30.5121842Z   ---
2026-10-08T14:07:30.5126295Z   duration_ms: 631.463756
2026-10-08T14:07:30.5126695Z   type: 'test'
2026-10-08T14:07:30.5127013Z   ...
2026-10-08T14:07:31.0522599Z # Subtest: clicking the chart selects the tide and leaves keyboard focus on its slider
2026-10-08T14:07:31.0523615Z ok 76 - clicking the chart selects the tide and leaves keyboard focus on its slider
2026-10-08T14:07:31.0524250Z   ---
2026-10-08T14:07:31.0524519Z   duration_ms: 541.261222
2026-10-08T14:07:31.0524878Z   type: 'test'
2026-10-08T14:07:31.0525364Z   ...
2026-10-08T14:07:32.8307035Z # Subtest: partial and complete native replay retain the opening, all completed tides and the finished watch
2026-10-08T14:07:32.8315774Z ok 77 - partial and complete native replay retain the opening, all completed tides and the finished watch
2026-10-08T14:07:32.8317372Z   ---
2026-10-08T14:07:32.8318660Z   duration_ms: 1778.451187
2026-10-08T14:07:32.8319044Z   type: 'test'
2026-10-08T14:07:32.8319405Z   ...
2026-10-08T14:07:33.1455563Z # Subtest: invalid journal replay cannot replace an existing trends history
2026-10-08T14:07:33.1456532Z ok 78 - invalid journal replay cannot replace an existing trends history
2026-10-08T14:07:33.1457174Z   ---
2026-10-08T14:07:33.1457535Z   duration_ms: 314.500633
2026-10-08T14:07:33.1457935Z   type: 'test'
2026-10-08T14:07:33.1458271Z   ...
2026-10-08T14:07:33.8202635Z # Subtest: direct-open packaging embeds the same trends and reopens native saved readings offline
2026-10-08T14:07:33.8203799Z ok 79 - direct-open packaging embeds the same trends and reopens native saved readings offline
2026-10-08T14:07:33.8204490Z   ---
2026-10-08T14:07:33.8204839Z   duration_ms: 674.659958
2026-10-08T14:07:33.8205806Z   type: 'test'
2026-10-08T14:07:33.8206205Z   ...
2026-10-08T14:07:33.8601657Z 1..79
2026-10-08T14:07:33.8602058Z # tests 79
2026-10-08T14:07:33.8602750Z # suites 0
2026-10-08T14:07:33.8603112Z # pass 79
2026-10-08T14:07:33.8603426Z # fail 0
2026-10-08T14:07:33.8603744Z # cancelled 0
2026-10-08T14:07:33.8604070Z # skipped 0
2026-10-08T14:07:33.8604354Z # todo 0
2026-10-08T14:07:33.8604655Z # duration_ms 27704.944632
2026-10-08T14:07:33.8800806Z ##[group]Run actions/upload-artifact@ea165f8d65b6e75b540449e92b4886f43607fa02
2026-10-08T14:07:33.8801218Z with:
2026-10-08T14:07:33.8801538Z   name: historical-choice-91cfaf8609c88d19f3becd89d28760458df69821
2026-10-08T14:07:33.8801929Z   path: test-results/watch-choice
2026-10-08T14:07:33.8802208Z   if-no-files-found: warn
2026-10-08T14:07:33.8802460Z   retention-days: 14
2026-10-08T14:07:33.8802696Z   compression-level: 6
2026-10-08T14:07:33.8802925Z   overwrite: false
2026-10-08T14:07:33.8803156Z   include-hidden-files: false
2026-10-08T14:07:33.8803409Z ##[endgroup]
2026-10-08T14:07:34.0418632Z (node:4349) [DEP0040] DeprecationWarning: The `punycode` module is deprecated. Please use a userland alternative instead.
2026-10-08T14:07:34.0419413Z (Use `node --trace-deprecation ...` to show where the warning was created)
2026-10-08T14:07:34.0497806Z With the provided path, there will be 4 files uploaded
2026-10-08T14:07:34.0498975Z Artifact name is valid!
2026-10-08T14:07:34.0499764Z Root directory input is valid!
2026-10-08T14:07:34.3997297Z Beginning upload of artifact content to blob storage
2026-10-08T14:07:34.4671206Z (node:4349) [DEP0169] DeprecationWarning: `url.parse()` behavior is not standardized and prone to errors that have security implications. Use the WHATWG URL API instead. CVEs are not issued for `url.parse()` vulnerabilities.
2026-10-08T14:07:34.9584058Z Uploaded bytes 1091830
2026-10-08T14:07:35.0171784Z Finished uploading artifact content to blob storage!
2026-10-08T14:07:35.0172968Z SHA256 digest of uploaded artifact zip is 61fd2de38d76239f42579a8f4b4c10194a85ceed6cbbfc4bea9d2a9f906c333e
2026-10-08T14:07:35.0174274Z Finalizing artifact upload
2026-10-08T14:07:35.3391063Z Artifact historical-choice-91cfaf8609c88d19f3becd89d28760458df69821.zip successfully finalized. Artifact ID 11556650029
2026-10-08T14:07:35.3393028Z Artifact historical-choice-91cfaf8609c88d19f3becd89d28760458df69821 has been successfully uploaded! Final size is 1091830 bytes. Artifact ID is 11556650029
2026-10-08T14:07:35.3400983Z Artifact download URL: https://github.com/Jacob-Met/longwater-browser-demo/actions/runs/37789753402/artifacts/11556650029
2026-10-08T14:07:35.3600238Z Post job cleanup.
2026-10-08T14:07:35.4412051Z [command]/usr/bin/git version
2026-10-08T14:07:35.4450855Z git version 2.55.0
2026-10-08T14:07:35.4486584Z Temporarily overriding HOME='/home/runner/work/_temp/3afdc990-3647-46d6-8368-5a138d063a70' before making global git config changes
2026-10-08T14:07:35.4488010Z Adding repository directory to the temporary git global config as a safe directory
2026-10-08T14:07:35.4494173Z [command]/usr/bin/git config --global --add safe.directory /home/runner/work/longwater-browser-demo/longwater-browser-demo
2026-10-08T14:07:35.4528922Z [command]/usr/bin/git config --local --name-only --get-regexp core\.sshCommand
2026-10-08T14:07:35.4561198Z [command]/usr/bin/git submodule foreach --recursive sh -c "git config --local --name-only --get-regexp 'core\.sshCommand' && git config --local --unset-all 'core.sshCommand' || :"
2026-10-08T14:07:35.4769346Z [command]/usr/bin/git config --local --name-only --get-regexp http\.https\:\/\/github\.com\/\.extraheader
2026-10-08T14:07:35.4795379Z http.https://github.com/.extraheader
2026-10-08T14:07:35.4806977Z [command]/usr/bin/git config --local --unset-all http.https://github.com/.extraheader
2026-10-08T14:07:35.4838185Z [command]/usr/bin/git submodule foreach --recursive sh -c "git config --local --name-only --get-regexp 'http\.https\:\/\/github\.com\/\.extraheader' && git config --local --unset-all 'http.https://github.com/.extraheader' || :"
2026-10-08T14:07:35.5045696Z [command]/usr/bin/git config --local --name-only --get-regexp ^includeIf\.gitdir:
2026-10-08T14:07:35.5081706Z [command]/usr/bin/git submodule foreach --recursive git config --local --show-origin --name-only --get-regexp remote.origin.url
2026-10-08T14:07:35.5455599Z Cleaning up orphan processes
2026-10-08T14:07:35.5736249Z ##[warning]Node.js 20 is deprecated. The following actions target Node.js 20 but are being forced to run on Node.js 24: actions/checkout@11d5960a326750d5838078e36cf38b85af677262, actions/upload-artifact@ea165f8d65b6e75b540449e92b4886f43607fa02. For more information see: https://github.blog/changelog/2025-09-19-deprecation-of-node-20-on-github-actions-runners/
