2026-10-08T16:21:47.0607594Z Current runner version: '2.337.0'
2026-10-08T16:21:47.0645292Z ##[group]Runner Image Provisioner
2026-10-08T16:21:47.0647057Z Hosted Compute Agent
2026-10-08T16:21:47.0648108Z Version: 20261002.596
2026-10-08T16:21:47.0649080Z Commit: c3d12f3313a95f25162a1503be624f3b0617f8c0
2026-10-08T16:21:47.0650459Z Build Date: 2026-10-02T22:28:27Z
2026-10-08T16:21:47.0651604Z Worker ID: {733fbf41-dab3-449b-a08c-bdc83966617c}
2026-10-08T16:21:47.0652843Z Region: eastus
2026-10-08T16:21:47.0653843Z Cloud: Azure
2026-10-08T16:21:47.0654708Z ##[endgroup]
2026-10-08T16:21:47.0658095Z ##[group]Operating System
2026-10-08T16:21:47.0659103Z Ubuntu
2026-10-08T16:21:47.0660108Z 24.04.5
2026-10-08T16:21:47.0661063Z LTS
2026-10-08T16:21:47.0661877Z ##[endgroup]
2026-10-08T16:21:47.0662868Z ##[group]Runner Image
2026-10-08T16:21:47.0663890Z Image: ubuntu-24.04
2026-10-08T16:21:47.0664944Z Version: 20261004.327.1
2026-10-08T16:21:47.0667355Z Included Software: https://github.com/actions/runner-images/blob/ubuntu24/20261004.327/images/ubuntu/Ubuntu2404-Readme.md
2026-10-08T16:21:47.0670167Z Image Release: https://github.com/actions/runner-images/releases/tag/ubuntu24%2F20261004.327
2026-10-08T16:21:47.0671838Z ##[endgroup]
2026-10-08T16:21:47.0673931Z ##[group]GITHUB_TOKEN Permissions
2026-10-08T16:21:47.0677067Z Contents: read
2026-10-08T16:21:47.0678193Z Metadata: read
2026-10-08T16:21:47.0679073Z Pages: write
2026-10-08T16:21:47.0680000Z ##[endgroup]
2026-10-08T16:21:47.0683500Z Secret source: Actions
2026-10-08T16:21:47.0685092Z Cache mode: read
2026-10-08T16:21:47.0686893Z Prepare workflow directory
2026-10-08T16:21:47.1177513Z Prepare all required actions
2026-10-08T16:21:47.1248445Z Getting action download info
2026-10-08T16:21:47.3201269Z Download action repository 'actions/deploy-pages@v5' (SHA:368f82528645a54fb793d4d04e342629a3f51346)
2026-10-08T16:21:47.7005560Z Complete job name: deploy
2026-10-08T16:21:47.7951369Z ##[group]Run actions/deploy-pages@v5
2026-10-08T16:21:47.7952306Z with:
2026-10-08T16:21:47.7956627Z   token: ***
2026-10-08T16:21:47.7957117Z   timeout: 600000
2026-10-08T16:21:47.7957560Z   error_count: 10
2026-10-08T16:21:47.7958017Z   reporting_interval: 5000
2026-10-08T16:21:47.7958535Z   artifact_name: github-pages
2026-10-08T16:21:47.7959044Z   preview: false
2026-10-08T16:21:47.7959794Z ##[endgroup]
2026-10-08T16:21:48.0090659Z (node:2162) [DEP0040] DeprecationWarning: The `punycode` module is deprecated. Please use a userland alternative instead.
2026-10-08T16:21:48.0092571Z (Use `node --trace-deprecation ...` to show where the warning was created)
2026-10-08T16:21:48.0751267Z Fetching artifact metadata for "github-pages" in this workflow run
2026-10-08T16:21:48.1597772Z Found 1 artifact(s)
2026-10-08T16:21:48.1610507Z Creating Pages deployment with payload:
2026-10-08T16:21:48.1612201Z {
2026-10-08T16:21:48.1613584Z 	"artifact_id": 11563637457,
2026-10-08T16:21:48.1615550Z 	"pages_build_version": "2451ec6fa29d10fa8bac53b59faf95c69fb9951c",
2026-10-08T16:21:48.1725196Z 	"oidc_token": "***"
2026-10-08T16:21:48.1726359Z }
2026-10-08T16:21:48.6882321Z Created deployment for 2451ec6fa29d10fa8bac53b59faf95c69fb9951c, ID: 2451ec6fa29d10fa8bac53b59faf95c69fb9951c
2026-10-08T16:21:54.2321686Z Getting Pages deployment status...
2026-10-08T16:21:54.4279635Z Current status: deployment_queued
2026-10-08T16:22:00.4744663Z Getting Pages deployment status...
2026-10-08T16:22:00.6611248Z Current status: deployment_in_progress
2026-10-08T16:22:13.6003025Z Getting Pages deployment status...
2026-10-08T16:22:13.7247342Z Reported success!
2026-10-08T16:22:13.7617650Z Evaluate and set environment url
2026-10-08T16:22:13.7623128Z Evaluated environment url: http://jacobmetoyer.com/longwater-browser-demo/
2026-10-08T16:22:13.7624212Z Cleaning up orphan processes
