2026-10-08T13:54:27.0149614Z Current runner version: '2.337.0'
2026-10-08T13:54:27.0185068Z ##[group]Runner Image Provisioner
2026-10-08T13:54:27.0186497Z Hosted Compute Agent
2026-10-08T13:54:27.0187601Z Version: 20261002.596
2026-10-08T13:54:27.0188885Z Commit: c3d12f3313a95f25162a1503be624f3b0617f8c0
2026-10-08T13:54:27.0190109Z Build Date: 2026-10-02T22:28:27Z
2026-10-08T13:54:27.0191506Z Worker ID: {337535d1-d4e9-402c-8483-c93706eff147}
2026-10-08T13:54:27.0192678Z Region: eastus2
2026-10-08T13:54:27.0193697Z Cloud: Azure
2026-10-08T13:54:27.0194566Z ##[endgroup]
2026-10-08T13:54:27.0196842Z ##[group]Operating System
2026-10-08T13:54:27.0197990Z Ubuntu
2026-10-08T13:54:27.0199129Z 24.04.5
2026-10-08T13:54:27.0200096Z LTS
2026-10-08T13:54:27.0200990Z ##[endgroup]
2026-10-08T13:54:27.0201925Z ##[group]Runner Image
2026-10-08T13:54:27.0202893Z Image: ubuntu-24.04
2026-10-08T13:54:27.0203857Z Version: 20261004.327.1
2026-10-08T13:54:27.0206037Z Included Software: https://github.com/actions/runner-images/blob/ubuntu24/20261004.327/images/ubuntu/Ubuntu2404-Readme.md
2026-10-08T13:54:27.0209093Z Image Release: https://github.com/actions/runner-images/releases/tag/ubuntu24%2F20261004.327
2026-10-08T13:54:27.0210783Z ##[endgroup]
2026-10-08T13:54:27.0212873Z ##[group]GITHUB_TOKEN Permissions
2026-10-08T13:54:27.0215556Z Contents: read
2026-10-08T13:54:27.0216480Z Metadata: read
2026-10-08T13:54:27.0217517Z Packages: read
2026-10-08T13:54:27.0218821Z ##[endgroup]
2026-10-08T13:54:27.0221955Z Secret source: Actions
2026-10-08T13:54:27.0223430Z Cache mode: write
2026-10-08T13:54:27.0224647Z Prepare workflow directory
2026-10-08T13:54:27.0706986Z Prepare all required actions
2026-10-08T13:54:27.0778353Z Getting action download info
2026-10-08T13:54:27.2852249Z Download action repository 'actions/checkout@11d5960a326750d5838078e36cf38b85af677262' (SHA:11d5960a326750d5838078e36cf38b85af677262)
2026-10-08T13:54:27.3749799Z Download action repository 'actions/upload-artifact@ea165f8d65b6e75b540449e92b4886f43607fa02' (SHA:ea165f8d65b6e75b540449e92b4886f43607fa02)
2026-10-08T13:54:27.5898705Z Complete job name: browser
2026-10-08T13:54:27.6686599Z ##[group]Run actions/checkout@11d5960a326750d5838078e36cf38b85af677262
2026-10-08T13:54:27.6687698Z with:
2026-10-08T13:54:27.6688192Z   repository: Jacob-Met/longwater-browser-demo
2026-10-08T13:54:27.6692224Z   token: ***
2026-10-08T13:54:27.6692674Z   ssh-strict: true
2026-10-08T13:54:27.6693115Z   ssh-user: git
2026-10-08T13:54:27.6693555Z   persist-credentials: true
2026-10-08T13:54:27.6694045Z   clean: true
2026-10-08T13:54:27.6694485Z   sparse-checkout-cone-mode: true
2026-10-08T13:54:27.6695011Z   fetch-depth: 1
2026-10-08T13:54:27.6695447Z   fetch-tags: false
2026-10-08T13:54:27.6695891Z   show-progress: true
2026-10-08T13:54:27.6696337Z   lfs: false
2026-10-08T13:54:27.6696747Z   submodules: false
2026-10-08T13:54:27.6697195Z   set-safe-directory: true
2026-10-08T13:54:27.6697700Z   allow-unsafe-pr-checkout: false
2026-10-08T13:54:27.6699100Z ##[endgroup]
2026-10-08T13:54:27.7755427Z Syncing repository: Jacob-Met/longwater-browser-demo
2026-10-08T13:54:27.7758296Z ##[group]Getting Git version info
2026-10-08T13:54:27.7760038Z Working directory is '/home/runner/work/longwater-browser-demo/longwater-browser-demo'
2026-10-08T13:54:27.7762154Z [command]/usr/bin/git version
2026-10-08T13:54:27.7840617Z git version 2.55.0
2026-10-08T13:54:27.7864889Z ##[endgroup]
2026-10-08T13:54:27.7884105Z Temporarily overriding HOME='/home/runner/work/_temp/2cc74770-f5b0-4189-9597-c2e6ed128057' before making global git config changes
2026-10-08T13:54:27.7886997Z Adding repository directory to the temporary git global config as a safe directory
2026-10-08T13:54:27.7891623Z [command]/usr/bin/git config --global --add safe.directory /home/runner/work/longwater-browser-demo/longwater-browser-demo
2026-10-08T13:54:27.7949264Z Deleting the contents of '/home/runner/work/longwater-browser-demo/longwater-browser-demo'
2026-10-08T13:54:27.7953113Z ##[group]Initializing the repository
2026-10-08T13:54:27.7959019Z [command]/usr/bin/git init /home/runner/work/longwater-browser-demo/longwater-browser-demo
2026-10-08T13:54:27.8074471Z hint: Using 'master' as the name for the initial branch. This default branch name
2026-10-08T13:54:27.8076201Z hint: will change to "main" in Git 3.0. To configure the initial branch name
2026-10-08T13:54:27.8077875Z hint: to use in all of your new repositories, which will suppress this warning,
2026-10-08T13:54:27.8079363Z hint: call:
2026-10-08T13:54:27.8080014Z hint:
2026-10-08T13:54:27.8080938Z hint: 	git config --global init.defaultBranch <name>
2026-10-08T13:54:27.8081990Z hint:
2026-10-08T13:54:27.8082906Z hint: Names commonly chosen instead of 'master' are 'main', 'trunk' and
2026-10-08T13:54:27.8084400Z hint: 'development'. The just-created branch can be renamed via this command:
2026-10-08T13:54:27.8085637Z hint:
2026-10-08T13:54:27.8086278Z hint: 	git branch -m <name>
2026-10-08T13:54:27.8087024Z hint:
2026-10-08T13:54:27.8088011Z hint: Disable this message with "git config set advice.defaultBranchName false"
2026-10-08T13:54:27.8090148Z Initialized empty Git repository in /home/runner/work/longwater-browser-demo/longwater-browser-demo/.git/
2026-10-08T13:54:27.8093487Z [command]/usr/bin/git remote add origin https://github.com/Jacob-Met/longwater-browser-demo
2026-10-08T13:54:27.8140981Z ##[endgroup]
2026-10-08T13:54:27.8142333Z ##[group]Disabling automatic garbage collection
2026-10-08T13:54:27.8145207Z [command]/usr/bin/git config --local gc.auto 0
2026-10-08T13:54:27.8180008Z ##[endgroup]
2026-10-08T13:54:27.8180734Z ##[group]Setting up auth
2026-10-08T13:54:27.8190771Z [command]/usr/bin/git config --local --name-only --get-regexp core\.sshCommand
2026-10-08T13:54:27.8233752Z [command]/usr/bin/git submodule foreach --recursive sh -c "git config --local --name-only --get-regexp 'core\.sshCommand' && git config --local --unset-all 'core.sshCommand' || :"
2026-10-08T13:54:27.8626274Z [command]/usr/bin/git config --local --name-only --get-regexp http\.https\:\/\/github\.com\/\.extraheader
2026-10-08T13:54:27.8673927Z [command]/usr/bin/git submodule foreach --recursive sh -c "git config --local --name-only --get-regexp 'http\.https\:\/\/github\.com\/\.extraheader' && git config --local --unset-all 'http.https://github.com/.extraheader' || :"
2026-10-08T13:54:27.8915473Z [command]/usr/bin/git config --local --name-only --get-regexp ^includeIf\.gitdir:
2026-10-08T13:54:27.8954426Z [command]/usr/bin/git submodule foreach --recursive git config --local --show-origin --name-only --get-regexp remote.origin.url
2026-10-08T13:54:27.9181187Z [command]/usr/bin/git config --local http.https://github.com/.extraheader AUTHORIZATION: basic ***
2026-10-08T13:54:27.9238244Z ##[endgroup]
2026-10-08T13:54:27.9239567Z ##[group]Fetching the repository
2026-10-08T13:54:27.9248954Z [command]/usr/bin/git -c protocol.version=2 fetch --no-tags --prune --no-recurse-submodules --depth=1 origin +0786e5a4d5e8dbb88724a2550272105a90f2c1af:refs/remotes/pull/19/merge
2026-10-08T13:54:28.3465427Z From https://github.com/Jacob-Met/longwater-browser-demo
2026-10-08T13:54:28.3466810Z  * [new ref]         0786e5a4d5e8dbb88724a2550272105a90f2c1af -> pull/19/merge
2026-10-08T13:54:28.3471290Z ##[endgroup]
2026-10-08T13:54:28.3472451Z ##[group]Determining the checkout info
2026-10-08T13:54:28.3473991Z ##[endgroup]
2026-10-08T13:54:28.3486933Z [command]/usr/bin/git sparse-checkout disable
2026-10-08T13:54:28.3540397Z [command]/usr/bin/git config --local --unset-all extensions.worktreeConfig
2026-10-08T13:54:28.3572880Z ##[group]Checking out the ref
2026-10-08T13:54:28.3576406Z [command]/usr/bin/git checkout --progress --force refs/remotes/pull/19/merge
2026-10-08T13:54:28.3827402Z Note: switching to 'refs/remotes/pull/19/merge'.
2026-10-08T13:54:28.3828040Z 
2026-10-08T13:54:28.3828659Z You are in 'detached HEAD' state. You can look around, make experimental
2026-10-08T13:54:28.3829699Z changes and commit them, and you can discard any commits you make in this
2026-10-08T13:54:28.3830693Z state without impacting any branches by switching back to a branch.
2026-10-08T13:54:28.3831593Z 
2026-10-08T13:54:28.3832042Z If you want to create a new branch to retain commits you create, you may
2026-10-08T13:54:28.3832975Z do so (now or later) by using -c with the switch command. Example:
2026-10-08T13:54:28.3833527Z 
2026-10-08T13:54:28.3833751Z   git switch -c <new-branch-name>
2026-10-08T13:54:28.3834184Z 
2026-10-08T13:54:28.3834406Z Or undo this operation with:
2026-10-08T13:54:28.3834770Z 
2026-10-08T13:54:28.3834966Z   git switch -
2026-10-08T13:54:28.3835465Z 
2026-10-08T13:54:28.3836179Z Turn off this advice by setting config variable advice.detachedHead to false
2026-10-08T13:54:28.3837374Z 
2026-10-08T13:54:28.3839117Z HEAD is now at 0786e5a Merge c44a3d7254f9103e6053d449b911a5aa019f957e into c44245f45f21ddd14c4bfbb5cf8d5a21d0e98fe3
2026-10-08T13:54:28.3844150Z ##[endgroup]
2026-10-08T13:54:28.3893555Z [command]/usr/bin/git log -1 --format=%H
2026-10-08T13:54:28.3925628Z 0786e5a4d5e8dbb88724a2550272105a90f2c1af
2026-10-08T13:54:28.4255271Z ##[group]Run npm ci
2026-10-08T13:54:28.4256051Z [36;1mnpm ci[0m
2026-10-08T13:54:28.4509369Z shell: /usr/bin/bash -e {0}
2026-10-08T13:54:28.4510335Z ##[endgroup]
2026-10-08T13:54:30.8571906Z 
2026-10-08T13:54:30.8572641Z added 2 packages, and audited 3 packages in 2s
2026-10-08T13:54:30.8579346Z 
2026-10-08T13:54:30.8580317Z found 0 vulnerabilities
2026-10-08T13:54:30.9128035Z ##[group]Run npx playwright install --with-deps chromium
2026-10-08T13:54:30.9128932Z [36;1mnpx playwright install --with-deps chromium[0m
2026-10-08T13:54:30.9195531Z shell: /usr/bin/bash -e {0}
2026-10-08T13:54:30.9195890Z ##[endgroup]
2026-10-08T13:54:31.7543761Z Installing dependencies...
2026-10-08T13:54:31.7619432Z Switching to root user to install dependencies...
2026-10-08T13:54:31.8600202Z Get:1 file:/etc/apt/apt-mirrors.txt Mirrorlist [144 B]
2026-10-08T13:54:31.8871527Z Get:6 https://packages.microsoft.com/ubuntu/24.04/prod noble InRelease [3600 B]
2026-10-08T13:54:31.9005950Z Hit:2 http://azure.archive.ubuntu.com/ubuntu noble InRelease
2026-10-08T13:54:31.9022711Z Get:3 http://azure.archive.ubuntu.com/ubuntu noble-updates InRelease [126 kB]
2026-10-08T13:54:31.9047916Z Get:4 http://azure.archive.ubuntu.com/ubuntu noble-backports InRelease [126 kB]
2026-10-08T13:54:31.9079813Z Get:5 http://azure.archive.ubuntu.com/ubuntu noble-security InRelease [126 kB]
2026-10-08T13:54:31.9912971Z Get:7 https://packages.microsoft.com/ubuntu/24.04/prod noble/main amd64 Packages [531 kB]
2026-10-08T13:54:32.0091629Z Get:8 https://packages.microsoft.com/ubuntu/24.04/prod noble/main armhf Packages [12.3 kB]
2026-10-08T13:54:32.0121313Z Get:9 https://packages.microsoft.com/ubuntu/24.04/prod noble/main all Packages [640 B]
2026-10-08T13:54:32.0169771Z Get:10 https://packages.microsoft.com/ubuntu/24.04/prod noble/main arm64 Packages [474 kB]
2026-10-08T13:54:32.0974507Z Get:11 http://azure.archive.ubuntu.com/ubuntu noble-updates/main amd64 Packages [1375 kB]
2026-10-08T13:54:32.1056061Z Get:12 http://azure.archive.ubuntu.com/ubuntu noble-updates/main Translation-en [306 kB]
2026-10-08T13:54:32.1075180Z Get:13 http://azure.archive.ubuntu.com/ubuntu noble-updates/universe amd64 Packages [1702 kB]
2026-10-08T13:54:32.1167407Z Get:14 http://azure.archive.ubuntu.com/ubuntu noble-updates/universe Translation-en [341 kB]
2026-10-08T13:54:32.1188347Z Get:15 http://azure.archive.ubuntu.com/ubuntu noble-updates/restricted amd64 Packages [1761 kB]
2026-10-08T13:54:32.1273067Z Get:16 http://azure.archive.ubuntu.com/ubuntu noble-updates/restricted Translation-en [401 kB]
2026-10-08T13:54:32.1297751Z Get:17 http://azure.archive.ubuntu.com/ubuntu noble-updates/multiverse amd64 Packages [55.0 kB]
2026-10-08T13:54:32.1323489Z Get:18 http://azure.archive.ubuntu.com/ubuntu noble-updates/multiverse Translation-en [14.3 kB]
2026-10-08T13:54:32.2074203Z Get:19 http://azure.archive.ubuntu.com/ubuntu noble-security/main amd64 Packages [1089 kB]
2026-10-08T13:54:32.2132456Z Get:20 http://azure.archive.ubuntu.com/ubuntu noble-security/main Translation-en [225 kB]
2026-10-08T13:54:32.2610232Z Get:21 http://azure.archive.ubuntu.com/ubuntu noble-security/universe amd64 Packages [1218 kB]
2026-10-08T13:54:32.2670986Z Get:22 http://azure.archive.ubuntu.com/ubuntu noble-security/universe Translation-en [245 kB]
2026-10-08T13:54:32.2686957Z Get:23 http://azure.archive.ubuntu.com/ubuntu noble-security/restricted amd64 Packages [1594 kB]
2026-10-08T13:54:32.2763637Z Get:24 http://azure.archive.ubuntu.com/ubuntu noble-security/restricted Translation-en [366 kB]
2026-10-08T13:54:32.2783654Z Get:25 http://azure.archive.ubuntu.com/ubuntu noble-security/multiverse Translation-en [11.6 kB]
2026-10-08T13:54:35.1555987Z Fetched 12.1 MB in 1s (9372 kB/s)
2026-10-08T13:54:36.0053688Z Reading package lists...
2026-10-08T13:54:36.0300131Z Reading package lists...
2026-10-08T13:54:36.2241720Z Building dependency tree...
2026-10-08T13:54:36.2250910Z Reading state information...
2026-10-08T13:54:36.3642727Z libasound2t64 is already the newest version (1.2.11-1ubuntu0.3).
2026-10-08T13:54:36.3643612Z libasound2t64 set to manually installed.
2026-10-08T13:54:36.3644453Z libatk-bridge2.0-0t64 is already the newest version (2.52.0-1build1).
2026-10-08T13:54:36.3645271Z libatk-bridge2.0-0t64 set to manually installed.
2026-10-08T13:54:36.3645936Z libatk1.0-0t64 is already the newest version (2.52.0-1build1).
2026-10-08T13:54:36.3647127Z libatk1.0-0t64 set to manually installed.
2026-10-08T13:54:36.3647737Z libatspi2.0-0t64 is already the newest version (2.52.0-1build1).
2026-10-08T13:54:36.3648165Z libatspi2.0-0t64 set to manually installed.
2026-10-08T13:54:36.3648841Z libcairo2 is already the newest version (1.18.0-3build1).
2026-10-08T13:54:36.3649354Z libcairo2 set to manually installed.
2026-10-08T13:54:36.3649927Z libcups2t64 is already the newest version (2.4.7-1.2ubuntu7.14).
2026-10-08T13:54:36.3650526Z libcups2t64 set to manually installed.
2026-10-08T13:54:36.3650978Z libdbus-1-3 is already the newest version (1.14.10-4ubuntu4.1).
2026-10-08T13:54:36.3651535Z libdbus-1-3 set to manually installed.
2026-10-08T13:54:36.3652151Z libdrm2 is already the newest version (2.4.125-1ubuntu0.1~24.04.2).
2026-10-08T13:54:36.3652765Z libdrm2 set to manually installed.
2026-10-08T13:54:36.3653251Z libgbm1 is already the newest version (25.2.8-0ubuntu0.24.04.4).
2026-10-08T13:54:36.3653617Z libgbm1 set to manually installed.
2026-10-08T13:54:36.3653962Z libglib2.0-0t64 is already the newest version (2.80.0-6ubuntu3.9).
2026-10-08T13:54:36.3654330Z libglib2.0-0t64 set to manually installed.
2026-10-08T13:54:36.3654853Z libnspr4 is already the newest version (2:4.35-1.1build1).
2026-10-08T13:54:36.3655403Z libnspr4 set to manually installed.
2026-10-08T13:54:36.3655925Z libnss3 is already the newest version (2:3.98-1ubuntu0.2).
2026-10-08T13:54:36.3656525Z libnss3 set to manually installed.
2026-10-08T13:54:36.3657068Z libpango-1.0-0 is already the newest version (1.52.1+ds-1build1).
2026-10-08T13:54:36.3657631Z libpango-1.0-0 set to manually installed.
2026-10-08T13:54:36.3657969Z libx11-6 is already the newest version (2:1.8.7-1build1).
2026-10-08T13:54:36.3658303Z libx11-6 set to manually installed.
2026-10-08T13:54:36.3658885Z libxcb1 is already the newest version (1.15-1ubuntu2).
2026-10-08T13:54:36.3659202Z libxcb1 set to manually installed.
2026-10-08T13:54:36.3659714Z libxcomposite1 is already the newest version (1:0.4.5-1build3).
2026-10-08T13:54:36.3660379Z libxcomposite1 set to manually installed.
2026-10-08T13:54:36.3661028Z libxdamage1 is already the newest version (1:1.1.6-1build1).
2026-10-08T13:54:36.3661596Z libxdamage1 set to manually installed.
2026-10-08T13:54:36.3661921Z libxext6 is already the newest version (2:1.3.4-1build2).
2026-10-08T13:54:36.3662240Z libxext6 set to manually installed.
2026-10-08T13:54:36.3662553Z libxfixes3 is already the newest version (1:6.0.0-2build1).
2026-10-08T13:54:36.3662960Z libxfixes3 set to manually installed.
2026-10-08T13:54:36.3663528Z libxkbcommon0 is already the newest version (1.6.0-1build1).
2026-10-08T13:54:36.3664163Z libxkbcommon0 set to manually installed.
2026-10-08T13:54:36.3665069Z libxrandr2 is already the newest version (2:1.5.2-2build1).
2026-10-08T13:54:36.3665663Z libxrandr2 set to manually installed.
2026-10-08T13:54:36.3666232Z xvfb is already the newest version (2:21.1.12-1ubuntu1.8).
2026-10-08T13:54:36.3667010Z fonts-noto-color-emoji is already the newest version (2.047-0ubuntu0.24.04.1).
2026-10-08T13:54:36.3667857Z libfontconfig1 is already the newest version (2.15.0-1.1ubuntu2).
2026-10-08T13:54:36.3668743Z libfontconfig1 set to manually installed.
2026-10-08T13:54:36.3669358Z fonts-liberation is already the newest version (1:2.1.5-3).
2026-10-08T13:54:36.3670257Z fonts-liberation set to manually installed.
2026-10-08T13:54:36.3670870Z The following additional packages will be installed:
2026-10-08T13:54:36.3671428Z   xfonts-encodings xfonts-utils
2026-10-08T13:54:36.3671858Z Recommended packages:
2026-10-08T13:54:36.3672265Z   fonts-ipafont-mincho fonts-tlwg-loma
2026-10-08T13:54:36.3842504Z The following NEW packages will be installed:
2026-10-08T13:54:36.3843427Z   fonts-freefont-ttf fonts-ipafont-gothic fonts-tlwg-loma-otf fonts-unifont
2026-10-08T13:54:36.3850400Z   fonts-wqy-zenhei xfonts-cyrillic xfonts-encodings xfonts-scalable
2026-10-08T13:54:36.3851134Z   xfonts-utils
2026-10-08T13:54:36.3860168Z The following packages will be upgraded:
2026-10-08T13:54:36.3862659Z   libfreetype6
2026-10-08T13:54:36.4038154Z 1 upgraded, 9 newly installed, 0 to remove and 16 not upgraded.
2026-10-08T13:54:36.4038991Z Need to get 21.5 MB of archives.
2026-10-08T13:54:36.4039580Z After this operation, 79.5 MB of additional disk space will be used.
2026-10-08T13:54:36.4040305Z Get:1 file:/etc/apt/apt-mirrors.txt Mirrorlist [144 B]
2026-10-08T13:54:36.5940982Z Get:2 http://azure.archive.ubuntu.com/ubuntu noble/universe amd64 fonts-ipafont-gothic all 00303-21ubuntu1 [3513 kB]
2026-10-08T13:54:37.4104386Z Get:3 http://azure.archive.ubuntu.com/ubuntu noble/main amd64 fonts-freefont-ttf all 20211204+svn4273-2 [5641 kB]
2026-10-08T13:54:37.7353871Z Get:4 http://azure.archive.ubuntu.com/ubuntu noble/universe amd64 fonts-tlwg-loma-otf all 1:0.7.3-1 [107 kB]
2026-10-08T13:54:37.8286400Z Get:5 http://azure.archive.ubuntu.com/ubuntu noble/universe amd64 fonts-unifont all 1:15.1.01-1build1 [2993 kB]
2026-10-08T13:54:38.0580003Z Get:6 http://azure.archive.ubuntu.com/ubuntu noble/universe amd64 fonts-wqy-zenhei all 0.9.45-8 [7472 kB]
2026-10-08T13:54:38.5136943Z Get:7 http://azure.archive.ubuntu.com/ubuntu noble-updates/main amd64 libfreetype6 amd64 2.13.2+dfsg-1ubuntu0.2 [403 kB]
2026-10-08T13:54:38.6155961Z Get:8 http://azure.archive.ubuntu.com/ubuntu noble/main amd64 xfonts-encodings all 1:1.0.5-0ubuntu2 [578 kB]
2026-10-08T13:54:38.7113822Z Get:9 http://azure.archive.ubuntu.com/ubuntu noble/main amd64 xfonts-utils amd64 1:7.7+6build3 [94.4 kB]
2026-10-08T13:54:38.8001059Z Get:10 http://azure.archive.ubuntu.com/ubuntu noble/universe amd64 xfonts-cyrillic all 1:1.0.5+nmu1 [384 kB]
2026-10-08T13:54:38.8956866Z Get:11 http://azure.archive.ubuntu.com/ubuntu noble/main amd64 xfonts-scalable all 1:1.0.3-1.3 [304 kB]
2026-10-08T13:54:39.1559167Z Fetched 21.5 MB in 3s (8541 kB/s)
2026-10-08T13:54:39.1783916Z Selecting previously unselected package fonts-ipafont-gothic.
2026-10-08T13:54:39.2033288Z (Reading database ... 
2026-10-08T13:54:39.2033780Z (Reading database ... 5%
2026-10-08T13:54:39.2034128Z (Reading database ... 10%
2026-10-08T13:54:39.2034612Z (Reading database ... 15%
2026-10-08T13:54:39.2034989Z (Reading database ... 20%
2026-10-08T13:54:39.2035362Z (Reading database ... 25%
2026-10-08T13:54:39.2035706Z (Reading database ... 30%
2026-10-08T13:54:39.2036288Z (Reading database ... 35%
2026-10-08T13:54:39.2036836Z (Reading database ... 40%
2026-10-08T13:54:39.2037199Z (Reading database ... 45%
2026-10-08T13:54:39.2037542Z (Reading database ... 50%
2026-10-08T13:54:39.2074274Z (Reading database ... 55%
2026-10-08T13:54:39.3245260Z (Reading database ... 60%
2026-10-08T13:54:39.5162380Z (Reading database ... 65%
2026-10-08T13:54:39.7202359Z (Reading database ... 70%
2026-10-08T13:54:39.9210152Z (Reading database ... 75%
2026-10-08T13:54:40.0650786Z (Reading database ... 80%
2026-10-08T13:54:40.2723318Z (Reading database ... 85%
2026-10-08T13:54:40.4774893Z (Reading database ... 90%
2026-10-08T13:54:40.6766358Z (Reading database ... 95%
2026-10-08T13:54:40.6767233Z (Reading database ... 100%
2026-10-08T13:54:40.6768169Z (Reading database ... 203191 files and directories currently installed.)
2026-10-08T13:54:40.6814991Z Preparing to unpack .../0-fonts-ipafont-gothic_00303-21ubuntu1_all.deb ...
2026-10-08T13:54:40.6908900Z Unpacking fonts-ipafont-gothic (00303-21ubuntu1) ...
2026-10-08T13:54:40.9165592Z Selecting previously unselected package fonts-freefont-ttf.
2026-10-08T13:54:40.9294144Z Preparing to unpack .../1-fonts-freefont-ttf_20211204+svn4273-2_all.deb ...
2026-10-08T13:54:40.9301787Z Unpacking fonts-freefont-ttf (20211204+svn4273-2) ...
2026-10-08T13:54:41.0115386Z Selecting previously unselected package fonts-tlwg-loma-otf.
2026-10-08T13:54:41.0249890Z Preparing to unpack .../2-fonts-tlwg-loma-otf_1%3a0.7.3-1_all.deb ...
2026-10-08T13:54:41.0257679Z Unpacking fonts-tlwg-loma-otf (1:0.7.3-1) ...
2026-10-08T13:54:41.0469485Z Selecting previously unselected package fonts-unifont.
2026-10-08T13:54:41.0599964Z Preparing to unpack .../3-fonts-unifont_1%3a15.1.01-1build1_all.deb ...
2026-10-08T13:54:41.0608263Z Unpacking fonts-unifont (1:15.1.01-1build1) ...
2026-10-08T13:54:41.1714136Z Selecting previously unselected package fonts-wqy-zenhei.
2026-10-08T13:54:41.1845801Z Preparing to unpack .../4-fonts-wqy-zenhei_0.9.45-8_all.deb ...
2026-10-08T13:54:41.1946351Z Unpacking fonts-wqy-zenhei (0.9.45-8) ...
2026-10-08T13:54:41.6709416Z Preparing to unpack .../5-libfreetype6_2.13.2+dfsg-1ubuntu0.2_amd64.deb ...
2026-10-08T13:54:41.6744117Z Unpacking libfreetype6:amd64 (2.13.2+dfsg-1ubuntu0.2) over (2.13.2+dfsg-1ubuntu0.1) ...
2026-10-08T13:54:41.6993783Z Selecting previously unselected package xfonts-encodings.
2026-10-08T13:54:41.7122878Z Preparing to unpack .../6-xfonts-encodings_1%3a1.0.5-0ubuntu2_all.deb ...
2026-10-08T13:54:41.7130012Z Unpacking xfonts-encodings (1:1.0.5-0ubuntu2) ...
2026-10-08T13:54:41.7426129Z Selecting previously unselected package xfonts-utils.
2026-10-08T13:54:41.7561818Z Preparing to unpack .../7-xfonts-utils_1%3a7.7+6build3_amd64.deb ...
2026-10-08T13:54:41.7570213Z Unpacking xfonts-utils (1:7.7+6build3) ...
2026-10-08T13:54:41.8065670Z Selecting previously unselected package xfonts-cyrillic.
2026-10-08T13:54:41.8193484Z Preparing to unpack .../8-xfonts-cyrillic_1%3a1.0.5+nmu1_all.deb ...
2026-10-08T13:54:41.8201893Z Unpacking xfonts-cyrillic (1:1.0.5+nmu1) ...
2026-10-08T13:54:41.8543046Z Selecting previously unselected package xfonts-scalable.
2026-10-08T13:54:41.8670712Z Preparing to unpack .../9-xfonts-scalable_1%3a1.0.3-1.3_all.deb ...
2026-10-08T13:54:41.8679395Z Unpacking xfonts-scalable (1:1.0.3-1.3) ...
2026-10-08T13:54:41.9099234Z Setting up fonts-wqy-zenhei (0.9.45-8) ...
2026-10-08T13:54:41.9224578Z Setting up fonts-freefont-ttf (20211204+svn4273-2) ...
2026-10-08T13:54:41.9245357Z Setting up fonts-tlwg-loma-otf (1:0.7.3-1) ...
2026-10-08T13:54:41.9278176Z Setting up libfreetype6:amd64 (2.13.2+dfsg-1ubuntu0.2) ...
2026-10-08T13:54:41.9299142Z Setting up xfonts-encodings (1:1.0.5-0ubuntu2) ...
2026-10-08T13:54:41.9320119Z Setting up fonts-ipafont-gothic (00303-21ubuntu1) ...
2026-10-08T13:54:41.9388232Z update-alternatives: using /usr/share/fonts/opentype/ipafont-gothic/ipag.ttf to provide /usr/share/fonts/truetype/fonts-japanese-gothic.ttf (fonts-japanese-gothic.ttf) in auto mode
2026-10-08T13:54:41.9403818Z Setting up fonts-unifont (1:15.1.01-1build1) ...
2026-10-08T13:54:41.9427708Z Setting up xfonts-utils (1:7.7+6build3) ...
2026-10-08T13:54:41.9470751Z Setting up xfonts-cyrillic (1:1.0.5+nmu1) ...
2026-10-08T13:54:41.9748368Z Setting up xfonts-scalable (1:1.0.3-1.3) ...
2026-10-08T13:54:42.0019282Z Processing triggers for libc-bin (2.39-0ubuntu8.9) ...
2026-10-08T13:54:42.0316813Z Processing triggers for man-db (2.12.0-4build2) ...
2026-10-08T13:54:42.0337095Z Not building database; man-db/auto-update is not 'true'.
2026-10-08T13:54:42.0349675Z Processing triggers for fontconfig (2.15.0-1.1ubuntu2) ...
2026-10-08T13:54:42.7356107Z 
2026-10-08T13:54:42.7356618Z Running kernel seems to be up-to-date.
2026-10-08T13:54:42.7357035Z 
2026-10-08T13:54:42.7357186Z Restarting services...
2026-10-08T13:54:42.7432811Z  systemctl restart php8.3-fpm.service
2026-10-08T13:54:42.8514132Z 
2026-10-08T13:54:42.8539475Z No containers need to be restarted.
2026-10-08T13:54:42.8539862Z 
2026-10-08T13:54:42.8540066Z No user sessions are running outdated binaries.
2026-10-08T13:54:42.8540421Z 
2026-10-08T13:54:42.8540759Z No VM guests are running outdated hypervisor (qemu) binaries on this host.
2026-10-08T13:54:43.7444448Z Downloading Chrome for Testing 151.0.7922.34 (playwright chromium v1234) from https://cdn.playwright.dev/builds/cft/151.0.7922.34/linux64/chrome-linux64.zip
2026-10-08T13:54:44.7377447Z |                                                                                |   0% of 184.3 MiB
2026-10-08T13:54:44.9039398Z |■■■■■■■■                                                                        |  10% of 184.3 MiB
2026-10-08T13:54:45.0070747Z |■■■■■■■■■■■■■■■■                                                                |  20% of 184.3 MiB
2026-10-08T13:54:45.0935168Z |■■■■■■■■■■■■■■■■■■■■■■■■                                                        |  30% of 184.3 MiB
2026-10-08T13:54:45.1745317Z |■■■■■■■■■■■■■■■■■■■■■■■■■■■■■■■■                                                |  40% of 184.3 MiB
2026-10-08T13:54:45.2462410Z |■■■■■■■■■■■■■■■■■■■■■■■■■■■■■■■■■■■■■■■■                                        |  50% of 184.3 MiB
2026-10-08T13:54:45.3222838Z |■■■■■■■■■■■■■■■■■■■■■■■■■■■■■■■■■■■■■■■■■■■■■■■■                                |  60% of 184.3 MiB
2026-10-08T13:54:45.3953728Z |■■■■■■■■■■■■■■■■■■■■■■■■■■■■■■■■■■■■■■■■■■■■■■■■■■■■■■■■                        |  70% of 184.3 MiB
2026-10-08T13:54:45.4640976Z |■■■■■■■■■■■■■■■■■■■■■■■■■■■■■■■■■■■■■■■■■■■■■■■■■■■■■■■■■■■■■■■■                |  80% of 184.3 MiB
2026-10-08T13:54:45.5248882Z |■■■■■■■■■■■■■■■■■■■■■■■■■■■■■■■■■■■■■■■■■■■■■■■■■■■■■■■■■■■■■■■■■■■■■■■■        |  90% of 184.3 MiB
2026-10-08T13:54:45.5864566Z |■■■■■■■■■■■■■■■■■■■■■■■■■■■■■■■■■■■■■■■■■■■■■■■■■■■■■■■■■■■■■■■■■■■■■■■■■■■■■■■■| 100% of 184.3 MiB
2026-10-08T13:54:48.3365971Z Chrome for Testing 151.0.7922.34 (playwright chromium v1234) downloaded to /home/runner/.cache/ms-playwright/chromium-1234
2026-10-08T13:54:48.3369700Z Downloading FFmpeg (playwright ffmpeg v1011) from https://cdn.playwright.dev/dbazure/download/playwright/builds/ffmpeg/1011/ffmpeg-linux.zip
2026-10-08T13:54:49.3155549Z |                                                                                |   0% of 2.3 MiB
2026-10-08T13:54:49.3265483Z |■■■■■■■■                                                                        |  10% of 2.3 MiB
2026-10-08T13:54:49.3334375Z |■■■■■■■■■■■■■■■■                                                                |  20% of 2.3 MiB
2026-10-08T13:54:49.3392030Z |■■■■■■■■■■■■■■■■■■■■■■■■                                                        |  30% of 2.3 MiB
2026-10-08T13:54:49.3438043Z |■■■■■■■■■■■■■■■■■■■■■■■■■■■■■■■■                                                |  40% of 2.3 MiB
2026-10-08T13:54:49.3467324Z |■■■■■■■■■■■■■■■■■■■■■■■■■■■■■■■■■■■■■■■■                                        |  50% of 2.3 MiB
2026-10-08T13:54:49.3497969Z |■■■■■■■■■■■■■■■■■■■■■■■■■■■■■■■■■■■■■■■■■■■■■■■■                                |  60% of 2.3 MiB
2026-10-08T13:54:49.3517041Z |■■■■■■■■■■■■■■■■■■■■■■■■■■■■■■■■■■■■■■■■■■■■■■■■■■■■■■■■                        |  70% of 2.3 MiB
2026-10-08T13:54:49.3541431Z |■■■■■■■■■■■■■■■■■■■■■■■■■■■■■■■■■■■■■■■■■■■■■■■■■■■■■■■■■■■■■■■■                |  80% of 2.3 MiB
2026-10-08T13:54:49.3562090Z |■■■■■■■■■■■■■■■■■■■■■■■■■■■■■■■■■■■■■■■■■■■■■■■■■■■■■■■■■■■■■■■■■■■■■■■■        |  90% of 2.3 MiB
2026-10-08T13:54:49.3573633Z |■■■■■■■■■■■■■■■■■■■■■■■■■■■■■■■■■■■■■■■■■■■■■■■■■■■■■■■■■■■■■■■■■■■■■■■■■■■■■■■■| 100% of 2.3 MiB
2026-10-08T13:54:49.4223596Z FFmpeg (playwright ffmpeg v1011) downloaded to /home/runner/.cache/ms-playwright/ffmpeg-1011
2026-10-08T13:54:49.4227296Z Downloading Chrome Headless Shell 151.0.7922.34 (playwright chromium-headless-shell v1234) from https://cdn.playwright.dev/builds/cft/151.0.7922.34/linux64/chrome-headless-shell-linux64.zip
2026-10-08T13:54:50.4484513Z |                                                                                |   0% of 114.7 MiB
2026-10-08T13:54:50.6740961Z |■■■■■■■■                                                                        |  10% of 114.7 MiB
2026-10-08T13:54:50.8170293Z |■■■■■■■■■■■■■■■■                                                                |  20% of 114.7 MiB
2026-10-08T13:54:50.9425665Z |■■■■■■■■■■■■■■■■■■■■■■■■                                                        |  30% of 114.7 MiB
2026-10-08T13:54:51.0297141Z |■■■■■■■■■■■■■■■■■■■■■■■■■■■■■■■■                                                |  40% of 114.7 MiB
2026-10-08T13:54:51.0870147Z |■■■■■■■■■■■■■■■■■■■■■■■■■■■■■■■■■■■■■■■■                                        |  50% of 114.7 MiB
2026-10-08T13:54:51.1356577Z |■■■■■■■■■■■■■■■■■■■■■■■■■■■■■■■■■■■■■■■■■■■■■■■■                                |  60% of 114.7 MiB
2026-10-08T13:54:51.1854122Z |■■■■■■■■■■■■■■■■■■■■■■■■■■■■■■■■■■■■■■■■■■■■■■■■■■■■■■■■                        |  70% of 114.7 MiB
2026-10-08T13:54:51.2331589Z |■■■■■■■■■■■■■■■■■■■■■■■■■■■■■■■■■■■■■■■■■■■■■■■■■■■■■■■■■■■■■■■■                |  80% of 114.7 MiB
2026-10-08T13:54:51.2841070Z |■■■■■■■■■■■■■■■■■■■■■■■■■■■■■■■■■■■■■■■■■■■■■■■■■■■■■■■■■■■■■■■■■■■■■■■■        |  90% of 114.7 MiB
2026-10-08T13:54:51.3321789Z |■■■■■■■■■■■■■■■■■■■■■■■■■■■■■■■■■■■■■■■■■■■■■■■■■■■■■■■■■■■■■■■■■■■■■■■■■■■■■■■■| 100% of 114.7 MiB
2026-10-08T13:54:53.4087756Z Chrome Headless Shell 151.0.7922.34 (playwright chromium-headless-shell v1234) downloaded to /home/runner/.cache/ms-playwright/chromium_headless_shell-1234
2026-10-08T13:54:53.4391479Z ##[group]Run npm test
2026-10-08T13:54:53.4391774Z [36;1mnpm test[0m
2026-10-08T13:54:53.4454763Z shell: /usr/bin/bash -e {0}
2026-10-08T13:54:53.4455241Z ##[endgroup]
2026-10-08T13:54:53.5487890Z 
2026-10-08T13:54:53.5488145Z > test
2026-10-08T13:54:53.5489325Z > node --test tests/*.test.mjs
2026-10-08T13:54:53.5489689Z 
2026-10-08T13:54:53.6029934Z TAP version 13
2026-10-08T13:54:55.1646137Z # Subtest: the actual WASM watch exposes operable cells, actions, and complete readings
2026-10-08T13:54:55.1720305Z ok 1 - the actual WASM watch exposes operable cells, actions, and complete readings
2026-10-08T13:54:55.1721451Z   ---
2026-10-08T13:54:55.1722145Z   duration_ms: 732.565998
2026-10-08T13:54:55.1722804Z   type: 'test'
2026-10-08T13:54:55.1723372Z   ...
2026-10-08T13:54:55.8883058Z # Subtest: Tab, Enter, Space, arrows and shortcuts share one turn path
2026-10-08T13:54:55.8943040Z ok 2 - Tab, Enter, Space, arrows and shortcuts share one turn path
2026-10-08T13:54:55.8985764Z   ---
2026-10-08T13:54:55.9008982Z   duration_ms: 721.746948
2026-10-08T13:54:55.9009852Z   type: 'test'
2026-10-08T13:54:55.9010569Z   ...
2026-10-08T13:54:56.5936701Z # Subtest: unavailable actions and modified/repeated shortcuts do not spend a tide
2026-10-08T13:54:56.5945452Z ok 3 - unavailable actions and modified/repeated shortcuts do not spend a tide
2026-10-08T13:54:56.5946976Z   ---
2026-10-08T13:54:56.5947528Z   duration_ms: 713.355538
2026-10-08T13:54:56.5948258Z   type: 'test'
2026-10-08T13:54:56.5949287Z   ...
2026-10-08T13:54:59.6221282Z # Subtest: a player can finish all fourteen tides using only semantic controls and reset
2026-10-08T13:54:59.6283601Z ok 4 - a player can finish all fourteen tides using only semantic controls and reset
2026-10-08T13:54:59.6359540Z   ---
2026-10-08T13:54:59.6409261Z   duration_ms: 3026.465325
2026-10-08T13:54:59.6423934Z   type: 'test'
2026-10-08T13:54:59.6446726Z   ...
2026-10-08T13:55:00.4196226Z # Subtest: phone touch targets follow the canvas with separated notes and actions
2026-10-08T13:55:00.4198241Z ok 5 - phone touch targets follow the canvas with separated notes and actions
2026-10-08T13:55:00.4228731Z   ---
2026-10-08T13:55:00.4245409Z   duration_ms: 796.101571
2026-10-08T13:55:00.4305081Z   type: 'test'
2026-10-08T13:55:00.4324365Z   ...
2026-10-08T13:55:00.7279969Z # Subtest: failed WASM startup leaves an understandable error and no active controls
2026-10-08T13:55:00.7289572Z ok 6 - failed WASM startup leaves an understandable error and no active controls
2026-10-08T13:55:00.7291481Z   ---
2026-10-08T13:55:00.7292039Z   duration_ms: 301.259978
2026-10-08T13:55:00.7292638Z   type: 'test'
2026-10-08T13:55:00.7293153Z   ...
2026-10-08T13:55:00.8192239Z # Subtest: the journal preserves complete real WASM reports and all three cells across later choices
2026-10-08T13:55:00.8193980Z ok 7 - the journal preserves complete real WASM reports and all three cells across later choices
2026-10-08T13:55:00.8195324Z   ---
2026-10-08T13:55:00.8195945Z   duration_ms: 1678.98246
2026-10-08T13:55:00.8196579Z   type: 'test'
2026-10-08T13:55:00.8197134Z   ...
2026-10-08T13:55:00.8198120Z # Subtest: unavailable choices create no journal entry and journal keyboard reading spends no tide
2026-10-08T13:55:00.8199847Z ok 8 - unavailable choices create no journal entry and journal keyboard reading spends no tide
2026-10-08T13:55:00.8200899Z   ---
2026-10-08T13:55:00.8201438Z   duration_ms: 804.523324
2026-10-08T13:55:00.8202072Z   type: 'test'
2026-10-08T13:55:00.8202616Z   ...
2026-10-08T13:55:00.8203652Z # Subtest: all fourteen native tides remain reviewable with an exact final recap, then reset starts a fresh journal
2026-10-08T13:55:00.8205283Z ok 9 - all fourteen native tides remain reviewable with an exact final recap, then reset starts a fresh journal
2026-10-08T13:55:00.8206470Z   ---
2026-10-08T13:55:00.8207020Z   duration_ms: 2262.151359
2026-10-08T13:55:00.8207620Z   type: 'test'
2026-10-08T13:55:00.8208155Z   ...
2026-10-08T13:55:00.8209511Z # Subtest: phone readers can expand every note and cell without horizontal overflow
2026-10-08T13:55:00.8210652Z ok 10 - phone readers can expand every note and cell without horizontal overflow
2026-10-08T13:55:00.8211757Z   ---
2026-10-08T13:55:00.8212301Z   duration_ms: 949.590615
2026-10-08T13:55:00.8213102Z   type: 'test'
2026-10-08T13:55:00.8213668Z   ...
2026-10-08T13:55:00.8214454Z # Subtest: a failed simulation startup offers no fabricated watch history
2026-10-08T13:55:00.8215553Z ok 11 - a failed simulation startup offers no fabricated watch history
2026-10-08T13:55:00.8216430Z   ---
2026-10-08T13:55:00.8216978Z   duration_ms: 284.703054
2026-10-08T13:55:00.8217595Z   type: 'test'
2026-10-08T13:55:00.8218088Z   ...
2026-10-08T13:55:00.8219513Z # Subtest: an accepted native replay restores its full history, and a missing tide cannot replace it
2026-10-08T13:55:00.8220995Z ok 12 - an accepted native replay restores its full history, and a missing tide cannot replace it
2026-10-08T13:55:00.8221990Z   ---
2026-10-08T13:55:00.8222505Z   duration_ms: 492.494982
2026-10-08T13:55:00.8222860Z   type: 'test'
2026-10-08T13:55:00.8223070Z   ...
2026-10-08T13:55:00.8524467Z # Subtest: a visitor downloads the current game and resumes its complete journal offline
2026-10-08T13:55:00.8526081Z ok 13 - a visitor downloads the current game and resumes its complete journal offline
2026-10-08T13:55:00.8533784Z   ---
2026-10-08T13:55:00.8534369Z   duration_ms: 2725.747719
2026-10-08T13:55:00.8535065Z   type: 'test'
2026-10-08T13:55:00.8535683Z   ...
2026-10-08T13:55:00.8536548Z # Subtest: the packaged watch plays and restores its complete journal offline
2026-10-08T13:55:00.8537771Z ok 14 - the packaged watch plays and restores its complete journal offline
2026-10-08T13:55:00.8539027Z   ---
2026-10-08T13:55:00.8539627Z   duration_ms: 1362.757032
2026-10-08T13:55:00.8540223Z   type: 'test'
2026-10-08T13:55:00.8540750Z   ...
2026-10-08T13:55:02.8568117Z # Subtest: a resumed watch reconstructs every earlier native report before accepting the next tide
2026-10-08T13:55:02.8631503Z ok 15 - a resumed watch reconstructs every earlier native report before accepting the next tide
2026-10-08T13:55:02.8666446Z   ---
2026-10-08T13:55:02.8682213Z   duration_ms: 3115.57586
2026-10-08T13:55:02.8709081Z   type: 'test'
2026-10-08T13:55:02.8770923Z   ...
2026-10-08T13:55:05.4460091Z # Subtest: a completed saved watch retains fourteen reports and the actual opening-to-final recap
2026-10-08T13:55:05.4462326Z ok 16 - a completed saved watch retains fourteen reports and the actual opening-to-final recap
2026-10-08T13:55:05.4463469Z   ---
2026-10-08T13:55:05.4464005Z   duration_ms: 2590.584304
2026-10-08T13:55:05.4464639Z   type: 'test'
2026-10-08T13:55:05.4465078Z   ...
2026-10-08T13:55:06.3445067Z # Subtest: failed saving keeps current reports and a successful explicit retry makes the whole journal resumable
2026-10-08T13:55:06.3454341Z ok 17 - failed saving keeps current reports and a successful explicit retry makes the whole journal resumable
2026-10-08T13:55:06.3457530Z   ---
2026-10-08T13:55:06.3459305Z   duration_ms: 897.984103
2026-10-08T13:55:06.3460090Z   type: 'test'
2026-10-08T13:55:06.3460470Z   ...
2026-10-08T13:55:06.9654094Z # Subtest: a save that disagrees with real replay is protected and cannot fabricate a journal
2026-10-08T13:55:06.9655652Z ok 18 - a save that disagrees with real replay is protected and cannot fabricate a journal
2026-10-08T13:55:06.9657329Z   ---
2026-10-08T13:55:06.9658081Z   duration_ms: 620.13768
2026-10-08T13:55:06.9659436Z   type: 'test'
2026-10-08T13:55:06.9660386Z   ...
2026-10-08T13:55:08.2853180Z # Subtest: another tab's saved branch stays authoritative while the local journal can continue unsaved
2026-10-08T13:55:08.2864228Z ok 19 - another tab's saved branch stays authoritative while the local journal can continue unsaved
2026-10-08T13:55:08.2865394Z   ---
2026-10-08T13:55:08.2865993Z   duration_ms: 1318.844707
2026-10-08T13:55:08.2866592Z   type: 'test'
2026-10-08T13:55:08.2867155Z   ...
2026-10-08T13:55:08.3707265Z # Subtest: each recorded choice reproduces the exact complete native tide and frees both sessions
2026-10-08T13:55:08.3721718Z ok 20 - each recorded choice reproduces the exact complete native tide and frees both sessions
2026-10-08T13:55:08.3735800Z   ---
2026-10-08T13:55:08.3736466Z   duration_ms: 5.51044
2026-10-08T13:55:08.3745285Z   type: 'test'
2026-10-08T13:55:08.3747325Z   ...
2026-10-08T13:55:08.3770176Z # Subtest: alternative actions on every cell preserve every native field and the original input history
2026-10-08T13:55:08.3771544Z ok 21 - alternative actions on every cell preserve every native field and the original input history
2026-10-08T13:55:08.3796083Z   ---
2026-10-08T13:55:08.3810065Z   duration_ms: 5.391248
2026-10-08T13:55:08.3810526Z   type: 'test'
2026-10-08T13:55:08.3810903Z   ...
2026-10-08T13:55:08.3811697Z # Subtest: changed intermediate native readings or field notes are refused even with an exact final snapshot
2026-10-08T13:55:08.3813103Z ok 22 - changed intermediate native readings or field notes are refused even with an exact final snapshot
2026-10-08T13:55:08.3813964Z   ---
2026-10-08T13:55:08.3815663Z   duration_ms: 1.664182
2026-10-08T13:55:08.3816120Z   type: 'test'
2026-10-08T13:55:08.3837966Z   ...
2026-10-08T13:55:08.3838895Z # Subtest: a changed native opening and a changed completed action cannot become comparison authority
2026-10-08T13:55:08.3840059Z ok 23 - a changed native opening and a changed completed action cannot become comparison authority
2026-10-08T13:55:08.3840821Z   ---
2026-10-08T13:55:08.3841123Z   duration_ms: 0.841869
2026-10-08T13:55:08.3841476Z   type: 'test'
2026-10-08T13:55:08.3841846Z   ...
2026-10-08T13:55:08.3842710Z # Subtest: empty, malformed, overlong, reordered and incomplete histories refuse before allocating native state
2026-10-08T13:55:08.3844068Z ok 24 - empty, malformed, overlong, reordered and incomplete histories refuse before allocating native state
2026-10-08T13:55:08.3844895Z   ---
2026-10-08T13:55:08.3845189Z   duration_ms: 1.60412
2026-10-08T13:55:08.3845558Z   type: 'test'
2026-10-08T13:55:08.3845862Z   ...
2026-10-08T13:55:08.3846565Z # Subtest: historical canopy admission uses the selected tide and a native refusal frees its isolated session
2026-10-08T13:55:08.3847778Z ok 25 - historical canopy admission uses the selected tide and a native refusal frees its isolated session
2026-10-08T13:55:08.3848875Z   ---
2026-10-08T13:55:08.3849168Z   duration_ms: 1.96315
2026-10-08T13:55:08.3849555Z   type: 'test'
2026-10-08T13:55:08.3849861Z   ...
2026-10-08T13:55:08.3850453Z # Subtest: exhausted current water and seed packs do not prevent an available historical alternative
2026-10-08T13:55:08.3851450Z ok 26 - exhausted current water and seed packs do not prevent an available historical alternative
2026-10-08T13:55:08.3852199Z   ---
2026-10-08T13:55:08.3852501Z   duration_ms: 2.662372
2026-10-08T13:55:08.3852849Z   type: 'test'
2026-10-08T13:55:08.3853155Z   ...
2026-10-08T13:55:08.3853960Z # Subtest: successful and refused comparisons leave the actual SavedWatch, selection, storage bytes and next tide unchanged
2026-10-08T13:55:08.3855351Z ok 27 - successful and refused comparisons leave the actual SavedWatch, selection, storage bytes and next tide unchanged
2026-10-08T13:55:08.3856257Z   ---
2026-10-08T13:55:08.3856547Z   duration_ms: 2.8008
2026-10-08T13:55:08.3856881Z   type: 'test'
2026-10-08T13:55:08.3857179Z   ...
2026-10-08T13:55:08.3857769Z # Subtest: read-only comparison remains available while the real watch cannot access storage
2026-10-08T13:55:08.3860300Z ok 28 - read-only comparison remains available while the real watch cannot access storage
2026-10-08T13:55:08.3861006Z   ---
2026-10-08T13:55:08.3861310Z   duration_ms: 1.445044
2026-10-08T13:55:08.3861666Z   type: 'test'
2026-10-08T13:55:08.3861997Z   ...
2026-10-08T13:55:08.3862588Z # Subtest: all fourteen admitted snapshots and the final native outcome remain reproducible
2026-10-08T13:55:08.3863784Z ok 29 - all fourteen admitted snapshots and the final native outcome remain reproducible
2026-10-08T13:55:08.3864994Z   ---
2026-10-08T13:55:08.3865314Z   duration_ms: 19.349391
2026-10-08T13:55:08.3865663Z   type: 'test'
2026-10-08T13:55:08.3866154Z   ...
2026-10-08T13:55:08.9159902Z # Subtest: an opening watch stays playable before any historical choice is available
2026-10-08T13:55:08.9190135Z ok 30 - an opening watch stays playable before any historical choice is available
2026-10-08T13:55:08.9259205Z   ---
2026-10-08T13:55:08.9284056Z   duration_ms: 802.023251
2026-10-08T13:55:08.9297631Z   type: 'test'
2026-10-08T13:55:08.9302103Z   ...
2026-10-08T13:55:08.9320849Z # Subtest: a completed historical alternative shows every native consequence without changing the active watch
2026-10-08T13:55:08.9322339Z ok 31 - a completed historical alternative shows every native consequence without changing the active watch
2026-10-08T13:55:08.9323393Z   ---
2026-10-08T13:55:08.9323903Z   duration_ms: 1372.651071
2026-10-08T13:55:08.9324501Z   type: 'test'
2026-10-08T13:55:08.9324983Z   ...
2026-10-08T13:55:08.9325840Z # Subtest: recorded choices match exactly and changing controls clears a previous comparison
2026-10-08T13:55:08.9327198Z ok 32 - recorded choices match exactly and changing controls clears a previous comparison
2026-10-08T13:55:08.9334720Z   ---
2026-10-08T13:55:08.9335306Z   duration_ms: 828.003073
2026-10-08T13:55:08.9335911Z   type: 'test'
2026-10-08T13:55:08.9336432Z   ...
2026-10-08T13:55:08.9337672Z # Subtest: an unavailable historical choice refuses cleanly while an earlier available choice still works
2026-10-08T13:55:08.9340191Z ok 33 - an unavailable historical choice refuses cleanly while an earlier available choice still works
2026-10-08T13:55:08.9342175Z   ---
2026-10-08T13:55:08.9342647Z   duration_ms: 1082.131782
2026-10-08T13:55:08.9343863Z   type: 'test'
2026-10-08T13:55:08.9344329Z   ...
2026-10-08T13:55:08.9345085Z # Subtest: panel keyboard choices remain separate from game shortcuts and phone readings fit
2026-10-08T13:55:08.9348134Z ok 34 - panel keyboard choices remain separate from game shortcuts and phone readings fit
2026-10-08T13:55:08.9350473Z   ---
2026-10-08T13:55:08.9351040Z   duration_ms: 1151.607786
2026-10-08T13:55:08.9351462Z   type: 'test'
2026-10-08T13:55:08.9351780Z   ...
2026-10-08T13:55:08.9352406Z # Subtest: reset invalidates a comparison even when canvas geometry temporarily disappears
2026-10-08T13:55:08.9353528Z ok 35 - reset invalidates a comparison even when canvas geometry temporarily disappears
2026-10-08T13:55:08.9354259Z   ---
2026-10-08T13:55:08.9354563Z   duration_ms: 1243.367378
2026-10-08T13:55:08.9354987Z   type: 'test'
2026-10-08T13:55:08.9355288Z   ...
2026-10-08T13:55:08.9355815Z # Subtest: comparison reads native history when browser saving is unavailable
2026-10-08T13:55:08.9356358Z ok 36 - comparison reads native history when browser saving is unavailable
2026-10-08T13:55:08.9356757Z   ---
2026-10-08T13:55:08.9386744Z   duration_ms: 859.990233
2026-10-08T13:55:08.9387234Z   type: 'test'
2026-10-08T13:55:08.9387582Z   ...
2026-10-08T13:55:10.5950338Z # Subtest: a closed watch can compare its final native tide without reopening the live watch
2026-10-08T13:55:10.5952576Z ok 37 - a closed watch can compare its final native tide without reopening the live watch
2026-10-08T13:55:10.5953653Z   ---
2026-10-08T13:55:10.5954811Z   duration_ms: 1624.232463
2026-10-08T13:55:10.5955485Z   type: 'test'
2026-10-08T13:55:10.5956080Z   ...
2026-10-08T13:55:11.7506444Z # Subtest: the directly opened packaged HTML contains the same isolated native comparison
2026-10-08T13:55:11.7510579Z ok 38 - the directly opened packaged HTML contains the same isolated native comparison
2026-10-08T13:55:11.7529650Z   ---
2026-10-08T13:55:11.7533001Z   duration_ms: 1212.735862
2026-10-08T13:55:11.7533663Z   type: 'test'
2026-10-08T13:55:11.7534240Z   ...
2026-10-08T13:55:11.8000162Z # Subtest: closing and reopening the page resumes the same native watch and selected cell
2026-10-08T13:55:11.8001818Z ok 39 - closing and reopening the page resumes the same native watch and selected cell
2026-10-08T13:55:11.8002521Z   ---
2026-10-08T13:55:11.8002765Z   duration_ms: 1395.476614
2026-10-08T13:55:11.8003142Z   type: 'test'
2026-10-08T13:55:11.8003548Z   ...
2026-10-08T13:55:11.8004092Z # Subtest: a fourteen-tide ending survives reload and explicit reset stores a fresh watch
2026-10-08T13:55:11.8004950Z ok 40 - a fourteen-tide ending survives reload and explicit reset stores a fresh watch
2026-10-08T13:55:11.8005477Z   ---
2026-10-08T13:55:11.8005778Z   duration_ms: 1278.433181
2026-10-08T13:55:11.8006047Z   type: 'test'
2026-10-08T13:55:11.8006270Z   ...
2026-10-08T13:55:11.8006702Z # Subtest: unavailable actions leave the saved history unchanged
2026-10-08T13:55:11.8007307Z ok 41 - unavailable actions leave the saved history unchanged
2026-10-08T13:55:11.8007707Z   ---
2026-10-08T13:55:11.8007925Z   duration_ms: 586.478032
2026-10-08T13:55:11.8008236Z   type: 'test'
2026-10-08T13:55:11.8008778Z   ...
2026-10-08T13:55:11.8009296Z # Subtest: failed replay preserves saved data while play continues until an explicit reset
2026-10-08T13:55:11.8010620Z ok 42 - failed replay preserves saved data while play continues until an explicit reset
2026-10-08T13:55:11.8011393Z   ---
2026-10-08T13:55:11.8011619Z   duration_ms: 1500.882848
2026-10-08T13:55:11.8011888Z   type: 'test'
2026-10-08T13:55:11.8012106Z   ...
2026-10-08T13:55:11.8013066Z # Subtest: quota failure retains the running tide and the visible retry saves without advancing it
2026-10-08T13:55:11.8013958Z ok 43 - quota failure retains the running tide and the visible retry saves without advancing it
2026-10-08T13:55:11.8014653Z   ---
2026-10-08T13:55:11.8014842Z   duration_ms: 691.843122
2026-10-08T13:55:11.8015085Z   type: 'test'
2026-10-08T13:55:11.8015279Z   ...
2026-10-08T13:55:11.8015732Z # Subtest: a blocked storage getter still allows a playable watch and later save retry
2026-10-08T13:55:11.8016563Z ok 44 - a blocked storage getter still allows a playable watch and later save retry
2026-10-08T13:55:11.8017142Z   ---
2026-10-08T13:55:11.8017337Z   duration_ms: 400.586872
2026-10-08T13:55:11.8017557Z   type: 'test'
2026-10-08T13:55:11.8017739Z   ...
2026-10-08T13:55:11.8018342Z # Subtest: two tabs detect divergent storage and do not overwrite the other watch
2026-10-08T13:55:11.8020319Z ok 45 - two tabs detect divergent storage and do not overwrite the other watch
2026-10-08T13:55:11.8021229Z   ---
2026-10-08T13:55:11.8021781Z   duration_ms: 722.1321
2026-10-08T13:55:11.8022337Z   type: 'test'
2026-10-08T13:55:11.8022829Z   ...
2026-10-08T13:55:11.8023500Z # Subtest: failed WASM startup never replaces an existing saved watch
2026-10-08T13:55:11.8024493Z ok 46 - failed WASM startup never replaces an existing saved watch
2026-10-08T13:55:11.8025243Z   ---
2026-10-08T13:55:11.8025698Z   duration_ms: 489.018636
2026-10-08T13:55:11.8026217Z   type: 'test'
2026-10-08T13:55:11.8026669Z   ...
2026-10-08T13:55:11.8029244Z # Subtest: the save revision pins the actual shipped WASM bytes
2026-10-08T13:55:11.8030163Z ok 47 - the save revision pins the actual shipped WASM bytes
2026-10-08T13:55:11.8031006Z   ---
2026-10-08T13:55:11.8031436Z   duration_ms: 2.01206
2026-10-08T13:55:11.8031830Z   type: 'test'
2026-10-08T13:55:11.8032468Z   ...
2026-10-08T13:55:11.8032997Z # Subtest: a new watch does not write until the player chooses a cell or tide
2026-10-08T13:55:11.8034504Z ok 48 - a new watch does not write until the player chooses a cell or tide
2026-10-08T13:55:11.8035218Z   ---
2026-10-08T13:55:11.8035572Z   duration_ms: 3.210343
2026-10-08T13:55:11.8035972Z   type: 'test'
2026-10-08T13:55:11.8036357Z   ...
2026-10-08T13:55:11.8037235Z # Subtest: reload replays actual accepted tides and restores the exact complete state and selection
2026-10-08T13:55:11.8038998Z ok 49 - reload replays actual accepted tides and restores the exact complete state and selection
2026-10-08T13:55:11.8039787Z   ---
2026-10-08T13:55:11.8040134Z   duration_ms: 4.515025
2026-10-08T13:55:11.8040536Z   type: 'test'
2026-10-08T13:55:11.8040888Z   ...
2026-10-08T13:55:11.8041760Z # Subtest: a completed fourteen-tide watch and its outcome survive reopening
2026-10-08T13:55:11.8042771Z ok 50 - a completed fourteen-tide watch and its outcome survive reopening
2026-10-08T13:55:11.8059077Z   ---
2026-10-08T13:55:11.8099304Z   duration_ms: 4.203675
2026-10-08T13:55:11.8100030Z   type: 'test'
2026-10-08T13:55:11.8100588Z   ...
2026-10-08T13:55:11.8101376Z # Subtest: refused actions are absent from storage and do not change native state
2026-10-08T13:55:11.8102552Z ok 51 - refused actions are absent from storage and do not change native state
2026-10-08T13:55:11.8103483Z   ---
2026-10-08T13:55:11.8104002Z   duration_ms: 1.053644
2026-10-08T13:55:11.8104583Z   type: 'test'
2026-10-08T13:55:11.8105121Z   ...
2026-10-08T13:55:11.8105873Z # Subtest: explicit reset persists a fresh watch that cannot resurrect the old history
2026-10-08T13:55:11.8106801Z ok 52 - explicit reset persists a fresh watch that cannot resurrect the old history
2026-10-08T13:55:11.8107763Z   ---
2026-10-08T13:55:11.8108325Z   duration_ms: 2.084714
2026-10-08T13:55:11.8109224Z   type: 'test'
2026-10-08T13:55:11.8109775Z   ...
2026-10-08T13:55:11.8110662Z # Subtest: malformed, unsupported, overlong and tampered saves remain byte-for-byte intact
2026-10-08T13:55:11.8117731Z ok 53 - malformed, unsupported, overlong and tampered saves remain byte-for-byte intact
2026-10-08T13:55:11.8118846Z   ---
2026-10-08T13:55:11.8119195Z   duration_ms: 6.204945
2026-10-08T13:55:11.8119591Z   type: 'test'
2026-10-08T13:55:11.8119924Z   ...
2026-10-08T13:55:11.8120677Z # Subtest: failed partial native replay frees its candidate and explicit reset replaces a protected save
2026-10-08T13:55:11.8121979Z ok 54 - failed partial native replay frees its candidate and explicit reset replaces a protected save
2026-10-08T13:55:11.8122800Z   ---
2026-10-08T13:55:11.8123121Z   duration_ms: 1.375504
2026-10-08T13:55:11.8123497Z   type: 'test'
2026-10-08T13:55:11.8123815Z   ...
2026-10-08T13:55:11.8124551Z # Subtest: a storage quota failure keeps play in memory and retry saves exactly once without replaying a tide
2026-10-08T13:55:11.8125824Z ok 55 - a storage quota failure keeps play in memory and retry saves exactly once without replaying a tide
2026-10-08T13:55:11.8126666Z   ---
2026-10-08T13:55:11.8126978Z   duration_ms: 1.388708
2026-10-08T13:55:11.8127358Z   type: 'test'
2026-10-08T13:55:11.8127671Z   ...
2026-10-08T13:55:11.8128286Z # Subtest: an unavailable localStorage getter does not prevent play and can later recover
2026-10-08T13:55:11.8129575Z ok 56 - an unavailable localStorage getter does not prevent play and can later recover
2026-10-08T13:55:11.8130301Z   ---
2026-10-08T13:55:11.8130607Z   duration_ms: 1.183025
2026-10-08T13:55:11.8130974Z   type: 'test'
2026-10-08T13:55:11.8131286Z   ...
2026-10-08T13:55:11.8131900Z # Subtest: retry after unreadable storage never overwrites a previously unknown saved watch
2026-10-08T13:55:11.8132948Z ok 57 - retry after unreadable storage never overwrites a previously unknown saved watch
2026-10-08T13:55:11.8133699Z   ---
2026-10-08T13:55:11.8134005Z   duration_ms: 0.914717
2026-10-08T13:55:11.8134369Z   type: 'test'
2026-10-08T13:55:11.8134679Z   ...
2026-10-08T13:55:11.8135234Z # Subtest: a stale tab detects another saved watch before writing its divergent tide
2026-10-08T13:55:11.8136185Z ok 58 - a stale tab detects another saved watch before writing its divergent tide
2026-10-08T13:55:11.8136842Z   ---
2026-10-08T13:55:11.8137144Z   duration_ms: 2.316968
2026-10-08T13:55:11.8137518Z   type: 'test'
2026-10-08T13:55:11.8137833Z   ...
2026-10-08T13:55:11.8142201Z # Subtest: storage change and clear notifications hold stale writes without mutating the current watch
2026-10-08T13:55:11.8143340Z ok 59 - storage change and clear notifications hold stale writes without mutating the current watch
2026-10-08T13:55:11.8143822Z   ---
2026-10-08T13:55:11.8144018Z   duration_ms: 1.804323
2026-10-08T13:55:11.8144237Z   type: 'test'
2026-10-08T13:55:11.8144544Z   ...
2026-10-08T13:55:11.8145367Z # Subtest: a failed reset write reports the unsaved state and retry cannot restore old actions
2026-10-08T13:55:11.8146042Z ok 60 - a failed reset write reports the unsaved state and retry cannot restore old actions
2026-10-08T13:55:11.8146705Z   ---
2026-10-08T13:55:11.8146999Z   duration_ms: 0.972111
2026-10-08T13:55:11.8147291Z   type: 'test'
2026-10-08T13:55:11.8147522Z   ...
2026-10-08T13:55:11.9089629Z # Subtest: opening trends expose five correctly labelled metrics without inventing a completed tide
2026-10-08T13:55:11.9091069Z ok 61 - opening trends expose five correctly labelled metrics without inventing a completed tide
2026-10-08T13:55:11.9109270Z   ---
2026-10-08T13:55:11.9109735Z   duration_ms: 638.168456
2026-10-08T13:55:11.9111731Z   type: 'test'
2026-10-08T13:55:11.9112694Z   ...
2026-10-08T13:55:11.9113550Z # Subtest: changed real WASM actions produce complete exact tables and separate cell series without changing the watch
2026-10-08T13:55:11.9115133Z ok 62 - changed real WASM actions produce complete exact tables and separate cell series without changing the watch
2026-10-08T13:55:11.9116077Z   ---
2026-10-08T13:55:11.9120620Z   duration_ms: 1433.247816
2026-10-08T13:55:11.9121084Z   type: 'test'
2026-10-08T13:55:11.9121413Z   ...
2026-10-08T13:55:11.9122059Z # Subtest: native keyboard controls retain earlier selection and focus while later tides arrive
2026-10-08T13:55:11.9122763Z ok 63 - native keyboard controls retain earlier selection and focus while later tides arrive
2026-10-08T13:55:11.9123193Z   ---
2026-10-08T13:55:11.9123376Z   duration_ms: 630.25812
2026-10-08T13:55:11.9123631Z   type: 'test'
2026-10-08T13:55:11.9123812Z   ...
2026-10-08T13:55:12.4540262Z # Subtest: selection and refused actions add no trend, and reset starts at the actual opening
2026-10-08T13:55:12.4541514Z ok 64 - selection and refused actions add no trend, and reset starts at the actual opening
2026-10-08T13:55:12.4542291Z   ---
2026-10-08T13:55:12.4542623Z   duration_ms: 543.357134
2026-10-08T13:55:12.4543027Z   type: 'test'
2026-10-08T13:55:12.4543398Z   ...
2026-10-08T13:55:12.9399399Z # Subtest: clicking the chart selects the tide and leaves keyboard focus on its slider
2026-10-08T13:55:12.9400740Z ok 65 - clicking the chart selects the tide and leaves keyboard focus on its slider
2026-10-08T13:55:12.9401376Z   ---
2026-10-08T13:55:12.9401802Z   duration_ms: 487.490871
2026-10-08T13:55:12.9402212Z   type: 'test'
2026-10-08T13:55:12.9402529Z   ...
2026-10-08T13:55:14.5732438Z # Subtest: partial and complete native replay retain the opening, all completed tides and the finished watch
2026-10-08T13:55:14.5733935Z ok 66 - partial and complete native replay retain the opening, all completed tides and the finished watch
2026-10-08T13:55:14.5735014Z   ---
2026-10-08T13:55:14.5735471Z   duration_ms: 1633.493892
2026-10-08T13:55:14.5735959Z   type: 'test'
2026-10-08T13:55:14.5736297Z   ...
2026-10-08T13:55:14.8960222Z # Subtest: invalid journal replay cannot replace an existing trends history
2026-10-08T13:55:14.8961869Z ok 67 - invalid journal replay cannot replace an existing trends history
2026-10-08T13:55:14.8962785Z   ---
2026-10-08T13:55:14.8963371Z   duration_ms: 322.598283
2026-10-08T13:55:14.8964018Z   type: 'test'
2026-10-08T13:55:14.8964396Z   ...
2026-10-08T13:55:15.5617862Z # Subtest: direct-open packaging embeds the same trends and reopens native saved readings offline
2026-10-08T13:55:15.5619545Z ok 68 - direct-open packaging embeds the same trends and reopens native saved readings offline
2026-10-08T13:55:15.5620338Z   ---
2026-10-08T13:55:15.5620637Z   duration_ms: 665.180814
2026-10-08T13:55:15.5637875Z   type: 'test'
2026-10-08T13:55:15.5638208Z   ...
2026-10-08T13:55:15.6150742Z 1..68
2026-10-08T13:55:15.6151114Z # tests 68
2026-10-08T13:55:15.6151316Z # suites 0
2026-10-08T13:55:15.6151701Z # pass 68
2026-10-08T13:55:15.6152195Z # fail 0
2026-10-08T13:55:15.6152703Z # cancelled 0
2026-10-08T13:55:15.6153424Z # skipped 0
2026-10-08T13:55:15.6153888Z # todo 0
2026-10-08T13:55:15.6154371Z # duration_ms 22035.214582
2026-10-08T13:55:15.6365962Z ##[group]Run actions/upload-artifact@ea165f8d65b6e75b540449e92b4886f43607fa02
2026-10-08T13:55:15.6366419Z with:
2026-10-08T13:55:15.6366929Z   name: historical-choice-0786e5a4d5e8dbb88724a2550272105a90f2c1af
2026-10-08T13:55:15.6367332Z   path: test-results/watch-choice
2026-10-08T13:55:15.6367600Z   if-no-files-found: warn
2026-10-08T13:55:15.6367835Z   retention-days: 14
2026-10-08T13:55:15.6368059Z   compression-level: 6
2026-10-08T13:55:15.6368282Z   overwrite: false
2026-10-08T13:55:15.6368851Z   include-hidden-files: false
2026-10-08T13:55:15.6369097Z ##[endgroup]
2026-10-08T13:55:15.8068870Z (node:4107) [DEP0040] DeprecationWarning: The `punycode` module is deprecated. Please use a userland alternative instead.
2026-10-08T13:55:15.8069805Z (Use `node --trace-deprecation ...` to show where the warning was created)
2026-10-08T13:55:15.8132184Z With the provided path, there will be 4 files uploaded
2026-10-08T13:55:15.8149510Z Artifact name is valid!
2026-10-08T13:55:15.8150214Z Root directory input is valid!
2026-10-08T13:55:16.0426080Z Beginning upload of artifact content to blob storage
2026-10-08T13:55:16.1105056Z (node:4107) [DEP0169] DeprecationWarning: `url.parse()` behavior is not standardized and prone to errors that have security implications. Use the WHATWG URL API instead. CVEs are not issued for `url.parse()` vulnerabilities.
2026-10-08T13:55:16.1684129Z Uploaded bytes 1088168
2026-10-08T13:55:16.1834276Z Finished uploading artifact content to blob storage!
2026-10-08T13:55:16.1835485Z SHA256 digest of uploaded artifact zip is 2f43641b1e828a147271c4e0873ba6ff50026e77dbb4f554e3d20535c5532cd5
2026-10-08T13:55:16.1837406Z Finalizing artifact upload
2026-10-08T13:55:16.4045543Z Artifact historical-choice-0786e5a4d5e8dbb88724a2550272105a90f2c1af.zip successfully finalized. Artifact ID 11555520640
2026-10-08T13:55:16.4047827Z Artifact historical-choice-0786e5a4d5e8dbb88724a2550272105a90f2c1af has been successfully uploaded! Final size is 1088168 bytes. Artifact ID is 11555520640
2026-10-08T13:55:16.4053883Z Artifact download URL: https://github.com/Jacob-Met/longwater-browser-demo/actions/runs/37788091828/artifacts/11555520640
2026-10-08T13:55:16.4284178Z Post job cleanup.
2026-10-08T13:55:16.5141453Z [command]/usr/bin/git version
2026-10-08T13:55:16.5191061Z git version 2.55.0
2026-10-08T13:55:16.5232681Z Temporarily overriding HOME='/home/runner/work/_temp/d6b4c297-c46d-4f1c-9f3c-45b08e7f13b5' before making global git config changes
2026-10-08T13:55:16.5234031Z Adding repository directory to the temporary git global config as a safe directory
2026-10-08T13:55:16.5239375Z [command]/usr/bin/git config --global --add safe.directory /home/runner/work/longwater-browser-demo/longwater-browser-demo
2026-10-08T13:55:16.5288903Z [command]/usr/bin/git config --local --name-only --get-regexp core\.sshCommand
2026-10-08T13:55:16.5326056Z [command]/usr/bin/git submodule foreach --recursive sh -c "git config --local --name-only --get-regexp 'core\.sshCommand' && git config --local --unset-all 'core.sshCommand' || :"
2026-10-08T13:55:16.5585516Z [command]/usr/bin/git config --local --name-only --get-regexp http\.https\:\/\/github\.com\/\.extraheader
2026-10-08T13:55:16.5620666Z http.https://github.com/.extraheader
2026-10-08T13:55:16.5634010Z [command]/usr/bin/git config --local --unset-all http.https://github.com/.extraheader
2026-10-08T13:55:16.5675726Z [command]/usr/bin/git submodule foreach --recursive sh -c "git config --local --name-only --get-regexp 'http\.https\:\/\/github\.com\/\.extraheader' && git config --local --unset-all 'http.https://github.com/.extraheader' || :"
2026-10-08T13:55:16.5991023Z [command]/usr/bin/git config --local --name-only --get-regexp ^includeIf\.gitdir:
2026-10-08T13:55:16.6050094Z [command]/usr/bin/git submodule foreach --recursive git config --local --show-origin --name-only --get-regexp remote.origin.url
2026-10-08T13:55:16.7864705Z Cleaning up orphan processes
2026-10-08T13:55:16.8273565Z ##[warning]Node.js 20 is deprecated. The following actions target Node.js 20 but are being forced to run on Node.js 24: actions/checkout@11d5960a326750d5838078e36cf38b85af677262, actions/upload-artifact@ea165f8d65b6e75b540449e92b4886f43607fa02. For more information see: https://github.blog/changelog/2025-09-19-deprecation-of-node-20-on-github-actions-runners/
