2026-10-08T13:46:22.9596992Z Current runner version: '2.337.0'
2026-10-08T13:46:22.9623838Z ##[group]Runner Image Provisioner
2026-10-08T13:46:22.9624773Z Hosted Compute Agent
2026-10-08T13:46:22.9625383Z Version: 20260901.588
2026-10-08T13:46:22.9626016Z Commit: f88ec8081b781fac6c440065ac7ff9e710ce3d0b
2026-10-08T13:46:22.9626840Z Build Date: 2026-09-01T19:56:44Z
2026-10-08T13:46:22.9627521Z Worker ID: {1f21d2de-6574-4333-8c06-d790432e10ce}
2026-10-08T13:46:22.9628319Z Azure Region: northcentralus
2026-10-08T13:46:22.9628951Z ##[endgroup]
2026-10-08T13:46:22.9630385Z ##[group]Operating System
2026-10-08T13:46:22.9631119Z Ubuntu
2026-10-08T13:46:22.9631988Z 24.04.5
2026-10-08T13:46:22.9632479Z LTS
2026-10-08T13:46:22.9633074Z ##[endgroup]
2026-10-08T13:46:22.9633625Z ##[group]Runner Image
2026-10-08T13:46:22.9634300Z Image: ubuntu-24.04
2026-10-08T13:46:22.9634885Z Version: 20260927.320.1
2026-10-08T13:46:22.9636219Z Included Software: https://github.com/actions/runner-images/blob/ubuntu24/20260927.320/images/ubuntu/Ubuntu2404-Readme.md
2026-10-08T13:46:22.9637868Z Image Release: https://github.com/actions/runner-images/releases/tag/ubuntu24%2F20260927.320
2026-10-08T13:46:22.9638906Z ##[endgroup]
2026-10-08T13:46:22.9640118Z ##[group]GITHUB_TOKEN Permissions
2026-10-08T13:46:22.9642762Z Contents: read
2026-10-08T13:46:22.9643391Z Metadata: read
2026-10-08T13:46:22.9643972Z Packages: read
2026-10-08T13:46:22.9644589Z ##[endgroup]
2026-10-08T13:46:22.9646833Z Secret source: Actions
2026-10-08T13:46:22.9647856Z Cache mode: write
2026-10-08T13:46:22.9648539Z Prepare workflow directory
2026-10-08T13:46:23.0100428Z Prepare all required actions
2026-10-08T13:46:23.0172966Z Getting action download info
2026-10-08T13:46:23.2582870Z Download action repository 'actions/checkout@11d5960a326750d5838078e36cf38b85af677262' (SHA:11d5960a326750d5838078e36cf38b85af677262)
2026-10-08T13:46:23.3476162Z Download action repository 'actions/upload-artifact@ea165f8d65b6e75b540449e92b4886f43607fa02' (SHA:ea165f8d65b6e75b540449e92b4886f43607fa02)
2026-10-08T13:46:23.5598519Z Complete job name: browser
2026-10-08T13:46:23.6400076Z ##[group]Run actions/checkout@11d5960a326750d5838078e36cf38b85af677262
2026-10-08T13:46:23.6401350Z with:
2026-10-08T13:46:23.6401854Z   repository: Jacob-Met/longwater-browser-demo
2026-10-08T13:46:23.6405739Z   token: ***
2026-10-08T13:46:23.6406172Z   ssh-strict: true
2026-10-08T13:46:23.6406621Z   ssh-user: git
2026-10-08T13:46:23.6407064Z   persist-credentials: true
2026-10-08T13:46:23.6407581Z   clean: true
2026-10-08T13:46:23.6408020Z   sparse-checkout-cone-mode: true
2026-10-08T13:46:23.6408545Z   fetch-depth: 1
2026-10-08T13:46:23.6408969Z   fetch-tags: false
2026-10-08T13:46:23.6409407Z   show-progress: true
2026-10-08T13:46:23.6409841Z   lfs: false
2026-10-08T13:46:23.6410243Z   submodules: false
2026-10-08T13:46:23.6410682Z   set-safe-directory: true
2026-10-08T13:46:23.6411308Z   allow-unsafe-pr-checkout: false
2026-10-08T13:46:23.6412249Z ##[endgroup]
2026-10-08T13:46:23.7470164Z Syncing repository: Jacob-Met/longwater-browser-demo
2026-10-08T13:46:23.7472473Z ##[group]Getting Git version info
2026-10-08T13:46:23.7473434Z Working directory is '/home/runner/work/longwater-browser-demo/longwater-browser-demo'
2026-10-08T13:46:23.7474606Z [command]/usr/bin/git version
2026-10-08T13:46:23.7549181Z git version 2.55.0
2026-10-08T13:46:23.7581611Z ##[endgroup]
2026-10-08T13:46:23.7598224Z Temporarily overriding HOME='/home/runner/work/_temp/8fb5a615-d4f6-4b03-bb1d-82f467ed0b59' before making global git config changes
2026-10-08T13:46:23.7603730Z Adding repository directory to the temporary git global config as a safe directory
2026-10-08T13:46:23.7605846Z [command]/usr/bin/git config --global --add safe.directory /home/runner/work/longwater-browser-demo/longwater-browser-demo
2026-10-08T13:46:23.7658616Z Deleting the contents of '/home/runner/work/longwater-browser-demo/longwater-browser-demo'
2026-10-08T13:46:23.7663598Z ##[group]Initializing the repository
2026-10-08T13:46:23.7670063Z [command]/usr/bin/git init /home/runner/work/longwater-browser-demo/longwater-browser-demo
2026-10-08T13:46:23.7763774Z hint: Using 'master' as the name for the initial branch. This default branch name
2026-10-08T13:46:23.7765971Z hint: will change to "main" in Git 3.0. To configure the initial branch name
2026-10-08T13:46:23.7769537Z hint: to use in all of your new repositories, which will suppress this warning,
2026-10-08T13:46:23.7770846Z hint: call:
2026-10-08T13:46:23.7772806Z hint:
2026-10-08T13:46:23.7774086Z hint: 	git config --global init.defaultBranch <name>
2026-10-08T13:46:23.7775146Z hint:
2026-10-08T13:46:23.7776088Z hint: Names commonly chosen instead of 'master' are 'main', 'trunk' and
2026-10-08T13:46:23.7777622Z hint: 'development'. The just-created branch can be renamed via this command:
2026-10-08T13:46:23.7778794Z hint:
2026-10-08T13:46:23.7779563Z hint: 	git branch -m <name>
2026-10-08T13:46:23.7780374Z hint:
2026-10-08T13:46:23.7781648Z hint: Disable this message with "git config set advice.defaultBranchName false"
2026-10-08T13:46:23.7783692Z Initialized empty Git repository in /home/runner/work/longwater-browser-demo/longwater-browser-demo/.git/
2026-10-08T13:46:23.7785807Z [command]/usr/bin/git remote add origin https://github.com/Jacob-Met/longwater-browser-demo
2026-10-08T13:46:23.7827813Z ##[endgroup]
2026-10-08T13:46:23.7828586Z ##[group]Disabling automatic garbage collection
2026-10-08T13:46:23.7834008Z [command]/usr/bin/git config --local gc.auto 0
2026-10-08T13:46:23.7872640Z ##[endgroup]
2026-10-08T13:46:23.7873816Z ##[group]Setting up auth
2026-10-08T13:46:23.7880823Z [command]/usr/bin/git config --local --name-only --get-regexp core\.sshCommand
2026-10-08T13:46:23.7921530Z [command]/usr/bin/git submodule foreach --recursive sh -c "git config --local --name-only --get-regexp 'core\.sshCommand' && git config --local --unset-all 'core.sshCommand' || :"
2026-10-08T13:46:23.8288700Z [command]/usr/bin/git config --local --name-only --get-regexp http\.https\:\/\/github\.com\/\.extraheader
2026-10-08T13:46:23.8331673Z [command]/usr/bin/git submodule foreach --recursive sh -c "git config --local --name-only --get-regexp 'http\.https\:\/\/github\.com\/\.extraheader' && git config --local --unset-all 'http.https://github.com/.extraheader' || :"
2026-10-08T13:46:23.8578092Z [command]/usr/bin/git config --local --name-only --get-regexp ^includeIf\.gitdir:
2026-10-08T13:46:23.8616810Z [command]/usr/bin/git submodule foreach --recursive git config --local --show-origin --name-only --get-regexp remote.origin.url
2026-10-08T13:46:23.8845368Z [command]/usr/bin/git config --local http.https://github.com/.extraheader AUTHORIZATION: basic ***
2026-10-08T13:46:23.8887666Z ##[endgroup]
2026-10-08T13:46:23.8889123Z ##[group]Fetching the repository
2026-10-08T13:46:23.8899316Z [command]/usr/bin/git -c protocol.version=2 fetch --no-tags --prune --no-recurse-submodules --depth=1 origin +d378f7bdeaa65c96563ec866723acaf01ff0d94b:refs/remotes/pull/19/merge
2026-10-08T13:46:24.4471493Z From https://github.com/Jacob-Met/longwater-browser-demo
2026-10-08T13:46:24.4472974Z  * [new ref]         d378f7bdeaa65c96563ec866723acaf01ff0d94b -> pull/19/merge
2026-10-08T13:46:24.4476284Z ##[endgroup]
2026-10-08T13:46:24.4477788Z ##[group]Determining the checkout info
2026-10-08T13:46:24.4479463Z ##[endgroup]
2026-10-08T13:46:24.4486938Z [command]/usr/bin/git sparse-checkout disable
2026-10-08T13:46:24.4545635Z [command]/usr/bin/git config --local --unset-all extensions.worktreeConfig
2026-10-08T13:46:24.4581567Z ##[group]Checking out the ref
2026-10-08T13:46:24.4585827Z [command]/usr/bin/git checkout --progress --force refs/remotes/pull/19/merge
2026-10-08T13:46:24.4832044Z Note: switching to 'refs/remotes/pull/19/merge'.
2026-10-08T13:46:24.4833317Z 
2026-10-08T13:46:24.4834071Z You are in 'detached HEAD' state. You can look around, make experimental
2026-10-08T13:46:24.4835512Z changes and commit them, and you can discard any commits you make in this
2026-10-08T13:46:24.4837345Z state without impacting any branches by switching back to a branch.
2026-10-08T13:46:24.4838426Z 
2026-10-08T13:46:24.4839398Z If you want to create a new branch to retain commits you create, you may
2026-10-08T13:46:24.4840732Z do so (now or later) by using -c with the switch command. Example:
2026-10-08T13:46:24.4841901Z 
2026-10-08T13:46:24.4842289Z   git switch -c <new-branch-name>
2026-10-08T13:46:24.4843187Z 
2026-10-08T13:46:24.4843695Z Or undo this operation with:
2026-10-08T13:46:24.4844425Z 
2026-10-08T13:46:24.4844746Z   git switch -
2026-10-08T13:46:24.4845184Z 
2026-10-08T13:46:24.4845879Z Turn off this advice by setting config variable advice.detachedHead to false
2026-10-08T13:46:24.4846947Z 
2026-10-08T13:46:24.4848184Z HEAD is now at d378f7b Merge 6adc15d3046fad122ceeb7ba3cc5c419f274e90a into c44245f45f21ddd14c4bfbb5cf8d5a21d0e98fe3
2026-10-08T13:46:24.4852451Z ##[endgroup]
2026-10-08T13:46:24.4887438Z [command]/usr/bin/git log -1 --format=%H
2026-10-08T13:46:24.4915818Z d378f7bdeaa65c96563ec866723acaf01ff0d94b
2026-10-08T13:46:24.5206681Z ##[group]Run npm ci
2026-10-08T13:46:24.5207851Z [36;1mnpm ci[0m
2026-10-08T13:46:24.5465490Z shell: /usr/bin/bash -e {0}
2026-10-08T13:46:24.5466821Z ##[endgroup]
2026-10-08T13:46:25.6506891Z 
2026-10-08T13:46:25.6507593Z added 2 packages, and audited 3 packages in 861ms
2026-10-08T13:46:25.6515527Z 
2026-10-08T13:46:25.6516231Z found 0 vulnerabilities
2026-10-08T13:46:25.7066291Z ##[group]Run npx playwright install --with-deps chromium
2026-10-08T13:46:25.7066867Z [36;1mnpx playwright install --with-deps chromium[0m
2026-10-08T13:46:25.7133854Z shell: /usr/bin/bash -e {0}
2026-10-08T13:46:25.7134172Z ##[endgroup]
2026-10-08T13:46:26.5384547Z Installing dependencies...
2026-10-08T13:46:26.5460002Z Switching to root user to install dependencies...
2026-10-08T13:46:26.6352864Z Get:1 file:/etc/apt/apt-mirrors.txt Mirrorlist [144 B]
2026-10-08T13:46:26.6505188Z Get:6 https://packages.microsoft.com/ubuntu/24.04/prod noble InRelease [3600 B]
2026-10-08T13:46:26.6643075Z Hit:2 http://azure.archive.ubuntu.com/ubuntu noble InRelease
2026-10-08T13:46:26.6646374Z Get:3 http://azure.archive.ubuntu.com/ubuntu noble-updates InRelease [126 kB]
2026-10-08T13:46:26.6782757Z Get:4 http://azure.archive.ubuntu.com/ubuntu noble-backports InRelease [126 kB]
2026-10-08T13:46:26.6784477Z Get:5 http://azure.archive.ubuntu.com/ubuntu noble-security InRelease [126 kB]
2026-10-08T13:46:26.7365121Z Get:7 https://packages.microsoft.com/ubuntu/24.04/prod noble/main armhf Packages [12.3 kB]
2026-10-08T13:46:26.7495311Z Get:8 https://packages.microsoft.com/ubuntu/24.04/prod noble/main arm64 Packages [474 kB]
2026-10-08T13:46:26.7632118Z Get:9 https://packages.microsoft.com/ubuntu/24.04/prod noble/main all Packages [640 B]
2026-10-08T13:46:26.7696544Z Get:10 https://packages.microsoft.com/ubuntu/24.04/prod noble/main amd64 Packages [531 kB]
2026-10-08T13:46:26.8663801Z Get:11 http://azure.archive.ubuntu.com/ubuntu noble-updates/main amd64 Packages [1375 kB]
2026-10-08T13:46:26.8722358Z Get:12 http://azure.archive.ubuntu.com/ubuntu noble-updates/main Translation-en [306 kB]
2026-10-08T13:46:26.8752367Z Get:13 http://azure.archive.ubuntu.com/ubuntu noble-updates/main amd64 Components [181 kB]
2026-10-08T13:46:26.8792447Z Get:14 http://azure.archive.ubuntu.com/ubuntu noble-updates/universe amd64 Packages [1702 kB]
2026-10-08T13:46:26.8872377Z Get:15 http://azure.archive.ubuntu.com/ubuntu noble-updates/universe Translation-en [341 kB]
2026-10-08T13:46:26.8874292Z Get:16 http://azure.archive.ubuntu.com/ubuntu noble-updates/universe amd64 Components [388 kB]
2026-10-08T13:46:26.8902958Z Get:17 http://azure.archive.ubuntu.com/ubuntu noble-updates/restricted amd64 Packages [1761 kB]
2026-10-08T13:46:26.8992667Z Get:18 http://azure.archive.ubuntu.com/ubuntu noble-updates/restricted Translation-en [401 kB]
2026-10-08T13:46:26.9026334Z Get:19 http://azure.archive.ubuntu.com/ubuntu noble-updates/multiverse amd64 Packages [55.0 kB]
2026-10-08T13:46:26.9061370Z Get:20 http://azure.archive.ubuntu.com/ubuntu noble-updates/multiverse Translation-en [14.3 kB]
2026-10-08T13:46:26.9514448Z Get:21 http://azure.archive.ubuntu.com/ubuntu noble-updates/multiverse amd64 Components [940 B]
2026-10-08T13:46:26.9527298Z Get:22 http://azure.archive.ubuntu.com/ubuntu noble-backports/main amd64 Components [5764 B]
2026-10-08T13:46:26.9540331Z Get:23 http://azure.archive.ubuntu.com/ubuntu noble-backports/universe amd64 Components [12.6 kB]
2026-10-08T13:46:26.9865045Z Get:24 http://azure.archive.ubuntu.com/ubuntu noble-security/main amd64 Packages [1089 kB]
2026-10-08T13:46:26.9920717Z Get:25 http://azure.archive.ubuntu.com/ubuntu noble-security/main Translation-en [225 kB]
2026-10-08T13:46:26.9939717Z Get:26 http://azure.archive.ubuntu.com/ubuntu noble-security/main amd64 Components [46.3 kB]
2026-10-08T13:46:26.9952359Z Get:27 http://azure.archive.ubuntu.com/ubuntu noble-security/universe amd64 Packages [1218 kB]
2026-10-08T13:46:27.0009762Z Get:28 http://azure.archive.ubuntu.com/ubuntu noble-security/universe Translation-en [245 kB]
2026-10-08T13:46:27.0030596Z Get:29 http://azure.archive.ubuntu.com/ubuntu noble-security/universe amd64 Components [76.3 kB]
2026-10-08T13:46:27.0044422Z Get:30 http://azure.archive.ubuntu.com/ubuntu noble-security/restricted amd64 Packages [1594 kB]
2026-10-08T13:46:27.0116048Z Get:31 http://azure.archive.ubuntu.com/ubuntu noble-security/restricted Translation-en [366 kB]
2026-10-08T13:46:27.0152888Z Get:32 http://azure.archive.ubuntu.com/ubuntu noble-security/multiverse Translation-en [11.6 kB]
2026-10-08T13:46:31.5177332Z Fetched 12.8 MB in 1s (9106 kB/s)
2026-10-08T13:46:32.4396341Z Reading package lists...
2026-10-08T13:46:32.4637733Z Reading package lists...
2026-10-08T13:46:32.6902415Z Building dependency tree...
2026-10-08T13:46:32.6909545Z Reading state information...
2026-10-08T13:46:32.8459406Z libasound2t64 is already the newest version (1.2.11-1ubuntu0.3).
2026-10-08T13:46:32.8460473Z libasound2t64 set to manually installed.
2026-10-08T13:46:32.8461610Z libatk-bridge2.0-0t64 is already the newest version (2.52.0-1build1).
2026-10-08T13:46:32.8462830Z libatk-bridge2.0-0t64 set to manually installed.
2026-10-08T13:46:32.8463597Z libatk1.0-0t64 is already the newest version (2.52.0-1build1).
2026-10-08T13:46:32.8464255Z libatk1.0-0t64 set to manually installed.
2026-10-08T13:46:32.8464895Z libatspi2.0-0t64 is already the newest version (2.52.0-1build1).
2026-10-08T13:46:32.8465615Z libatspi2.0-0t64 set to manually installed.
2026-10-08T13:46:32.8466243Z libcairo2 is already the newest version (1.18.0-3build1).
2026-10-08T13:46:32.8467014Z libcairo2 set to manually installed.
2026-10-08T13:46:32.8467768Z libcups2t64 is already the newest version (2.4.7-1.2ubuntu7.14).
2026-10-08T13:46:32.8468475Z libcups2t64 set to manually installed.
2026-10-08T13:46:32.8469286Z libdbus-1-3 is already the newest version (1.14.10-4ubuntu4.1).
2026-10-08T13:46:32.8469999Z libdbus-1-3 set to manually installed.
2026-10-08T13:46:32.8470613Z libdrm2 is already the newest version (2.4.125-1ubuntu0.1~24.04.2).
2026-10-08T13:46:32.8471459Z libdrm2 set to manually installed.
2026-10-08T13:46:32.8472000Z libglib2.0-0t64 is already the newest version (2.80.0-6ubuntu3.9).
2026-10-08T13:46:32.8472585Z libglib2.0-0t64 set to manually installed.
2026-10-08T13:46:32.8473060Z libnspr4 is already the newest version (2:4.35-1.1build1).
2026-10-08T13:46:32.8473397Z libnspr4 set to manually installed.
2026-10-08T13:46:32.8473751Z libnss3 is already the newest version (2:3.98-1ubuntu0.2).
2026-10-08T13:46:32.8474098Z libnss3 set to manually installed.
2026-10-08T13:46:32.8474443Z libpango-1.0-0 is already the newest version (1.52.1+ds-1build1).
2026-10-08T13:46:32.8474999Z libpango-1.0-0 set to manually installed.
2026-10-08T13:46:32.8475444Z libx11-6 is already the newest version (2:1.8.7-1build1).
2026-10-08T13:46:32.8475777Z libx11-6 set to manually installed.
2026-10-08T13:46:32.8476096Z libxcb1 is already the newest version (1.15-1ubuntu2).
2026-10-08T13:46:32.8476426Z libxcb1 set to manually installed.
2026-10-08T13:46:32.8476766Z libxcomposite1 is already the newest version (1:0.4.5-1build3).
2026-10-08T13:46:32.8477220Z libxcomposite1 set to manually installed.
2026-10-08T13:46:32.8478017Z libxdamage1 is already the newest version (1:1.1.6-1build1).
2026-10-08T13:46:32.8478381Z libxdamage1 set to manually installed.
2026-10-08T13:46:32.8478704Z libxext6 is already the newest version (2:1.3.4-1build2).
2026-10-08T13:46:32.8479034Z libxext6 set to manually installed.
2026-10-08T13:46:32.8479458Z libxfixes3 is already the newest version (1:6.0.0-2build1).
2026-10-08T13:46:32.8480009Z libxfixes3 set to manually installed.
2026-10-08T13:46:32.8480553Z libxkbcommon0 is already the newest version (1.6.0-1build1).
2026-10-08T13:46:32.8481573Z libxkbcommon0 set to manually installed.
2026-10-08T13:46:32.8482175Z libxrandr2 is already the newest version (2:1.5.2-2build1).
2026-10-08T13:46:32.8482812Z libxrandr2 set to manually installed.
2026-10-08T13:46:32.8483162Z xvfb is already the newest version (2:21.1.12-1ubuntu1.8).
2026-10-08T13:46:32.8483644Z fonts-noto-color-emoji is already the newest version (2.047-0ubuntu0.24.04.1).
2026-10-08T13:46:32.8484154Z libfontconfig1 is already the newest version (2.15.0-1.1ubuntu2).
2026-10-08T13:46:32.8484522Z libfontconfig1 set to manually installed.
2026-10-08T13:46:32.8485150Z fonts-liberation is already the newest version (1:2.1.5-3).
2026-10-08T13:46:32.8486149Z fonts-liberation set to manually installed.
2026-10-08T13:46:32.8486755Z The following additional packages will be installed:
2026-10-08T13:46:32.8487268Z   libgl1-mesa-dri libglx-mesa0 mesa-libgallium xfonts-encodings xfonts-utils
2026-10-08T13:46:32.8487678Z Recommended packages:
2026-10-08T13:46:32.8487944Z   fonts-ipafont-mincho fonts-tlwg-loma
2026-10-08T13:46:32.8700231Z The following NEW packages will be installed:
2026-10-08T13:46:32.8701318Z   fonts-freefont-ttf fonts-ipafont-gothic fonts-tlwg-loma-otf fonts-unifont
2026-10-08T13:46:32.8714022Z   fonts-wqy-zenhei xfonts-cyrillic xfonts-encodings xfonts-scalable
2026-10-08T13:46:32.8714765Z   xfonts-utils
2026-10-08T13:46:32.8721250Z The following packages will be upgraded:
2026-10-08T13:46:32.8729162Z   libfreetype6 libgbm1 libgl1-mesa-dri libglx-mesa0 mesa-libgallium
2026-10-08T13:46:32.8912450Z 5 upgraded, 9 newly installed, 0 to remove and 31 not upgraded.
2026-10-08T13:46:32.8912873Z Need to get 32.5 MB of archives.
2026-10-08T13:46:32.8913259Z After this operation, 79.5 MB of additional disk space will be used.
2026-10-08T13:46:32.8914002Z Get:1 file:/etc/apt/apt-mirrors.txt Mirrorlist [144 B]
2026-10-08T13:46:46.1849157Z Get:2 http://azure.archive.ubuntu.com/ubuntu noble/universe amd64 fonts-ipafont-gothic all 00303-21ubuntu1 [3513 kB]
2026-10-08T13:46:46.3762340Z Get:3 http://azure.archive.ubuntu.com/ubuntu noble/main amd64 fonts-freefont-ttf all 20211204+svn4273-2 [5641 kB]
2026-10-08T13:46:46.4700997Z Get:4 http://azure.archive.ubuntu.com/ubuntu noble/universe amd64 fonts-tlwg-loma-otf all 1:0.7.3-1 [107 kB]
2026-10-08T13:46:46.4929460Z Get:5 http://azure.archive.ubuntu.com/ubuntu noble/universe amd64 fonts-unifont all 1:15.1.01-1build1 [2993 kB]
2026-10-08T13:46:46.5536721Z Get:6 http://azure.archive.ubuntu.com/ubuntu noble/universe amd64 fonts-wqy-zenhei all 0.9.45-8 [7472 kB]
2026-10-08T13:46:46.6670272Z Get:7 http://azure.archive.ubuntu.com/ubuntu noble-updates/main amd64 libfreetype6 amd64 2.13.2+dfsg-1ubuntu0.2 [403 kB]
2026-10-08T13:46:46.6920301Z Get:8 http://azure.archive.ubuntu.com/ubuntu noble-updates/main amd64 libgl1-mesa-dri amd64 25.2.8-0ubuntu0.24.04.4 [38.0 kB]
2026-10-08T13:46:46.7146407Z Get:9 http://azure.archive.ubuntu.com/ubuntu noble-updates/main amd64 libglx-mesa0 amd64 25.2.8-0ubuntu0.24.04.4 [110 kB]
2026-10-08T13:46:46.7382621Z Get:10 http://azure.archive.ubuntu.com/ubuntu noble-updates/main amd64 libgbm1 amd64 25.2.8-0ubuntu0.24.04.4 [34.2 kB]
2026-10-08T13:46:46.7605692Z Get:11 http://azure.archive.ubuntu.com/ubuntu noble-updates/main amd64 mesa-libgallium amd64 25.2.8-0ubuntu0.24.04.4 [10.8 MB]
2026-10-08T13:46:47.1005754Z Get:12 http://azure.archive.ubuntu.com/ubuntu noble/main amd64 xfonts-encodings all 1:1.0.5-0ubuntu2 [578 kB]
2026-10-08T13:46:47.1499746Z Get:13 http://azure.archive.ubuntu.com/ubuntu noble/main amd64 xfonts-utils amd64 1:7.7+6build3 [94.4 kB]
2026-10-08T13:46:47.1803495Z Get:14 http://azure.archive.ubuntu.com/ubuntu noble/universe amd64 xfonts-cyrillic all 1:1.0.5+nmu1 [384 kB]
2026-10-08T13:46:47.2167420Z Get:15 http://azure.archive.ubuntu.com/ubuntu noble/main amd64 xfonts-scalable all 1:1.0.3-1.3 [304 kB]
2026-10-08T13:46:47.4963221Z Fetched 32.5 MB in 14s (2262 kB/s)
2026-10-08T13:46:47.5230634Z Selecting previously unselected package fonts-ipafont-gothic.
2026-10-08T13:46:47.5491087Z (Reading database ... 
2026-10-08T13:46:47.5492199Z (Reading database ... 5%
2026-10-08T13:46:47.5492759Z (Reading database ... 10%
2026-10-08T13:46:47.5493520Z (Reading database ... 15%
2026-10-08T13:46:47.5493872Z (Reading database ... 20%
2026-10-08T13:46:47.5494125Z (Reading database ... 25%
2026-10-08T13:46:47.5494369Z (Reading database ... 30%
2026-10-08T13:46:47.5494612Z (Reading database ... 35%
2026-10-08T13:46:47.5494854Z (Reading database ... 40%
2026-10-08T13:46:47.5495122Z (Reading database ... 45%
2026-10-08T13:46:47.5495365Z (Reading database ... 50%
2026-10-08T13:46:47.5525839Z (Reading database ... 55%
2026-10-08T13:46:47.6846068Z (Reading database ... 60%
2026-10-08T13:46:47.8787039Z (Reading database ... 65%
2026-10-08T13:46:48.0825536Z (Reading database ... 70%
2026-10-08T13:46:48.2502922Z (Reading database ... 75%
2026-10-08T13:46:48.3858896Z (Reading database ... 80%
2026-10-08T13:46:48.5848862Z (Reading database ... 85%
2026-10-08T13:46:48.7389412Z (Reading database ... 90%
2026-10-08T13:46:48.8918481Z (Reading database ... 95%
2026-10-08T13:46:48.8918941Z (Reading database ... 100%
2026-10-08T13:46:48.8919480Z (Reading database ... 202296 files and directories currently installed.)
2026-10-08T13:46:48.8963815Z Preparing to unpack .../00-fonts-ipafont-gothic_00303-21ubuntu1_all.deb ...
2026-10-08T13:46:48.9071025Z Unpacking fonts-ipafont-gothic (00303-21ubuntu1) ...
2026-10-08T13:46:49.1413273Z Selecting previously unselected package fonts-freefont-ttf.
2026-10-08T13:46:49.1539640Z Preparing to unpack .../01-fonts-freefont-ttf_20211204+svn4273-2_all.deb ...
2026-10-08T13:46:49.1549734Z Unpacking fonts-freefont-ttf (20211204+svn4273-2) ...
2026-10-08T13:46:49.2377269Z Selecting previously unselected package fonts-tlwg-loma-otf.
2026-10-08T13:46:49.2504536Z Preparing to unpack .../02-fonts-tlwg-loma-otf_1%3a0.7.3-1_all.deb ...
2026-10-08T13:46:49.2512648Z Unpacking fonts-tlwg-loma-otf (1:0.7.3-1) ...
2026-10-08T13:46:49.2726117Z Selecting previously unselected package fonts-unifont.
2026-10-08T13:46:49.2852438Z Preparing to unpack .../03-fonts-unifont_1%3a15.1.01-1build1_all.deb ...
2026-10-08T13:46:49.2859816Z Unpacking fonts-unifont (1:15.1.01-1build1) ...
2026-10-08T13:46:49.3928326Z Selecting previously unselected package fonts-wqy-zenhei.
2026-10-08T13:46:49.4054769Z Preparing to unpack .../04-fonts-wqy-zenhei_0.9.45-8_all.deb ...
2026-10-08T13:46:49.4155366Z Unpacking fonts-wqy-zenhei (0.9.45-8) ...
2026-10-08T13:46:49.8984305Z Preparing to unpack .../05-libfreetype6_2.13.2+dfsg-1ubuntu0.2_amd64.deb ...
2026-10-08T13:46:49.9018054Z Unpacking libfreetype6:amd64 (2.13.2+dfsg-1ubuntu0.2) over (2.13.2+dfsg-1ubuntu0.1) ...
2026-10-08T13:46:49.9414530Z Preparing to unpack .../06-libgl1-mesa-dri_25.2.8-0ubuntu0.24.04.4_amd64.deb ...
2026-10-08T13:46:49.9570157Z Unpacking libgl1-mesa-dri:amd64 (25.2.8-0ubuntu0.24.04.4) over (25.2.8-0ubuntu0.24.04.2) ...
2026-10-08T13:46:50.0068628Z Preparing to unpack .../07-libglx-mesa0_25.2.8-0ubuntu0.24.04.4_amd64.deb ...
2026-10-08T13:46:50.0095122Z Unpacking libglx-mesa0:amd64 (25.2.8-0ubuntu0.24.04.4) over (25.2.8-0ubuntu0.24.04.2) ...
2026-10-08T13:46:50.0472967Z Preparing to unpack .../08-libgbm1_25.2.8-0ubuntu0.24.04.4_amd64.deb ...
2026-10-08T13:46:50.0579305Z Unpacking libgbm1:amd64 (25.2.8-0ubuntu0.24.04.4) over (25.2.8-0ubuntu0.24.04.2) ...
2026-10-08T13:46:50.1063811Z Preparing to unpack .../09-mesa-libgallium_25.2.8-0ubuntu0.24.04.4_amd64.deb ...
2026-10-08T13:46:50.1090348Z Unpacking mesa-libgallium:amd64 (25.2.8-0ubuntu0.24.04.4) over (25.2.8-0ubuntu0.24.04.2) ...
2026-10-08T13:46:50.2961490Z Selecting previously unselected package xfonts-encodings.
2026-10-08T13:46:50.3094463Z Preparing to unpack .../10-xfonts-encodings_1%3a1.0.5-0ubuntu2_all.deb ...
2026-10-08T13:46:50.3107892Z Unpacking xfonts-encodings (1:1.0.5-0ubuntu2) ...
2026-10-08T13:46:50.3411923Z Selecting previously unselected package xfonts-utils.
2026-10-08T13:46:50.3537065Z Preparing to unpack .../11-xfonts-utils_1%3a7.7+6build3_amd64.deb ...
2026-10-08T13:46:50.3547664Z Unpacking xfonts-utils (1:7.7+6build3) ...
2026-10-08T13:46:50.3906331Z Selecting previously unselected package xfonts-cyrillic.
2026-10-08T13:46:50.4034925Z Preparing to unpack .../12-xfonts-cyrillic_1%3a1.0.5+nmu1_all.deb ...
2026-10-08T13:46:50.4045408Z Unpacking xfonts-cyrillic (1:1.0.5+nmu1) ...
2026-10-08T13:46:50.4403322Z Selecting previously unselected package xfonts-scalable.
2026-10-08T13:46:50.4531097Z Preparing to unpack .../13-xfonts-scalable_1%3a1.0.3-1.3_all.deb ...
2026-10-08T13:46:50.4540713Z Unpacking xfonts-scalable (1:1.0.3-1.3) ...
2026-10-08T13:46:50.4994295Z Setting up mesa-libgallium:amd64 (25.2.8-0ubuntu0.24.04.4) ...
2026-10-08T13:46:50.5017451Z Setting up libgbm1:amd64 (25.2.8-0ubuntu0.24.04.4) ...
2026-10-08T13:46:50.5043960Z Setting up libgl1-mesa-dri:amd64 (25.2.8-0ubuntu0.24.04.4) ...
2026-10-08T13:46:50.5122822Z Setting up fonts-wqy-zenhei (0.9.45-8) ...
2026-10-08T13:46:50.5273907Z Setting up fonts-freefont-ttf (20211204+svn4273-2) ...
2026-10-08T13:46:50.5298370Z Setting up fonts-tlwg-loma-otf (1:0.7.3-1) ...
2026-10-08T13:46:50.5320182Z Setting up libfreetype6:amd64 (2.13.2+dfsg-1ubuntu0.2) ...
2026-10-08T13:46:50.5342025Z Setting up xfonts-encodings (1:1.0.5-0ubuntu2) ...
2026-10-08T13:46:50.5363256Z Setting up fonts-ipafont-gothic (00303-21ubuntu1) ...
2026-10-08T13:46:50.5432066Z update-alternatives: using /usr/share/fonts/opentype/ipafont-gothic/ipag.ttf to provide /usr/share/fonts/truetype/fonts-japanese-gothic.ttf (fonts-japanese-gothic.ttf) in auto mode
2026-10-08T13:46:50.5447554Z Setting up fonts-unifont (1:15.1.01-1build1) ...
2026-10-08T13:46:50.5465427Z Setting up libglx-mesa0:amd64 (25.2.8-0ubuntu0.24.04.4) ...
2026-10-08T13:46:50.5484437Z Setting up xfonts-utils (1:7.7+6build3) ...
2026-10-08T13:46:50.5525425Z Setting up xfonts-cyrillic (1:1.0.5+nmu1) ...
2026-10-08T13:46:50.5860041Z Setting up xfonts-scalable (1:1.0.3-1.3) ...
2026-10-08T13:46:50.6126984Z Processing triggers for libc-bin (2.39-0ubuntu8.9) ...
2026-10-08T13:46:50.6418859Z Processing triggers for man-db (2.12.0-4build2) ...
2026-10-08T13:46:50.6438076Z Not building database; man-db/auto-update is not 'true'.
2026-10-08T13:46:50.6448757Z Processing triggers for fontconfig (2.15.0-1.1ubuntu2) ...
2026-10-08T13:46:51.3338367Z 
2026-10-08T13:46:51.3339006Z Running kernel seems to be up-to-date.
2026-10-08T13:46:51.3339481Z 
2026-10-08T13:46:51.3339679Z Restarting services...
2026-10-08T13:46:51.3420139Z  systemctl restart php8.3-fpm.service
2026-10-08T13:46:51.4470808Z 
2026-10-08T13:46:51.4472646Z No containers need to be restarted.
2026-10-08T13:46:51.4472950Z 
2026-10-08T13:46:51.4473327Z No user sessions are running outdated binaries.
2026-10-08T13:46:51.4473781Z 
2026-10-08T13:46:51.4474238Z No VM guests are running outdated hypervisor (qemu) binaries on this host.
2026-10-08T13:46:52.4421061Z Downloading Chrome for Testing 151.0.7922.34 (playwright chromium v1234) from https://cdn.playwright.dev/builds/cft/151.0.7922.34/linux64/chrome-linux64.zip
2026-10-08T13:46:53.4826289Z |                                                                                |   0% of 184.3 MiB
2026-10-08T13:46:53.7186900Z |■■■■■■■■                                                                        |  10% of 184.3 MiB
2026-10-08T13:46:53.8573982Z |■■■■■■■■■■■■■■■■                                                                |  20% of 184.3 MiB
2026-10-08T13:46:54.0158421Z |■■■■■■■■■■■■■■■■■■■■■■■■                                                        |  30% of 184.3 MiB
2026-10-08T13:46:54.1489760Z |■■■■■■■■■■■■■■■■■■■■■■■■■■■■■■■■                                                |  40% of 184.3 MiB
2026-10-08T13:46:54.2751628Z |■■■■■■■■■■■■■■■■■■■■■■■■■■■■■■■■■■■■■■■■                                        |  50% of 184.3 MiB
2026-10-08T13:46:54.4056156Z |■■■■■■■■■■■■■■■■■■■■■■■■■■■■■■■■■■■■■■■■■■■■■■■■                                |  60% of 184.3 MiB
2026-10-08T13:46:54.5894294Z |■■■■■■■■■■■■■■■■■■■■■■■■■■■■■■■■■■■■■■■■■■■■■■■■■■■■■■■■                        |  70% of 184.3 MiB
2026-10-08T13:46:54.7312534Z |■■■■■■■■■■■■■■■■■■■■■■■■■■■■■■■■■■■■■■■■■■■■■■■■■■■■■■■■■■■■■■■■                |  80% of 184.3 MiB
2026-10-08T13:46:54.8911759Z |■■■■■■■■■■■■■■■■■■■■■■■■■■■■■■■■■■■■■■■■■■■■■■■■■■■■■■■■■■■■■■■■■■■■■■■■        |  90% of 184.3 MiB
2026-10-08T13:46:55.0631748Z |■■■■■■■■■■■■■■■■■■■■■■■■■■■■■■■■■■■■■■■■■■■■■■■■■■■■■■■■■■■■■■■■■■■■■■■■■■■■■■■■| 100% of 184.3 MiB
2026-10-08T13:46:57.8387350Z Chrome for Testing 151.0.7922.34 (playwright chromium v1234) downloaded to /home/runner/.cache/ms-playwright/chromium-1234
2026-10-08T13:46:57.8392088Z Downloading FFmpeg (playwright ffmpeg v1011) from https://cdn.playwright.dev/dbazure/download/playwright/builds/ffmpeg/1011/ffmpeg-linux.zip
2026-10-08T13:46:58.8092256Z |                                                                                |   0% of 2.3 MiB
2026-10-08T13:46:58.8146936Z |■■■■■■■■                                                                        |  10% of 2.3 MiB
2026-10-08T13:46:58.8181170Z |■■■■■■■■■■■■■■■■                                                                |  20% of 2.3 MiB
2026-10-08T13:46:58.8213820Z |■■■■■■■■■■■■■■■■■■■■■■■■                                                        |  30% of 2.3 MiB
2026-10-08T13:46:58.8230584Z |■■■■■■■■■■■■■■■■■■■■■■■■■■■■■■■■                                                |  40% of 2.3 MiB
2026-10-08T13:46:58.8249601Z |■■■■■■■■■■■■■■■■■■■■■■■■■■■■■■■■■■■■■■■■                                        |  50% of 2.3 MiB
2026-10-08T13:46:58.8268561Z |■■■■■■■■■■■■■■■■■■■■■■■■■■■■■■■■■■■■■■■■■■■■■■■■                                |  60% of 2.3 MiB
2026-10-08T13:46:58.8287955Z |■■■■■■■■■■■■■■■■■■■■■■■■■■■■■■■■■■■■■■■■■■■■■■■■■■■■■■■■                        |  70% of 2.3 MiB
2026-10-08T13:46:58.8302111Z |■■■■■■■■■■■■■■■■■■■■■■■■■■■■■■■■■■■■■■■■■■■■■■■■■■■■■■■■■■■■■■■■                |  80% of 2.3 MiB
2026-10-08T13:46:58.8314133Z |■■■■■■■■■■■■■■■■■■■■■■■■■■■■■■■■■■■■■■■■■■■■■■■■■■■■■■■■■■■■■■■■■■■■■■■■        |  90% of 2.3 MiB
2026-10-08T13:46:58.8327779Z |■■■■■■■■■■■■■■■■■■■■■■■■■■■■■■■■■■■■■■■■■■■■■■■■■■■■■■■■■■■■■■■■■■■■■■■■■■■■■■■■| 100% of 2.3 MiB
2026-10-08T13:46:58.8932668Z FFmpeg (playwright ffmpeg v1011) downloaded to /home/runner/.cache/ms-playwright/ffmpeg-1011
2026-10-08T13:46:58.8937324Z Downloading Chrome Headless Shell 151.0.7922.34 (playwright chromium-headless-shell v1234) from https://cdn.playwright.dev/builds/cft/151.0.7922.34/linux64/chrome-headless-shell-linux64.zip
2026-10-08T13:46:59.9126775Z |                                                                                |   0% of 114.7 MiB
2026-10-08T13:47:00.0495729Z |■■■■■■■■                                                                        |  10% of 114.7 MiB
2026-10-08T13:47:00.1242582Z |■■■■■■■■■■■■■■■■                                                                |  20% of 114.7 MiB
2026-10-08T13:47:00.2072050Z |■■■■■■■■■■■■■■■■■■■■■■■■                                                        |  30% of 114.7 MiB
2026-10-08T13:47:00.3028419Z |■■■■■■■■■■■■■■■■■■■■■■■■■■■■■■■■                                                |  40% of 114.7 MiB
2026-10-08T13:47:00.4007874Z |■■■■■■■■■■■■■■■■■■■■■■■■■■■■■■■■■■■■■■■■                                        |  50% of 114.7 MiB
2026-10-08T13:47:00.5383246Z |■■■■■■■■■■■■■■■■■■■■■■■■■■■■■■■■■■■■■■■■■■■■■■■■                                |  60% of 114.7 MiB
2026-10-08T13:47:00.6280757Z |■■■■■■■■■■■■■■■■■■■■■■■■■■■■■■■■■■■■■■■■■■■■■■■■■■■■■■■■                        |  70% of 114.7 MiB
2026-10-08T13:47:00.6948033Z |■■■■■■■■■■■■■■■■■■■■■■■■■■■■■■■■■■■■■■■■■■■■■■■■■■■■■■■■■■■■■■■■                |  80% of 114.7 MiB
2026-10-08T13:47:00.7823975Z |■■■■■■■■■■■■■■■■■■■■■■■■■■■■■■■■■■■■■■■■■■■■■■■■■■■■■■■■■■■■■■■■■■■■■■■■        |  90% of 114.7 MiB
2026-10-08T13:47:00.8564278Z |■■■■■■■■■■■■■■■■■■■■■■■■■■■■■■■■■■■■■■■■■■■■■■■■■■■■■■■■■■■■■■■■■■■■■■■■■■■■■■■■| 100% of 114.7 MiB
2026-10-08T13:47:02.8289517Z Chrome Headless Shell 151.0.7922.34 (playwright chromium-headless-shell v1234) downloaded to /home/runner/.cache/ms-playwright/chromium_headless_shell-1234
2026-10-08T13:47:02.8584489Z ##[group]Run npm test
2026-10-08T13:47:02.8584769Z [36;1mnpm test[0m
2026-10-08T13:47:02.8647539Z shell: /usr/bin/bash -e {0}
2026-10-08T13:47:02.8647806Z ##[endgroup]
2026-10-08T13:47:02.9870666Z 
2026-10-08T13:47:02.9871165Z > test
2026-10-08T13:47:02.9871866Z > node --test tests/*.test.mjs
2026-10-08T13:47:02.9872217Z 
2026-10-08T13:47:03.0422671Z TAP version 13
2026-10-08T13:47:05.8992493Z # Subtest: the actual WASM watch exposes operable cells, actions, and complete readings
2026-10-08T13:47:05.9090898Z ok 1 - the actual WASM watch exposes operable cells, actions, and complete readings
2026-10-08T13:47:05.9137922Z   ---
2026-10-08T13:47:05.9152001Z   duration_ms: 2219.94754
2026-10-08T13:47:05.9160402Z   type: 'test'
2026-10-08T13:47:05.9160883Z   ...
2026-10-08T13:47:06.6573345Z # Subtest: Tab, Enter, Space, arrows and shortcuts share one turn path
2026-10-08T13:47:06.6586097Z ok 2 - Tab, Enter, Space, arrows and shortcuts share one turn path
2026-10-08T13:47:06.6622678Z   ---
2026-10-08T13:47:06.6664939Z   duration_ms: 758.708512
2026-10-08T13:47:06.6688307Z   type: 'test'
2026-10-08T13:47:06.6722095Z   ...
2026-10-08T13:47:07.3383982Z # Subtest: unavailable actions and modified/repeated shortcuts do not spend a tide
2026-10-08T13:47:07.3395195Z ok 3 - unavailable actions and modified/repeated shortcuts do not spend a tide
2026-10-08T13:47:07.3396074Z   ---
2026-10-08T13:47:07.3396572Z   duration_ms: 684.290435
2026-10-08T13:47:07.3397062Z   type: 'test'
2026-10-08T13:47:07.3397461Z   ...
2026-10-08T13:47:10.6342076Z # Subtest: a player can finish all fourteen tides using only semantic controls and reset
2026-10-08T13:47:10.6387625Z ok 4 - a player can finish all fourteen tides using only semantic controls and reset
2026-10-08T13:47:10.6417380Z   ---
2026-10-08T13:47:10.6448443Z   duration_ms: 3294.641098
2026-10-08T13:47:10.6448912Z   type: 'test'
2026-10-08T13:47:10.6449235Z   ...
2026-10-08T13:47:11.5815061Z # Subtest: phone touch targets follow the canvas with separated notes and actions
2026-10-08T13:47:11.5817678Z ok 5 - phone touch targets follow the canvas with separated notes and actions
2026-10-08T13:47:11.5834731Z   ---
2026-10-08T13:47:11.5835363Z   duration_ms: 946.572789
2026-10-08T13:47:11.5836087Z   type: 'test'
2026-10-08T13:47:11.5836681Z   ...
2026-10-08T13:47:11.9775396Z # Subtest: failed WASM startup leaves an understandable error and no active controls
2026-10-08T13:47:11.9778430Z ok 6 - failed WASM startup leaves an understandable error and no active controls
2026-10-08T13:47:11.9779893Z   ---
2026-10-08T13:47:11.9780455Z   duration_ms: 389.473475
2026-10-08T13:47:11.9781012Z   type: 'test'
2026-10-08T13:47:11.9781759Z   ...
2026-10-08T13:47:12.0851826Z # Subtest: the journal preserves complete real WASM reports and all three cells across later choices
2026-10-08T13:47:12.0869146Z ok 7 - the journal preserves complete real WASM reports and all three cells across later choices
2026-10-08T13:47:12.0883131Z   ---
2026-10-08T13:47:12.0883872Z   duration_ms: 2931.392621
2026-10-08T13:47:12.0884598Z   type: 'test'
2026-10-08T13:47:12.0885204Z   ...
2026-10-08T13:47:12.0886193Z # Subtest: unavailable choices create no journal entry and journal keyboard reading spends no tide
2026-10-08T13:47:12.0887665Z ok 8 - unavailable choices create no journal entry and journal keyboard reading spends no tide
2026-10-08T13:47:12.0888698Z   ---
2026-10-08T13:47:12.0889209Z   duration_ms: 809.441351
2026-10-08T13:47:12.0889757Z   type: 'test'
2026-10-08T13:47:12.0890242Z   ...
2026-10-08T13:47:12.0891481Z # Subtest: all fourteen native tides remain reviewable with an exact final recap, then reset starts a fresh journal
2026-10-08T13:47:12.0893159Z ok 9 - all fourteen native tides remain reviewable with an exact final recap, then reset starts a fresh journal
2026-10-08T13:47:12.0894458Z   ---
2026-10-08T13:47:12.0895179Z   duration_ms: 2543.952326
2026-10-08T13:47:12.0896030Z   type: 'test'
2026-10-08T13:47:12.0896735Z   ...
2026-10-08T13:47:12.0898202Z # Subtest: phone readers can expand every note and cell without horizontal overflow
2026-10-08T13:47:12.0899285Z ok 10 - phone readers can expand every note and cell without horizontal overflow
2026-10-08T13:47:12.0900115Z   ---
2026-10-08T13:47:12.0900646Z   duration_ms: 1058.134735
2026-10-08T13:47:12.0901450Z   type: 'test'
2026-10-08T13:47:12.0902008Z   ...
2026-10-08T13:47:12.0902783Z # Subtest: a failed simulation startup offers no fabricated watch history
2026-10-08T13:47:12.0903849Z ok 11 - a failed simulation startup offers no fabricated watch history
2026-10-08T13:47:12.0904702Z   ---
2026-10-08T13:47:12.0905192Z   duration_ms: 340.28066
2026-10-08T13:47:12.0905738Z   type: 'test'
2026-10-08T13:47:12.0906254Z   ...
2026-10-08T13:47:12.0907152Z # Subtest: an accepted native replay restores its full history, and a missing tide cannot replace it
2026-10-08T13:47:12.0908562Z ok 12 - an accepted native replay restores its full history, and a missing tide cannot replace it
2026-10-08T13:47:12.0909561Z   ---
2026-10-08T13:47:12.0910059Z   duration_ms: 562.366209
2026-10-08T13:47:12.0910634Z   type: 'test'
2026-10-08T13:47:12.0911292Z   ...
2026-10-08T13:47:12.1169201Z # Subtest: a visitor downloads the current game and resumes its complete journal offline
2026-10-08T13:47:12.1185176Z ok 13 - a visitor downloads the current game and resumes its complete journal offline
2026-10-08T13:47:12.1212513Z   ---
2026-10-08T13:47:12.1241992Z   duration_ms: 3785.321728
2026-10-08T13:47:12.1272128Z   type: 'test'
2026-10-08T13:47:12.1272741Z   ...
2026-10-08T13:47:12.1302256Z # Subtest: the packaged watch plays and restores its complete journal offline
2026-10-08T13:47:12.1332116Z ok 14 - the packaged watch plays and restores its complete journal offline
2026-10-08T13:47:12.1361946Z   ---
2026-10-08T13:47:12.1362548Z   duration_ms: 1689.922824
2026-10-08T13:47:12.1387692Z   type: 'test'
2026-10-08T13:47:12.1390508Z   ...
2026-10-08T13:47:14.4185588Z # Subtest: a resumed watch reconstructs every earlier native report before accepting the next tide
2026-10-08T13:47:14.4218916Z ok 15 - a resumed watch reconstructs every earlier native report before accepting the next tide
2026-10-08T13:47:14.4251702Z   ---
2026-10-08T13:47:14.4252058Z   duration_ms: 3543.384709
2026-10-08T13:47:14.4252433Z   type: 'test'
2026-10-08T13:47:14.4252738Z   ...
2026-10-08T13:47:16.6542025Z # Subtest: a completed saved watch retains fourteen reports and the actual opening-to-final recap
2026-10-08T13:47:16.6548530Z ok 16 - a completed saved watch retains fourteen reports and the actual opening-to-final recap
2026-10-08T13:47:16.6549658Z   ---
2026-10-08T13:47:16.6549992Z   duration_ms: 2242.910718
2026-10-08T13:47:16.6550355Z   type: 'test'
2026-10-08T13:47:16.6550752Z   ...
2026-10-08T13:47:17.5132272Z # Subtest: failed saving keeps current reports and a successful explicit retry makes the whole journal resumable
2026-10-08T13:47:17.5134379Z ok 17 - failed saving keeps current reports and a successful explicit retry makes the whole journal resumable
2026-10-08T13:47:17.5135523Z   ---
2026-10-08T13:47:17.5136070Z   duration_ms: 859.207522
2026-10-08T13:47:17.5136687Z   type: 'test'
2026-10-08T13:47:17.5137192Z   ...
2026-10-08T13:47:17.9999244Z # Subtest: a save that disagrees with real replay is protected and cannot fabricate a journal
2026-10-08T13:47:18.0006926Z ok 18 - a save that disagrees with real replay is protected and cannot fabricate a journal
2026-10-08T13:47:18.0008779Z   ---
2026-10-08T13:47:18.0009328Z   duration_ms: 485.843532
2026-10-08T13:47:18.0009898Z   type: 'test'
2026-10-08T13:47:18.0010497Z   ...
2026-10-08T13:47:18.9723524Z # Subtest: another tab's saved branch stays authoritative while the local journal can continue unsaved
2026-10-08T13:47:18.9732086Z ok 19 - another tab's saved branch stays authoritative while the local journal can continue unsaved
2026-10-08T13:47:18.9755417Z   ---
2026-10-08T13:47:18.9785979Z   duration_ms: 970.889522
2026-10-08T13:47:18.9801915Z   type: 'test'
2026-10-08T13:47:18.9802616Z   ...
2026-10-08T13:47:19.0297008Z # Subtest: each recorded choice reproduces the exact complete native tide and frees both sessions
2026-10-08T13:47:19.0302442Z ok 20 - each recorded choice reproduces the exact complete native tide and frees both sessions
2026-10-08T13:47:19.0322231Z   ---
2026-10-08T13:47:19.0322824Z   duration_ms: 7.506853
2026-10-08T13:47:19.0323670Z   type: 'test'
2026-10-08T13:47:19.0326039Z   ...
2026-10-08T13:47:19.0326925Z # Subtest: alternative actions on every cell preserve every native field and the original input history
2026-10-08T13:47:19.0351448Z ok 21 - alternative actions on every cell preserve every native field and the original input history
2026-10-08T13:47:19.0352634Z   ---
2026-10-08T13:47:19.0353273Z   duration_ms: 7.059694
2026-10-08T13:47:19.0353882Z   type: 'test'
2026-10-08T13:47:19.0354235Z   ...
2026-10-08T13:47:19.0355005Z # Subtest: changed intermediate native readings or field notes are refused even with an exact final snapshot
2026-10-08T13:47:19.0356242Z ok 22 - changed intermediate native readings or field notes are refused even with an exact final snapshot
2026-10-08T13:47:19.0357032Z   ---
2026-10-08T13:47:19.0357329Z   duration_ms: 4.781446
2026-10-08T13:47:19.0357674Z   type: 'test'
2026-10-08T13:47:19.0357975Z   ...
2026-10-08T13:47:19.0358612Z # Subtest: a changed native opening and a changed completed action cannot become comparison authority
2026-10-08T13:47:19.0359715Z ok 23 - a changed native opening and a changed completed action cannot become comparison authority
2026-10-08T13:47:19.0360454Z   ---
2026-10-08T13:47:19.0361405Z   duration_ms: 0.879271
2026-10-08T13:47:19.0361770Z   type: 'test'
2026-10-08T13:47:19.0362075Z   ...
2026-10-08T13:47:19.0362787Z # Subtest: empty, malformed, overlong, reordered and incomplete histories refuse before allocating native state
2026-10-08T13:47:19.0364104Z ok 24 - empty, malformed, overlong, reordered and incomplete histories refuse before allocating native state
2026-10-08T13:47:19.0364921Z   ---
2026-10-08T13:47:19.0365212Z   duration_ms: 2.59401
2026-10-08T13:47:19.0365570Z   type: 'test'
2026-10-08T13:47:19.0365874Z   ...
2026-10-08T13:47:19.0366574Z # Subtest: historical canopy admission uses the selected tide and a native refusal frees its isolated session
2026-10-08T13:47:19.0367791Z ok 25 - historical canopy admission uses the selected tide and a native refusal frees its isolated session
2026-10-08T13:47:19.0368581Z   ---
2026-10-08T13:47:19.0368875Z   duration_ms: 2.057021
2026-10-08T13:47:19.0369217Z   type: 'test'
2026-10-08T13:47:19.0369516Z   ...
2026-10-08T13:47:19.0370162Z # Subtest: exhausted current water and seed packs do not prevent an available historical alternative
2026-10-08T13:47:19.0371586Z ok 26 - exhausted current water and seed packs do not prevent an available historical alternative
2026-10-08T13:47:19.0372330Z   ---
2026-10-08T13:47:19.0372625Z   duration_ms: 5.606335
2026-10-08T13:47:19.0372971Z   type: 'test'
2026-10-08T13:47:19.0373278Z   ...
2026-10-08T13:47:19.0374061Z # Subtest: successful and refused comparisons leave the actual SavedWatch, selection, storage bytes and next tide unchanged
2026-10-08T13:47:19.0375438Z ok 27 - successful and refused comparisons leave the actual SavedWatch, selection, storage bytes and next tide unchanged
2026-10-08T13:47:19.0376316Z   ---
2026-10-08T13:47:19.0376608Z   duration_ms: 3.565043
2026-10-08T13:47:19.0376949Z   type: 'test'
2026-10-08T13:47:19.0377247Z   ...
2026-10-08T13:47:19.0377835Z # Subtest: read-only comparison remains available while the real watch cannot access storage
2026-10-08T13:47:19.0378837Z ok 28 - read-only comparison remains available while the real watch cannot access storage
2026-10-08T13:47:19.0379541Z   ---
2026-10-08T13:47:19.0379847Z   duration_ms: 1.291906
2026-10-08T13:47:19.0380191Z   type: 'test'
2026-10-08T13:47:19.0380492Z   ...
2026-10-08T13:47:19.0381071Z # Subtest: all fourteen admitted snapshots and the final native outcome remain reproducible
2026-10-08T13:47:19.0382745Z ok 29 - all fourteen admitted snapshots and the final native outcome remain reproducible
2026-10-08T13:47:19.0383479Z   ---
2026-10-08T13:47:19.0383782Z   duration_ms: 20.150198
2026-10-08T13:47:19.0384138Z   type: 'test'
2026-10-08T13:47:19.0384470Z   ...
2026-10-08T13:47:19.3746285Z # Subtest: an opening watch stays playable before any historical choice is available
2026-10-08T13:47:19.3784783Z ok 30 - an opening watch stays playable before any historical choice is available
2026-10-08T13:47:19.3808484Z   ---
2026-10-08T13:47:19.3822214Z   duration_ms: 840.732221
2026-10-08T13:47:19.3842695Z   type: 'test'
2026-10-08T13:47:19.3843285Z   ...
2026-10-08T13:47:19.3844150Z # Subtest: a completed historical alternative shows every native consequence without changing the active watch
2026-10-08T13:47:19.3845524Z ok 31 - a completed historical alternative shows every native consequence without changing the active watch
2026-10-08T13:47:19.3846422Z   ---
2026-10-08T13:47:19.3846748Z   duration_ms: 1271.24209
2026-10-08T13:47:19.3847115Z   type: 'test'
2026-10-08T13:47:19.3847491Z   ...
2026-10-08T13:47:19.3848139Z # Subtest: recorded choices match exactly and changing controls clears a previous comparison
2026-10-08T13:47:19.3849242Z ok 32 - recorded choices match exactly and changing controls clears a previous comparison
2026-10-08T13:47:19.3850044Z   ---
2026-10-08T13:47:19.3850423Z   duration_ms: 699.394654
2026-10-08T13:47:19.3850862Z   type: 'test'
2026-10-08T13:47:19.3851451Z   ...
2026-10-08T13:47:19.3852211Z # Subtest: an unavailable historical choice refuses cleanly while an earlier available choice still works
2026-10-08T13:47:19.3853873Z ok 33 - an unavailable historical choice refuses cleanly while an earlier available choice still works
2026-10-08T13:47:19.3854739Z   ---
2026-10-08T13:47:19.3857129Z   duration_ms: 887.801506
2026-10-08T13:47:19.3916023Z   type: 'test'
2026-10-08T13:47:19.3916556Z   ...
2026-10-08T13:47:19.3923481Z # Subtest: panel keyboard choices remain separate from game shortcuts and phone readings fit
2026-10-08T13:47:19.3924923Z ok 34 - panel keyboard choices remain separate from game shortcuts and phone readings fit
2026-10-08T13:47:19.3925880Z   ---
2026-10-08T13:47:19.3926503Z   duration_ms: 1038.623164
2026-10-08T13:47:19.3927106Z   type: 'test'
2026-10-08T13:47:19.3927590Z   ...
2026-10-08T13:47:19.3928449Z # Subtest: reset invalidates a comparison even when canvas geometry temporarily disappears
2026-10-08T13:47:19.3929889Z ok 35 - reset invalidates a comparison even when canvas geometry temporarily disappears
2026-10-08T13:47:19.3931071Z   ---
2026-10-08T13:47:19.3931864Z   duration_ms: 951.018862
2026-10-08T13:47:19.3932606Z   type: 'test'
2026-10-08T13:47:19.3933089Z   ...
2026-10-08T13:47:19.3933968Z # Subtest: comparison reads native history when browser saving is unavailable
2026-10-08T13:47:19.3935012Z ok 36 - comparison reads native history when browser saving is unavailable
2026-10-08T13:47:19.3936027Z   ---
2026-10-08T13:47:19.3936469Z   duration_ms: 714.90755
2026-10-08T13:47:19.3936967Z   type: 'test'
2026-10-08T13:47:19.3940029Z   ...
2026-10-08T13:47:21.1586037Z # Subtest: a closed watch can compare its final native tide without reopening the live watch
2026-10-08T13:47:21.1587175Z ok 37 - a closed watch can compare its final native tide without reopening the live watch
2026-10-08T13:47:21.1587881Z   ---
2026-10-08T13:47:21.1588215Z   duration_ms: 1722.886881
2026-10-08T13:47:21.1588599Z   type: 'test'
2026-10-08T13:47:21.1588956Z   ...
2026-10-08T13:47:22.3578582Z # Subtest: the directly opened packaged HTML contains the same isolated native comparison
2026-10-08T13:47:22.3579783Z ok 38 - the directly opened packaged HTML contains the same isolated native comparison
2026-10-08T13:47:22.3587293Z   ---
2026-10-08T13:47:22.3587698Z   duration_ms: 1260.726284
2026-10-08T13:47:22.3588085Z   type: 'test'
2026-10-08T13:47:22.3588387Z   ...
2026-10-08T13:47:43.6674929Z # Subtest: closing and reopening the page resumes the same native watch and selected cell
2026-10-08T13:47:43.6676580Z not ok 39 - closing and reopening the page resumes the same native watch and selected cell
2026-10-08T13:47:43.6677438Z   ---
2026-10-08T13:47:43.6679184Z   duration_ms: 30442.846861
2026-10-08T13:47:43.6679644Z   type: 'test'
2026-10-08T13:47:43.6682174Z   location: '/home/runner/work/longwater-browser-demo/longwater-browser-demo/tests/watch-save.browser.test.mjs:81:1'
2026-10-08T13:47:43.6683259Z   failureType: 'testCodeFailure'
2026-10-08T13:47:43.6684108Z   error: 'page.waitForFunction: Timeout 30000ms exceeded.'
2026-10-08T13:47:43.6684572Z   code: 'ERR_TEST_FAILURE'
2026-10-08T13:47:43.6684812Z   name: 'TimeoutError'
2026-10-08T13:47:43.6685117Z   stack: |-
2026-10-08T13:47:43.6685601Z     ready (/home/runner/work/longwater-browser-demo/longwater-browser-demo/tests/watch-save.browser.test.mjs:49:14)
2026-10-08T13:47:43.6686969Z     open (/home/runner/work/longwater-browser-demo/longwater-browser-demo/tests/watch-save.browser.test.mjs:61:9)
2026-10-08T13:47:43.6688448Z     async TestContext.<anonymous> (/home/runner/work/longwater-browser-demo/longwater-browser-demo/tests/watch-save.browser.test.mjs:82:29)
2026-10-08T13:47:43.6689614Z   ...
2026-10-08T13:48:13.7507444Z # Subtest: a fourteen-tide ending survives reload and explicit reset stores a fresh watch
2026-10-08T13:48:13.7513994Z not ok 40 - a fourteen-tide ending survives reload and explicit reset stores a fresh watch
2026-10-08T13:48:13.7515174Z   ---
2026-10-08T13:48:13.7515813Z   duration_ms: 30085.484485
2026-10-08T13:48:13.7516518Z   type: 'test'
2026-10-08T13:48:13.7517720Z   location: '/home/runner/work/longwater-browser-demo/longwater-browser-demo/tests/watch-save.browser.test.mjs:109:1'
2026-10-08T13:48:13.7519552Z   failureType: 'testCodeFailure'
2026-10-08T13:48:13.7520398Z   error: 'page.waitForFunction: Timeout 30000ms exceeded.'
2026-10-08T13:48:13.7521428Z   code: 'ERR_TEST_FAILURE'
2026-10-08T13:48:13.7522090Z   name: 'TimeoutError'
2026-10-08T13:48:13.7522699Z   stack: |-
2026-10-08T13:48:13.7523788Z     ready (/home/runner/work/longwater-browser-demo/longwater-browser-demo/tests/watch-save.browser.test.mjs:49:14)
2026-10-08T13:48:13.7525540Z     open (/home/runner/work/longwater-browser-demo/longwater-browser-demo/tests/watch-save.browser.test.mjs:61:9)
2026-10-08T13:48:13.7527406Z     async TestContext.<anonymous> (/home/runner/work/longwater-browser-demo/longwater-browser-demo/tests/watch-save.browser.test.mjs:110:20)
2026-10-08T13:48:13.7528172Z   ...
2026-10-08T13:48:43.8301654Z # Subtest: unavailable actions leave the saved history unchanged
2026-10-08T13:48:43.8310477Z not ok 41 - unavailable actions leave the saved history unchanged
2026-10-08T13:48:43.8316894Z   ---
2026-10-08T13:48:43.8318310Z   duration_ms: 30079.255885
2026-10-08T13:48:43.8318687Z   type: 'test'
2026-10-08T13:48:43.8319642Z   location: '/home/runner/work/longwater-browser-demo/longwater-browser-demo/tests/watch-save.browser.test.mjs:140:1'
2026-10-08T13:48:43.8320621Z   failureType: 'testCodeFailure'
2026-10-08T13:48:43.8321643Z   error: 'page.waitForFunction: Timeout 30000ms exceeded.'
2026-10-08T13:48:43.8322255Z   code: 'ERR_TEST_FAILURE'
2026-10-08T13:48:43.8322652Z   name: 'TimeoutError'
2026-10-08T13:48:43.8323009Z   stack: |-
2026-10-08T13:48:43.8323815Z     ready (/home/runner/work/longwater-browser-demo/longwater-browser-demo/tests/watch-save.browser.test.mjs:49:14)
2026-10-08T13:48:43.8325182Z     open (/home/runner/work/longwater-browser-demo/longwater-browser-demo/tests/watch-save.browser.test.mjs:61:9)
2026-10-08T13:48:43.8326709Z     async TestContext.<anonymous> (/home/runner/work/longwater-browser-demo/longwater-browser-demo/tests/watch-save.browser.test.mjs:141:20)
2026-10-08T13:48:43.8327965Z   ...
2026-10-08T13:49:13.9120421Z # Subtest: failed replay preserves saved data while play continues until an explicit reset
2026-10-08T13:49:13.9121449Z not ok 42 - failed replay preserves saved data while play continues until an explicit reset
2026-10-08T13:49:13.9132019Z   ---
2026-10-08T13:49:13.9132435Z   duration_ms: 30082.017611
2026-10-08T13:49:13.9132870Z   type: 'test'
2026-10-08T13:49:13.9134264Z   location: '/home/runner/work/longwater-browser-demo/longwater-browser-demo/tests/watch-save.browser.test.mjs:152:1'
2026-10-08T13:49:13.9135351Z   failureType: 'testCodeFailure'
2026-10-08T13:49:13.9135954Z   error: 'page.waitForFunction: Timeout 30000ms exceeded.'
2026-10-08T13:49:13.9136576Z   code: 'ERR_TEST_FAILURE'
2026-10-08T13:49:13.9136974Z   name: 'TimeoutError'
2026-10-08T13:49:13.9137354Z   stack: |-
2026-10-08T13:49:13.9138158Z     ready (/home/runner/work/longwater-browser-demo/longwater-browser-demo/tests/watch-save.browser.test.mjs:49:14)
2026-10-08T13:49:13.9139729Z     open (/home/runner/work/longwater-browser-demo/longwater-browser-demo/tests/watch-save.browser.test.mjs:61:9)
2026-10-08T13:49:13.9141617Z     async TestContext.<anonymous> (/home/runner/work/longwater-browser-demo/longwater-browser-demo/tests/watch-save.browser.test.mjs:153:20)
2026-10-08T13:49:13.9142762Z   ...
2026-10-08T13:49:43.9939489Z # Subtest: quota failure retains the running tide and the visible retry saves without advancing it
2026-10-08T13:49:43.9941431Z not ok 43 - quota failure retains the running tide and the visible retry saves without advancing it
2026-10-08T13:49:43.9949058Z   ---
2026-10-08T13:49:43.9949630Z   duration_ms: 30081.881829
2026-10-08T13:49:43.9950267Z   type: 'test'
2026-10-08T13:49:43.9951477Z   location: '/home/runner/work/longwater-browser-demo/longwater-browser-demo/tests/watch-save.browser.test.mjs:177:1'
2026-10-08T13:49:43.9952664Z   failureType: 'testCodeFailure'
2026-10-08T13:49:43.9953660Z   error: 'page.waitForFunction: Timeout 30000ms exceeded.'
2026-10-08T13:49:43.9954858Z   code: 'ERR_TEST_FAILURE'
2026-10-08T13:49:43.9955440Z   name: 'TimeoutError'
2026-10-08T13:49:43.9955951Z   stack: |-
2026-10-08T13:49:43.9956955Z     ready (/home/runner/work/longwater-browser-demo/longwater-browser-demo/tests/watch-save.browser.test.mjs:49:14)
2026-10-08T13:49:43.9958637Z     open (/home/runner/work/longwater-browser-demo/longwater-browser-demo/tests/watch-save.browser.test.mjs:61:9)
2026-10-08T13:49:43.9960499Z     async TestContext.<anonymous> (/home/runner/work/longwater-browser-demo/longwater-browser-demo/tests/watch-save.browser.test.mjs:178:20)
2026-10-08T13:49:43.9962225Z   ...
2026-10-08T13:50:14.0729149Z # Subtest: a blocked storage getter still allows a playable watch and later save retry
2026-10-08T13:50:14.0732773Z not ok 44 - a blocked storage getter still allows a playable watch and later save retry
2026-10-08T13:50:14.0733835Z   ---
2026-10-08T13:50:14.0734464Z   duration_ms: 30077.416476
2026-10-08T13:50:14.0735120Z   type: 'test'
2026-10-08T13:50:14.0736224Z   location: '/home/runner/work/longwater-browser-demo/longwater-browser-demo/tests/watch-save.browser.test.mjs:204:1'
2026-10-08T13:50:14.0737415Z   failureType: 'testCodeFailure'
2026-10-08T13:50:14.0738198Z   error: 'page.waitForFunction: Timeout 30000ms exceeded.'
2026-10-08T13:50:14.0739026Z   code: 'ERR_TEST_FAILURE'
2026-10-08T13:50:14.0739652Z   name: 'TimeoutError'
2026-10-08T13:50:14.0740203Z   stack: |-
2026-10-08T13:50:14.0741542Z     ready (/home/runner/work/longwater-browser-demo/longwater-browser-demo/tests/watch-save.browser.test.mjs:49:14)
2026-10-08T13:50:14.0743489Z     TestContext.<anonymous> (/home/runner/work/longwater-browser-demo/longwater-browser-demo/tests/watch-save.browser.test.mjs:221:9)
2026-10-08T13:50:14.0744772Z   ...
2026-10-08T13:50:44.1402503Z # Subtest: two tabs detect divergent storage and do not overwrite the other watch
2026-10-08T13:50:44.1405082Z not ok 45 - two tabs detect divergent storage and do not overwrite the other watch
2026-10-08T13:50:44.1407685Z   ---
2026-10-08T13:50:44.1408018Z   duration_ms: 30068.675441
2026-10-08T13:50:44.1408419Z   type: 'test'
2026-10-08T13:50:44.1409288Z   location: '/home/runner/work/longwater-browser-demo/longwater-browser-demo/tests/watch-save.browser.test.mjs:230:1'
2026-10-08T13:50:44.1410318Z   failureType: 'testCodeFailure'
2026-10-08T13:50:44.1410872Z   error: 'page.waitForFunction: Timeout 30000ms exceeded.'
2026-10-08T13:50:44.1411757Z   code: 'ERR_TEST_FAILURE'
2026-10-08T13:50:44.1412340Z   name: 'TimeoutError'
2026-10-08T13:50:44.1412566Z   stack: |-
2026-10-08T13:50:44.1413086Z     ready (/home/runner/work/longwater-browser-demo/longwater-browser-demo/tests/watch-save.browser.test.mjs:49:14)
2026-10-08T13:50:44.1413895Z     open (/home/runner/work/longwater-browser-demo/longwater-browser-demo/tests/watch-save.browser.test.mjs:61:9)
2026-10-08T13:50:44.1415271Z     async TestContext.<anonymous> (/home/runner/work/longwater-browser-demo/longwater-browser-demo/tests/watch-save.browser.test.mjs:231:36)
2026-10-08T13:50:44.1416392Z   ...
2026-10-08T13:51:14.2191386Z # Subtest: failed WASM startup never replaces an existing saved watch
2026-10-08T13:51:14.2192423Z not ok 46 - failed WASM startup never replaces an existing saved watch
2026-10-08T13:51:14.2193298Z   ---
2026-10-08T13:51:14.2195808Z   duration_ms: 30078.508284
2026-10-08T13:51:14.2197077Z   type: 'test'
2026-10-08T13:51:14.2198213Z   location: '/home/runner/work/longwater-browser-demo/longwater-browser-demo/tests/watch-save.browser.test.mjs:249:1'
2026-10-08T13:51:14.2199437Z   failureType: 'testCodeFailure'
2026-10-08T13:51:14.2200232Z   error: 'page.waitForFunction: Timeout 30000ms exceeded.'
2026-10-08T13:51:14.2200993Z   code: 'ERR_TEST_FAILURE'
2026-10-08T13:51:14.2201913Z   name: 'TimeoutError'
2026-10-08T13:51:14.2202452Z   stack: |-
2026-10-08T13:51:14.2203505Z     ready (/home/runner/work/longwater-browser-demo/longwater-browser-demo/tests/watch-save.browser.test.mjs:49:14)
2026-10-08T13:51:14.2205244Z     open (/home/runner/work/longwater-browser-demo/longwater-browser-demo/tests/watch-save.browser.test.mjs:61:9)
2026-10-08T13:51:14.2207425Z     async TestContext.<anonymous> (/home/runner/work/longwater-browser-demo/longwater-browser-demo/tests/watch-save.browser.test.mjs:250:20)
2026-10-08T13:51:14.2208840Z   ...
2026-10-08T13:51:14.2585119Z # Subtest: the save revision pins the actual shipped WASM bytes
2026-10-08T13:51:14.2585909Z ok 47 - the save revision pins the actual shipped WASM bytes
2026-10-08T13:51:14.2586500Z   ---
2026-10-08T13:51:14.2586812Z   duration_ms: 2.003611
2026-10-08T13:51:14.2587162Z   type: 'test'
2026-10-08T13:51:14.2587428Z   ...
2026-10-08T13:51:14.2587748Z # Subtest: a new watch does not write until the player chooses a cell or tide
2026-10-08T13:51:14.2592121Z ok 48 - a new watch does not write until the player chooses a cell or tide
2026-10-08T13:51:14.2592501Z   ---
2026-10-08T13:51:14.2592754Z   duration_ms: 3.463612
2026-10-08T13:51:14.2593011Z   type: 'test'
2026-10-08T13:51:14.2593290Z   ...
2026-10-08T13:51:14.2593698Z # Subtest: reload replays actual accepted tides and restores the exact complete state and selection
2026-10-08T13:51:14.2594473Z ok 49 - reload replays actual accepted tides and restores the exact complete state and selection
2026-10-08T13:51:14.2595043Z   ---
2026-10-08T13:51:14.2595315Z   duration_ms: 4.684433
2026-10-08T13:51:14.2595549Z   type: 'test'
2026-10-08T13:51:14.2595732Z   ...
2026-10-08T13:51:14.2596083Z # Subtest: a completed fourteen-tide watch and its outcome survive reopening
2026-10-08T13:51:14.2596658Z ok 50 - a completed fourteen-tide watch and its outcome survive reopening
2026-10-08T13:51:14.2597115Z   ---
2026-10-08T13:51:14.2597396Z   duration_ms: 3.941268
2026-10-08T13:51:14.2597611Z   type: 'test'
2026-10-08T13:51:14.2597794Z   ...
2026-10-08T13:51:14.2598160Z # Subtest: refused actions are absent from storage and do not change native state
2026-10-08T13:51:14.2598730Z ok 51 - refused actions are absent from storage and do not change native state
2026-10-08T13:51:14.2599299Z   ---
2026-10-08T13:51:14.2599516Z   duration_ms: 0.942921
2026-10-08T13:51:14.2599727Z   type: 'test'
2026-10-08T13:51:14.2599904Z   ...
2026-10-08T13:51:14.2600365Z # Subtest: explicit reset persists a fresh watch that cannot resurrect the old history
2026-10-08T13:51:14.2601013Z ok 52 - explicit reset persists a fresh watch that cannot resurrect the old history
2026-10-08T13:51:14.2601791Z   ---
2026-10-08T13:51:14.2602076Z   duration_ms: 1.136513
2026-10-08T13:51:14.2602628Z   type: 'test'
2026-10-08T13:51:14.2602824Z   ...
2026-10-08T13:51:14.2603412Z # Subtest: malformed, unsupported, overlong and tampered saves remain byte-for-byte intact
2026-10-08T13:51:14.2604171Z ok 53 - malformed, unsupported, overlong and tampered saves remain byte-for-byte intact
2026-10-08T13:51:14.2604847Z   ---
2026-10-08T13:51:14.2605147Z   duration_ms: 5.959176
2026-10-08T13:51:14.2605499Z   type: 'test'
2026-10-08T13:51:14.2605807Z   ...
2026-10-08T13:51:14.2606486Z # Subtest: failed partial native replay frees its candidate and explicit reset replaces a protected save
2026-10-08T13:51:14.2607639Z ok 54 - failed partial native replay frees its candidate and explicit reset replaces a protected save
2026-10-08T13:51:14.2608375Z   ---
2026-10-08T13:51:14.2608668Z   duration_ms: 1.382145
2026-10-08T13:51:14.2609000Z   type: 'test'
2026-10-08T13:51:14.2609302Z   ...
2026-10-08T13:51:14.2609935Z # Subtest: a storage quota failure keeps play in memory and retry saves exactly once without replaying a tide
2026-10-08T13:51:14.2610640Z ok 55 - a storage quota failure keeps play in memory and retry saves exactly once without replaying a tide
2026-10-08T13:51:14.2611090Z   ---
2026-10-08T13:51:14.2612428Z   duration_ms: 1.055151
2026-10-08T13:51:14.2612653Z   type: 'test'
2026-10-08T13:51:14.2612837Z   ...
2026-10-08T13:51:14.2613253Z # Subtest: an unavailable localStorage getter does not prevent play and can later recover
2026-10-08T13:51:14.2613820Z ok 56 - an unavailable localStorage getter does not prevent play and can later recover
2026-10-08T13:51:14.2614456Z   ---
2026-10-08T13:51:14.2614632Z   duration_ms: 0.674286
2026-10-08T13:51:14.2614842Z   type: 'test'
2026-10-08T13:51:14.2615021Z   ...
2026-10-08T13:51:14.2615364Z # Subtest: retry after unreadable storage never overwrites a previously unknown saved watch
2026-10-08T13:51:14.2615936Z ok 57 - retry after unreadable storage never overwrites a previously unknown saved watch
2026-10-08T13:51:14.2616333Z   ---
2026-10-08T13:51:14.2616519Z   duration_ms: 0.799831
2026-10-08T13:51:14.2616732Z   type: 'test'
2026-10-08T13:51:14.2616907Z   ...
2026-10-08T13:51:14.2617210Z # Subtest: a stale tab detects another saved watch before writing its divergent tide
2026-10-08T13:51:14.2617717Z ok 58 - a stale tab detects another saved watch before writing its divergent tide
2026-10-08T13:51:14.2618081Z   ---
2026-10-08T13:51:14.2618249Z   duration_ms: 1.176498
2026-10-08T13:51:14.2618449Z   type: 'test'
2026-10-08T13:51:14.2618623Z   ...
2026-10-08T13:51:14.2623419Z # Subtest: storage change and clear notifications hold stale writes without mutating the current watch
2026-10-08T13:51:14.2624891Z ok 59 - storage change and clear notifications hold stale writes without mutating the current watch
2026-10-08T13:51:14.2625908Z   ---
2026-10-08T13:51:14.2626369Z   duration_ms: 0.603422
2026-10-08T13:51:14.2626868Z   type: 'test'
2026-10-08T13:51:14.2627314Z   ...
2026-10-08T13:51:14.2628105Z # Subtest: a failed reset write reports the unsaved state and retry cannot restore old actions
2026-10-08T13:51:14.2629364Z ok 60 - a failed reset write reports the unsaved state and retry cannot restore old actions
2026-10-08T13:51:14.2630284Z   ---
2026-10-08T13:51:14.2630752Z   duration_ms: 0.755829
2026-10-08T13:51:14.2631485Z   type: 'test'
2026-10-08T13:51:14.2631979Z   ...
2026-10-08T13:51:14.2632733Z # Subtest: opening trends expose five correctly labelled metrics without inventing a completed tide
2026-10-08T13:51:14.2634125Z ok 61 - opening trends expose five correctly labelled metrics without inventing a completed tide
2026-10-08T13:51:14.2635117Z   ---
2026-10-08T13:51:14.2635583Z   duration_ms: 675.952569
2026-10-08T13:51:14.2636125Z   type: 'test'
2026-10-08T13:51:14.2636612Z   ...
2026-10-08T13:51:14.2637557Z # Subtest: changed real WASM actions produce complete exact tables and separate cell series without changing the watch
2026-10-08T13:51:14.2639149Z ok 62 - changed real WASM actions produce complete exact tables and separate cell series without changing the watch
2026-10-08T13:51:14.2640586Z   ---
2026-10-08T13:51:14.2641133Z   duration_ms: 1538.000542
2026-10-08T13:51:14.2641801Z   type: 'test'
2026-10-08T13:51:14.2642175Z   ...
2026-10-08T13:51:14.2642849Z # Subtest: native keyboard controls retain earlier selection and focus while later tides arrive
2026-10-08T13:51:14.2643994Z ok 63 - native keyboard controls retain earlier selection and focus while later tides arrive
2026-10-08T13:51:14.2644787Z   ---
2026-10-08T13:51:14.2645130Z   duration_ms: 636.524252
2026-10-08T13:51:14.2645531Z   type: 'test'
2026-10-08T13:51:14.2645878Z   ...
2026-10-08T13:51:14.2646519Z # Subtest: selection and refused actions add no trend, and reset starts at the actual opening
2026-10-08T13:51:14.2647667Z ok 64 - selection and refused actions add no trend, and reset starts at the actual opening
2026-10-08T13:51:14.2648437Z   ---
2026-10-08T13:51:14.2648770Z   duration_ms: 556.454609
2026-10-08T13:51:14.2649167Z   type: 'test'
2026-10-08T13:51:14.2649501Z   ...
2026-10-08T13:51:14.2650101Z # Subtest: clicking the chart selects the tide and leaves keyboard focus on its slider
2026-10-08T13:51:14.2651111Z ok 65 - clicking the chart selects the tide and leaves keyboard focus on its slider
2026-10-08T13:51:14.2652069Z   ---
2026-10-08T13:51:14.2652407Z   duration_ms: 524.224922
2026-10-08T13:51:14.2652810Z   type: 'test'
2026-10-08T13:51:14.2653144Z   ...
2026-10-08T13:51:14.2653928Z # Subtest: partial and complete native replay retain the opening, all completed tides and the finished watch
2026-10-08T13:51:14.2655555Z ok 66 - partial and complete native replay retain the opening, all completed tides and the finished watch
2026-10-08T13:51:14.2656412Z   ---
2026-10-08T13:51:14.2656744Z   duration_ms: 1814.119257
2026-10-08T13:51:14.2657143Z   type: 'test'
2026-10-08T13:51:14.2657479Z   ...
2026-10-08T13:51:14.2658039Z # Subtest: invalid journal replay cannot replace an existing trends history
2026-10-08T13:51:14.2658962Z ok 67 - invalid journal replay cannot replace an existing trends history
2026-10-08T13:51:14.2659634Z   ---
2026-10-08T13:51:14.2659966Z   duration_ms: 322.972558
2026-10-08T13:51:14.2660381Z   type: 'test'
2026-10-08T13:51:14.2660722Z   ...
2026-10-08T13:51:14.2661850Z # Subtest: direct-open packaging embeds the same trends and reopens native saved readings offline
2026-10-08T13:51:14.2662965Z ok 68 - direct-open packaging embeds the same trends and reopens native saved readings offline
2026-10-08T13:51:14.2665649Z   ---
2026-10-08T13:51:14.2665969Z   duration_ms: 675.960567
2026-10-08T13:51:14.2666320Z   type: 'test'
2026-10-08T13:51:14.2666691Z   ...
2026-10-08T13:51:14.2666948Z 1..68
2026-10-08T13:51:14.2667209Z # tests 68
2026-10-08T13:51:14.2667476Z # suites 0
2026-10-08T13:51:14.2667764Z # pass 60
2026-10-08T13:51:14.2668043Z # fail 8
2026-10-08T13:51:14.2668378Z # cancelled 0
2026-10-08T13:51:14.2668721Z # skipped 0
2026-10-08T13:51:14.2669043Z # todo 0
2026-10-08T13:51:14.2669352Z # duration_ms 251239.574298
2026-10-08T13:51:14.2785655Z ##[error]Process completed with exit code 1.
2026-10-08T13:51:14.2889867Z ##[group]Run actions/upload-artifact@ea165f8d65b6e75b540449e92b4886f43607fa02
2026-10-08T13:51:14.2890307Z with:
2026-10-08T13:51:14.2890612Z   name: historical-choice-d378f7bdeaa65c96563ec866723acaf01ff0d94b
2026-10-08T13:51:14.2890999Z   path: test-results/watch-choice
2026-10-08T13:51:14.2891578Z   if-no-files-found: warn
2026-10-08T13:51:14.2891813Z   retention-days: 14
2026-10-08T13:51:14.2892032Z   compression-level: 6
2026-10-08T13:51:14.2892239Z   overwrite: false
2026-10-08T13:51:14.2892466Z   include-hidden-files: false
2026-10-08T13:51:14.2892699Z ##[endgroup]
2026-10-08T13:51:14.4572640Z (node:4262) [DEP0040] DeprecationWarning: The `punycode` module is deprecated. Please use a userland alternative instead.
2026-10-08T13:51:14.4573997Z (Use `node --trace-deprecation ...` to show where the warning was created)
2026-10-08T13:51:14.4651984Z With the provided path, there will be 4 files uploaded
2026-10-08T13:51:14.4658226Z Artifact name is valid!
2026-10-08T13:51:14.4658921Z Root directory input is valid!
2026-10-08T13:51:14.7447784Z Beginning upload of artifact content to blob storage
2026-10-08T13:51:14.8125233Z (node:4262) [DEP0169] DeprecationWarning: `url.parse()` behavior is not standardized and prone to errors that have security implications. Use the WHATWG URL API instead. CVEs are not issued for `url.parse()` vulnerabilities.
2026-10-08T13:51:15.0961026Z Uploaded bytes 1087884
2026-10-08T13:51:15.1320943Z Finished uploading artifact content to blob storage!
2026-10-08T13:51:15.1322384Z SHA256 digest of uploaded artifact zip is 62118bd21b4c2fbecd0e569471b40f73c561844e8c0e8eb9fb3e0a9b05e31686
2026-10-08T13:51:15.1323775Z Finalizing artifact upload
2026-10-08T13:51:15.3942937Z Artifact historical-choice-d378f7bdeaa65c96563ec866723acaf01ff0d94b.zip successfully finalized. Artifact ID 11555171581
2026-10-08T13:51:15.3944949Z Artifact historical-choice-d378f7bdeaa65c96563ec866723acaf01ff0d94b has been successfully uploaded! Final size is 1087884 bytes. Artifact ID is 11555171581
2026-10-08T13:51:15.3950820Z Artifact download URL: https://github.com/Jacob-Met/longwater-browser-demo/actions/runs/37787007225/artifacts/11555171581
2026-10-08T13:51:15.4170117Z Post job cleanup.
2026-10-08T13:51:15.5083266Z [command]/usr/bin/git version
2026-10-08T13:51:15.5129107Z git version 2.55.0
2026-10-08T13:51:15.5173969Z Temporarily overriding HOME='/home/runner/work/_temp/9649ce12-6c89-4d06-afc0-332fca8f8918' before making global git config changes
2026-10-08T13:51:15.5175511Z Adding repository directory to the temporary git global config as a safe directory
2026-10-08T13:51:15.5181430Z [command]/usr/bin/git config --global --add safe.directory /home/runner/work/longwater-browser-demo/longwater-browser-demo
2026-10-08T13:51:15.5221598Z [command]/usr/bin/git config --local --name-only --get-regexp core\.sshCommand
2026-10-08T13:51:15.5258956Z [command]/usr/bin/git submodule foreach --recursive sh -c "git config --local --name-only --get-regexp 'core\.sshCommand' && git config --local --unset-all 'core.sshCommand' || :"
2026-10-08T13:51:15.5524284Z [command]/usr/bin/git config --local --name-only --get-regexp http\.https\:\/\/github\.com\/\.extraheader
2026-10-08T13:51:15.5557362Z http.https://github.com/.extraheader
2026-10-08T13:51:15.5570010Z [command]/usr/bin/git config --local --unset-all http.https://github.com/.extraheader
2026-10-08T13:51:15.5606283Z [command]/usr/bin/git submodule foreach --recursive sh -c "git config --local --name-only --get-regexp 'http\.https\:\/\/github\.com\/\.extraheader' && git config --local --unset-all 'http.https://github.com/.extraheader' || :"
2026-10-08T13:51:15.5870801Z [command]/usr/bin/git config --local --name-only --get-regexp ^includeIf\.gitdir:
2026-10-08T13:51:15.5910312Z [command]/usr/bin/git submodule foreach --recursive git config --local --show-origin --name-only --get-regexp remote.origin.url
2026-10-08T13:51:15.6329097Z Cleaning up orphan processes
2026-10-08T13:51:15.6686420Z ##[warning]Node.js 20 is deprecated. The following actions target Node.js 20 but are being forced to run on Node.js 24: actions/checkout@11d5960a326750d5838078e36cf38b85af677262, actions/upload-artifact@ea165f8d65b6e75b540449e92b4886f43607fa02. For more information see: https://github.blog/changelog/2025-09-19-deprecation-of-node-20-on-github-actions-runners/
