2026-10-08T14:33:07.0784756Z Current runner version: '2.337.0'
2026-10-08T14:33:07.0811157Z ##[group]Runner Image Provisioner
2026-10-08T14:33:07.0812429Z Hosted Compute Agent
2026-10-08T14:33:07.0813052Z Version: 20261002.596
2026-10-08T14:33:07.0813686Z Commit: c3d12f3313a95f25162a1503be624f3b0617f8c0
2026-10-08T14:33:07.0814485Z Build Date: 2026-10-02T22:28:27Z
2026-10-08T14:33:07.0815188Z Worker ID: {bfad2014-e1fe-4078-bc43-a7e71617ac92}
2026-10-08T14:33:07.0816021Z Region: westus
2026-10-08T14:33:07.0816595Z Cloud: Azure
2026-10-08T14:33:07.0817135Z ##[endgroup]
2026-10-08T14:33:07.0818692Z ##[group]Operating System
2026-10-08T14:33:07.0819399Z Ubuntu
2026-10-08T14:33:07.0820025Z 24.04.5
2026-10-08T14:33:07.0820581Z LTS
2026-10-08T14:33:07.0821100Z ##[endgroup]
2026-10-08T14:33:07.0822104Z ##[group]Runner Image
2026-10-08T14:33:07.0822952Z Image: ubuntu-24.04
2026-10-08T14:33:07.0823654Z Version: 20261004.327.1
2026-10-08T14:33:07.0825159Z Included Software: https://github.com/actions/runner-images/blob/ubuntu24/20261004.327/images/ubuntu/Ubuntu2404-Readme.md
2026-10-08T14:33:07.0826843Z Image Release: https://github.com/actions/runner-images/releases/tag/ubuntu24%2F20261004.327
2026-10-08T14:33:07.0827830Z ##[endgroup]
2026-10-08T14:33:07.0829127Z ##[group]GITHUB_TOKEN Permissions
2026-10-08T14:33:07.0831316Z Contents: read
2026-10-08T14:33:07.0832178Z Metadata: read
2026-10-08T14:33:07.0832896Z Packages: read
2026-10-08T14:33:07.0833548Z ##[endgroup]
2026-10-08T14:33:07.0835793Z Secret source: Actions
2026-10-08T14:33:07.0836749Z Cache mode: write
2026-10-08T14:33:07.0837503Z Prepare workflow directory
2026-10-08T14:33:07.1246253Z Prepare all required actions
2026-10-08T14:33:07.1296044Z Getting action download info
2026-10-08T14:33:07.4882023Z Download action repository 'actions/checkout@11d5960a326750d5838078e36cf38b85af677262' (SHA:11d5960a326750d5838078e36cf38b85af677262)
2026-10-08T14:33:07.7020947Z Complete job name: browser
2026-10-08T14:33:07.7816042Z ##[group]Run actions/checkout@11d5960a326750d5838078e36cf38b85af677262
2026-10-08T14:33:07.7817176Z with:
2026-10-08T14:33:07.7817696Z   repository: Jacob-Met/longwater-browser-demo
2026-10-08T14:33:07.7822431Z   token: ***
2026-10-08T14:33:07.7822929Z   ssh-strict: true
2026-10-08T14:33:07.7823385Z   ssh-user: git
2026-10-08T14:33:07.7823858Z   persist-credentials: true
2026-10-08T14:33:07.7824364Z   clean: true
2026-10-08T14:33:07.7824831Z   sparse-checkout-cone-mode: true
2026-10-08T14:33:07.7825386Z   fetch-depth: 1
2026-10-08T14:33:07.7825831Z   fetch-tags: false
2026-10-08T14:33:07.7826362Z   show-progress: true
2026-10-08T14:33:07.7827004Z   lfs: false
2026-10-08T14:33:07.7827437Z   submodules: false
2026-10-08T14:33:07.7827907Z   set-safe-directory: true
2026-10-08T14:33:07.7828432Z   allow-unsafe-pr-checkout: false
2026-10-08T14:33:07.7829331Z ##[endgroup]
2026-10-08T14:33:07.8893259Z Syncing repository: Jacob-Met/longwater-browser-demo
2026-10-08T14:33:07.8895468Z ##[group]Getting Git version info
2026-10-08T14:33:07.8896589Z Working directory is '/home/runner/work/longwater-browser-demo/longwater-browser-demo'
2026-10-08T14:33:07.8897822Z [command]/usr/bin/git version
2026-10-08T14:33:07.8976090Z git version 2.55.0
2026-10-08T14:33:07.9015292Z ##[endgroup]
2026-10-08T14:33:07.9030237Z Temporarily overriding HOME='/home/runner/work/_temp/1e012687-a8d7-4b37-82da-69ae9856bc90' before making global git config changes
2026-10-08T14:33:07.9045438Z Adding repository directory to the temporary git global config as a safe directory
2026-10-08T14:33:07.9049874Z [command]/usr/bin/git config --global --add safe.directory /home/runner/work/longwater-browser-demo/longwater-browser-demo
2026-10-08T14:33:07.9085775Z Deleting the contents of '/home/runner/work/longwater-browser-demo/longwater-browser-demo'
2026-10-08T14:33:07.9091314Z ##[group]Initializing the repository
2026-10-08T14:33:07.9096349Z [command]/usr/bin/git init /home/runner/work/longwater-browser-demo/longwater-browser-demo
2026-10-08T14:33:07.9211715Z hint: Using 'master' as the name for the initial branch. This default branch name
2026-10-08T14:33:07.9213691Z hint: will change to "main" in Git 3.0. To configure the initial branch name
2026-10-08T14:33:07.9215480Z hint: to use in all of your new repositories, which will suppress this warning,
2026-10-08T14:33:07.9217180Z hint: call:
2026-10-08T14:33:07.9217910Z hint:
2026-10-08T14:33:07.9218798Z hint: 	git config --global init.defaultBranch <name>
2026-10-08T14:33:07.9219939Z hint:
2026-10-08T14:33:07.9220832Z hint: Names commonly chosen instead of 'master' are 'main', 'trunk' and
2026-10-08T14:33:07.9226881Z hint: 'development'. The just-created branch can be renamed via this command:
2026-10-08T14:33:07.9227722Z hint:
2026-10-08T14:33:07.9228169Z hint: 	git branch -m <name>
2026-10-08T14:33:07.9228681Z hint:
2026-10-08T14:33:07.9229320Z hint: Disable this message with "git config set advice.defaultBranchName false"
2026-10-08T14:33:07.9233584Z Initialized empty Git repository in /home/runner/work/longwater-browser-demo/longwater-browser-demo/.git/
2026-10-08T14:33:07.9246207Z [command]/usr/bin/git remote add origin https://github.com/Jacob-Met/longwater-browser-demo
2026-10-08T14:33:07.9297770Z ##[endgroup]
2026-10-08T14:33:07.9298915Z ##[group]Disabling automatic garbage collection
2026-10-08T14:33:07.9301266Z [command]/usr/bin/git config --local gc.auto 0
2026-10-08T14:33:07.9336499Z ##[endgroup]
2026-10-08T14:33:07.9337379Z ##[group]Setting up auth
2026-10-08T14:33:07.9344994Z [command]/usr/bin/git config --local --name-only --get-regexp core\.sshCommand
2026-10-08T14:33:07.9381358Z [command]/usr/bin/git submodule foreach --recursive sh -c "git config --local --name-only --get-regexp 'core\.sshCommand' && git config --local --unset-all 'core.sshCommand' || :"
2026-10-08T14:33:07.9793437Z [command]/usr/bin/git config --local --name-only --get-regexp http\.https\:\/\/github\.com\/\.extraheader
2026-10-08T14:33:07.9835116Z [command]/usr/bin/git submodule foreach --recursive sh -c "git config --local --name-only --get-regexp 'http\.https\:\/\/github\.com\/\.extraheader' && git config --local --unset-all 'http.https://github.com/.extraheader' || :"
2026-10-08T14:33:08.0064417Z [command]/usr/bin/git config --local --name-only --get-regexp ^includeIf\.gitdir:
2026-10-08T14:33:08.0100588Z [command]/usr/bin/git submodule foreach --recursive git config --local --show-origin --name-only --get-regexp remote.origin.url
2026-10-08T14:33:08.0336234Z [command]/usr/bin/git config --local http.https://github.com/.extraheader AUTHORIZATION: basic ***
2026-10-08T14:33:08.0378398Z ##[endgroup]
2026-10-08T14:33:08.0379719Z ##[group]Fetching the repository
2026-10-08T14:33:08.0388533Z [command]/usr/bin/git -c protocol.version=2 fetch --no-tags --prune --no-recurse-submodules --depth=1 origin +39c0f00fab85a304049432c18dada40ef9884e72:refs/remotes/pull/21/merge
2026-10-08T14:33:08.8594715Z From https://github.com/Jacob-Met/longwater-browser-demo
2026-10-08T14:33:08.8596490Z  * [new ref]         39c0f00fab85a304049432c18dada40ef9884e72 -> pull/21/merge
2026-10-08T14:33:08.8601488Z ##[endgroup]
2026-10-08T14:33:08.8604399Z ##[group]Determining the checkout info
2026-10-08T14:33:08.8606787Z ##[endgroup]
2026-10-08T14:33:08.8608761Z [command]/usr/bin/git sparse-checkout disable
2026-10-08T14:33:08.8664735Z [command]/usr/bin/git config --local --unset-all extensions.worktreeConfig
2026-10-08T14:33:08.8750744Z ##[group]Checking out the ref
2026-10-08T14:33:08.8755678Z [command]/usr/bin/git checkout --progress --force refs/remotes/pull/21/merge
2026-10-08T14:33:08.9010351Z Note: switching to 'refs/remotes/pull/21/merge'.
2026-10-08T14:33:08.9011395Z 
2026-10-08T14:33:08.9012452Z You are in 'detached HEAD' state. You can look around, make experimental
2026-10-08T14:33:08.9014304Z changes and commit them, and you can discard any commits you make in this
2026-10-08T14:33:08.9016059Z state without impacting any branches by switching back to a branch.
2026-10-08T14:33:08.9017089Z 
2026-10-08T14:33:08.9017872Z If you want to create a new branch to retain commits you create, you may
2026-10-08T14:33:08.9019451Z do so (now or later) by using -c with the switch command. Example:
2026-10-08T14:33:08.9020625Z 
2026-10-08T14:33:08.9021015Z   git switch -c <new-branch-name>
2026-10-08T14:33:08.9022000Z 
2026-10-08T14:33:08.9022724Z Or undo this operation with:
2026-10-08T14:33:08.9023932Z 
2026-10-08T14:33:08.9024682Z   git switch -
2026-10-08T14:33:08.9025657Z 
2026-10-08T14:33:08.9027014Z Turn off this advice by setting config variable advice.detachedHead to false
2026-10-08T14:33:08.9029076Z 
2026-10-08T14:33:08.9030966Z HEAD is now at 39c0f00 Merge d1b7d5793bd758e2b213412c17f5e1d59901752e into f3215e82795d881c27f0c0225aa8ea5fcd2bbe4c
2026-10-08T14:33:08.9036855Z ##[endgroup]
2026-10-08T14:33:08.9083374Z [command]/usr/bin/git log -1 --format=%H
2026-10-08T14:33:08.9112177Z 39c0f00fab85a304049432c18dada40ef9884e72
2026-10-08T14:33:08.9396463Z ##[group]Run npm ci
2026-10-08T14:33:08.9397663Z [36;1mnpm ci[0m
2026-10-08T14:33:08.9661831Z shell: /usr/bin/bash -e {0}
2026-10-08T14:33:08.9663237Z ##[endgroup]
2026-10-08T14:33:10.1292180Z 
2026-10-08T14:33:10.1293420Z added 2 packages, and audited 3 packages in 897ms
2026-10-08T14:33:10.1299959Z 
2026-10-08T14:33:10.1300487Z found 0 vulnerabilities
2026-10-08T14:33:10.1779752Z ##[group]Run npx playwright install --with-deps chromium
2026-10-08T14:33:10.1780329Z [36;1mnpx playwright install --with-deps chromium[0m
2026-10-08T14:33:10.1847617Z shell: /usr/bin/bash -e {0}
2026-10-08T14:33:10.1847961Z ##[endgroup]
2026-10-08T14:33:11.1481886Z Installing dependencies...
2026-10-08T14:33:11.1557470Z Switching to root user to install dependencies...
2026-10-08T14:33:11.2510131Z Get:1 file:/etc/apt/apt-mirrors.txt Mirrorlist [144 B]
2026-10-08T14:33:11.2883168Z Get:6 https://packages.microsoft.com/ubuntu/24.04/prod noble InRelease [3600 B]
2026-10-08T14:33:11.3020953Z Hit:2 http://azure.archive.ubuntu.com/ubuntu noble InRelease
2026-10-08T14:33:11.3073125Z Get:3 http://azure.archive.ubuntu.com/ubuntu noble-updates InRelease [126 kB]
2026-10-08T14:33:11.3119352Z Get:4 http://azure.archive.ubuntu.com/ubuntu noble-backports InRelease [126 kB]
2026-10-08T14:33:11.3137201Z Get:5 http://azure.archive.ubuntu.com/ubuntu noble-security InRelease [126 kB]
2026-10-08T14:33:11.3960658Z Get:7 https://packages.microsoft.com/ubuntu/24.04/prod noble/main arm64 Packages [474 kB]
2026-10-08T14:33:11.4129811Z Get:8 https://packages.microsoft.com/ubuntu/24.04/prod noble/main all Packages [640 B]
2026-10-08T14:33:11.4144758Z Get:9 https://packages.microsoft.com/ubuntu/24.04/prod noble/main armhf Packages [12.3 kB]
2026-10-08T14:33:11.4173231Z Get:10 https://packages.microsoft.com/ubuntu/24.04/prod noble/main amd64 Packages [531 kB]
2026-10-08T14:33:11.5055461Z Get:11 http://azure.archive.ubuntu.com/ubuntu noble-updates/main amd64 Packages [1375 kB]
2026-10-08T14:33:11.5138620Z Get:12 http://azure.archive.ubuntu.com/ubuntu noble-updates/main Translation-en [306 kB]
2026-10-08T14:33:11.5172644Z Get:13 http://azure.archive.ubuntu.com/ubuntu noble-updates/universe amd64 Packages [1702 kB]
2026-10-08T14:33:11.5238936Z Get:14 http://azure.archive.ubuntu.com/ubuntu noble-updates/universe Translation-en [341 kB]
2026-10-08T14:33:11.5265925Z Get:15 http://azure.archive.ubuntu.com/ubuntu noble-updates/restricted amd64 Packages [1761 kB]
2026-10-08T14:33:11.5353855Z Get:16 http://azure.archive.ubuntu.com/ubuntu noble-updates/restricted Translation-en [401 kB]
2026-10-08T14:33:11.5415689Z Get:17 http://azure.archive.ubuntu.com/ubuntu noble-updates/multiverse amd64 Packages [55.0 kB]
2026-10-08T14:33:11.5532351Z Get:18 http://azure.archive.ubuntu.com/ubuntu noble-updates/multiverse Translation-en [14.3 kB]
2026-10-08T14:33:11.6217260Z Get:19 http://azure.archive.ubuntu.com/ubuntu noble-security/main amd64 Packages [1089 kB]
2026-10-08T14:33:11.6273586Z Get:20 http://azure.archive.ubuntu.com/ubuntu noble-security/main Translation-en [225 kB]
2026-10-08T14:33:11.6719443Z Get:21 http://azure.archive.ubuntu.com/ubuntu noble-security/universe amd64 Packages [1218 kB]
2026-10-08T14:33:11.6823037Z Get:22 http://azure.archive.ubuntu.com/ubuntu noble-security/universe Translation-en [245 kB]
2026-10-08T14:33:11.6825481Z Get:23 http://azure.archive.ubuntu.com/ubuntu noble-security/restricted amd64 Packages [1594 kB]
2026-10-08T14:33:11.6885449Z Get:24 http://azure.archive.ubuntu.com/ubuntu noble-security/restricted Translation-en [366 kB]
2026-10-08T14:33:11.6911094Z Get:25 http://azure.archive.ubuntu.com/ubuntu noble-security/multiverse Translation-en [11.6 kB]
2026-10-08T14:33:14.7503770Z Fetched 12.1 MB in 1s (9295 kB/s)
2026-10-08T14:33:15.6517053Z Reading package lists...
2026-10-08T14:33:15.6761797Z Reading package lists...
2026-10-08T14:33:15.8794603Z Building dependency tree...
2026-10-08T14:33:15.8803526Z Reading state information...
2026-10-08T14:33:16.0317760Z libasound2t64 is already the newest version (1.2.11-1ubuntu0.3).
2026-10-08T14:33:16.0318535Z libasound2t64 set to manually installed.
2026-10-08T14:33:16.0319268Z libatk-bridge2.0-0t64 is already the newest version (2.52.0-1build1).
2026-10-08T14:33:16.0319973Z libatk-bridge2.0-0t64 set to manually installed.
2026-10-08T14:33:16.0320639Z libatk1.0-0t64 is already the newest version (2.52.0-1build1).
2026-10-08T14:33:16.0321961Z libatk1.0-0t64 set to manually installed.
2026-10-08T14:33:16.0322640Z libatspi2.0-0t64 is already the newest version (2.52.0-1build1).
2026-10-08T14:33:16.0323264Z libatspi2.0-0t64 set to manually installed.
2026-10-08T14:33:16.0323836Z libcairo2 is already the newest version (1.18.0-3build1).
2026-10-08T14:33:16.0324432Z libcairo2 set to manually installed.
2026-10-08T14:33:16.0325020Z libcups2t64 is already the newest version (2.4.7-1.2ubuntu7.14).
2026-10-08T14:33:16.0325639Z libcups2t64 set to manually installed.
2026-10-08T14:33:16.0326218Z libdbus-1-3 is already the newest version (1.14.10-4ubuntu4.1).
2026-10-08T14:33:16.0326825Z libdbus-1-3 set to manually installed.
2026-10-08T14:33:16.0327413Z libdrm2 is already the newest version (2.4.125-1ubuntu0.1~24.04.2).
2026-10-08T14:33:16.0328022Z libdrm2 set to manually installed.
2026-10-08T14:33:16.0328575Z libgbm1 is already the newest version (25.2.8-0ubuntu0.24.04.4).
2026-10-08T14:33:16.0329184Z libgbm1 set to manually installed.
2026-10-08T14:33:16.0329768Z libglib2.0-0t64 is already the newest version (2.80.0-6ubuntu3.9).
2026-10-08T14:33:16.0330398Z libglib2.0-0t64 set to manually installed.
2026-10-08T14:33:16.0330969Z libnspr4 is already the newest version (2:4.35-1.1build1).
2026-10-08T14:33:16.0331710Z libnspr4 set to manually installed.
2026-10-08T14:33:16.0332260Z libnss3 is already the newest version (2:3.98-1ubuntu0.2).
2026-10-08T14:33:16.0332818Z libnss3 set to manually installed.
2026-10-08T14:33:16.0333379Z libpango-1.0-0 is already the newest version (1.52.1+ds-1build1).
2026-10-08T14:33:16.0334000Z libpango-1.0-0 set to manually installed.
2026-10-08T14:33:16.0334553Z libx11-6 is already the newest version (2:1.8.7-1build1).
2026-10-08T14:33:16.0335110Z libx11-6 set to manually installed.
2026-10-08T14:33:16.0335618Z libxcb1 is already the newest version (1.15-1ubuntu2).
2026-10-08T14:33:16.0336175Z libxcb1 set to manually installed.
2026-10-08T14:33:16.0336747Z libxcomposite1 is already the newest version (1:0.4.5-1build3).
2026-10-08T14:33:16.0337390Z libxcomposite1 set to manually installed.
2026-10-08T14:33:16.0337989Z libxdamage1 is already the newest version (1:1.1.6-1build1).
2026-10-08T14:33:16.0338579Z libxdamage1 set to manually installed.
2026-10-08T14:33:16.0339126Z libxext6 is already the newest version (2:1.3.4-1build2).
2026-10-08T14:33:16.0339682Z libxext6 set to manually installed.
2026-10-08T14:33:16.0340223Z libxfixes3 is already the newest version (1:6.0.0-2build1).
2026-10-08T14:33:16.0340809Z libxfixes3 set to manually installed.
2026-10-08T14:33:16.0341372Z libxkbcommon0 is already the newest version (1.6.0-1build1).
2026-10-08T14:33:16.0342696Z libxkbcommon0 set to manually installed.
2026-10-08T14:33:16.0343280Z libxrandr2 is already the newest version (2:1.5.2-2build1).
2026-10-08T14:33:16.0343868Z libxrandr2 set to manually installed.
2026-10-08T14:33:16.0344416Z xvfb is already the newest version (2:21.1.12-1ubuntu1.8).
2026-10-08T14:33:16.0345409Z fonts-noto-color-emoji is already the newest version (2.047-0ubuntu0.24.04.1).
2026-10-08T14:33:16.0346264Z libfontconfig1 is already the newest version (2.15.0-1.1ubuntu2).
2026-10-08T14:33:16.0346907Z libfontconfig1 set to manually installed.
2026-10-08T14:33:16.0347495Z fonts-liberation is already the newest version (1:2.1.5-3).
2026-10-08T14:33:16.0348104Z fonts-liberation set to manually installed.
2026-10-08T14:33:16.0348665Z The following additional packages will be installed:
2026-10-08T14:33:16.0349213Z   xfonts-encodings xfonts-utils
2026-10-08T14:33:16.0349856Z Recommended packages:
2026-10-08T14:33:16.0350264Z   fonts-ipafont-mincho fonts-tlwg-loma
2026-10-08T14:33:16.0548646Z The following NEW packages will be installed:
2026-10-08T14:33:16.0549468Z   fonts-freefont-ttf fonts-ipafont-gothic fonts-tlwg-loma-otf fonts-unifont
2026-10-08T14:33:16.0559681Z   fonts-wqy-zenhei xfonts-cyrillic xfonts-encodings xfonts-scalable
2026-10-08T14:33:16.0560536Z   xfonts-utils
2026-10-08T14:33:16.0567752Z The following packages will be upgraded:
2026-10-08T14:33:16.0575657Z   libfreetype6
2026-10-08T14:33:16.0782151Z 1 upgraded, 9 newly installed, 0 to remove and 16 not upgraded.
2026-10-08T14:33:16.0782888Z Need to get 21.5 MB of archives.
2026-10-08T14:33:16.0783516Z After this operation, 79.5 MB of additional disk space will be used.
2026-10-08T14:33:16.0784248Z Get:1 file:/etc/apt/apt-mirrors.txt Mirrorlist [144 B]
2026-10-08T14:33:16.4183025Z Get:2 http://azure.archive.ubuntu.com/ubuntu noble/universe amd64 fonts-ipafont-gothic all 00303-21ubuntu1 [3513 kB]
2026-10-08T14:33:17.9065291Z Get:3 http://azure.archive.ubuntu.com/ubuntu noble/main amd64 fonts-freefont-ttf all 20211204+svn4273-2 [5641 kB]
2026-10-08T14:33:18.3126742Z Get:4 http://azure.archive.ubuntu.com/ubuntu noble/universe amd64 fonts-tlwg-loma-otf all 1:0.7.3-1 [107 kB]
2026-10-08T14:33:18.4735175Z Get:5 http://azure.archive.ubuntu.com/ubuntu noble/universe amd64 fonts-unifont all 1:15.1.01-1build1 [2993 kB]
2026-10-08T14:33:18.6856548Z Get:6 http://azure.archive.ubuntu.com/ubuntu noble/universe amd64 fonts-wqy-zenhei all 0.9.45-8 [7472 kB]
2026-10-08T14:33:19.1870535Z Get:7 http://azure.archive.ubuntu.com/ubuntu noble-updates/main amd64 libfreetype6 amd64 2.13.2+dfsg-1ubuntu0.2 [403 kB]
2026-10-08T14:33:19.3532049Z Get:8 http://azure.archive.ubuntu.com/ubuntu noble/main amd64 xfonts-encodings all 1:1.0.5-0ubuntu2 [578 kB]
2026-10-08T14:33:19.5225791Z Get:9 http://azure.archive.ubuntu.com/ubuntu noble/main amd64 xfonts-utils amd64 1:7.7+6build3 [94.4 kB]
2026-10-08T14:33:19.6839110Z Get:10 http://azure.archive.ubuntu.com/ubuntu noble/universe amd64 xfonts-cyrillic all 1:1.0.5+nmu1 [384 kB]
2026-10-08T14:33:19.8499573Z Get:11 http://azure.archive.ubuntu.com/ubuntu noble/main amd64 xfonts-scalable all 1:1.0.3-1.3 [304 kB]
2026-10-08T14:33:20.1124093Z Fetched 21.5 MB in 4s (5674 kB/s)
2026-10-08T14:33:20.1382022Z Selecting previously unselected package fonts-ipafont-gothic.
2026-10-08T14:33:20.1656335Z (Reading database ... 
2026-10-08T14:33:20.1657097Z (Reading database ... 5%
2026-10-08T14:33:20.1657588Z (Reading database ... 10%
2026-10-08T14:33:20.1657947Z (Reading database ... 15%
2026-10-08T14:33:20.1658255Z (Reading database ... 20%
2026-10-08T14:33:20.1658579Z (Reading database ... 25%
2026-10-08T14:33:20.1659013Z (Reading database ... 30%
2026-10-08T14:33:20.1659450Z (Reading database ... 35%
2026-10-08T14:33:20.1659763Z (Reading database ... 40%
2026-10-08T14:33:20.1660225Z (Reading database ... 45%
2026-10-08T14:33:20.1660730Z (Reading database ... 50%
2026-10-08T14:33:20.1706201Z (Reading database ... 55%
2026-10-08T14:33:20.2930009Z (Reading database ... 60%
2026-10-08T14:33:20.4988810Z (Reading database ... 65%
2026-10-08T14:33:20.6900390Z (Reading database ... 70%
2026-10-08T14:33:20.8905821Z (Reading database ... 75%
2026-10-08T14:33:21.0359202Z (Reading database ... 80%
2026-10-08T14:33:21.1924237Z (Reading database ... 85%
2026-10-08T14:33:21.3363691Z (Reading database ... 90%
2026-10-08T14:33:21.4905380Z (Reading database ... 95%
2026-10-08T14:33:21.4906356Z (Reading database ... 100%
2026-10-08T14:33:21.4907155Z (Reading database ... 203191 files and directories currently installed.)
2026-10-08T14:33:21.4954283Z Preparing to unpack .../0-fonts-ipafont-gothic_00303-21ubuntu1_all.deb ...
2026-10-08T14:33:21.5048204Z Unpacking fonts-ipafont-gothic (00303-21ubuntu1) ...
2026-10-08T14:33:21.7350627Z Selecting previously unselected package fonts-freefont-ttf.
2026-10-08T14:33:21.7479040Z Preparing to unpack .../1-fonts-freefont-ttf_20211204+svn4273-2_all.deb ...
2026-10-08T14:33:21.7486191Z Unpacking fonts-freefont-ttf (20211204+svn4273-2) ...
2026-10-08T14:33:21.8274728Z Selecting previously unselected package fonts-tlwg-loma-otf.
2026-10-08T14:33:21.8404633Z Preparing to unpack .../2-fonts-tlwg-loma-otf_1%3a0.7.3-1_all.deb ...
2026-10-08T14:33:21.8412133Z Unpacking fonts-tlwg-loma-otf (1:0.7.3-1) ...
2026-10-08T14:33:21.8616499Z Selecting previously unselected package fonts-unifont.
2026-10-08T14:33:21.8744999Z Preparing to unpack .../3-fonts-unifont_1%3a15.1.01-1build1_all.deb ...
2026-10-08T14:33:21.8753630Z Unpacking fonts-unifont (1:15.1.01-1build1) ...
2026-10-08T14:33:21.9932659Z Selecting previously unselected package fonts-wqy-zenhei.
2026-10-08T14:33:22.0093716Z Preparing to unpack .../4-fonts-wqy-zenhei_0.9.45-8_all.deb ...
2026-10-08T14:33:22.0195491Z Unpacking fonts-wqy-zenhei (0.9.45-8) ...
2026-10-08T14:33:22.5282939Z Preparing to unpack .../5-libfreetype6_2.13.2+dfsg-1ubuntu0.2_amd64.deb ...
2026-10-08T14:33:22.5325452Z Unpacking libfreetype6:amd64 (2.13.2+dfsg-1ubuntu0.2) over (2.13.2+dfsg-1ubuntu0.1) ...
2026-10-08T14:33:22.5625122Z Selecting previously unselected package xfonts-encodings.
2026-10-08T14:33:22.5753480Z Preparing to unpack .../6-xfonts-encodings_1%3a1.0.5-0ubuntu2_all.deb ...
2026-10-08T14:33:22.5761345Z Unpacking xfonts-encodings (1:1.0.5-0ubuntu2) ...
2026-10-08T14:33:22.6069125Z Selecting previously unselected package xfonts-utils.
2026-10-08T14:33:22.6204472Z Preparing to unpack .../7-xfonts-utils_1%3a7.7+6build3_amd64.deb ...
2026-10-08T14:33:22.6212612Z Unpacking xfonts-utils (1:7.7+6build3) ...
2026-10-08T14:33:22.7048178Z Selecting previously unselected package xfonts-cyrillic.
2026-10-08T14:33:22.7177974Z Preparing to unpack .../8-xfonts-cyrillic_1%3a1.0.5+nmu1_all.deb ...
2026-10-08T14:33:22.7186274Z Unpacking xfonts-cyrillic (1:1.0.5+nmu1) ...
2026-10-08T14:33:22.7628933Z Selecting previously unselected package xfonts-scalable.
2026-10-08T14:33:22.7768709Z Preparing to unpack .../9-xfonts-scalable_1%3a1.0.3-1.3_all.deb ...
2026-10-08T14:33:22.7793914Z Unpacking xfonts-scalable (1:1.0.3-1.3) ...
2026-10-08T14:33:22.8450508Z Setting up fonts-wqy-zenhei (0.9.45-8) ...
2026-10-08T14:33:23.7813688Z Setting up fonts-freefont-ttf (20211204+svn4273-2) ...
2026-10-08T14:33:23.8476719Z Setting up fonts-tlwg-loma-otf (1:0.7.3-1) ...
2026-10-08T14:33:23.8499228Z Setting up libfreetype6:amd64 (2.13.2+dfsg-1ubuntu0.2) ...
2026-10-08T14:33:23.8520730Z Setting up xfonts-encodings (1:1.0.5-0ubuntu2) ...
2026-10-08T14:33:23.8543453Z Setting up fonts-ipafont-gothic (00303-21ubuntu1) ...
2026-10-08T14:33:23.8614332Z update-alternatives: using /usr/share/fonts/opentype/ipafont-gothic/ipag.ttf to provide /usr/share/fonts/truetype/fonts-japanese-gothic.ttf (fonts-japanese-gothic.ttf) in auto mode
2026-10-08T14:33:23.8631799Z Setting up fonts-unifont (1:15.1.01-1build1) ...
2026-10-08T14:33:23.8652593Z Setting up xfonts-utils (1:7.7+6build3) ...
2026-10-08T14:33:23.8698137Z Setting up xfonts-cyrillic (1:1.0.5+nmu1) ...
2026-10-08T14:33:23.9038120Z Setting up xfonts-scalable (1:1.0.3-1.3) ...
2026-10-08T14:33:23.9362199Z Processing triggers for libc-bin (2.39-0ubuntu8.9) ...
2026-10-08T14:33:24.0074467Z Processing triggers for man-db (2.12.0-4build2) ...
2026-10-08T14:33:24.0096730Z Not building database; man-db/auto-update is not 'true'.
2026-10-08T14:33:24.0112217Z Processing triggers for fontconfig (2.15.0-1.1ubuntu2) ...
2026-10-08T14:33:24.8273016Z 
2026-10-08T14:33:24.8273906Z Running kernel seems to be up-to-date.
2026-10-08T14:33:24.8274338Z 
2026-10-08T14:33:24.8274464Z Restarting services...
2026-10-08T14:33:24.8354314Z  systemctl restart php8.3-fpm.service
2026-10-08T14:33:24.9418033Z 
2026-10-08T14:33:24.9419379Z No containers need to be restarted.
2026-10-08T14:33:24.9419844Z 
2026-10-08T14:33:24.9442759Z No user sessions are running outdated binaries.
2026-10-08T14:33:24.9443180Z 
2026-10-08T14:33:24.9443541Z No VM guests are running outdated hypervisor (qemu) binaries on this host.
2026-10-08T14:33:25.9069732Z Downloading Chrome for Testing 151.0.7922.34 (playwright chromium v1234) from https://cdn.playwright.dev/builds/cft/151.0.7922.34/linux64/chrome-linux64.zip
2026-10-08T14:33:26.9478688Z |                                                                                |   0% of 184.3 MiB
2026-10-08T14:33:27.0969816Z |■■■■■■■■                                                                        |  10% of 184.3 MiB
2026-10-08T14:33:27.2287187Z |■■■■■■■■■■■■■■■■                                                                |  20% of 184.3 MiB
2026-10-08T14:33:27.3352979Z |■■■■■■■■■■■■■■■■■■■■■■■■                                                        |  30% of 184.3 MiB
2026-10-08T14:33:27.4798217Z |■■■■■■■■■■■■■■■■■■■■■■■■■■■■■■■■                                                |  40% of 184.3 MiB
2026-10-08T14:33:27.6039356Z |■■■■■■■■■■■■■■■■■■■■■■■■■■■■■■■■■■■■■■■■                                        |  50% of 184.3 MiB
2026-10-08T14:33:27.7601124Z |■■■■■■■■■■■■■■■■■■■■■■■■■■■■■■■■■■■■■■■■■■■■■■■■                                |  60% of 184.3 MiB
2026-10-08T14:33:27.8932694Z |■■■■■■■■■■■■■■■■■■■■■■■■■■■■■■■■■■■■■■■■■■■■■■■■■■■■■■■■                        |  70% of 184.3 MiB
2026-10-08T14:33:28.0429717Z |■■■■■■■■■■■■■■■■■■■■■■■■■■■■■■■■■■■■■■■■■■■■■■■■■■■■■■■■■■■■■■■■                |  80% of 184.3 MiB
2026-10-08T14:33:28.2029030Z |■■■■■■■■■■■■■■■■■■■■■■■■■■■■■■■■■■■■■■■■■■■■■■■■■■■■■■■■■■■■■■■■■■■■■■■■        |  90% of 184.3 MiB
2026-10-08T14:33:28.3334072Z |■■■■■■■■■■■■■■■■■■■■■■■■■■■■■■■■■■■■■■■■■■■■■■■■■■■■■■■■■■■■■■■■■■■■■■■■■■■■■■■■| 100% of 184.3 MiB
2026-10-08T14:33:31.0769349Z Chrome for Testing 151.0.7922.34 (playwright chromium v1234) downloaded to /home/runner/.cache/ms-playwright/chromium-1234
2026-10-08T14:33:31.0774366Z Downloading FFmpeg (playwright ffmpeg v1011) from https://cdn.playwright.dev/dbazure/download/playwright/builds/ffmpeg/1011/ffmpeg-linux.zip
2026-10-08T14:33:32.0506203Z |                                                                                |   0% of 2.3 MiB
2026-10-08T14:33:32.0548435Z |■■■■■■■■                                                                        |  10% of 2.3 MiB
2026-10-08T14:33:32.0570830Z |■■■■■■■■■■■■■■■■                                                                |  20% of 2.3 MiB
2026-10-08T14:33:32.0584063Z |■■■■■■■■■■■■■■■■■■■■■■■■                                                        |  30% of 2.3 MiB
2026-10-08T14:33:32.0600853Z |■■■■■■■■■■■■■■■■■■■■■■■■■■■■■■■■                                                |  40% of 2.3 MiB
2026-10-08T14:33:32.0612099Z |■■■■■■■■■■■■■■■■■■■■■■■■■■■■■■■■■■■■■■■■                                        |  50% of 2.3 MiB
2026-10-08T14:33:32.0624610Z |■■■■■■■■■■■■■■■■■■■■■■■■■■■■■■■■■■■■■■■■■■■■■■■■                                |  60% of 2.3 MiB
2026-10-08T14:33:32.0636166Z |■■■■■■■■■■■■■■■■■■■■■■■■■■■■■■■■■■■■■■■■■■■■■■■■■■■■■■■■                        |  70% of 2.3 MiB
2026-10-08T14:33:32.0651235Z |■■■■■■■■■■■■■■■■■■■■■■■■■■■■■■■■■■■■■■■■■■■■■■■■■■■■■■■■■■■■■■■■                |  80% of 2.3 MiB
2026-10-08T14:33:32.0666486Z |■■■■■■■■■■■■■■■■■■■■■■■■■■■■■■■■■■■■■■■■■■■■■■■■■■■■■■■■■■■■■■■■■■■■■■■■        |  90% of 2.3 MiB
2026-10-08T14:33:32.0676410Z |■■■■■■■■■■■■■■■■■■■■■■■■■■■■■■■■■■■■■■■■■■■■■■■■■■■■■■■■■■■■■■■■■■■■■■■■■■■■■■■■| 100% of 2.3 MiB
2026-10-08T14:33:32.1295866Z FFmpeg (playwright ffmpeg v1011) downloaded to /home/runner/.cache/ms-playwright/ffmpeg-1011
2026-10-08T14:33:32.1299522Z Downloading Chrome Headless Shell 151.0.7922.34 (playwright chromium-headless-shell v1234) from https://cdn.playwright.dev/builds/cft/151.0.7922.34/linux64/chrome-headless-shell-linux64.zip
2026-10-08T14:33:33.2451918Z |                                                                                |   0% of 114.7 MiB
2026-10-08T14:33:33.3577821Z |■■■■■■■■                                                                        |  10% of 114.7 MiB
2026-10-08T14:33:33.4248763Z |■■■■■■■■■■■■■■■■                                                                |  20% of 114.7 MiB
2026-10-08T14:33:33.5125878Z |■■■■■■■■■■■■■■■■■■■■■■■■                                                        |  30% of 114.7 MiB
2026-10-08T14:33:33.5926219Z |■■■■■■■■■■■■■■■■■■■■■■■■■■■■■■■■                                                |  40% of 114.7 MiB
2026-10-08T14:33:33.6695451Z |■■■■■■■■■■■■■■■■■■■■■■■■■■■■■■■■■■■■■■■■                                        |  50% of 114.7 MiB
2026-10-08T14:33:33.7527052Z |■■■■■■■■■■■■■■■■■■■■■■■■■■■■■■■■■■■■■■■■■■■■■■■■                                |  60% of 114.7 MiB
2026-10-08T14:33:33.8257113Z |■■■■■■■■■■■■■■■■■■■■■■■■■■■■■■■■■■■■■■■■■■■■■■■■■■■■■■■■                        |  70% of 114.7 MiB
2026-10-08T14:33:33.8814952Z |■■■■■■■■■■■■■■■■■■■■■■■■■■■■■■■■■■■■■■■■■■■■■■■■■■■■■■■■■■■■■■■■                |  80% of 114.7 MiB
2026-10-08T14:33:33.9715838Z |■■■■■■■■■■■■■■■■■■■■■■■■■■■■■■■■■■■■■■■■■■■■■■■■■■■■■■■■■■■■■■■■■■■■■■■■        |  90% of 114.7 MiB
2026-10-08T14:33:34.0603736Z |■■■■■■■■■■■■■■■■■■■■■■■■■■■■■■■■■■■■■■■■■■■■■■■■■■■■■■■■■■■■■■■■■■■■■■■■■■■■■■■■| 100% of 114.7 MiB
2026-10-08T14:33:36.0206428Z Chrome Headless Shell 151.0.7922.34 (playwright chromium-headless-shell v1234) downloaded to /home/runner/.cache/ms-playwright/chromium_headless_shell-1234
2026-10-08T14:33:36.0454940Z ##[group]Run npm test
2026-10-08T14:33:36.0455215Z [36;1mnpm test[0m
2026-10-08T14:33:36.0517526Z shell: /usr/bin/bash -e {0}
2026-10-08T14:33:36.0517808Z ##[endgroup]
2026-10-08T14:33:36.2102269Z 
2026-10-08T14:33:36.2103141Z > test
2026-10-08T14:33:36.2103596Z > node --test tests/*.test.mjs
2026-10-08T14:33:36.2104351Z 
2026-10-08T14:33:36.2682763Z TAP version 13
2026-10-08T14:33:38.7641214Z # Subtest: the actual WASM watch exposes operable cells, actions, and complete readings
2026-10-08T14:33:38.7719977Z ok 1 - the actual WASM watch exposes operable cells, actions, and complete readings
2026-10-08T14:33:38.7743216Z   ---
2026-10-08T14:33:38.7755741Z   duration_ms: 1712.987142
2026-10-08T14:33:38.7756427Z   type: 'test'
2026-10-08T14:33:38.7756933Z   ...
2026-10-08T14:33:39.4017854Z # Subtest: Tab, Enter, Space, arrows and shortcuts share one turn path
2026-10-08T14:33:39.4032893Z ok 2 - Tab, Enter, Space, arrows and shortcuts share one turn path
2026-10-08T14:33:39.4052596Z   ---
2026-10-08T14:33:39.4053137Z   duration_ms: 636.233152
2026-10-08T14:33:39.4053749Z   type: 'test'
2026-10-08T14:33:39.4054191Z   ...
2026-10-08T14:33:39.9351518Z # Subtest: unavailable actions and modified/repeated shortcuts do not spend a tide
2026-10-08T14:33:39.9353285Z ok 3 - unavailable actions and modified/repeated shortcuts do not spend a tide
2026-10-08T14:33:39.9354423Z   ---
2026-10-08T14:33:39.9354949Z   duration_ms: 537.322447
2026-10-08T14:33:39.9355502Z   type: 'test'
2026-10-08T14:33:39.9355988Z   ...
2026-10-08T14:33:42.7001046Z # Subtest: a player can finish all fourteen tides using only semantic controls and reset
2026-10-08T14:33:42.7002821Z ok 4 - a player can finish all fourteen tides using only semantic controls and reset
2026-10-08T14:33:42.7003942Z   ---
2026-10-08T14:33:42.7004540Z   duration_ms: 2765.909459
2026-10-08T14:33:42.7005247Z   type: 'test'
2026-10-08T14:33:42.7005816Z   ...
2026-10-08T14:33:43.2646445Z # Subtest: phone touch targets follow the canvas with separated notes and actions
2026-10-08T14:33:43.2651113Z ok 5 - phone touch targets follow the canvas with separated notes and actions
2026-10-08T14:33:43.2656610Z   ---
2026-10-08T14:33:43.2661974Z   duration_ms: 560.567104
2026-10-08T14:33:43.2662926Z   type: 'test'
2026-10-08T14:33:43.2663367Z   ...
2026-10-08T14:33:43.6118495Z # Subtest: failed WASM startup leaves an understandable error and no active controls
2026-10-08T14:33:43.6139723Z ok 6 - failed WASM startup leaves an understandable error and no active controls
2026-10-08T14:33:43.6158222Z   ---
2026-10-08T14:33:43.6158695Z   duration_ms: 345.401206
2026-10-08T14:33:43.6159269Z   type: 'test'
2026-10-08T14:33:43.6159689Z   ...
2026-10-08T14:33:43.9361940Z # Subtest: the journal preserves complete real WASM reports and all three cells across later choices
2026-10-08T14:33:43.9370310Z ok 7 - the journal preserves complete real WASM reports and all three cells across later choices
2026-10-08T14:33:43.9371264Z   ---
2026-10-08T14:33:43.9381730Z   duration_ms: 2553.724095
2026-10-08T14:33:43.9382465Z   type: 'test'
2026-10-08T14:33:43.9382850Z   ...
2026-10-08T14:33:43.9383576Z # Subtest: unavailable choices create no journal entry and journal keyboard reading spends no tide
2026-10-08T14:33:43.9384855Z ok 8 - unavailable choices create no journal entry and journal keyboard reading spends no tide
2026-10-08T14:33:43.9385767Z   ---
2026-10-08T14:33:43.9386094Z   duration_ms: 725.943544
2026-10-08T14:33:43.9386502Z   type: 'test'
2026-10-08T14:33:43.9386841Z   ...
2026-10-08T14:33:43.9387695Z # Subtest: all fourteen native tides remain reviewable with an exact final recap, then reset starts a fresh journal
2026-10-08T14:33:43.9389083Z ok 9 - all fourteen native tides remain reviewable with an exact final recap, then reset starts a fresh journal
2026-10-08T14:33:43.9389945Z   ---
2026-10-08T14:33:43.9390257Z   duration_ms: 2096.655426
2026-10-08T14:33:43.9390635Z   type: 'test'
2026-10-08T14:33:43.9390936Z   ...
2026-10-08T14:33:43.9392234Z # Subtest: phone readers can expand every note and cell without horizontal overflow
2026-10-08T14:33:43.9393338Z ok 10 - phone readers can expand every note and cell without horizontal overflow
2026-10-08T14:33:43.9394164Z   ---
2026-10-08T14:33:43.9394511Z   duration_ms: 814.809311
2026-10-08T14:33:43.9395092Z   type: 'test'
2026-10-08T14:33:43.9395696Z   ...
2026-10-08T14:33:43.9396278Z # Subtest: a failed simulation startup offers no fabricated watch history
2026-10-08T14:33:43.9397199Z ok 11 - a failed simulation startup offers no fabricated watch history
2026-10-08T14:33:43.9397903Z   ---
2026-10-08T14:33:43.9398223Z   duration_ms: 362.482334
2026-10-08T14:33:43.9399039Z   type: 'test'
2026-10-08T14:33:43.9399437Z   ...
2026-10-08T14:33:43.9400165Z # Subtest: an accepted native replay restores its full history, and a missing tide cannot replace it
2026-10-08T14:33:43.9401510Z ok 12 - an accepted native replay restores its full history, and a missing tide cannot replace it
2026-10-08T14:33:43.9402558Z   ---
2026-10-08T14:33:43.9402883Z   duration_ms: 395.317277
2026-10-08T14:33:43.9403267Z   type: 'test'
2026-10-08T14:33:43.9403597Z   ...
2026-10-08T14:33:44.3156309Z # Subtest: Reset reviews replacement before changing a native watch; cancel retains exact saved state and journal
2026-10-08T14:33:44.3193237Z ok 13 - Reset reviews replacement before changing a native watch; cancel retains exact saved state and journal
2026-10-08T14:33:44.3201066Z   ---
2026-10-08T14:33:44.3219719Z   duration_ms: 3015.73065
2026-10-08T14:33:44.3220499Z   type: 'test'
2026-10-08T14:33:44.3221094Z   ...
2026-10-08T14:33:44.3222141Z # Subtest: R uses the same review; Escape and the initially focused Enter action keep the watch
2026-10-08T14:33:44.3223287Z ok 14 - R uses the same review; Escape and the initially focused Enter action keep the watch
2026-10-08T14:33:44.3224127Z   ---
2026-10-08T14:33:44.3224640Z   duration_ms: 723.028424
2026-10-08T14:33:44.3225203Z   type: 'test'
2026-10-08T14:33:44.3225704Z   ...
2026-10-08T14:33:44.3226485Z # Subtest: confirming starts exactly the native opening and resets the saved journal once
2026-10-08T14:33:44.3227596Z ok 15 - confirming starts exactly the native opening and resets the saved journal once
2026-10-08T14:33:44.3228496Z   ---
2026-10-08T14:33:44.3229012Z   duration_ms: 834.087241
2026-10-08T14:33:44.3229592Z   type: 'test'
2026-10-08T14:33:44.3230079Z   ...
2026-10-08T14:33:44.3230881Z # Subtest: completed fourteen-tide outcome and full history survive a declined new watch
2026-10-08T14:33:44.3232341Z ok 16 - completed fourteen-tide outcome and full history survive a declined new watch
2026-10-08T14:33:44.3233230Z   ---
2026-10-08T14:33:44.3233907Z   duration_ms: 1701.002
2026-10-08T14:33:44.3234445Z   type: 'test'
2026-10-08T14:33:44.3234933Z   ...
2026-10-08T14:33:44.3235657Z # Subtest: phone touch can cancel then deliberately confirm without horizontal overflow
2026-10-08T14:33:44.3236813Z ok 17 - phone touch can cancel then deliberately confirm without horizontal overflow
2026-10-08T14:33:44.3237645Z   ---
2026-10-08T14:33:44.3238197Z   duration_ms: 1068.945568
2026-10-08T14:33:44.3238810Z   type: 'test'
2026-10-08T14:33:44.3239369Z   ...
2026-10-08T14:33:45.2623004Z # Subtest: the review blocks background game controls and ignores their keyboard shortcuts
2026-10-08T14:33:45.2667140Z ok 18 - the review blocks background game controls and ignores their keyboard shortcuts
2026-10-08T14:33:45.2712585Z   ---
2026-10-08T14:33:45.2725042Z   duration_ms: 946.71912
2026-10-08T14:33:45.2753371Z   type: 'test'
2026-10-08T14:33:45.2782459Z   ...
2026-10-08T14:33:46.5343564Z # Subtest: a saved-watch change from another tab invalidates an already open replacement review
2026-10-08T14:33:46.5469840Z ok 19 - a saved-watch change from another tab invalidates an already open replacement review
2026-10-08T14:33:46.5470833Z   ---
2026-10-08T14:33:46.5485281Z   duration_ms: 1274.614143
2026-10-08T14:33:46.5499979Z   type: 'test'
2026-10-08T14:33:46.5538376Z   ...
2026-10-08T14:33:47.5606208Z # Subtest: unavailable browser storage still lets the player decline then explicitly start a fresh watch
2026-10-08T14:33:47.5693289Z ok 20 - unavailable browser storage still lets the player decline then explicitly start a fresh watch
2026-10-08T14:33:47.5694279Z   ---
2026-10-08T14:33:47.5733858Z   duration_ms: 1027.998232
2026-10-08T14:33:47.5742737Z   type: 'test'
2026-10-08T14:33:47.5745758Z   ...
2026-10-08T14:33:48.3413750Z # Subtest: modified or held R and R while reading the journal remain inert
2026-10-08T14:33:48.3421216Z ok 21 - modified or held R and R while reading the journal remain inert
2026-10-08T14:33:48.3422368Z   ---
2026-10-08T14:33:48.3423058Z   duration_ms: 779.648035
2026-10-08T14:33:48.3423638Z   type: 'test'
2026-10-08T14:33:48.3424152Z   ...
2026-10-08T14:33:49.1483120Z # Subtest: ordinary actions still advance exactly the existing native simulation
2026-10-08T14:33:49.1512894Z ok 22 - ordinary actions still advance exactly the existing native simulation
2026-10-08T14:33:49.1542334Z   ---
2026-10-08T14:33:49.1558402Z   duration_ms: 737.541061
2026-10-08T14:33:49.1561318Z   type: 'test'
2026-10-08T14:33:49.1562251Z   ...
2026-10-08T14:33:50.4149761Z # Subtest: the assembled offline file preserves a declined watch and saves only an explicitly confirmed new watch
2026-10-08T14:33:50.4186342Z ok 23 - the assembled offline file preserves a declined watch and saves only an explicitly confirmed new watch
2026-10-08T14:33:50.4228948Z   ---
2026-10-08T14:33:50.4254741Z   duration_ms: 1333.017282
2026-10-08T14:33:50.4280005Z   type: 'test'
2026-10-08T14:33:50.4280697Z   ...
2026-10-08T14:33:50.5085470Z # Subtest: a visitor downloads the current game and resumes its complete journal offline
2026-10-08T14:33:50.5126208Z ok 24 - a visitor downloads the current game and resumes its complete journal offline
2026-10-08T14:33:50.5148539Z   ---
2026-10-08T14:33:50.5149258Z   duration_ms: 2655.933536
2026-10-08T14:33:50.5149989Z   type: 'test'
2026-10-08T14:33:50.5150678Z   ...
2026-10-08T14:33:50.5151317Z # Subtest: the packaged watch plays and restores its complete journal offline
2026-10-08T14:33:50.5152466Z ok 25 - the packaged watch plays and restores its complete journal offline
2026-10-08T14:33:50.5153114Z   ---
2026-10-08T14:33:50.5153434Z   duration_ms: 1832.22512
2026-10-08T14:33:50.5153822Z   type: 'test'
2026-10-08T14:33:50.5154170Z   ...
2026-10-08T14:33:53.3006374Z # Subtest: a resumed watch reconstructs every earlier native report before accepting the next tide
2026-10-08T14:33:53.3026063Z ok 26 - a resumed watch reconstructs every earlier native report before accepting the next tide
2026-10-08T14:33:53.3027139Z   ---
2026-10-08T14:33:53.3027866Z   duration_ms: 2958.643386
2026-10-08T14:33:53.3028758Z   type: 'test'
2026-10-08T14:33:53.3029264Z   ...
2026-10-08T14:33:53.3030110Z # Subtest: a completed saved watch retains fourteen reports and the actual opening-to-final recap
2026-10-08T14:33:53.3031497Z ok 27 - a completed saved watch retains fourteen reports and the actual opening-to-final recap
2026-10-08T14:33:53.3032904Z   ---
2026-10-08T14:33:53.3033492Z   duration_ms: 2949.673815
2026-10-08T14:33:53.3034102Z   type: 'test'
2026-10-08T14:33:53.3034621Z   ...
2026-10-08T14:33:54.2645967Z # Subtest: failed saving keeps current reports and a successful explicit retry makes the whole journal resumable
2026-10-08T14:33:54.2650767Z ok 28 - failed saving keeps current reports and a successful explicit retry makes the whole journal resumable
2026-10-08T14:33:54.2663437Z   ---
2026-10-08T14:33:54.2664079Z   duration_ms: 964.509519
2026-10-08T14:33:54.2664718Z   type: 'test'
2026-10-08T14:33:54.2665268Z   ...
2026-10-08T14:33:54.9973250Z # Subtest: a save that disagrees with real replay is protected and cannot fabricate a journal
2026-10-08T14:33:54.9990040Z ok 29 - a save that disagrees with real replay is protected and cannot fabricate a journal
2026-10-08T14:33:54.9995443Z   ---
2026-10-08T14:33:54.9997611Z   duration_ms: 732.166168
2026-10-08T14:33:54.9998193Z   type: 'test'
2026-10-08T14:33:54.9998662Z   ...
2026-10-08T14:33:56.1997683Z # Subtest: another tab's saved branch stays authoritative while the local journal can continue unsaved
2026-10-08T14:33:56.2038207Z ok 30 - another tab's saved branch stays authoritative while the local journal can continue unsaved
2026-10-08T14:33:56.2045584Z   ---
2026-10-08T14:33:56.2046326Z   duration_ms: 1201.857863
2026-10-08T14:33:56.2047535Z   type: 'test'
2026-10-08T14:33:56.2048010Z   ...
2026-10-08T14:33:56.2722341Z # Subtest: watch-file replacement rebuilds every native trend value online and in the current offline download
2026-10-08T14:33:56.2727866Z ok 31 - watch-file replacement rebuilds every native trend value online and in the current offline download
2026-10-08T14:33:56.2729035Z   ---
2026-10-08T14:33:56.2729404Z   duration_ms: 2360.926682
2026-10-08T14:33:56.2729813Z   type: 'test'
2026-10-08T14:33:56.2730142Z   ...
2026-10-08T14:33:57.0838084Z # Subtest: a real download transfers the exact partial watch and journal into another browser only after confirmation
2026-10-08T14:33:57.0934960Z ok 32 - a real download transfers the exact partial watch and journal into another browser only after confirmation
2026-10-08T14:33:57.0973902Z   ---
2026-10-08T14:33:57.1015836Z   duration_ms: 2086.931693
2026-10-08T14:33:57.1024973Z   type: 'test'
2026-10-08T14:33:57.1055756Z   ...
2026-10-08T14:33:57.1062728Z # Subtest: a complete native watch and journal transfer through the offline HTML without external requests
2026-10-08T14:33:57.1082257Z ok 33 - a complete native watch and journal transfer through the offline HTML without external requests
2026-10-08T14:33:57.1091006Z   ---
2026-10-08T14:33:57.1091903Z   duration_ms: 1474.690727
2026-10-08T14:33:57.1092565Z   type: 'test'
2026-10-08T14:33:57.1093092Z   ...
2026-10-08T14:33:57.1093935Z # Subtest: late file reads cannot replace subsequent play, selection, reset or a newer file preview
2026-10-08T14:33:57.1098216Z ok 34 - late file reads cannot replace subsequent play, selection, reset or a newer file preview
2026-10-08T14:33:57.1100470Z   ---
2026-10-08T14:33:57.1101218Z   duration_ms: 1314.98037
2026-10-08T14:33:57.1102089Z   type: 'test'
2026-10-08T14:33:57.1102519Z   ...
2026-10-08T14:33:57.1103425Z # Subtest: play and reset invalidate an already visible preview and cancellation keeps the same file reusable
2026-10-08T14:33:57.1104798Z ok 35 - play and reset invalidate an already visible preview and cancellation keeps the same file reusable
2026-10-08T14:33:57.1105801Z   ---
2026-10-08T14:33:57.1106439Z   duration_ms: 1318.926691
2026-10-08T14:33:57.1107361Z   type: 'test'
2026-10-08T14:33:57.1107837Z   ...
2026-10-08T14:33:58.0328728Z # Subtest: invalid or oversized input and failed file reads keep active progress and stored bytes
2026-10-08T14:33:58.0384432Z ok 36 - invalid or oversized input and failed file reads keep active progress and stored bytes
2026-10-08T14:33:58.0432407Z   ---
2026-10-08T14:33:58.0482690Z   duration_ms: 948.781706
2026-10-08T14:33:58.0502760Z   type: 'test'
2026-10-08T14:33:58.0537495Z   ...
2026-10-08T14:33:58.9778200Z # Subtest: an opened but unsaved watch remains exportable and retries without duplicating journal tides
2026-10-08T14:33:58.9786847Z ok 37 - an opened but unsaved watch remains exportable and retries without duplicating journal tides
2026-10-08T14:33:58.9818504Z   ---
2026-10-08T14:33:58.9847638Z   duration_ms: 944.375254
2026-10-08T14:33:58.9940676Z   type: 'test'
2026-10-08T14:33:58.9960634Z   ...
2026-10-08T14:33:59.5179341Z # Subtest: a blocked browser store does not prevent opening, reviewing or downloading a watch
2026-10-08T14:33:59.5192743Z ok 38 - a blocked browser store does not prevent opening, reviewing or downloading a watch
2026-10-08T14:33:59.5204447Z   ---
2026-10-08T14:33:59.5205051Z   duration_ms: 539.952972
2026-10-08T14:33:59.5205827Z   type: 'test'
2026-10-08T14:33:59.5206551Z   ...
2026-10-08T14:34:00.2343139Z # Subtest: a true second-tab write cancels review and only a fresh explicit review can replace it
2026-10-08T14:34:00.2346727Z ok 39 - a true second-tab write cancels review and only a fresh explicit review can replace it
2026-10-08T14:34:00.2347938Z   ---
2026-10-08T14:34:00.2348540Z   duration_ms: 715.514314
2026-10-08T14:34:00.2349210Z   type: 'test'
2026-10-08T14:34:00.2349828Z   ...
2026-10-08T14:34:01.1481892Z # Subtest: phone preview wraps long names, keeps touch targets and supports keyboard confirmation and cancellation
2026-10-08T14:34:01.1487112Z ok 40 - phone preview wraps long names, keeps touch targets and supports keyboard confirmation and cancellation
2026-10-08T14:34:01.1488488Z   ---
2026-10-08T14:34:01.1489097Z   duration_ms: 916.011263
2026-10-08T14:34:01.1489549Z   type: 'test'
2026-10-08T14:34:01.1489927Z   ...
2026-10-08T14:34:02.2479839Z # Subtest: post-adoption display failure reports the opened watch, freezes stale controls and preserves download recovery
2026-10-08T14:34:02.2503148Z ok 41 - post-adoption display failure reports the opened watch, freezes stale controls and preserves download recovery
2026-10-08T14:34:02.2505212Z   ---
2026-10-08T14:34:02.2516057Z   duration_ms: 1096.101395
2026-10-08T14:34:02.2527522Z   type: 'test'
2026-10-08T14:34:02.2528780Z   ...
2026-10-08T14:34:03.3752141Z # Subtest: new-watch Keep and Escape preserve a file preview until deliberate replacement online and offline
2026-10-08T14:34:03.3783076Z ok 42 - new-watch Keep and Escape preserve a file preview until deliberate replacement online and offline
2026-10-08T14:34:03.3784036Z   ---
2026-10-08T14:34:03.3784413Z   duration_ms: 1127.465498
2026-10-08T14:34:03.3784814Z   type: 'test'
2026-10-08T14:34:03.3785137Z   ...
2026-10-08T14:34:03.4366151Z # Subtest: export captures the active unsaved watch without touching storage or replaying a tide
2026-10-08T14:34:03.4367662Z ok 43 - export captures the active unsaved watch without touching storage or replaying a tide
2026-10-08T14:34:03.4368565Z   ---
2026-10-08T14:34:03.4368947Z   duration_ms: 6.109546
2026-10-08T14:34:03.4369394Z   type: 'test'
2026-10-08T14:34:03.4369772Z   ...
2026-10-08T14:34:03.4370727Z # Subtest: preview is read-only and deliberate replacement restores exact state, selection and full journal history
2026-10-08T14:34:03.4372559Z ok 44 - preview is read-only and deliberate replacement restores exact state, selection and full journal history
2026-10-08T14:34:03.4382426Z   ---
2026-10-08T14:34:03.4412547Z   duration_ms: 6.321844
2026-10-08T14:34:03.4420657Z   type: 'test'
2026-10-08T14:34:03.4421268Z   ...
2026-10-08T14:34:03.4422294Z # Subtest: a completed watch carries all fourteen native tides and its outcome
2026-10-08T14:34:03.4423413Z ok 45 - a completed watch carries all fourteen native tides and its outcome
2026-10-08T14:34:03.4424225Z   ---
2026-10-08T14:34:03.4426126Z   duration_ms: 16.065979
2026-10-08T14:34:03.4426792Z   type: 'test'
2026-10-08T14:34:03.4427291Z   ...
2026-10-08T14:34:03.4432482Z # Subtest: invalid, incompatible and tampered files cannot change the active watch or stored bytes
2026-10-08T14:34:03.4433715Z ok 46 - invalid, incompatible and tampered files cannot change the active watch or stored bytes
2026-10-08T14:34:03.4434505Z   ---
2026-10-08T14:34:03.4434829Z   duration_ms: 7.563155
2026-10-08T14:34:03.4435204Z   type: 'test'
2026-10-08T14:34:03.4435523Z   ...
2026-10-08T14:34:03.4436048Z # Subtest: preview and rejected native replay free temporary WASM sessions
2026-10-08T14:34:03.4436926Z ok 47 - preview and rejected native replay free temporary WASM sessions
2026-10-08T14:34:03.4437560Z   ---
2026-10-08T14:34:03.4437894Z   duration_ms: 3.564102
2026-10-08T14:34:03.4438260Z   type: 'test'
2026-10-08T14:34:03.4438586Z   ...
2026-10-08T14:34:03.4439402Z # Subtest: selection, accepted play and reset invalidate confirmation, including reset back to the same opening state
2026-10-08T14:34:03.4440829Z ok 48 - selection, accepted play and reset invalidate confirmation, including reset back to the same opening state
2026-10-08T14:34:03.4441970Z   ---
2026-10-08T14:34:03.4442296Z   duration_ms: 2.993218
2026-10-08T14:34:03.4442672Z   type: 'test'
2026-10-08T14:34:03.4443004Z   ...
2026-10-08T14:34:03.4444102Z # Subtest: cancel, an older preview and a lookalike object cannot authorize replacement
2026-10-08T14:34:03.4445152Z ok 49 - cancel, an older preview and a lookalike object cannot authorize replacement
2026-10-08T14:34:03.4476969Z   ---
2026-10-08T14:34:03.4477367Z   duration_ms: 1.457891
2026-10-08T14:34:03.4478162Z   type: 'test'
2026-10-08T14:34:03.4478488Z   ...
2026-10-08T14:34:03.4479138Z # Subtest: another tab changing storage during review prevents both active and stored replacement
2026-10-08T14:34:03.4480249Z ok 50 - another tab changing storage during review prevents both active and stored replacement
2026-10-08T14:34:03.4481000Z   ---
2026-10-08T14:34:03.4481319Z   duration_ms: 1.565373
2026-10-08T14:34:03.4487743Z   type: 'test'
2026-10-08T14:34:03.4488080Z   ...
2026-10-08T14:34:03.4488723Z # Subtest: a protected save is kept through preview and replaced only by explicit confirmation
2026-10-08T14:34:03.4489809Z ok 51 - a protected save is kept through preview and replaced only by explicit confirmation
2026-10-08T14:34:03.4490532Z   ---
2026-10-08T14:34:03.4490840Z   duration_ms: 0.98159
2026-10-08T14:34:03.4491200Z   type: 'test'
2026-10-08T14:34:03.4491751Z   ...
2026-10-08T14:34:03.4492430Z # Subtest: quota or unreadable storage retains prior bytes while the opened watch can still be exported
2026-10-08T14:34:03.4493701Z ok 52 - quota or unreadable storage retains prior bytes while the opened watch can still be exported
2026-10-08T14:34:03.4499271Z   ---
2026-10-08T14:34:03.4499619Z   duration_ms: 2.106156
2026-10-08T14:34:03.4500011Z   type: 'test'
2026-10-08T14:34:03.4500374Z   ...
2026-10-08T14:34:03.4501153Z # Subtest: storage unknown during preview is never silently replaced when it becomes readable
2026-10-08T14:34:03.4502492Z ok 53 - storage unknown during preview is never silently replaced when it becomes readable
2026-10-08T14:34:03.4503276Z   ---
2026-10-08T14:34:03.4503605Z   duration_ms: 4.42528
2026-10-08T14:34:03.4503987Z   type: 'test'
2026-10-08T14:34:03.4504324Z   ...
2026-10-08T14:34:03.4504879Z # Subtest: existing journal replay remains read-only and includes every native tide
2026-10-08T14:34:03.4505783Z ok 54 - existing journal replay remains read-only and includes every native tide
2026-10-08T14:34:03.4506447Z   ---
2026-10-08T14:34:03.4506766Z   duration_ms: 1.284857
2026-10-08T14:34:03.4507147Z   type: 'test'
2026-10-08T14:34:03.4507472Z   ...
2026-10-08T14:34:03.4508083Z # Subtest: existing two-tab protection still keeps the other watch when no file is opened
2026-10-08T14:34:03.4508779Z ok 55 - existing two-tab protection still keeps the other watch when no file is opened
2026-10-08T14:34:03.4512194Z   ---
2026-10-08T14:34:03.4512506Z   duration_ms: 1.189248
2026-10-08T14:34:03.4512847Z   type: 'test'
2026-10-08T14:34:03.4513154Z   ...
2026-10-08T14:34:03.4513780Z # Subtest: closing and reopening the page resumes the same native watch and selected cell
2026-10-08T14:34:03.4514815Z ok 56 - closing and reopening the page resumes the same native watch and selected cell
2026-10-08T14:34:03.4515530Z   ---
2026-10-08T14:34:03.4515865Z   duration_ms: 1335.480486
2026-10-08T14:34:03.4516248Z   type: 'test'
2026-10-08T14:34:03.4516566Z   ...
2026-10-08T14:34:03.4517136Z # Subtest: a fourteen-tide ending survives reload and explicit reset stores a fresh watch
2026-10-08T14:34:03.4518081Z ok 57 - a fourteen-tide ending survives reload and explicit reset stores a fresh watch
2026-10-08T14:34:03.4518690Z   ---
2026-10-08T14:34:03.4518895Z   duration_ms: 1631.707713
2026-10-08T14:34:03.4519147Z   type: 'test'
2026-10-08T14:34:03.4519382Z   ...
2026-10-08T14:34:03.4519658Z # Subtest: unavailable actions leave the saved history unchanged
2026-10-08T14:34:03.4520271Z ok 58 - unavailable actions leave the saved history unchanged
2026-10-08T14:34:03.4520673Z   ---
2026-10-08T14:34:03.4521015Z   duration_ms: 617.79715
2026-10-08T14:34:03.4521403Z   type: 'test'
2026-10-08T14:34:03.4521955Z   ...
2026-10-08T14:34:03.4522710Z # Subtest: failed replay preserves saved data while play continues until an explicit reset
2026-10-08T14:34:03.4523818Z ok 59 - failed replay preserves saved data while play continues until an explicit reset
2026-10-08T14:34:03.4524572Z   ---
2026-10-08T14:34:03.4524898Z   duration_ms: 1815.554887
2026-10-08T14:34:03.4525290Z   type: 'test'
2026-10-08T14:34:03.4525919Z   ...
2026-10-08T14:34:03.4526539Z # Subtest: quota failure retains the running tide and the visible retry saves without advancing it
2026-10-08T14:34:03.4527217Z ok 60 - quota failure retains the running tide and the visible retry saves without advancing it
2026-10-08T14:34:03.4527648Z   ---
2026-10-08T14:34:03.4527839Z   duration_ms: 763.222407
2026-10-08T14:34:03.4528068Z   type: 'test'
2026-10-08T14:34:03.4528257Z   ...
2026-10-08T14:34:03.4528587Z # Subtest: a blocked storage getter still allows a playable watch and later save retry
2026-10-08T14:34:03.4529163Z ok 61 - a blocked storage getter still allows a playable watch and later save retry
2026-10-08T14:34:03.4529564Z   ---
2026-10-08T14:34:03.4529768Z   duration_ms: 488.429954
2026-10-08T14:34:03.4529994Z   type: 'test'
2026-10-08T14:34:03.4530181Z   ...
2026-10-08T14:34:03.4530495Z # Subtest: two tabs detect divergent storage and do not overwrite the other watch
2026-10-08T14:34:03.4531011Z ok 62 - two tabs detect divergent storage and do not overwrite the other watch
2026-10-08T14:34:03.4531404Z   ---
2026-10-08T14:34:03.4531886Z   duration_ms: 852.812979
2026-10-08T14:34:03.4532125Z   type: 'test'
2026-10-08T14:34:03.4532329Z   ...
2026-10-08T14:34:03.4532613Z # Subtest: failed WASM startup never replaces an existing saved watch
2026-10-08T14:34:03.4533065Z ok 63 - failed WASM startup never replaces an existing saved watch
2026-10-08T14:34:03.4533411Z   ---
2026-10-08T14:34:03.4533598Z   duration_ms: 538.03785
2026-10-08T14:34:03.4533832Z   type: 'test'
2026-10-08T14:34:03.4534022Z   ...
2026-10-08T14:34:03.4534291Z # Subtest: the save revision pins the actual shipped WASM bytes
2026-10-08T14:34:03.4534711Z ok 64 - the save revision pins the actual shipped WASM bytes
2026-10-08T14:34:03.4535023Z   ---
2026-10-08T14:34:03.4535209Z   duration_ms: 3.938504
2026-10-08T14:34:03.4535429Z   type: 'test'
2026-10-08T14:34:03.4535611Z   ...
2026-10-08T14:34:03.4535905Z # Subtest: a new watch does not write until the player chooses a cell or tide
2026-10-08T14:34:03.4536406Z ok 65 - a new watch does not write until the player chooses a cell or tide
2026-10-08T14:34:03.4536760Z   ---
2026-10-08T14:34:03.4536943Z   duration_ms: 5.590941
2026-10-08T14:34:03.4537172Z   type: 'test'
2026-10-08T14:34:03.4537355Z   ...
2026-10-08T14:34:03.4537756Z # Subtest: reload replays actual accepted tides and restores the exact complete state and selection
2026-10-08T14:34:03.4538401Z ok 66 - reload replays actual accepted tides and restores the exact complete state and selection
2026-10-08T14:34:03.4538839Z   ---
2026-10-08T14:34:03.4539024Z   duration_ms: 4.769993
2026-10-08T14:34:03.4539236Z   type: 'test'
2026-10-08T14:34:03.4539421Z   ...
2026-10-08T14:34:03.4539733Z # Subtest: a completed fourteen-tide watch and its outcome survive reopening
2026-10-08T14:34:03.4540253Z ok 67 - a completed fourteen-tide watch and its outcome survive reopening
2026-10-08T14:34:03.4540622Z   ---
2026-10-08T14:34:03.4540811Z   duration_ms: 3.963342
2026-10-08T14:34:03.4541027Z   type: 'test'
2026-10-08T14:34:03.4541222Z   ...
2026-10-08T14:34:03.4541774Z # Subtest: refused actions are absent from storage and do not change native state
2026-10-08T14:34:03.4542319Z ok 68 - refused actions are absent from storage and do not change native state
2026-10-08T14:34:03.4542693Z   ---
2026-10-08T14:34:03.4542875Z   duration_ms: 0.714558
2026-10-08T14:34:03.4543094Z   type: 'test'
2026-10-08T14:34:03.4543303Z   ...
2026-10-08T14:34:03.4543636Z # Subtest: explicit reset persists a fresh watch that cannot resurrect the old history
2026-10-08T14:34:03.4544184Z ok 69 - explicit reset persists a fresh watch that cannot resurrect the old history
2026-10-08T14:34:03.4544572Z   ---
2026-10-08T14:34:03.4544959Z   duration_ms: 0.801551
2026-10-08T14:34:03.4545182Z   type: 'test'
2026-10-08T14:34:03.4545365Z   ...
2026-10-08T14:34:03.4545726Z # Subtest: malformed, unsupported, overlong and tampered saves remain byte-for-byte intact
2026-10-08T14:34:03.4546305Z ok 70 - malformed, unsupported, overlong and tampered saves remain byte-for-byte intact
2026-10-08T14:34:03.4546843Z   ---
2026-10-08T14:34:03.4547038Z   duration_ms: 5.754849
2026-10-08T14:34:03.4547253Z   type: 'test'
2026-10-08T14:34:03.4547442Z   ...
2026-10-08T14:34:03.4547856Z # Subtest: failed partial native replay frees its candidate and explicit reset replaces a protected save
2026-10-08T14:34:03.4548541Z ok 71 - failed partial native replay frees its candidate and explicit reset replaces a protected save
2026-10-08T14:34:03.4548996Z   ---
2026-10-08T14:34:03.4549180Z   duration_ms: 1.738025
2026-10-08T14:34:03.4549400Z   type: 'test'
2026-10-08T14:34:03.4549584Z   ...
2026-10-08T14:34:03.4550041Z # Subtest: a storage quota failure keeps play in memory and retry saves exactly once without replaying a tide
2026-10-08T14:34:03.4550736Z ok 72 - a storage quota failure keeps play in memory and retry saves exactly once without replaying a tide
2026-10-08T14:34:03.4551197Z   ---
2026-10-08T14:34:03.4551377Z   duration_ms: 1.666421
2026-10-08T14:34:03.4551918Z   type: 'test'
2026-10-08T14:34:03.4552184Z   ...
2026-10-08T14:34:03.4552545Z # Subtest: an unavailable localStorage getter does not prevent play and can later recover
2026-10-08T14:34:03.4553137Z ok 73 - an unavailable localStorage getter does not prevent play and can later recover
2026-10-08T14:34:03.4553550Z   ---
2026-10-08T14:34:03.4553737Z   duration_ms: 0.867725
2026-10-08T14:34:03.4553955Z   type: 'test'
2026-10-08T14:34:03.4554140Z   ...
2026-10-08T14:34:03.4554494Z # Subtest: retry after unreadable storage never overwrites a previously unknown saved watch
2026-10-08T14:34:03.4555123Z ok 74 - retry after unreadable storage never overwrites a previously unknown saved watch
2026-10-08T14:34:03.4555527Z   ---
2026-10-08T14:34:03.4555712Z   duration_ms: 0.676978
2026-10-08T14:34:03.4555923Z   type: 'test'
2026-10-08T14:34:03.4556107Z   ...
2026-10-08T14:34:03.4556434Z # Subtest: a stale tab detects another saved watch before writing its divergent tide
2026-10-08T14:34:03.4556995Z ok 75 - a stale tab detects another saved watch before writing its divergent tide
2026-10-08T14:34:03.4557371Z   ---
2026-10-08T14:34:03.4557550Z   duration_ms: 1.39895
2026-10-08T14:34:03.4557758Z   type: 'test'
2026-10-08T14:34:03.4557941Z   ...
2026-10-08T14:34:03.4558322Z # Subtest: storage change and clear notifications hold stale writes without mutating the current watch
2026-10-08T14:34:03.4558970Z ok 76 - storage change and clear notifications hold stale writes without mutating the current watch
2026-10-08T14:34:03.4559412Z   ---
2026-10-08T14:34:03.4559587Z   duration_ms: 1.778698
2026-10-08T14:34:03.4559797Z   type: 'test'
2026-10-08T14:34:03.4559976Z   ...
2026-10-08T14:34:03.4560323Z # Subtest: a failed reset write reports the unsaved state and retry cannot restore old actions
2026-10-08T14:34:03.4560906Z ok 77 - a failed reset write reports the unsaved state and retry cannot restore old actions
2026-10-08T14:34:03.4561308Z   ---
2026-10-08T14:34:03.4561489Z   duration_ms: 0.857336
2026-10-08T14:34:03.4562004Z   type: 'test'
2026-10-08T14:34:03.4562199Z   ...
2026-10-08T14:34:03.9762548Z # Subtest: opening trends expose five correctly labelled metrics without inventing a completed tide
2026-10-08T14:34:03.9763987Z ok 78 - opening trends expose five correctly labelled metrics without inventing a completed tide
2026-10-08T14:34:03.9764857Z   ---
2026-10-08T14:34:03.9765185Z   duration_ms: 907.93254
2026-10-08T14:34:03.9765634Z   type: 'test'
2026-10-08T14:34:03.9765939Z   ...
2026-10-08T14:34:03.9766735Z # Subtest: changed real WASM actions produce complete exact tables and separate cell series without changing the watch
2026-10-08T14:34:03.9768549Z ok 79 - changed real WASM actions produce complete exact tables and separate cell series without changing the watch
2026-10-08T14:34:03.9775873Z   ---
2026-10-08T14:34:03.9782246Z   duration_ms: 1955.996573
2026-10-08T14:34:03.9783110Z   type: 'test'
2026-10-08T14:34:03.9783574Z   ...
2026-10-08T14:34:03.9784300Z # Subtest: native keyboard controls retain earlier selection and focus while later tides arrive
2026-10-08T14:34:03.9785856Z ok 80 - native keyboard controls retain earlier selection and focus while later tides arrive
2026-10-08T14:34:03.9786764Z   ---
2026-10-08T14:34:03.9787227Z   duration_ms: 624.975509
2026-10-08T14:34:03.9787738Z   type: 'test'
2026-10-08T14:34:03.9788189Z   ...
2026-10-08T14:34:03.9788922Z # Subtest: selection and refused actions add no trend, and reset starts at the actual opening
2026-10-08T14:34:03.9790079Z ok 81 - selection and refused actions add no trend, and reset starts at the actual opening
2026-10-08T14:34:03.9790895Z   ---
2026-10-08T14:34:03.9791311Z   duration_ms: 793.168077
2026-10-08T14:34:03.9792005Z   type: 'test'
2026-10-08T14:34:03.9792457Z   ...
2026-10-08T14:34:03.9793102Z # Subtest: clicking the chart selects the tide and leaves keyboard focus on its slider
2026-10-08T14:34:03.9794168Z ok 82 - clicking the chart selects the tide and leaves keyboard focus on its slider
2026-10-08T14:34:03.9794969Z   ---
2026-10-08T14:34:03.9795408Z   duration_ms: 607.870133
2026-10-08T14:34:03.9795932Z   type: 'test'
2026-10-08T14:34:03.9796378Z   ...
2026-10-08T14:34:03.9797206Z # Subtest: partial and complete native replay retain the opening, all completed tides and the finished watch
2026-10-08T14:34:03.9798488Z ok 83 - partial and complete native replay retain the opening, all completed tides and the finished watch
2026-10-08T14:34:03.9799360Z   ---
2026-10-08T14:34:03.9799778Z   duration_ms: 1956.824224
2026-10-08T14:34:03.9800257Z   type: 'test'
2026-10-08T14:34:03.9800692Z   ...
2026-10-08T14:34:04.3003548Z # Subtest: invalid journal replay cannot replace an existing trends history
2026-10-08T14:34:04.3004941Z ok 84 - invalid journal replay cannot replace an existing trends history
2026-10-08T14:34:04.3005781Z   ---
2026-10-08T14:34:04.3006220Z   duration_ms: 323.618146
2026-10-08T14:34:04.3006760Z   type: 'test'
2026-10-08T14:34:04.3007185Z   ...
2026-10-08T14:34:04.9742440Z # Subtest: direct-open packaging embeds the same trends and reopens native saved readings offline
2026-10-08T14:34:04.9744219Z ok 85 - direct-open packaging embeds the same trends and reopens native saved readings offline
2026-10-08T14:34:04.9746533Z   ---
2026-10-08T14:34:04.9747202Z   duration_ms: 673.818589
2026-10-08T14:34:04.9747904Z   type: 'test'
2026-10-08T14:34:04.9748379Z   ...
2026-10-08T14:34:05.0254123Z 1..85
2026-10-08T14:34:05.0254477Z # tests 85
2026-10-08T14:34:05.0254746Z # suites 0
2026-10-08T14:34:05.0255030Z # pass 85
2026-10-08T14:34:05.0255313Z # fail 0
2026-10-08T14:34:05.0255572Z # cancelled 0
2026-10-08T14:34:05.0255813Z # skipped 0
2026-10-08T14:34:05.0256101Z # todo 0
2026-10-08T14:34:05.0256456Z # duration_ms 28783.007796
2026-10-08T14:34:05.0510918Z Post job cleanup.
2026-10-08T14:34:05.1405214Z [command]/usr/bin/git version
2026-10-08T14:34:05.1451398Z git version 2.55.0
2026-10-08T14:34:05.1496449Z Temporarily overriding HOME='/home/runner/work/_temp/00898a23-df19-477b-a867-675838a76371' before making global git config changes
2026-10-08T14:34:05.1497836Z Adding repository directory to the temporary git global config as a safe directory
2026-10-08T14:34:05.1503808Z [command]/usr/bin/git config --global --add safe.directory /home/runner/work/longwater-browser-demo/longwater-browser-demo
2026-10-08T14:34:05.1546889Z [command]/usr/bin/git config --local --name-only --get-regexp core\.sshCommand
2026-10-08T14:34:05.1595231Z [command]/usr/bin/git submodule foreach --recursive sh -c "git config --local --name-only --get-regexp 'core\.sshCommand' && git config --local --unset-all 'core.sshCommand' || :"
2026-10-08T14:34:05.1866313Z [command]/usr/bin/git config --local --name-only --get-regexp http\.https\:\/\/github\.com\/\.extraheader
2026-10-08T14:34:05.1898012Z http.https://github.com/.extraheader
2026-10-08T14:34:05.1912040Z [command]/usr/bin/git config --local --unset-all http.https://github.com/.extraheader
2026-10-08T14:34:05.1958390Z [command]/usr/bin/git submodule foreach --recursive sh -c "git config --local --name-only --get-regexp 'http\.https\:\/\/github\.com\/\.extraheader' && git config --local --unset-all 'http.https://github.com/.extraheader' || :"
2026-10-08T14:34:05.2226113Z [command]/usr/bin/git config --local --name-only --get-regexp ^includeIf\.gitdir:
2026-10-08T14:34:05.2273751Z [command]/usr/bin/git submodule foreach --recursive git config --local --show-origin --name-only --get-regexp remote.origin.url
2026-10-08T14:34:05.2728804Z Cleaning up orphan processes
2026-10-08T14:34:05.3175473Z ##[warning]Node.js 20 is deprecated. The following actions target Node.js 20 but are being forced to run on Node.js 24: actions/checkout@11d5960a326750d5838078e36cf38b85af677262. For more information see: https://github.blog/changelog/2025-09-19-deprecation-of-node-20-on-github-actions-runners/
