TAP version 13
# Subtest: the actual WASM watch exposes operable cells, actions, and complete readings
ok 1 - the actual WASM watch exposes operable cells, actions, and complete readings
  ---
  duration_ms: 833.813583
  type: 'test'
  ...
# Subtest: Tab, Enter, Space, arrows and shortcuts share one turn path
ok 2 - Tab, Enter, Space, arrows and shortcuts share one turn path
  ---
  duration_ms: 324.503042
  type: 'test'
  ...
# Subtest: unavailable actions and modified/repeated shortcuts do not spend a tide
ok 3 - unavailable actions and modified/repeated shortcuts do not spend a tide
  ---
  duration_ms: 284.088667
  type: 'test'
  ...
# Subtest: a player can finish all fourteen tides using only semantic controls and reset
ok 4 - a player can finish all fourteen tides using only semantic controls and reset
  ---
  duration_ms: 1132.524042
  type: 'test'
  ...
# Subtest: phone touch targets follow the canvas with separated notes and actions
ok 5 - phone touch targets follow the canvas with separated notes and actions
  ---
  duration_ms: 786.04625
  type: 'test'
  ...
# Subtest: failed WASM startup leaves an understandable error and no active controls
ok 6 - failed WASM startup leaves an understandable error and no active controls
  ---
  duration_ms: 164.355
  type: 'test'
  ...
# Subtest: the journal preserves complete real WASM reports and all three cells across later choices
ok 7 - the journal preserves complete real WASM reports and all three cells across later choices
  ---
  duration_ms: 723.6955
  type: 'test'
  ...
# Subtest: unavailable choices create no journal entry and journal keyboard reading spends no tide
ok 8 - unavailable choices create no journal entry and journal keyboard reading spends no tide
  ---
  duration_ms: 327.9065
  type: 'test'
  ...
# Subtest: all fourteen native tides remain reviewable with an exact final recap, then reset starts a fresh journal
ok 9 - all fourteen native tides remain reviewable with an exact final recap, then reset starts a fresh journal
  ---
  duration_ms: 940.834709
  type: 'test'
  ...
# Subtest: phone readers can expand every note and cell without horizontal overflow
ok 10 - phone readers can expand every note and cell without horizontal overflow
  ---
  duration_ms: 371.284875
  type: 'test'
  ...
# Subtest: a failed simulation startup offers no fabricated watch history
ok 11 - a failed simulation startup offers no fabricated watch history
  ---
  duration_ms: 132.286708
  type: 'test'
  ...
# Subtest: an accepted native replay restores its full history, and a missing tide cannot replace it
ok 12 - an accepted native replay restores its full history, and a missing tide cannot replace it
  ---
  duration_ms: 182.931791
  type: 'test'
  ...
# Subtest: Reset reviews replacement before changing a native watch; cancel retains exact saved state and journal
ok 13 - Reset reviews replacement before changing a native watch; cancel retains exact saved state and journal
  ---
  duration_ms: 816.506584
  type: 'test'
  ...
# Subtest: R uses the same review; Escape and the initially focused Enter action keep the watch
ok 14 - R uses the same review; Escape and the initially focused Enter action keep the watch
  ---
  duration_ms: 345.947
  type: 'test'
  ...
# Subtest: confirming starts exactly the native opening and resets the saved journal once
ok 15 - confirming starts exactly the native opening and resets the saved journal once
  ---
  duration_ms: 433.227292
  type: 'test'
  ...
# Subtest: completed fourteen-tide outcome and full history survive a declined new watch
ok 16 - completed fourteen-tide outcome and full history survive a declined new watch
  ---
  duration_ms: 798.113209
  type: 'test'
  ...
# Subtest: phone touch can cancel then deliberately confirm without horizontal overflow
ok 17 - phone touch can cancel then deliberately confirm without horizontal overflow
  ---
  duration_ms: 530.918334
  type: 'test'
  ...
# Subtest: the review blocks background game controls and ignores their keyboard shortcuts
ok 18 - the review blocks background game controls and ignores their keyboard shortcuts
  ---
  duration_ms: 378.215375
  type: 'test'
  ...
# Subtest: a saved-watch change from another tab invalidates an already open replacement review
ok 19 - a saved-watch change from another tab invalidates an already open replacement review
  ---
  duration_ms: 541.121791
  type: 'test'
  ...
# Subtest: unavailable browser storage still lets the player decline then explicitly start a fresh watch
ok 20 - unavailable browser storage still lets the player decline then explicitly start a fresh watch
  ---
  duration_ms: 424.313125
  type: 'test'
  ...
# Subtest: modified or held R and R while reading the journal remain inert
ok 21 - modified or held R and R while reading the journal remain inert
  ---
  duration_ms: 346.567708
  type: 'test'
  ...
# Subtest: ordinary actions still advance exactly the existing native simulation
ok 22 - ordinary actions still advance exactly the existing native simulation
  ---
  duration_ms: 334.301291
  type: 'test'
  ...
# Subtest: the assembled offline file preserves a declined watch and saves only an explicitly confirmed new watch
ok 23 - the assembled offline file preserves a declined watch and saves only an explicitly confirmed new watch
  ---
  duration_ms: 560.293416
  type: 'test'
  ...
# Subtest: a visitor downloads the current game and resumes its complete journal offline
ok 24 - a visitor downloads the current game and resumes its complete journal offline
  ---
  duration_ms: 1240.286459
  type: 'test'
  ...
# Subtest: the packaged watch plays and restores its complete journal offline
ok 25 - the packaged watch plays and restores its complete journal offline
  ---
  duration_ms: 1154.675666
  type: 'test'
  ...
# Subtest: a resumed watch reconstructs every earlier native report before accepting the next tide
ok 26 - a resumed watch reconstructs every earlier native report before accepting the next tide
  ---
  duration_ms: 2396.753791
  type: 'test'
  ...
# Subtest: a completed saved watch retains fourteen reports and the actual opening-to-final recap
ok 27 - a completed saved watch retains fourteen reports and the actual opening-to-final recap
  ---
  duration_ms: 1291.073875
  type: 'test'
  ...
# Subtest: failed saving keeps current reports and a successful explicit retry makes the whole journal resumable
ok 28 - failed saving keeps current reports and a successful explicit retry makes the whole journal resumable
  ---
  duration_ms: 484.452291
  type: 'test'
  ...
# Subtest: a save that disagrees with real replay is protected and cannot fabricate a journal
ok 29 - a save that disagrees with real replay is protected and cannot fabricate a journal
  ---
  duration_ms: 264.149625
  type: 'test'
  ...
# Subtest: another tab's saved branch stays authoritative while the local journal can continue unsaved
ok 30 - another tab's saved branch stays authoritative while the local journal can continue unsaved
  ---
  duration_ms: 672.284208
  type: 'test'
  ...
# Subtest: partial and completed watch-file adoption rebuilds exact downloadable reports online and offline
ok 31 - partial and completed watch-file adoption rebuilds exact downloadable reports online and offline
  ---
  duration_ms: 1676.487667
  type: 'test'
  ...
# Subtest: watch-file replacement rebuilds every native trend value online and in the current offline download
ok 32 - watch-file replacement rebuilds every native trend value online and in the current offline download
  ---
  duration_ms: 1275.193625
  type: 'test'
  ...
# Subtest: a real download transfers the exact partial watch and journal into another browser only after confirmation
ok 33 - a real download transfers the exact partial watch and journal into another browser only after confirmation
  ---
  duration_ms: 1024.730625
  type: 'test'
  ...
# Subtest: a complete native watch and journal transfer through the offline HTML without external requests
ok 34 - a complete native watch and journal transfer through the offline HTML without external requests
  ---
  duration_ms: 683.346666
  type: 'test'
  ...
# Subtest: late file reads cannot replace subsequent play, selection, reset or a newer file preview
ok 35 - late file reads cannot replace subsequent play, selection, reset or a newer file preview
  ---
  duration_ms: 573.67325
  type: 'test'
  ...
# Subtest: play and reset invalidate an already visible preview and cancellation keeps the same file reusable
ok 36 - play and reset invalidate an already visible preview and cancellation keeps the same file reusable
  ---
  duration_ms: 595.119709
  type: 'test'
  ...
# Subtest: invalid or oversized input and failed file reads keep active progress and stored bytes
ok 37 - invalid or oversized input and failed file reads keep active progress and stored bytes
  ---
  duration_ms: 439.093083
  type: 'test'
  ...
# Subtest: an opened but unsaved watch remains exportable and retries without duplicating journal tides
ok 38 - an opened but unsaved watch remains exportable and retries without duplicating journal tides
  ---
  duration_ms: 592.110125
  type: 'test'
  ...
# Subtest: a blocked browser store does not prevent opening, reviewing or downloading a watch
ok 39 - a blocked browser store does not prevent opening, reviewing or downloading a watch
  ---
  duration_ms: 303.395
  type: 'test'
  ...
# Subtest: a true second-tab write cancels review and only a fresh explicit review can replace it
ok 40 - a true second-tab write cancels review and only a fresh explicit review can replace it
  ---
  duration_ms: 497.418292
  type: 'test'
  ...
# Subtest: phone preview wraps long names, keeps touch targets and supports keyboard confirmation and cancellation
ok 41 - phone preview wraps long names, keeps touch targets and supports keyboard confirmation and cancellation
  ---
  duration_ms: 666.85475
  type: 'test'
  ...
# Subtest: post-adoption display failure reports the opened watch, freezes stale controls and preserves download recovery
ok 42 - post-adoption display failure reports the opened watch, freezes stale controls and preserves download recovery
  ---
  duration_ms: 853.541
  type: 'test'
  ...
# Subtest: new-watch Keep and Escape preserve a file preview until deliberate replacement online and offline
ok 43 - new-watch Keep and Escape preserve a file preview until deliberate replacement online and offline
  ---
  duration_ms: 717.649667
  type: 'test'
  ...
# Subtest: export captures the active unsaved watch without touching storage or replaying a tide
ok 44 - export captures the active unsaved watch without touching storage or replaying a tide
  ---
  duration_ms: 2.509083
  type: 'test'
  ...
# Subtest: preview is read-only and deliberate replacement restores exact state, selection and full journal history
ok 45 - preview is read-only and deliberate replacement restores exact state, selection and full journal history
  ---
  duration_ms: 1.520916
  type: 'test'
  ...
# Subtest: a completed watch carries all fourteen native tides and its outcome
ok 46 - a completed watch carries all fourteen native tides and its outcome
  ---
  duration_ms: 2.576625
  type: 'test'
  ...
# Subtest: invalid, incompatible and tampered files cannot change the active watch or stored bytes
ok 47 - invalid, incompatible and tampered files cannot change the active watch or stored bytes
  ---
  duration_ms: 1.404625
  type: 'test'
  ...
# Subtest: preview and rejected native replay free temporary WASM sessions
ok 48 - preview and rejected native replay free temporary WASM sessions
  ---
  duration_ms: 0.360542
  type: 'test'
  ...
# Subtest: selection, accepted play and reset invalidate confirmation, including reset back to the same opening state
ok 49 - selection, accepted play and reset invalidate confirmation, including reset back to the same opening state
  ---
  duration_ms: 0.537916
  type: 'test'
  ...
# Subtest: cancel, an older preview and a lookalike object cannot authorize replacement
ok 50 - cancel, an older preview and a lookalike object cannot authorize replacement
  ---
  duration_ms: 0.379208
  type: 'test'
  ...
# Subtest: another tab changing storage during review prevents both active and stored replacement
ok 51 - another tab changing storage during review prevents both active and stored replacement
  ---
  duration_ms: 0.4715
  type: 'test'
  ...
# Subtest: a protected save is kept through preview and replaced only by explicit confirmation
ok 52 - a protected save is kept through preview and replaced only by explicit confirmation
  ---
  duration_ms: 0.421083
  type: 'test'
  ...
# Subtest: quota or unreadable storage retains prior bytes while the opened watch can still be exported
ok 53 - quota or unreadable storage retains prior bytes while the opened watch can still be exported
  ---
  duration_ms: 0.500292
  type: 'test'
  ...
# Subtest: storage unknown during preview is never silently replaced when it becomes readable
ok 54 - storage unknown during preview is never silently replaced when it becomes readable
  ---
  duration_ms: 0.296625
  type: 'test'
  ...
# Subtest: existing journal replay remains read-only and includes every native tide
ok 55 - existing journal replay remains read-only and includes every native tide
  ---
  duration_ms: 0.159458
  type: 'test'
  ...
# Subtest: existing two-tab protection still keeps the other watch when no file is opened
ok 56 - existing two-tab protection still keeps the other watch when no file is opened
  ---
  duration_ms: 0.17075
  type: 'test'
  ...
# Subtest: a partial actual watch downloads exact native readings without changing play or saved bytes
ok 57 - a partial actual watch downloads exact native readings without changing play or saved bytes
  ---
  duration_ms: 854.431292
  type: 'test'
  ...
# Subtest: a complete watch retains all fourteen reports and reset cannot export the previous watch
ok 58 - a complete watch retains all fourteen reports and reset cannot export the previous watch
  ---
  duration_ms: 1380.601125
  type: 'test'
  ...
# Subtest: preparation failure preserves the exact watch and allows an explicit successful retry
ok 59 - preparation failure preserves the exact watch and allows an explicit successful retry
  ---
  duration_ms: 401.88425
  type: 'test'
  ...
# Subtest: the direct-open packaged game exposes the same report at phone width
ok 60 - the direct-open packaged game exposes the same report at phone width
  ---
  duration_ms: 722.967833
  type: 'test'
  ...
# Subtest: renderer treats every name and note as literal text and never mutates its inputs
ok 61 - renderer treats every name and note as literal text and never mutates its inputs
  ---
  duration_ms: 222.778209
  type: 'test'
  ...
# Subtest: incomplete or nonfinite snapshots cannot become a successful report
ok 62 - incomplete or nonfinite snapshots cannot become a successful report
  ---
  duration_ms: 0.638416
  type: 'test'
  ...
# Subtest: closing and reopening the page resumes the same native watch and selected cell
ok 63 - closing and reopening the page resumes the same native watch and selected cell
  ---
  duration_ms: 750.401
  type: 'test'
  ...
# Subtest: a fourteen-tide ending survives reload and explicit reset stores a fresh watch
ok 64 - a fourteen-tide ending survives reload and explicit reset stores a fresh watch
  ---
  duration_ms: 575.035084
  type: 'test'
  ...
# Subtest: unavailable actions leave the saved history unchanged
ok 65 - unavailable actions leave the saved history unchanged
  ---
  duration_ms: 285.163167
  type: 'test'
  ...
# Subtest: failed replay preserves saved data while play continues until an explicit reset
ok 66 - failed replay preserves saved data while play continues until an explicit reset
  ---
  duration_ms: 624.029292
  type: 'test'
  ...
# Subtest: quota failure retains the running tide and the visible retry saves without advancing it
ok 67 - quota failure retains the running tide and the visible retry saves without advancing it
  ---
  duration_ms: 308.561333
  type: 'test'
  ...
# Subtest: a blocked storage getter still allows a playable watch and later save retry
ok 68 - a blocked storage getter still allows a playable watch and later save retry
  ---
  duration_ms: 402.545458
  type: 'test'
  ...
# Subtest: two tabs detect divergent storage and do not overwrite the other watch
ok 69 - two tabs detect divergent storage and do not overwrite the other watch
  ---
  duration_ms: 593.299541
  type: 'test'
  ...
# Subtest: failed WASM startup never replaces an existing saved watch
ok 70 - failed WASM startup never replaces an existing saved watch
  ---
  duration_ms: 263.325792
  type: 'test'
  ...
# Subtest: the save revision pins the actual shipped WASM bytes
ok 71 - the save revision pins the actual shipped WASM bytes
  ---
  duration_ms: 1.974917
  type: 'test'
  ...
# Subtest: a new watch does not write until the player chooses a cell or tide
ok 72 - a new watch does not write until the player chooses a cell or tide
  ---
  duration_ms: 1.995375
  type: 'test'
  ...
# Subtest: reload replays actual accepted tides and restores the exact complete state and selection
ok 73 - reload replays actual accepted tides and restores the exact complete state and selection
  ---
  duration_ms: 1.501958
  type: 'test'
  ...
# Subtest: a completed fourteen-tide watch and its outcome survive reopening
ok 74 - a completed fourteen-tide watch and its outcome survive reopening
  ---
  duration_ms: 1.614083
  type: 'test'
  ...
# Subtest: refused actions are absent from storage and do not change native state
ok 75 - refused actions are absent from storage and do not change native state
  ---
  duration_ms: 0.351666
  type: 'test'
  ...
# Subtest: explicit reset persists a fresh watch that cannot resurrect the old history
ok 76 - explicit reset persists a fresh watch that cannot resurrect the old history
  ---
  duration_ms: 1.695125
  type: 'test'
  ...
# Subtest: malformed, unsupported, overlong and tampered saves remain byte-for-byte intact
ok 77 - malformed, unsupported, overlong and tampered saves remain byte-for-byte intact
  ---
  duration_ms: 3.862208
  type: 'test'
  ...
# Subtest: failed partial native replay frees its candidate and explicit reset replaces a protected save
ok 78 - failed partial native replay frees its candidate and explicit reset replaces a protected save
  ---
  duration_ms: 1.260709
  type: 'test'
  ...
# Subtest: a storage quota failure keeps play in memory and retry saves exactly once without replaying a tide
ok 79 - a storage quota failure keeps play in memory and retry saves exactly once without replaying a tide
  ---
  duration_ms: 0.760083
  type: 'test'
  ...
# Subtest: an unavailable localStorage getter does not prevent play and can later recover
ok 80 - an unavailable localStorage getter does not prevent play and can later recover
  ---
  duration_ms: 0.445
  type: 'test'
  ...
# Subtest: retry after unreadable storage never overwrites a previously unknown saved watch
ok 81 - retry after unreadable storage never overwrites a previously unknown saved watch
  ---
  duration_ms: 0.549375
  type: 'test'
  ...
# Subtest: a stale tab detects another saved watch before writing its divergent tide
ok 82 - a stale tab detects another saved watch before writing its divergent tide
  ---
  duration_ms: 0.406584
  type: 'test'
  ...
# Subtest: storage change and clear notifications hold stale writes without mutating the current watch
ok 83 - storage change and clear notifications hold stale writes without mutating the current watch
  ---
  duration_ms: 0.218042
  type: 'test'
  ...
# Subtest: a failed reset write reports the unsaved state and retry cannot restore old actions
ok 84 - a failed reset write reports the unsaved state and retry cannot restore old actions
  ---
  duration_ms: 0.262708
  type: 'test'
  ...
# Subtest: opening trends expose five correctly labelled metrics without inventing a completed tide
ok 85 - opening trends expose five correctly labelled metrics without inventing a completed tide
  ---
  duration_ms: 595.706208
  type: 'test'
  ...
# Subtest: changed real WASM actions produce complete exact tables and separate cell series without changing the watch
ok 86 - changed real WASM actions produce complete exact tables and separate cell series without changing the watch
  ---
  duration_ms: 723.5735
  type: 'test'
  ...
# Subtest: native keyboard controls retain earlier selection and focus while later tides arrive
ok 87 - native keyboard controls retain earlier selection and focus while later tides arrive
  ---
  duration_ms: 367.359416
  type: 'test'
  ...
# Subtest: selection and refused actions add no trend, and reset starts at the actual opening
ok 88 - selection and refused actions add no trend, and reset starts at the actual opening
  ---
  duration_ms: 382.04825
  type: 'test'
  ...
# Subtest: clicking the chart selects the tide and leaves keyboard focus on its slider
ok 89 - clicking the chart selects the tide and leaves keyboard focus on its slider
  ---
  duration_ms: 362.190584
  type: 'test'
  ...
# Subtest: partial and complete native replay retain the opening, all completed tides and the finished watch
ok 90 - partial and complete native replay retain the opening, all completed tides and the finished watch
  ---
  duration_ms: 996.333084
  type: 'test'
  ...
# Subtest: invalid journal replay cannot replace an existing trends history
ok 91 - invalid journal replay cannot replace an existing trends history
  ---
  duration_ms: 258.123833
  type: 'test'
  ...
# Subtest: direct-open packaging embeds the same trends and reopens native saved readings offline
ok 92 - direct-open packaging embeds the same trends and reopens native saved readings offline
  ---
  duration_ms: 499.348208
  type: 'test'
  ...
1..92
# tests 92
# suites 0
# pass 92
# fail 0
# cancelled 0
# skipped 0
# todo 0
# duration_ms 44655.7475
