2026-10-08T18:46:59.6174150Z Current runner version: '2.337.0'
2026-10-08T18:46:59.6194966Z ##[group]Runner Image Provisioner
2026-10-08T18:46:59.6195741Z Hosted Compute Agent
2026-10-08T18:46:59.6196207Z Version: 20261002.596
2026-10-08T18:46:59.6196737Z Commit: c3d12f3313a95f25162a1503be624f3b0617f8c0
2026-10-08T18:46:59.6197332Z Build Date: 2026-10-02T22:28:27Z
2026-10-08T18:46:59.6197921Z Worker ID: {69f0942c-6824-4eef-bbfe-40d724e063a0}
2026-10-08T18:46:59.6198659Z Region: westus2
2026-10-08T18:46:59.6199105Z Cloud: Azure
2026-10-08T18:46:59.6199597Z ##[endgroup]
2026-10-08T18:46:59.6200704Z ##[group]Operating System
2026-10-08T18:46:59.6201206Z Ubuntu
2026-10-08T18:46:59.6201610Z 24.04.5
2026-10-08T18:46:59.6201912Z LTS
2026-10-08T18:46:59.6202219Z ##[endgroup]
2026-10-08T18:46:59.6202580Z ##[group]Runner Image
2026-10-08T18:46:59.6202959Z Image: ubuntu-24.04
2026-10-08T18:46:59.6203320Z Version: 20261004.327.1
2026-10-08T18:46:59.6204079Z Included Software: https://github.com/actions/runner-images/blob/ubuntu24/20261004.327/images/ubuntu/Ubuntu2404-Readme.md
2026-10-08T18:46:59.6204954Z Image Release: https://github.com/actions/runner-images/releases/tag/ubuntu24%2F20261004.327
2026-10-08T18:46:59.6205527Z ##[endgroup]
2026-10-08T18:46:59.6206253Z ##[group]GITHUB_TOKEN Permissions
2026-10-08T18:46:59.6207620Z Contents: read
2026-10-08T18:46:59.6208023Z Metadata: read
2026-10-08T18:46:59.6208548Z Packages: read
2026-10-08T18:46:59.6208852Z ##[endgroup]
2026-10-08T18:46:59.6210452Z Secret source: Actions
2026-10-08T18:46:59.6210955Z Cache mode: write
2026-10-08T18:46:59.6211585Z Prepare workflow directory
2026-10-08T18:46:59.6428987Z Prepare all required actions
2026-10-08T18:46:59.6459602Z Getting action download info
2026-10-08T18:46:59.9549379Z Download action repository 'actions/checkout@11d5960a326750d5838078e36cf38b85af677262' (SHA:11d5960a326750d5838078e36cf38b85af677262)
2026-10-08T18:47:00.2911881Z Complete job name: smoke
2026-10-08T18:47:00.3604321Z ##[group]Run actions/checkout@11d5960a326750d5838078e36cf38b85af677262
2026-10-08T18:47:00.3604827Z with:
2026-10-08T18:47:00.3605088Z   repository: Jacob-Met/longwater-browser-demo
2026-10-08T18:47:00.3607051Z   token: ***
2026-10-08T18:47:00.3607278Z   ssh-strict: true
2026-10-08T18:47:00.3607513Z   ssh-user: git
2026-10-08T18:47:00.3607755Z   persist-credentials: true
2026-10-08T18:47:00.3608016Z   clean: true
2026-10-08T18:47:00.3608394Z   sparse-checkout-cone-mode: true
2026-10-08T18:47:00.3608669Z   fetch-depth: 1
2026-10-08T18:47:00.3608900Z   fetch-tags: false
2026-10-08T18:47:00.3609140Z   show-progress: true
2026-10-08T18:47:00.3609383Z   lfs: false
2026-10-08T18:47:00.3609605Z   submodules: false
2026-10-08T18:47:00.3609850Z   set-safe-directory: true
2026-10-08T18:47:00.3610121Z   allow-unsafe-pr-checkout: false
2026-10-08T18:47:00.3610467Z ##[endgroup]
2026-10-08T18:47:00.4238726Z Syncing repository: Jacob-Met/longwater-browser-demo
2026-10-08T18:47:00.4240028Z ##[group]Getting Git version info
2026-10-08T18:47:00.4240479Z Working directory is '/home/runner/work/longwater-browser-demo/longwater-browser-demo'
2026-10-08T18:47:00.4241214Z [command]/usr/bin/git version
2026-10-08T18:47:00.4626829Z git version 2.55.0
2026-10-08T18:47:00.4640824Z ##[endgroup]
2026-10-08T18:47:00.4654957Z Temporarily overriding HOME='/home/runner/work/_temp/678fbf47-8138-437f-ae42-236160012afd' before making global git config changes
2026-10-08T18:47:00.4655970Z Adding repository directory to the temporary git global config as a safe directory
2026-10-08T18:47:00.4658746Z [command]/usr/bin/git config --global --add safe.directory /home/runner/work/longwater-browser-demo/longwater-browser-demo
2026-10-08T18:47:00.4832590Z Deleting the contents of '/home/runner/work/longwater-browser-demo/longwater-browser-demo'
2026-10-08T18:47:00.4835411Z ##[group]Initializing the repository
2026-10-08T18:47:00.4838576Z [command]/usr/bin/git init /home/runner/work/longwater-browser-demo/longwater-browser-demo
2026-10-08T18:47:00.5744506Z hint: Using 'master' as the name for the initial branch. This default branch name
2026-10-08T18:47:00.5745326Z hint: will change to "main" in Git 3.0. To configure the initial branch name
2026-10-08T18:47:00.5745809Z hint: to use in all of your new repositories, which will suppress this warning,
2026-10-08T18:47:00.5746190Z hint: call:
2026-10-08T18:47:00.5746404Z hint:
2026-10-08T18:47:00.5746826Z hint: 	git config --global init.defaultBranch <name>
2026-10-08T18:47:00.5747238Z hint:
2026-10-08T18:47:00.5747719Z hint: Names commonly chosen instead of 'master' are 'main', 'trunk' and
2026-10-08T18:47:00.5748571Z hint: 'development'. The just-created branch can be renamed via this command:
2026-10-08T18:47:00.5748950Z hint:
2026-10-08T18:47:00.5749169Z hint: 	git branch -m <name>
2026-10-08T18:47:00.5749430Z hint:
2026-10-08T18:47:00.5749751Z hint: Disable this message with "git config set advice.defaultBranchName false"
2026-10-08T18:47:00.5750384Z Initialized empty Git repository in /home/runner/work/longwater-browser-demo/longwater-browser-demo/.git/
2026-10-08T18:47:00.5755192Z [command]/usr/bin/git remote add origin https://github.com/Jacob-Met/longwater-browser-demo
2026-10-08T18:47:00.6039019Z ##[endgroup]
2026-10-08T18:47:00.6039648Z ##[group]Disabling automatic garbage collection
2026-10-08T18:47:00.6042301Z [command]/usr/bin/git config --local gc.auto 0
2026-10-08T18:47:00.6330626Z ##[endgroup]
2026-10-08T18:47:00.6331145Z ##[group]Setting up auth
2026-10-08T18:47:00.6332900Z [command]/usr/bin/git config --local --name-only --get-regexp core\.sshCommand
2026-10-08T18:47:00.6360768Z [command]/usr/bin/git submodule foreach --recursive sh -c "git config --local --name-only --get-regexp 'core\.sshCommand' && git config --local --unset-all 'core.sshCommand' || :"
2026-10-08T18:47:00.6870595Z [command]/usr/bin/git config --local --name-only --get-regexp http\.https\:\/\/github\.com\/\.extraheader
2026-10-08T18:47:00.6898621Z [command]/usr/bin/git submodule foreach --recursive sh -c "git config --local --name-only --get-regexp 'http\.https\:\/\/github\.com\/\.extraheader' && git config --local --unset-all 'http.https://github.com/.extraheader' || :"
2026-10-08T18:47:00.7076540Z [command]/usr/bin/git config --local --name-only --get-regexp ^includeIf\.gitdir:
2026-10-08T18:47:00.7105247Z [command]/usr/bin/git submodule foreach --recursive git config --local --show-origin --name-only --get-regexp remote.origin.url
2026-10-08T18:47:00.7281004Z [command]/usr/bin/git config --local http.https://github.com/.extraheader AUTHORIZATION: basic ***
2026-10-08T18:47:00.7827498Z ##[endgroup]
2026-10-08T18:47:00.7828159Z ##[group]Fetching the repository
2026-10-08T18:47:00.7834871Z [command]/usr/bin/git -c protocol.version=2 fetch --no-tags --prune --no-recurse-submodules --depth=1 origin +9407f172518d0d6b19146e2431bcabbb2c307241:refs/remotes/origin/longwater-demo
2026-10-08T18:47:01.6808951Z From https://github.com/Jacob-Met/longwater-browser-demo
2026-10-08T18:47:01.6810475Z  * [new ref]         9407f172518d0d6b19146e2431bcabbb2c307241 -> origin/longwater-demo
2026-10-08T18:47:01.6813551Z ##[endgroup]
2026-10-08T18:47:01.6814608Z ##[group]Determining the checkout info
2026-10-08T18:47:01.6815791Z ##[endgroup]
2026-10-08T18:47:01.6816856Z [command]/usr/bin/git sparse-checkout disable
2026-10-08T18:47:01.7367307Z [command]/usr/bin/git config --local --unset-all extensions.worktreeConfig
2026-10-08T18:47:01.7866117Z ##[group]Checking out the ref
2026-10-08T18:47:01.7868744Z [command]/usr/bin/git checkout --progress --force -B longwater-demo refs/remotes/origin/longwater-demo
2026-10-08T18:47:01.9458765Z Switched to a new branch 'longwater-demo'
2026-10-08T18:47:01.9464606Z branch 'longwater-demo' set up to track 'origin/longwater-demo'.
2026-10-08T18:47:01.9468182Z ##[endgroup]
2026-10-08T18:47:01.9765066Z [command]/usr/bin/git log -1 --format=%H
2026-10-08T18:47:01.9787000Z 9407f172518d0d6b19146e2431bcabbb2c307241
2026-10-08T18:47:02.0056800Z ##[group]Run node --check game.js
2026-10-08T18:47:02.0057076Z [36;1mnode --check game.js[0m
2026-10-08T18:47:02.0860706Z shell: /usr/bin/bash -e {0}
2026-10-08T18:47:02.0861083Z ##[endgroup]
2026-10-08T18:47:02.3727026Z ##[group]Run set -e
2026-10-08T18:47:02.3727246Z [36;1mset -e[0m
2026-10-08T18:47:02.3727474Z [36;1m# .nojekyll is legitimately empty; everything else must be non-empty.[0m
2026-10-08T18:47:02.3727757Z [36;1mtest -e .nojekyll || { echo "missing: .nojekyll"; exit 1; }[0m
2026-10-08T18:47:02.3728070Z [36;1mfor f in index.html style.css game.js journal.js journal.css watch-save.js watch-save.css \[0m
2026-10-08T18:47:02.3728482Z [36;1m         pkg/longwater_web.js pkg/longwater_web.d.ts \[0m
2026-10-08T18:47:02.3728730Z [36;1m         pkg/longwater_web_bg.wasm pkg/longwater_web_bg.wasm.d.ts; do[0m
2026-10-08T18:47:02.3729005Z [36;1m  test -s "$f" || { echo "missing or empty: $f"; exit 1; }[0m
2026-10-08T18:47:02.3729198Z [36;1mdone[0m
2026-10-08T18:47:02.3729356Z [36;1mgrep -q '\./pkg/longwater_web.js' game.js[0m
2026-10-08T18:47:02.3729551Z [36;1mgrep -q '\./game.js' index.html[0m
2026-10-08T18:47:02.3729752Z [36;1mgrep -q '\./style.css' index.html[0m
2026-10-08T18:47:02.3729984Z [36;1mecho "smoke OK"[0m
2026-10-08T18:47:02.3783349Z shell: /usr/bin/bash -e {0}
2026-10-08T18:47:02.3783524Z ##[endgroup]
2026-10-08T18:47:02.4356216Z smoke OK
2026-10-08T18:47:02.5521784Z Post job cleanup.
2026-10-08T18:47:02.6049260Z [command]/usr/bin/git version
2026-10-08T18:47:02.6077761Z git version 2.55.0
2026-10-08T18:47:02.6098932Z Temporarily overriding HOME='/home/runner/work/_temp/3170c308-af10-4782-aa97-4d7a56a874b2' before making global git config changes
2026-10-08T18:47:02.6099767Z Adding repository directory to the temporary git global config as a safe directory
2026-10-08T18:47:02.6101892Z [command]/usr/bin/git config --global --add safe.directory /home/runner/work/longwater-browser-demo/longwater-browser-demo
2026-10-08T18:47:02.6711420Z [command]/usr/bin/git config --local --name-only --get-regexp core\.sshCommand
2026-10-08T18:47:02.6746145Z [command]/usr/bin/git submodule foreach --recursive sh -c "git config --local --name-only --get-regexp 'core\.sshCommand' && git config --local --unset-all 'core.sshCommand' || :"
2026-10-08T18:47:02.6917318Z [command]/usr/bin/git config --local --name-only --get-regexp http\.https\:\/\/github\.com\/\.extraheader
2026-10-08T18:47:02.7603678Z http.https://github.com/.extraheader
2026-10-08T18:47:02.7611942Z [command]/usr/bin/git config --local --unset-all http.https://github.com/.extraheader
2026-10-08T18:47:02.7900541Z [command]/usr/bin/git submodule foreach --recursive sh -c "git config --local --name-only --get-regexp 'http\.https\:\/\/github\.com\/\.extraheader' && git config --local --unset-all 'http.https://github.com/.extraheader' || :"
2026-10-08T18:47:02.8086694Z [command]/usr/bin/git config --local --name-only --get-regexp ^includeIf\.gitdir:
2026-10-08T18:47:02.8114196Z [command]/usr/bin/git submodule foreach --recursive git config --local --show-origin --name-only --get-regexp remote.origin.url
2026-10-08T18:47:02.8394716Z Cleaning up orphan processes
2026-10-08T18:47:02.8583138Z ##[warning]Node.js 20 is deprecated. The following actions target Node.js 20 but are being forced to run on Node.js 24: actions/checkout@11d5960a326750d5838078e36cf38b85af677262. For more information see: https://github.blog/changelog/2025-09-19-deprecation-of-node-20-on-github-actions-runners/
