✖ every tide exposes the real independent WASM result, including all cell facts and untruncated events (718.667362ms)
ℹ tests 1
ℹ suites 0
ℹ pass 0
ℹ fail 1
ℹ cancelled 0
ℹ skipped 0
ℹ todo 0
ℹ duration_ms 1109.840249

✖ failing tests:

test at tests/receiving.test.mjs:101:1
✖ every tide exposes the real independent WASM result, including all cell facts and untruncated events (718.667362ms)
  AssertionError [ERR_ASSERTION]: initial: missing native fact Depth 34 centimetres.; received Upper reed shelf; peat & cordgrass. Depth 0 centimetres. Salt 34 parts per thousand. Oxygen 64 percent. Life 44 percent. Canopy 0 of 3.
      at verifyPublicState (file:///workspace/scratch/3e50c5ad22c5/production/longwater-review/tests/receiving.test.mjs:85:48)
      at async TestContext.<anonymous> (file:///workspace/scratch/3e50c5ad22c5/production/longwater-review/tests/receiving.test.mjs:106:5)
      at async Test.run (node:internal/test_runner/test:1389:7)
      at async startSubtestAfterBootstrap (node:internal/test_runner/harness:387:3) {
    generatedMessage: false,
    code: 'ERR_ASSERTION',
    actual: false,
    expected: true,
    operator: '==',
    diff: 'simple'
  }
