✖ every tide exposes the real independent WASM result, including all cell facts and untruncated events (605.586815ms)
ℹ tests 1
ℹ suites 0
ℹ pass 0
ℹ fail 1
ℹ cancelled 0
ℹ skipped 0
ℹ todo 0
ℹ duration_ms 1234.632728

✖ failing tests:

test at tests/receiving.test.mjs:101:1
✖ every tide exposes the real independent WASM result, including all cell facts and untruncated events (605.586815ms)
  AssertionError [ERR_ASSERTION]: tide-1: complete native field notes
  + actual - expected
  
    [
      'Freshwater gate · South Reach: water 67→74 cm, salt 40→30 ppt, oxygen 43→42%. Freshwater −1 (4 left).',
  -   'Spring tide · all three cells: water +14 cm, salt +4 ppt; South Reach oxygen 42→39%. A long lunar push carries brine inland.',
  -   'Dawn drift · no growth window → biomass 0, dawn oxygen -2; the water-depth/salinity rule shifts salt -1 ppt.',
  -   'Net · South Reach: water 67→88 cm, salt 40→33 ppt, oxygen 43→37%, biomass 38→38%.'
    ]
  
      at verifyPublicState (file:///workspace/scratch/3e50c5ad22c5/production/longwater-review/tests/receiving.test.mjs:88:12)
      at runNextTicks (node:internal/process/task_queues:65:5)
      at process.processImmediate (node:internal/timers:502:9)
      at async TestContext.<anonymous> (file:///workspace/scratch/3e50c5ad22c5/production/longwater-review/tests/receiving.test.mjs:121:7)
      at async Test.run (node:internal/test_runner/test:1389:7)
      at async startSubtestAfterBootstrap (node:internal/test_runner/harness:387:3) {
    generatedMessage: false,
    code: 'ERR_ASSERTION',
    actual: [ 'Freshwater gate · South Reach: water 67→74 cm, salt 40→30 ppt, oxygen 43→42%. Freshwater −1 (4 left).' ],
    expected: [ 'Freshwater gate · South Reach: water 67→74 cm, salt 40→30 ppt, oxygen 43→42%. Freshwater −1 (4 left).', 'Spring tide · all three cells: water +14 cm, salt +4 ppt; South Reach oxygen 42→39%. A long lunar push carries brine inland.', 'Dawn drift · no growth window → biomass 0, dawn oxygen -2; the water-depth/salinity rule shifts salt -1 ppt.', 'Net · South Reach: water 67→88 cm, salt 40→33 ppt, oxygen 43→37%, biomass 38→38%.' ],
    operator: 'deepStrictEqual',
    diff: 'simple'
  }
