2026-10-08T15:37:10.0521416Z Current runner version: '2.337.0'
2026-10-08T15:37:10.0544653Z ##[group]Runner Image Provisioner
2026-10-08T15:37:10.0545460Z Hosted Compute Agent
2026-10-08T15:37:10.0545987Z Version: 20261002.596
2026-10-08T15:37:10.0546490Z Commit: c3d12f3313a95f25162a1503be624f3b0617f8c0
2026-10-08T15:37:10.0547026Z Build Date: 2026-10-02T22:28:27Z
2026-10-08T15:37:10.0547590Z Worker ID: {0d9854d5-fcba-4f59-a227-e5249ca666fa}
2026-10-08T15:37:10.0548130Z Region: centralus
2026-10-08T15:37:10.0548563Z Cloud: Azure
2026-10-08T15:37:10.0548976Z ##[endgroup]
2026-10-08T15:37:10.0549971Z ##[group]Operating System
2026-10-08T15:37:10.0550762Z Ubuntu
2026-10-08T15:37:10.0551170Z 24.04.5
2026-10-08T15:37:10.0551636Z LTS
2026-10-08T15:37:10.0552034Z ##[endgroup]
2026-10-08T15:37:10.0552447Z ##[group]Runner Image
2026-10-08T15:37:10.0552903Z Image: ubuntu-24.04
2026-10-08T15:37:10.0553323Z Version: 20261004.327.1
2026-10-08T15:37:10.0554432Z Included Software: https://github.com/actions/runner-images/blob/ubuntu24/20261004.327/images/ubuntu/Ubuntu2404-Readme.md
2026-10-08T15:37:10.0555589Z Image Release: https://github.com/actions/runner-images/releases/tag/ubuntu24%2F20261004.327
2026-10-08T15:37:10.0556321Z ##[endgroup]
2026-10-08T15:37:10.0557264Z ##[group]GITHUB_TOKEN Permissions
2026-10-08T15:37:10.0559293Z Contents: read
2026-10-08T15:37:10.0559737Z Metadata: read
2026-10-08T15:37:10.0560408Z Packages: read
2026-10-08T15:37:10.0560879Z ##[endgroup]
2026-10-08T15:37:10.0562680Z Secret source: Actions
2026-10-08T15:37:10.0563453Z Cache mode: write
2026-10-08T15:37:10.0564007Z Prepare workflow directory
2026-10-08T15:37:10.1204950Z Prepare all required actions
2026-10-08T15:37:10.1247734Z Getting action download info
2026-10-08T15:37:10.3713289Z Download action repository 'actions/checkout@11d5960a326750d5838078e36cf38b85af677262' (SHA:11d5960a326750d5838078e36cf38b85af677262)
2026-10-08T15:37:10.7906284Z Complete job name: browser
2026-10-08T15:37:10.8666204Z ##[group]Run actions/checkout@11d5960a326750d5838078e36cf38b85af677262
2026-10-08T15:37:10.8667141Z with:
2026-10-08T15:37:10.8667603Z   repository: Jacob-Met/longwater-browser-demo
2026-10-08T15:37:10.8671325Z   token: ***
2026-10-08T15:37:10.8671739Z   ssh-strict: true
2026-10-08T15:37:10.8672153Z   ssh-user: git
2026-10-08T15:37:10.8672612Z   persist-credentials: true
2026-10-08T15:37:10.8673066Z   clean: true
2026-10-08T15:37:10.8673494Z   sparse-checkout-cone-mode: true
2026-10-08T15:37:10.8674040Z   fetch-depth: 1
2026-10-08T15:37:10.8674439Z   fetch-tags: false
2026-10-08T15:37:10.8674882Z   show-progress: true
2026-10-08T15:37:10.8675299Z   lfs: false
2026-10-08T15:37:10.8675707Z   submodules: false
2026-10-08T15:37:10.8676138Z   set-safe-directory: true
2026-10-08T15:37:10.8676657Z   allow-unsafe-pr-checkout: false
2026-10-08T15:37:10.8677634Z ##[endgroup]
2026-10-08T15:37:10.9595465Z Syncing repository: Jacob-Met/longwater-browser-demo
2026-10-08T15:37:10.9597975Z ##[group]Getting Git version info
2026-10-08T15:37:10.9598966Z Working directory is '/home/runner/work/longwater-browser-demo/longwater-browser-demo'
2026-10-08T15:37:10.9600678Z [command]/usr/bin/git version
2026-10-08T15:37:10.9614581Z git version 2.55.0
2026-10-08T15:37:10.9631516Z ##[endgroup]
2026-10-08T15:37:10.9645254Z Temporarily overriding HOME='/home/runner/work/_temp/28aef5fd-f1d2-427e-ae9b-9eee02a080be' before making global git config changes
2026-10-08T15:37:10.9646859Z Adding repository directory to the temporary git global config as a safe directory
2026-10-08T15:37:10.9650642Z [command]/usr/bin/git config --global --add safe.directory /home/runner/work/longwater-browser-demo/longwater-browser-demo
2026-10-08T15:37:10.9703246Z Deleting the contents of '/home/runner/work/longwater-browser-demo/longwater-browser-demo'
2026-10-08T15:37:10.9708442Z ##[group]Initializing the repository
2026-10-08T15:37:10.9713815Z [command]/usr/bin/git init /home/runner/work/longwater-browser-demo/longwater-browser-demo
2026-10-08T15:37:10.9815920Z hint: Using 'master' as the name for the initial branch. This default branch name
2026-10-08T15:37:10.9818200Z hint: will change to "main" in Git 3.0. To configure the initial branch name
2026-10-08T15:37:10.9819952Z hint: to use in all of your new repositories, which will suppress this warning,
2026-10-08T15:37:10.9822062Z hint: call:
2026-10-08T15:37:10.9822962Z hint:
2026-10-08T15:37:10.9823905Z hint: 	git config --global init.defaultBranch <name>
2026-10-08T15:37:10.9825092Z hint:
2026-10-08T15:37:10.9826094Z hint: Names commonly chosen instead of 'master' are 'main', 'trunk' and
2026-10-08T15:37:10.9827527Z hint: 'development'. The just-created branch can be renamed via this command:
2026-10-08T15:37:10.9828795Z hint:
2026-10-08T15:37:10.9829662Z hint: 	git branch -m <name>
2026-10-08T15:37:10.9830766Z hint:
2026-10-08T15:37:10.9832316Z hint: Disable this message with "git config set advice.defaultBranchName false"
2026-10-08T15:37:10.9834257Z Initialized empty Git repository in /home/runner/work/longwater-browser-demo/longwater-browser-demo/.git/
2026-10-08T15:37:10.9837297Z [command]/usr/bin/git remote add origin https://github.com/Jacob-Met/longwater-browser-demo
2026-10-08T15:37:10.9874097Z ##[endgroup]
2026-10-08T15:37:10.9875174Z ##[group]Disabling automatic garbage collection
2026-10-08T15:37:10.9877446Z [command]/usr/bin/git config --local gc.auto 0
2026-10-08T15:37:10.9904690Z ##[endgroup]
2026-10-08T15:37:10.9906071Z ##[group]Setting up auth
2026-10-08T15:37:10.9909420Z [command]/usr/bin/git config --local --name-only --get-regexp core\.sshCommand
2026-10-08T15:37:10.9936439Z [command]/usr/bin/git submodule foreach --recursive sh -c "git config --local --name-only --get-regexp 'core\.sshCommand' && git config --local --unset-all 'core.sshCommand' || :"
2026-10-08T15:37:11.0264825Z [command]/usr/bin/git config --local --name-only --get-regexp http\.https\:\/\/github\.com\/\.extraheader
2026-10-08T15:37:11.0309870Z [command]/usr/bin/git submodule foreach --recursive sh -c "git config --local --name-only --get-regexp 'http\.https\:\/\/github\.com\/\.extraheader' && git config --local --unset-all 'http.https://github.com/.extraheader' || :"
2026-10-08T15:37:11.0466094Z [command]/usr/bin/git config --local --name-only --get-regexp ^includeIf\.gitdir:
2026-10-08T15:37:11.0491934Z [command]/usr/bin/git submodule foreach --recursive git config --local --show-origin --name-only --get-regexp remote.origin.url
2026-10-08T15:37:11.0653055Z [command]/usr/bin/git config --local http.https://github.com/.extraheader AUTHORIZATION: basic ***
2026-10-08T15:37:11.0684996Z ##[endgroup]
2026-10-08T15:37:11.0685925Z ##[group]Fetching the repository
2026-10-08T15:37:11.0694822Z [command]/usr/bin/git -c protocol.version=2 fetch --no-tags --prune --no-recurse-submodules --depth=1 origin +6653464c3b28ae08bdfdfa17c55db5323fe1fc44:refs/remotes/pull/21/merge
2026-10-08T15:37:12.2364787Z From https://github.com/Jacob-Met/longwater-browser-demo
2026-10-08T15:37:12.2366555Z  * [new ref]         6653464c3b28ae08bdfdfa17c55db5323fe1fc44 -> pull/21/merge
2026-10-08T15:37:12.2371699Z ##[endgroup]
2026-10-08T15:37:12.2372824Z ##[group]Determining the checkout info
2026-10-08T15:37:12.2374024Z ##[endgroup]
2026-10-08T15:37:12.2377761Z [command]/usr/bin/git sparse-checkout disable
2026-10-08T15:37:12.2429619Z [command]/usr/bin/git config --local --unset-all extensions.worktreeConfig
2026-10-08T15:37:12.2472747Z ##[group]Checking out the ref
2026-10-08T15:37:12.2474140Z [command]/usr/bin/git checkout --progress --force refs/remotes/pull/21/merge
2026-10-08T15:37:12.2912181Z Note: switching to 'refs/remotes/pull/21/merge'.
2026-10-08T15:37:12.2913357Z 
2026-10-08T15:37:12.2914166Z You are in 'detached HEAD' state. You can look around, make experimental
2026-10-08T15:37:12.2915939Z changes and commit them, and you can discard any commits you make in this
2026-10-08T15:37:12.2917417Z state without impacting any branches by switching back to a branch.
2026-10-08T15:37:12.2918285Z 
2026-10-08T15:37:12.2919142Z If you want to create a new branch to retain commits you create, you may
2026-10-08T15:37:12.2920804Z do so (now or later) by using -c with the switch command. Example:
2026-10-08T15:37:12.2921824Z 
2026-10-08T15:37:12.2922227Z   git switch -c <new-branch-name>
2026-10-08T15:37:12.2922817Z 
2026-10-08T15:37:12.2923193Z Or undo this operation with:
2026-10-08T15:37:12.2923835Z 
2026-10-08T15:37:12.2924202Z   git switch -
2026-10-08T15:37:12.2924792Z 
2026-10-08T15:37:12.2925541Z Turn off this advice by setting config variable advice.detachedHead to false
2026-10-08T15:37:12.2926544Z 
2026-10-08T15:37:12.2927586Z HEAD is now at 6653464 Merge 7aca4d7d51cfd3c4ee3eb4b4c0d22e70a8db5d0c into e4e9bf82f6ebb363896559507a2fb5af07b490f5
2026-10-08T15:37:12.2931788Z ##[endgroup]
2026-10-08T15:37:12.2960172Z [command]/usr/bin/git log -1 --format=%H
2026-10-08T15:37:12.2980865Z 6653464c3b28ae08bdfdfa17c55db5323fe1fc44
2026-10-08T15:37:12.3209350Z ##[group]Run npm ci
2026-10-08T15:37:12.3210590Z [36;1mnpm ci[0m
2026-10-08T15:37:12.3401954Z shell: /usr/bin/bash -e {0}
2026-10-08T15:37:12.3403034Z ##[endgroup]
2026-10-08T15:37:13.4070887Z 
2026-10-08T15:37:13.4071927Z added 2 packages, and audited 3 packages in 803ms
2026-10-08T15:37:13.4075931Z 
2026-10-08T15:37:13.4076216Z found 0 vulnerabilities
2026-10-08T15:37:13.4309256Z ##[group]Run npx playwright install --with-deps chromium
2026-10-08T15:37:13.4309790Z [36;1mnpx playwright install --with-deps chromium[0m
2026-10-08T15:37:13.4351236Z shell: /usr/bin/bash -e {0}
2026-10-08T15:37:13.4351667Z ##[endgroup]
2026-10-08T15:37:14.0922211Z Installing dependencies...
2026-10-08T15:37:14.0982528Z Switching to root user to install dependencies...
2026-10-08T15:37:14.1619907Z Get:1 file:/etc/apt/apt-mirrors.txt Mirrorlist [144 B]
2026-10-08T15:37:14.2144252Z Get:6 https://packages.microsoft.com/ubuntu/24.04/prod noble InRelease [3600 B]
2026-10-08T15:37:14.2274919Z Hit:2 http://azure.archive.ubuntu.com/ubuntu noble InRelease
2026-10-08T15:37:14.2366541Z Get:3 http://azure.archive.ubuntu.com/ubuntu noble-updates InRelease [126 kB]
2026-10-08T15:37:14.2382031Z Get:4 http://azure.archive.ubuntu.com/ubuntu noble-backports InRelease [126 kB]
2026-10-08T15:37:14.2398375Z Get:5 http://azure.archive.ubuntu.com/ubuntu noble-security InRelease [126 kB]
2026-10-08T15:37:14.2870533Z Get:7 https://packages.microsoft.com/ubuntu/24.04/prod noble/main arm64 Packages [474 kB]
2026-10-08T15:37:14.3018495Z Get:8 https://packages.microsoft.com/ubuntu/24.04/prod noble/main amd64 Packages [531 kB]
2026-10-08T15:37:14.3257379Z Get:9 https://packages.microsoft.com/ubuntu/24.04/prod noble/main all Packages [640 B]
2026-10-08T15:37:14.3268125Z Get:10 https://packages.microsoft.com/ubuntu/24.04/prod noble/main armhf Packages [12.3 kB]
2026-10-08T15:37:14.3597098Z Get:11 http://azure.archive.ubuntu.com/ubuntu noble-updates/main amd64 Packages [1375 kB]
2026-10-08T15:37:14.3689324Z Get:12 http://azure.archive.ubuntu.com/ubuntu noble-updates/main Translation-en [306 kB]
2026-10-08T15:37:14.3721896Z Get:13 http://azure.archive.ubuntu.com/ubuntu noble-updates/universe amd64 Packages [1702 kB]
2026-10-08T15:37:14.3761261Z Get:14 http://azure.archive.ubuntu.com/ubuntu noble-updates/universe Translation-en [342 kB]
2026-10-08T15:37:14.3780462Z Get:15 http://azure.archive.ubuntu.com/ubuntu noble-updates/restricted amd64 Packages [1761 kB]
2026-10-08T15:37:14.3853797Z Get:16 http://azure.archive.ubuntu.com/ubuntu noble-updates/restricted Translation-en [401 kB]
2026-10-08T15:37:14.3875272Z Get:17 http://azure.archive.ubuntu.com/ubuntu noble-updates/multiverse amd64 Packages [55.0 kB]
2026-10-08T15:37:14.3888869Z Get:18 http://azure.archive.ubuntu.com/ubuntu noble-updates/multiverse Translation-en [14.3 kB]
2026-10-08T15:37:14.4357106Z Get:19 http://azure.archive.ubuntu.com/ubuntu noble-security/main amd64 Packages [1106 kB]
2026-10-08T15:37:14.4404035Z Get:20 http://azure.archive.ubuntu.com/ubuntu noble-security/main Translation-en [226 kB]
2026-10-08T15:37:14.4896801Z Get:21 http://azure.archive.ubuntu.com/ubuntu noble-security/universe amd64 Packages [1218 kB]
2026-10-08T15:37:14.4949236Z Get:22 http://azure.archive.ubuntu.com/ubuntu noble-security/universe Translation-en [245 kB]
2026-10-08T15:37:14.4963890Z Get:23 http://azure.archive.ubuntu.com/ubuntu noble-security/restricted amd64 Packages [1613 kB]
2026-10-08T15:37:14.5040927Z Get:24 http://azure.archive.ubuntu.com/ubuntu noble-security/restricted Translation-en [371 kB]
2026-10-08T15:37:14.5080888Z Get:25 http://azure.archive.ubuntu.com/ubuntu noble-security/multiverse Translation-en [11.6 kB]
2026-10-08T15:37:20.2919277Z Fetched 12.1 MB in 1s (10.7 MB/s)
2026-10-08T15:37:21.1140997Z Reading package lists...
2026-10-08T15:37:21.1360745Z Reading package lists...
2026-10-08T15:37:21.3299733Z Building dependency tree...
2026-10-08T15:37:21.3303860Z Reading state information...
2026-10-08T15:37:21.4941022Z libasound2t64 is already the newest version (1.2.11-1ubuntu0.3).
2026-10-08T15:37:21.4942148Z libasound2t64 set to manually installed.
2026-10-08T15:37:21.4942685Z libatk-bridge2.0-0t64 is already the newest version (2.52.0-1build1).
2026-10-08T15:37:21.4943134Z libatk-bridge2.0-0t64 set to manually installed.
2026-10-08T15:37:21.4943678Z libatk1.0-0t64 is already the newest version (2.52.0-1build1).
2026-10-08T15:37:21.4944676Z libatk1.0-0t64 set to manually installed.
2026-10-08T15:37:21.4945083Z libatspi2.0-0t64 is already the newest version (2.52.0-1build1).
2026-10-08T15:37:21.4945566Z libatspi2.0-0t64 set to manually installed.
2026-10-08T15:37:21.4946056Z libcairo2 is already the newest version (1.18.0-3build1).
2026-10-08T15:37:21.4946583Z libcairo2 set to manually installed.
2026-10-08T15:37:21.4947020Z libcups2t64 is already the newest version (2.4.7-1.2ubuntu7.14).
2026-10-08T15:37:21.4947469Z libcups2t64 set to manually installed.
2026-10-08T15:37:21.4947941Z libdbus-1-3 is already the newest version (1.14.10-4ubuntu4.1).
2026-10-08T15:37:21.4948403Z libdbus-1-3 set to manually installed.
2026-10-08T15:37:21.4948889Z libdrm2 is already the newest version (2.4.125-1ubuntu0.1~24.04.2).
2026-10-08T15:37:21.4949367Z libdrm2 set to manually installed.
2026-10-08T15:37:21.4949811Z libgbm1 is already the newest version (25.2.8-0ubuntu0.24.04.4).
2026-10-08T15:37:21.4950536Z libgbm1 set to manually installed.
2026-10-08T15:37:21.4950952Z libglib2.0-0t64 is already the newest version (2.80.0-6ubuntu3.9).
2026-10-08T15:37:21.4951417Z libglib2.0-0t64 set to manually installed.
2026-10-08T15:37:21.4951838Z libnspr4 is already the newest version (2:4.35-1.1build1).
2026-10-08T15:37:21.4952247Z libnspr4 set to manually installed.
2026-10-08T15:37:21.4952660Z libnss3 is already the newest version (2:3.98-1ubuntu0.2).
2026-10-08T15:37:21.4953064Z libnss3 set to manually installed.
2026-10-08T15:37:21.4953465Z libpango-1.0-0 is already the newest version (1.52.1+ds-1build1).
2026-10-08T15:37:21.4953991Z libpango-1.0-0 set to manually installed.
2026-10-08T15:37:21.4954410Z libx11-6 is already the newest version (2:1.8.7-1build1).
2026-10-08T15:37:21.4954864Z libx11-6 set to manually installed.
2026-10-08T15:37:21.4955297Z libxcb1 is already the newest version (1.15-1ubuntu2).
2026-10-08T15:37:21.4955728Z libxcb1 set to manually installed.
2026-10-08T15:37:21.4956212Z libxcomposite1 is already the newest version (1:0.4.5-1build3).
2026-10-08T15:37:21.4956724Z libxcomposite1 set to manually installed.
2026-10-08T15:37:21.4957234Z libxdamage1 is already the newest version (1:1.1.6-1build1).
2026-10-08T15:37:21.4957783Z libxdamage1 set to manually installed.
2026-10-08T15:37:21.4958203Z libxext6 is already the newest version (2:1.3.4-1build2).
2026-10-08T15:37:21.4958669Z libxext6 set to manually installed.
2026-10-08T15:37:21.4959121Z libxfixes3 is already the newest version (1:6.0.0-2build1).
2026-10-08T15:37:21.4959586Z libxfixes3 set to manually installed.
2026-10-08T15:37:21.4960066Z libxkbcommon0 is already the newest version (1.6.0-1build1).
2026-10-08T15:37:21.4960821Z libxkbcommon0 set to manually installed.
2026-10-08T15:37:21.4961295Z libxrandr2 is already the newest version (2:1.5.2-2build1).
2026-10-08T15:37:21.4961773Z libxrandr2 set to manually installed.
2026-10-08T15:37:21.4962267Z xvfb is already the newest version (2:21.1.12-1ubuntu1.8).
2026-10-08T15:37:21.4963199Z fonts-noto-color-emoji is already the newest version (2.047-0ubuntu0.24.04.1).
2026-10-08T15:37:21.4963868Z libfontconfig1 is already the newest version (2.15.0-1.1ubuntu2).
2026-10-08T15:37:21.4964399Z libfontconfig1 set to manually installed.
2026-10-08T15:37:21.4964864Z fonts-liberation is already the newest version (1:2.1.5-3).
2026-10-08T15:37:21.4965345Z fonts-liberation set to manually installed.
2026-10-08T15:37:21.4965856Z The following additional packages will be installed:
2026-10-08T15:37:21.4966287Z   xfonts-encodings xfonts-utils
2026-10-08T15:37:21.4966779Z Recommended packages:
2026-10-08T15:37:21.4967141Z   fonts-ipafont-mincho fonts-tlwg-loma
2026-10-08T15:37:21.5104009Z The following NEW packages will be installed:
2026-10-08T15:37:21.5104519Z   fonts-freefont-ttf fonts-ipafont-gothic fonts-tlwg-loma-otf fonts-unifont
2026-10-08T15:37:21.5111209Z   fonts-wqy-zenhei xfonts-cyrillic xfonts-encodings xfonts-scalable
2026-10-08T15:37:21.5111802Z   xfonts-utils
2026-10-08T15:37:21.5121665Z The following packages will be upgraded:
2026-10-08T15:37:21.5122585Z   libfreetype6
2026-10-08T15:37:21.5265069Z 1 upgraded, 9 newly installed, 0 to remove and 20 not upgraded.
2026-10-08T15:37:21.5266040Z Need to get 21.5 MB of archives.
2026-10-08T15:37:21.5266889Z After this operation, 79.5 MB of additional disk space will be used.
2026-10-08T15:37:21.5267619Z Get:1 file:/etc/apt/apt-mirrors.txt Mirrorlist [144 B]
2026-10-08T15:37:21.6248701Z Get:2 http://azure.archive.ubuntu.com/ubuntu noble/universe amd64 fonts-ipafont-gothic all 00303-21ubuntu1 [3513 kB]
2026-10-08T15:37:21.7000089Z Get:3 http://azure.archive.ubuntu.com/ubuntu noble/main amd64 fonts-freefont-ttf all 20211204+svn4273-2 [5641 kB]
2026-10-08T15:37:21.8115464Z Get:4 http://azure.archive.ubuntu.com/ubuntu noble/universe amd64 fonts-tlwg-loma-otf all 1:0.7.3-1 [107 kB]
2026-10-08T15:37:21.8476534Z Get:5 http://azure.archive.ubuntu.com/ubuntu noble/universe amd64 fonts-unifont all 1:15.1.01-1build1 [2993 kB]
2026-10-08T15:37:21.9205826Z Get:6 http://azure.archive.ubuntu.com/ubuntu noble/universe amd64 fonts-wqy-zenhei all 0.9.45-8 [7472 kB]
2026-10-08T15:37:22.0411506Z Get:7 http://azure.archive.ubuntu.com/ubuntu noble-updates/main amd64 libfreetype6 amd64 2.13.2+dfsg-1ubuntu0.2 [403 kB]
2026-10-08T15:37:22.0797838Z Get:8 http://azure.archive.ubuntu.com/ubuntu noble/main amd64 xfonts-encodings all 1:1.0.5-0ubuntu2 [578 kB]
2026-10-08T15:37:22.1183542Z Get:9 http://azure.archive.ubuntu.com/ubuntu noble/main amd64 xfonts-utils amd64 1:7.7+6build3 [94.4 kB]
2026-10-08T15:37:22.1542370Z Get:10 http://azure.archive.ubuntu.com/ubuntu noble/universe amd64 xfonts-cyrillic all 1:1.0.5+nmu1 [384 kB]
2026-10-08T15:37:22.1915890Z Get:11 http://azure.archive.ubuntu.com/ubuntu noble/main amd64 xfonts-scalable all 1:1.0.3-1.3 [304 kB]
2026-10-08T15:37:22.4181606Z Fetched 21.5 MB in 1s (31.8 MB/s)
2026-10-08T15:37:22.4382343Z Selecting previously unselected package fonts-ipafont-gothic.
2026-10-08T15:37:22.4567446Z (Reading database ... 
2026-10-08T15:37:22.4567830Z (Reading database ... 5%
2026-10-08T15:37:22.4568198Z (Reading database ... 10%
2026-10-08T15:37:22.4569131Z (Reading database ... 15%
2026-10-08T15:37:22.4569372Z (Reading database ... 20%
2026-10-08T15:37:22.4569664Z (Reading database ... 25%
2026-10-08T15:37:22.4569918Z (Reading database ... 30%
2026-10-08T15:37:22.4570470Z (Reading database ... 35%
2026-10-08T15:37:22.4570728Z (Reading database ... 40%
2026-10-08T15:37:22.4570963Z (Reading database ... 45%
2026-10-08T15:37:22.4571240Z (Reading database ... 50%
2026-10-08T15:37:22.4605770Z (Reading database ... 55%
2026-10-08T15:37:22.5856929Z (Reading database ... 60%
2026-10-08T15:37:22.7922662Z (Reading database ... 65%
2026-10-08T15:37:22.9586685Z (Reading database ... 70%
2026-10-08T15:37:23.1543525Z (Reading database ... 75%
2026-10-08T15:37:23.2976657Z (Reading database ... 80%
2026-10-08T15:37:23.4576419Z (Reading database ... 85%
2026-10-08T15:37:23.6025787Z (Reading database ... 90%
2026-10-08T15:37:23.7490921Z (Reading database ... 95%
2026-10-08T15:37:23.7491403Z (Reading database ... 100%
2026-10-08T15:37:23.7491788Z (Reading database ... 203191 files and directories currently installed.)
2026-10-08T15:37:23.7534214Z Preparing to unpack .../0-fonts-ipafont-gothic_00303-21ubuntu1_all.deb ...
2026-10-08T15:37:23.7660349Z Unpacking fonts-ipafont-gothic (00303-21ubuntu1) ...
2026-10-08T15:37:24.0348759Z Selecting previously unselected package fonts-freefont-ttf.
2026-10-08T15:37:24.0461210Z Preparing to unpack .../1-fonts-freefont-ttf_20211204+svn4273-2_all.deb ...
2026-10-08T15:37:24.0470639Z Unpacking fonts-freefont-ttf (20211204+svn4273-2) ...
2026-10-08T15:37:24.1554617Z Selecting previously unselected package fonts-tlwg-loma-otf.
2026-10-08T15:37:24.1670040Z Preparing to unpack .../2-fonts-tlwg-loma-otf_1%3a0.7.3-1_all.deb ...
2026-10-08T15:37:24.1682003Z Unpacking fonts-tlwg-loma-otf (1:0.7.3-1) ...
2026-10-08T15:37:24.1866822Z Selecting previously unselected package fonts-unifont.
2026-10-08T15:37:24.1981154Z Preparing to unpack .../3-fonts-unifont_1%3a15.1.01-1build1_all.deb ...
2026-10-08T15:37:24.2148201Z Unpacking fonts-unifont (1:15.1.01-1build1) ...
2026-10-08T15:37:24.4412833Z Selecting previously unselected package fonts-wqy-zenhei.
2026-10-08T15:37:24.4534958Z Preparing to unpack .../4-fonts-wqy-zenhei_0.9.45-8_all.deb ...
2026-10-08T15:37:24.4621202Z Unpacking fonts-wqy-zenhei (0.9.45-8) ...
2026-10-08T15:37:24.9832160Z Preparing to unpack .../5-libfreetype6_2.13.2+dfsg-1ubuntu0.2_amd64.deb ...
2026-10-08T15:37:24.9874460Z Unpacking libfreetype6:amd64 (2.13.2+dfsg-1ubuntu0.2) over (2.13.2+dfsg-1ubuntu0.1) ...
2026-10-08T15:37:25.0125782Z Selecting previously unselected package xfonts-encodings.
2026-10-08T15:37:25.0241836Z Preparing to unpack .../6-xfonts-encodings_1%3a1.0.5-0ubuntu2_all.deb ...
2026-10-08T15:37:25.0250862Z Unpacking xfonts-encodings (1:1.0.5-0ubuntu2) ...
2026-10-08T15:37:25.0637474Z Selecting previously unselected package xfonts-utils.
2026-10-08T15:37:25.0751423Z Preparing to unpack .../7-xfonts-utils_1%3a7.7+6build3_amd64.deb ...
2026-10-08T15:37:25.0761035Z Unpacking xfonts-utils (1:7.7+6build3) ...
2026-10-08T15:37:25.1058918Z Selecting previously unselected package xfonts-cyrillic.
2026-10-08T15:37:25.1169995Z Preparing to unpack .../8-xfonts-cyrillic_1%3a1.0.5+nmu1_all.deb ...
2026-10-08T15:37:25.1305067Z Unpacking xfonts-cyrillic (1:1.0.5+nmu1) ...
2026-10-08T15:37:25.1549425Z Selecting previously unselected package xfonts-scalable.
2026-10-08T15:37:25.1663221Z Preparing to unpack .../9-xfonts-scalable_1%3a1.0.3-1.3_all.deb ...
2026-10-08T15:37:25.1674238Z Unpacking xfonts-scalable (1:1.0.3-1.3) ...
2026-10-08T15:37:25.2086151Z Setting up fonts-wqy-zenhei (0.9.45-8) ...
2026-10-08T15:37:25.2303988Z Setting up fonts-freefont-ttf (20211204+svn4273-2) ...
2026-10-08T15:37:25.2329208Z Setting up fonts-tlwg-loma-otf (1:0.7.3-1) ...
2026-10-08T15:37:25.2355672Z Setting up libfreetype6:amd64 (2.13.2+dfsg-1ubuntu0.2) ...
2026-10-08T15:37:25.2384897Z Setting up xfonts-encodings (1:1.0.5-0ubuntu2) ...
2026-10-08T15:37:25.2418556Z Setting up fonts-ipafont-gothic (00303-21ubuntu1) ...
2026-10-08T15:37:25.2481744Z update-alternatives: using /usr/share/fonts/opentype/ipafont-gothic/ipag.ttf to provide /usr/share/fonts/truetype/fonts-japanese-gothic.ttf (fonts-japanese-gothic.ttf) in auto mode
2026-10-08T15:37:25.2500830Z Setting up fonts-unifont (1:15.1.01-1build1) ...
2026-10-08T15:37:25.2529500Z Setting up xfonts-utils (1:7.7+6build3) ...
2026-10-08T15:37:25.2575257Z Setting up xfonts-cyrillic (1:1.0.5+nmu1) ...
2026-10-08T15:37:25.3110950Z Setting up xfonts-scalable (1:1.0.3-1.3) ...
2026-10-08T15:37:25.3331401Z Processing triggers for libc-bin (2.39-0ubuntu8.9) ...
2026-10-08T15:37:25.7041760Z Processing triggers for man-db (2.12.0-4build2) ...
2026-10-08T15:37:25.7066531Z Not building database; man-db/auto-update is not 'true'.
2026-10-08T15:37:25.7083233Z Processing triggers for fontconfig (2.15.0-1.1ubuntu2) ...
2026-10-08T15:37:26.2707287Z 
2026-10-08T15:37:26.2708660Z Running kernel seems to be up-to-date.
2026-10-08T15:37:26.2709108Z 
2026-10-08T15:37:26.2709311Z Restarting services...
2026-10-08T15:37:26.2771973Z  systemctl restart php8.3-fpm.service
2026-10-08T15:37:26.4047081Z 
2026-10-08T15:37:26.4062197Z No containers need to be restarted.
2026-10-08T15:37:26.4062509Z 
2026-10-08T15:37:26.4062714Z No user sessions are running outdated binaries.
2026-10-08T15:37:26.4062959Z 
2026-10-08T15:37:26.4063365Z No VM guests are running outdated hypervisor (qemu) binaries on this host.
2026-10-08T15:37:27.4103367Z Downloading Chrome for Testing 151.0.7922.34 (playwright chromium v1234) from https://cdn.playwright.dev/builds/cft/151.0.7922.34/linux64/chrome-linux64.zip
2026-10-08T15:37:28.4231875Z |                                                                                |   0% of 184.3 MiB
2026-10-08T15:37:28.7044842Z |■■■■■■■■                                                                        |  10% of 184.3 MiB
2026-10-08T15:37:28.7658142Z |■■■■■■■■■■■■■■■■                                                                |  20% of 184.3 MiB
2026-10-08T15:37:28.8234579Z |■■■■■■■■■■■■■■■■■■■■■■■■                                                        |  30% of 184.3 MiB
2026-10-08T15:37:28.8801147Z |■■■■■■■■■■■■■■■■■■■■■■■■■■■■■■■■                                                |  40% of 184.3 MiB
2026-10-08T15:37:28.9278442Z |■■■■■■■■■■■■■■■■■■■■■■■■■■■■■■■■■■■■■■■■                                        |  50% of 184.3 MiB
2026-10-08T15:37:28.9761516Z |■■■■■■■■■■■■■■■■■■■■■■■■■■■■■■■■■■■■■■■■■■■■■■■■                                |  60% of 184.3 MiB
2026-10-08T15:37:29.0214845Z |■■■■■■■■■■■■■■■■■■■■■■■■■■■■■■■■■■■■■■■■■■■■■■■■■■■■■■■■                        |  70% of 184.3 MiB
2026-10-08T15:37:29.0870800Z |■■■■■■■■■■■■■■■■■■■■■■■■■■■■■■■■■■■■■■■■■■■■■■■■■■■■■■■■■■■■■■■■                |  80% of 184.3 MiB
2026-10-08T15:37:29.1524849Z |■■■■■■■■■■■■■■■■■■■■■■■■■■■■■■■■■■■■■■■■■■■■■■■■■■■■■■■■■■■■■■■■■■■■■■■■        |  90% of 184.3 MiB
2026-10-08T15:37:29.1972346Z |■■■■■■■■■■■■■■■■■■■■■■■■■■■■■■■■■■■■■■■■■■■■■■■■■■■■■■■■■■■■■■■■■■■■■■■■■■■■■■■■| 100% of 184.3 MiB
2026-10-08T15:37:32.1306971Z Chrome for Testing 151.0.7922.34 (playwright chromium v1234) downloaded to /home/runner/.cache/ms-playwright/chromium-1234
2026-10-08T15:37:32.1311619Z Downloading FFmpeg (playwright ffmpeg v1011) from https://cdn.playwright.dev/dbazure/download/playwright/builds/ffmpeg/1011/ffmpeg-linux.zip
2026-10-08T15:37:33.1002099Z |                                                                                |   0% of 2.3 MiB
2026-10-08T15:37:33.1243038Z |■■■■■■■■                                                                        |  10% of 2.3 MiB
2026-10-08T15:37:33.1375286Z |■■■■■■■■■■■■■■■■                                                                |  20% of 2.3 MiB
2026-10-08T15:37:33.1455198Z |■■■■■■■■■■■■■■■■■■■■■■■■                                                        |  30% of 2.3 MiB
2026-10-08T15:37:33.1502008Z |■■■■■■■■■■■■■■■■■■■■■■■■■■■■■■■■                                                |  40% of 2.3 MiB
2026-10-08T15:37:33.1543818Z |■■■■■■■■■■■■■■■■■■■■■■■■■■■■■■■■■■■■■■■■                                        |  50% of 2.3 MiB
2026-10-08T15:37:33.1618415Z |■■■■■■■■■■■■■■■■■■■■■■■■■■■■■■■■■■■■■■■■■■■■■■■■                                |  60% of 2.3 MiB
2026-10-08T15:37:33.1634185Z |■■■■■■■■■■■■■■■■■■■■■■■■■■■■■■■■■■■■■■■■■■■■■■■■■■■■■■■■                        |  70% of 2.3 MiB
2026-10-08T15:37:33.1667325Z |■■■■■■■■■■■■■■■■■■■■■■■■■■■■■■■■■■■■■■■■■■■■■■■■■■■■■■■■■■■■■■■■                |  80% of 2.3 MiB
2026-10-08T15:37:33.1713240Z |■■■■■■■■■■■■■■■■■■■■■■■■■■■■■■■■■■■■■■■■■■■■■■■■■■■■■■■■■■■■■■■■■■■■■■■■        |  90% of 2.3 MiB
2026-10-08T15:37:33.1719191Z |■■■■■■■■■■■■■■■■■■■■■■■■■■■■■■■■■■■■■■■■■■■■■■■■■■■■■■■■■■■■■■■■■■■■■■■■■■■■■■■■| 100% of 2.3 MiB
2026-10-08T15:37:33.2241284Z FFmpeg (playwright ffmpeg v1011) downloaded to /home/runner/.cache/ms-playwright/ffmpeg-1011
2026-10-08T15:37:33.2243243Z Downloading Chrome Headless Shell 151.0.7922.34 (playwright chromium-headless-shell v1234) from https://cdn.playwright.dev/builds/cft/151.0.7922.34/linux64/chrome-headless-shell-linux64.zip
2026-10-08T15:37:34.1818932Z |                                                                                |   0% of 114.7 MiB
2026-10-08T15:37:34.4547426Z |■■■■■■■■                                                                        |  10% of 114.7 MiB
2026-10-08T15:37:34.4988371Z |■■■■■■■■■■■■■■■■                                                                |  20% of 114.7 MiB
2026-10-08T15:37:34.5372847Z |■■■■■■■■■■■■■■■■■■■■■■■■                                                        |  30% of 114.7 MiB
2026-10-08T15:37:34.5732387Z |■■■■■■■■■■■■■■■■■■■■■■■■■■■■■■■■                                                |  40% of 114.7 MiB
2026-10-08T15:37:34.6084689Z |■■■■■■■■■■■■■■■■■■■■■■■■■■■■■■■■■■■■■■■■                                        |  50% of 114.7 MiB
2026-10-08T15:37:34.6713027Z |■■■■■■■■■■■■■■■■■■■■■■■■■■■■■■■■■■■■■■■■■■■■■■■■                                |  60% of 114.7 MiB
2026-10-08T15:37:34.7187819Z |■■■■■■■■■■■■■■■■■■■■■■■■■■■■■■■■■■■■■■■■■■■■■■■■■■■■■■■■                        |  70% of 114.7 MiB
2026-10-08T15:37:34.7589429Z |■■■■■■■■■■■■■■■■■■■■■■■■■■■■■■■■■■■■■■■■■■■■■■■■■■■■■■■■■■■■■■■■                |  80% of 114.7 MiB
2026-10-08T15:37:34.7907217Z |■■■■■■■■■■■■■■■■■■■■■■■■■■■■■■■■■■■■■■■■■■■■■■■■■■■■■■■■■■■■■■■■■■■■■■■■        |  90% of 114.7 MiB
2026-10-08T15:37:34.8210501Z |■■■■■■■■■■■■■■■■■■■■■■■■■■■■■■■■■■■■■■■■■■■■■■■■■■■■■■■■■■■■■■■■■■■■■■■■■■■■■■■■| 100% of 114.7 MiB
2026-10-08T15:37:36.8557847Z Chrome Headless Shell 151.0.7922.34 (playwright chromium-headless-shell v1234) downloaded to /home/runner/.cache/ms-playwright/chromium_headless_shell-1234
2026-10-08T15:37:36.9201784Z ##[group]Run npm test
2026-10-08T15:37:36.9202196Z [36;1mnpm test[0m
2026-10-08T15:37:36.9237823Z shell: /usr/bin/bash -e {0}
2026-10-08T15:37:36.9238212Z ##[endgroup]
2026-10-08T15:37:37.0603529Z 
2026-10-08T15:37:37.0604050Z > test
2026-10-08T15:37:37.0604377Z > node --test tests/*.test.mjs
2026-10-08T15:37:37.0604894Z 
2026-10-08T15:37:37.1083853Z TAP version 13
2026-10-08T15:37:38.2990752Z # Subtest: the actual WASM watch exposes operable cells, actions, and complete readings
2026-10-08T15:37:38.2992863Z ok 1 - the actual WASM watch exposes operable cells, actions, and complete readings
2026-10-08T15:37:38.2994179Z   ---
2026-10-08T15:37:38.2994713Z   duration_ms: 761.050266
2026-10-08T15:37:38.2995212Z   type: 'test'
2026-10-08T15:37:38.2995636Z   ...
2026-10-08T15:37:38.8479210Z # Subtest: Tab, Enter, Space, arrows and shortcuts share one turn path
2026-10-08T15:37:38.8525502Z ok 2 - Tab, Enter, Space, arrows and shortcuts share one turn path
2026-10-08T15:37:38.8527804Z   ---
2026-10-08T15:37:38.8528519Z   duration_ms: 550.891463
2026-10-08T15:37:38.8529023Z   type: 'test'
2026-10-08T15:37:38.8529554Z   ...
2026-10-08T15:37:39.4023557Z # Subtest: unavailable actions and modified/repeated shortcuts do not spend a tide
2026-10-08T15:37:39.4097338Z ok 3 - unavailable actions and modified/repeated shortcuts do not spend a tide
2026-10-08T15:37:39.4123621Z   ---
2026-10-08T15:37:39.4126121Z   duration_ms: 554.280979
2026-10-08T15:37:39.4126833Z   type: 'test'
2026-10-08T15:37:39.4127377Z   ...
2026-10-08T15:37:42.0017932Z # Subtest: a player can finish all fourteen tides using only semantic controls and reset
2026-10-08T15:37:42.0020342Z ok 4 - a player can finish all fourteen tides using only semantic controls and reset
2026-10-08T15:37:42.0021247Z   ---
2026-10-08T15:37:42.0021690Z   duration_ms: 2597.091903
2026-10-08T15:37:42.0022404Z   type: 'test'
2026-10-08T15:37:42.0023027Z   ...
2026-10-08T15:37:42.5782217Z # Subtest: phone touch targets follow the canvas with separated notes and actions
2026-10-08T15:37:42.5791527Z ok 5 - phone touch targets follow the canvas with separated notes and actions
2026-10-08T15:37:42.5799163Z   ---
2026-10-08T15:37:42.5800526Z   duration_ms: 578.042609
2026-10-08T15:37:42.5800881Z   type: 'test'
2026-10-08T15:37:42.5801204Z   ...
2026-10-08T15:37:42.7772194Z # Subtest: failed WASM startup leaves an understandable error and no active controls
2026-10-08T15:37:42.7773305Z ok 6 - failed WASM startup leaves an understandable error and no active controls
2026-10-08T15:37:42.7773852Z   ---
2026-10-08T15:37:42.7774223Z   duration_ms: 200.631097
2026-10-08T15:37:42.7774619Z   type: 'test'
2026-10-08T15:37:42.7774999Z   ...
2026-10-08T15:37:42.8432148Z # Subtest: the journal preserves complete real WASM reports and all three cells across later choices
2026-10-08T15:37:42.8471464Z ok 7 - the journal preserves complete real WASM reports and all three cells across later choices
2026-10-08T15:37:42.8491708Z   ---
2026-10-08T15:37:42.8495951Z   duration_ms: 1408.852303
2026-10-08T15:37:42.8496482Z   type: 'test'
2026-10-08T15:37:42.8496897Z   ...
2026-10-08T15:37:42.8497402Z # Subtest: unavailable choices create no journal entry and journal keyboard reading spends no tide
2026-10-08T15:37:42.8498159Z ok 8 - unavailable choices create no journal entry and journal keyboard reading spends no tide
2026-10-08T15:37:42.8498766Z   ---
2026-10-08T15:37:42.8499038Z   duration_ms: 587.038022
2026-10-08T15:37:42.8499390Z   type: 'test'
2026-10-08T15:37:42.8499664Z   ...
2026-10-08T15:37:42.8500180Z # Subtest: all fourteen native tides remain reviewable with an exact final recap, then reset starts a fresh journal
2026-10-08T15:37:42.8501469Z ok 9 - all fourteen native tides remain reviewable with an exact final recap, then reset starts a fresh journal
2026-10-08T15:37:42.8502134Z   ---
2026-10-08T15:37:42.8502447Z   duration_ms: 1802.784956
2026-10-08T15:37:42.8502749Z   type: 'test'
2026-10-08T15:37:42.8503183Z   ...
2026-10-08T15:37:42.8504008Z # Subtest: phone readers can expand every note and cell without horizontal overflow
2026-10-08T15:37:42.8504776Z ok 10 - phone readers can expand every note and cell without horizontal overflow
2026-10-08T15:37:42.8505262Z   ---
2026-10-08T15:37:42.8505663Z   duration_ms: 681.044562
2026-10-08T15:37:42.8506006Z   type: 'test'
2026-10-08T15:37:42.8506541Z   ...
2026-10-08T15:37:42.8506916Z # Subtest: a failed simulation startup offers no fabricated watch history
2026-10-08T15:37:42.8507475Z ok 11 - a failed simulation startup offers no fabricated watch history
2026-10-08T15:37:42.8507896Z   ---
2026-10-08T15:37:42.8508272Z   duration_ms: 166.27012
2026-10-08T15:37:42.8508888Z   type: 'test'
2026-10-08T15:37:42.8509332Z   ...
2026-10-08T15:37:42.8510098Z # Subtest: an accepted native replay restores its full history, and a missing tide cannot replace it
2026-10-08T15:37:42.8511264Z ok 12 - an accepted native replay restores its full history, and a missing tide cannot replace it
2026-10-08T15:37:42.8512018Z   ---
2026-10-08T15:37:42.8512576Z   duration_ms: 400.811292
2026-10-08T15:37:42.8513045Z   type: 'test'
2026-10-08T15:37:42.8513493Z   ...
2026-10-08T15:37:43.2115706Z # Subtest: Reset reviews replacement before changing a native watch; cancel retains exact saved state and journal
2026-10-08T15:37:43.2163385Z ok 13 - Reset reviews replacement before changing a native watch; cancel retains exact saved state and journal
2026-10-08T15:37:43.2178516Z   ---
2026-10-08T15:37:43.2241284Z   duration_ms: 1861.877098
2026-10-08T15:37:43.2253981Z   type: 'test'
2026-10-08T15:37:43.2284948Z   ...
2026-10-08T15:37:43.2295383Z # Subtest: R uses the same review; Escape and the initially focused Enter action keep the watch
2026-10-08T15:37:43.2331872Z ok 14 - R uses the same review; Escape and the initially focused Enter action keep the watch
2026-10-08T15:37:43.2337361Z   ---
2026-10-08T15:37:43.2337808Z   duration_ms: 568.010175
2026-10-08T15:37:43.2338311Z   type: 'test'
2026-10-08T15:37:43.2338695Z   ...
2026-10-08T15:37:43.2339349Z # Subtest: confirming starts exactly the native opening and resets the saved journal once
2026-10-08T15:37:43.2340420Z ok 15 - confirming starts exactly the native opening and resets the saved journal once
2026-10-08T15:37:43.2340973Z   ---
2026-10-08T15:37:43.2341381Z   duration_ms: 718.07862
2026-10-08T15:37:43.2341809Z   type: 'test'
2026-10-08T15:37:43.2342218Z   ...
2026-10-08T15:37:43.2342757Z # Subtest: completed fourteen-tide outcome and full history survive a declined new watch
2026-10-08T15:37:43.2343587Z ok 16 - completed fourteen-tide outcome and full history survive a declined new watch
2026-10-08T15:37:43.2344258Z   ---
2026-10-08T15:37:43.2344621Z   duration_ms: 1594.338373
2026-10-08T15:37:43.2345059Z   type: 'test'
2026-10-08T15:37:43.2345421Z   ...
2026-10-08T15:37:43.2345971Z # Subtest: phone touch can cancel then deliberately confirm without horizontal overflow
2026-10-08T15:37:43.2346812Z ok 17 - phone touch can cancel then deliberately confirm without horizontal overflow
2026-10-08T15:37:43.2347465Z   ---
2026-10-08T15:37:43.2347880Z   duration_ms: 848.754744
2026-10-08T15:37:43.2348304Z   type: 'test'
2026-10-08T15:37:43.2348672Z   ...
2026-10-08T15:37:44.0887163Z # Subtest: the review blocks background game controls and ignores their keyboard shortcuts
2026-10-08T15:37:44.0934267Z ok 18 - the review blocks background game controls and ignores their keyboard shortcuts
2026-10-08T15:37:44.0941201Z   ---
2026-10-08T15:37:44.0942455Z   duration_ms: 878.272862
2026-10-08T15:37:44.0943141Z   type: 'test'
2026-10-08T15:37:44.0943513Z   ...
2026-10-08T15:37:45.1576114Z # Subtest: a saved-watch change from another tab invalidates an already open replacement review
2026-10-08T15:37:45.1586524Z ok 19 - a saved-watch change from another tab invalidates an already open replacement review
2026-10-08T15:37:45.1587500Z   ---
2026-10-08T15:37:45.1587843Z   duration_ms: 1067.107249
2026-10-08T15:37:45.1588590Z   type: 'test'
2026-10-08T15:37:45.1588985Z   ...
2026-10-08T15:37:46.0320032Z # Subtest: unavailable browser storage still lets the player decline then explicitly start a fresh watch
2026-10-08T15:37:46.0363497Z ok 20 - unavailable browser storage still lets the player decline then explicitly start a fresh watch
2026-10-08T15:37:46.0464664Z   ---
2026-10-08T15:37:46.0527606Z   duration_ms: 866.938609
2026-10-08T15:37:46.0528669Z   type: 'test'
2026-10-08T15:37:46.0532380Z   ...
2026-10-08T15:37:46.7034122Z # Subtest: modified or held R and R while reading the journal remain inert
2026-10-08T15:37:46.7049746Z ok 21 - modified or held R and R while reading the journal remain inert
2026-10-08T15:37:46.7050775Z   ---
2026-10-08T15:37:46.7051236Z   duration_ms: 682.016392
2026-10-08T15:37:46.7051706Z   type: 'test'
2026-10-08T15:37:46.7057334Z   ...
2026-10-08T15:37:47.3866233Z # Subtest: ordinary actions still advance exactly the existing native simulation
2026-10-08T15:37:47.3867526Z ok 22 - ordinary actions still advance exactly the existing native simulation
2026-10-08T15:37:47.3868307Z   ---
2026-10-08T15:37:47.3868808Z   duration_ms: 614.963807
2026-10-08T15:37:47.3869226Z   type: 'test'
2026-10-08T15:37:47.3874080Z   ...
2026-10-08T15:37:48.3582887Z # Subtest: the assembled offline file preserves a declined watch and saves only an explicitly confirmed new watch
2026-10-08T15:37:48.3602549Z ok 23 - the assembled offline file preserves a declined watch and saves only an explicitly confirmed new watch
2026-10-08T15:37:48.3604197Z   ---
2026-10-08T15:37:48.3604735Z   duration_ms: 1039.521171
2026-10-08T15:37:48.3605157Z   type: 'test'
2026-10-08T15:37:48.3605517Z   ...
2026-10-08T15:37:48.4049550Z # Subtest: a visitor downloads the current game and resumes its complete journal offline
2026-10-08T15:37:48.4053029Z ok 24 - a visitor downloads the current game and resumes its complete journal offline
2026-10-08T15:37:48.4053908Z   ---
2026-10-08T15:37:48.4054381Z   duration_ms: 2029.784755
2026-10-08T15:37:48.4054832Z   type: 'test'
2026-10-08T15:37:48.4055245Z   ...
2026-10-08T15:37:48.4055813Z # Subtest: the packaged watch plays and restores its complete journal offline
2026-10-08T15:37:48.4056528Z ok 25 - the packaged watch plays and restores its complete journal offline
2026-10-08T15:37:48.4057100Z   ---
2026-10-08T15:37:48.4057477Z   duration_ms: 1521.65293
2026-10-08T15:37:48.4058015Z   type: 'test'
2026-10-08T15:37:48.4058428Z   ...
2026-10-08T15:37:50.3315680Z # Subtest: a resumed watch reconstructs every earlier native report before accepting the next tide
2026-10-08T15:37:50.3339398Z ok 26 - a resumed watch reconstructs every earlier native report before accepting the next tide
2026-10-08T15:37:50.3341505Z   ---
2026-10-08T15:37:50.3341955Z   duration_ms: 2357.062702
2026-10-08T15:37:50.3342470Z   type: 'test'
2026-10-08T15:37:50.3342836Z   ...
2026-10-08T15:37:50.3343403Z # Subtest: a completed saved watch retains fourteen reports and the actual opening-to-final recap
2026-10-08T15:37:50.3349077Z ok 27 - a completed saved watch retains fourteen reports and the actual opening-to-final recap
2026-10-08T15:37:50.3349824Z   ---
2026-10-08T15:37:50.3351742Z   duration_ms: 2456.625304
2026-10-08T15:37:50.3352198Z   type: 'test'
2026-10-08T15:37:50.3352614Z   ...
2026-10-08T15:37:51.2613634Z # Subtest: failed saving keeps current reports and a successful explicit retry makes the whole journal resumable
2026-10-08T15:37:51.2632820Z ok 28 - failed saving keeps current reports and a successful explicit retry makes the whole journal resumable
2026-10-08T15:37:51.2634120Z   ---
2026-10-08T15:37:51.2634612Z   duration_ms: 928.527697
2026-10-08T15:37:51.2635052Z   type: 'test'
2026-10-08T15:37:51.2635449Z   ...
2026-10-08T15:37:51.9422660Z # Subtest: a save that disagrees with real replay is protected and cannot fabricate a journal
2026-10-08T15:37:51.9425984Z ok 29 - a save that disagrees with real replay is protected and cannot fabricate a journal
2026-10-08T15:37:51.9448535Z   ---
2026-10-08T15:37:51.9449282Z   duration_ms: 681.83675
2026-10-08T15:37:51.9449933Z   type: 'test'
2026-10-08T15:37:51.9450800Z   ...
2026-10-08T15:37:53.0609984Z # Subtest: another tab's saved branch stays authoritative while the local journal can continue unsaved
2026-10-08T15:37:53.0646359Z ok 30 - another tab's saved branch stays authoritative while the local journal can continue unsaved
2026-10-08T15:37:53.0648023Z   ---
2026-10-08T15:37:53.0648888Z   duration_ms: 1116.277486
2026-10-08T15:37:53.0649167Z   type: 'test'
2026-10-08T15:37:53.0649402Z   ...
2026-10-08T15:37:53.1192298Z # Subtest: partial and completed watch-file adoption rebuilds exact downloadable reports online and offline
2026-10-08T15:37:53.1193481Z ok 31 - partial and completed watch-file adoption rebuilds exact downloadable reports online and offline
2026-10-08T15:37:53.1194335Z   ---
2026-10-08T15:37:53.1195278Z   duration_ms: 2248.766051
2026-10-08T15:37:53.1195826Z   type: 'test'
2026-10-08T15:37:53.1196260Z   ...
2026-10-08T15:37:53.1199139Z # Subtest: watch-file replacement rebuilds every native trend value online and in the current offline download
2026-10-08T15:37:53.1200351Z ok 32 - watch-file replacement rebuilds every native trend value online and in the current offline download
2026-10-08T15:37:53.1201023Z   ---
2026-10-08T15:37:53.1201401Z   duration_ms: 2145.613365
2026-10-08T15:37:53.1201878Z   type: 'test'
2026-10-08T15:37:53.1202337Z   ...
2026-10-08T15:37:54.0496469Z # Subtest: a real download transfers the exact partial watch and journal into another browser only after confirmation
2026-10-08T15:37:54.0521726Z ok 33 - a real download transfers the exact partial watch and journal into another browser only after confirmation
2026-10-08T15:37:54.0524902Z   ---
2026-10-08T15:37:54.0525454Z   duration_ms: 1651.526015
2026-10-08T15:37:54.0526064Z   type: 'test'
2026-10-08T15:37:54.0526571Z   ...
2026-10-08T15:37:54.0527424Z # Subtest: a complete native watch and journal transfer through the offline HTML without external requests
2026-10-08T15:37:54.0539466Z ok 34 - a complete native watch and journal transfer through the offline HTML without external requests
2026-10-08T15:37:54.0593821Z   ---
2026-10-08T15:37:54.0594694Z   duration_ms: 1130.127521
2026-10-08T15:37:54.0595278Z   type: 'test'
2026-10-08T15:37:54.0595672Z   ...
2026-10-08T15:37:54.0608229Z # Subtest: late file reads cannot replace subsequent play, selection, reset or a newer file preview
2026-10-08T15:37:54.0609311Z ok 35 - late file reads cannot replace subsequent play, selection, reset or a newer file preview
2026-10-08T15:37:54.0614603Z   ---
2026-10-08T15:37:54.0615113Z   duration_ms: 1149.260539
2026-10-08T15:37:54.0615578Z   type: 'test'
2026-10-08T15:37:54.0616117Z   ...
2026-10-08T15:37:54.0626341Z # Subtest: play and reset invalidate an already visible preview and cancellation keeps the same file reusable
2026-10-08T15:37:54.0627511Z ok 36 - play and reset invalidate an already visible preview and cancellation keeps the same file reusable
2026-10-08T15:37:54.0628320Z   ---
2026-10-08T15:37:54.0628865Z   duration_ms: 1254.213474
2026-10-08T15:37:54.0629422Z   type: 'test'
2026-10-08T15:37:54.0629770Z   ...
2026-10-08T15:37:54.7601912Z # Subtest: invalid or oversized input and failed file reads keep active progress and stored bytes
2026-10-08T15:37:54.7609690Z ok 37 - invalid or oversized input and failed file reads keep active progress and stored bytes
2026-10-08T15:37:54.7610621Z   ---
2026-10-08T15:37:54.7610992Z   duration_ms: 710.857501
2026-10-08T15:37:54.7611361Z   type: 'test'
2026-10-08T15:37:54.7611660Z   ...
2026-10-08T15:37:55.3885640Z # Subtest: an opened but unsaved watch remains exportable and retries without duplicating journal tides
2026-10-08T15:37:55.3906931Z ok 38 - an opened but unsaved watch remains exportable and retries without duplicating journal tides
2026-10-08T15:37:55.3928628Z   ---
2026-10-08T15:37:55.3929298Z   duration_ms: 627.42658
2026-10-08T15:37:55.3929744Z   type: 'test'
2026-10-08T15:37:55.3930082Z   ...
2026-10-08T15:37:55.8325365Z # Subtest: a blocked browser store does not prevent opening, reviewing or downloading a watch
2026-10-08T15:37:55.8348073Z ok 39 - a blocked browser store does not prevent opening, reviewing or downloading a watch
2026-10-08T15:37:55.8349711Z   ---
2026-10-08T15:37:55.8352440Z   duration_ms: 444.746175
2026-10-08T15:37:55.8352845Z   type: 'test'
2026-10-08T15:37:55.8353141Z   ...
2026-10-08T15:37:56.6999060Z # Subtest: a true second-tab write cancels review and only a fresh explicit review can replace it
2026-10-08T15:37:56.7015126Z ok 40 - a true second-tab write cancels review and only a fresh explicit review can replace it
2026-10-08T15:37:56.7016660Z   ---
2026-10-08T15:37:56.7017240Z   duration_ms: 866.083767
2026-10-08T15:37:56.7017884Z   type: 'test'
2026-10-08T15:37:56.7019438Z   ...
2026-10-08T15:37:57.7329041Z # Subtest: phone preview wraps long names, keeps touch targets and supports keyboard confirmation and cancellation
2026-10-08T15:37:57.7330036Z ok 41 - phone preview wraps long names, keeps touch targets and supports keyboard confirmation and cancellation
2026-10-08T15:37:57.7331030Z   ---
2026-10-08T15:37:57.7331326Z   duration_ms: 1034.661848
2026-10-08T15:37:57.7331767Z   type: 'test'
2026-10-08T15:37:57.7332200Z   ...
2026-10-08T15:37:59.6572816Z # Subtest: post-adoption display failure reports the opened watch, freezes stale controls and preserves download recovery
2026-10-08T15:37:59.6604519Z ok 42 - post-adoption display failure reports the opened watch, freezes stale controls and preserves download recovery
2026-10-08T15:37:59.6616451Z   ---
2026-10-08T15:37:59.6631906Z   duration_ms: 1918.811346
2026-10-08T15:37:59.6647311Z   type: 'test'
2026-10-08T15:37:59.6647860Z   ...
2026-10-08T15:38:00.8164729Z # Subtest: new-watch Keep and Escape preserve a file preview until deliberate replacement online and offline
2026-10-08T15:38:00.8168401Z ok 43 - new-watch Keep and Escape preserve a file preview until deliberate replacement online and offline
2026-10-08T15:38:00.8172750Z   ---
2026-10-08T15:38:00.8177266Z   duration_ms: 1164.275859
2026-10-08T15:38:00.8177886Z   type: 'test'
2026-10-08T15:38:00.8181501Z   ...
2026-10-08T15:38:00.8650048Z # Subtest: export captures the active unsaved watch without touching storage or replaying a tide
2026-10-08T15:38:00.8651975Z ok 44 - export captures the active unsaved watch without touching storage or replaying a tide
2026-10-08T15:38:00.8681714Z   ---
2026-10-08T15:38:00.8701529Z   duration_ms: 4.31927
2026-10-08T15:38:00.8702070Z   type: 'test'
2026-10-08T15:38:00.8702375Z   ...
2026-10-08T15:38:00.8702892Z # Subtest: preview is read-only and deliberate replacement restores exact state, selection and full journal history
2026-10-08T15:38:00.8703564Z ok 45 - preview is read-only and deliberate replacement restores exact state, selection and full journal history
2026-10-08T15:38:00.8704034Z   ---
2026-10-08T15:38:00.8704259Z   duration_ms: 4.314519
2026-10-08T15:38:00.8704508Z   type: 'test'
2026-10-08T15:38:00.8704726Z   ...
2026-10-08T15:38:00.8705018Z # Subtest: a completed watch carries all fourteen native tides and its outcome
2026-10-08T15:38:00.8705513Z ok 46 - a completed watch carries all fourteen native tides and its outcome
2026-10-08T15:38:00.8705843Z   ---
2026-10-08T15:38:00.8706053Z   duration_ms: 8.014434
2026-10-08T15:38:00.8706327Z   type: 'test'
2026-10-08T15:38:00.8706526Z   ...
2026-10-08T15:38:00.8706931Z # Subtest: invalid, incompatible and tampered files cannot change the active watch or stored bytes
2026-10-08T15:38:00.8707458Z ok 47 - invalid, incompatible and tampered files cannot change the active watch or stored bytes
2026-10-08T15:38:00.8707843Z   ---
2026-10-08T15:38:00.8708065Z   duration_ms: 3.817066
2026-10-08T15:38:00.8708301Z   type: 'test'
2026-10-08T15:38:00.8708556Z   ...
2026-10-08T15:38:00.8708854Z # Subtest: preview and rejected native replay free temporary WASM sessions
2026-10-08T15:38:00.8709301Z ok 48 - preview and rejected native replay free temporary WASM sessions
2026-10-08T15:38:00.8709630Z   ---
2026-10-08T15:38:00.8709841Z   duration_ms: 1.312121
2026-10-08T15:38:00.8710102Z   type: 'test'
2026-10-08T15:38:00.8710627Z   ...
2026-10-08T15:38:00.8711393Z # Subtest: selection, accepted play and reset invalidate confirmation, including reset back to the same opening state
2026-10-08T15:38:00.8712199Z ok 49 - selection, accepted play and reset invalidate confirmation, including reset back to the same opening state
2026-10-08T15:38:00.8712653Z   ---
2026-10-08T15:38:00.8712979Z   duration_ms: 4.71757
2026-10-08T15:38:00.8713259Z   type: 'test'
2026-10-08T15:38:00.8713527Z   ...
2026-10-08T15:38:00.8713998Z # Subtest: cancel, an older preview and a lookalike object cannot authorize replacement
2026-10-08T15:38:00.8714639Z ok 50 - cancel, an older preview and a lookalike object cannot authorize replacement
2026-10-08T15:38:00.8715656Z   ---
2026-10-08T15:38:00.8715967Z   duration_ms: 1.352473
2026-10-08T15:38:00.8716262Z   type: 'test'
2026-10-08T15:38:00.8716548Z   ...
2026-10-08T15:38:00.8717008Z # Subtest: another tab changing storage during review prevents both active and stored replacement
2026-10-08T15:38:00.8717807Z ok 51 - another tab changing storage during review prevents both active and stored replacement
2026-10-08T15:38:00.8718297Z   ---
2026-10-08T15:38:00.8718542Z   duration_ms: 1.694464
2026-10-08T15:38:00.8718828Z   type: 'test'
2026-10-08T15:38:00.8719108Z   ...
2026-10-08T15:38:00.8719513Z # Subtest: a protected save is kept through preview and replaced only by explicit confirmation
2026-10-08T15:38:00.8720394Z ok 52 - a protected save is kept through preview and replaced only by explicit confirmation
2026-10-08T15:38:00.8720863Z   ---
2026-10-08T15:38:00.8721116Z   duration_ms: 1.59504
2026-10-08T15:38:00.8721466Z   type: 'test'
2026-10-08T15:38:00.8721701Z   ...
2026-10-08T15:38:00.8722151Z # Subtest: quota or unreadable storage retains prior bytes while the opened watch can still be exported
2026-10-08T15:38:00.8722922Z ok 53 - quota or unreadable storage retains prior bytes while the opened watch can still be exported
2026-10-08T15:38:00.8723434Z   ---
2026-10-08T15:38:00.8723747Z   duration_ms: 2.012756
2026-10-08T15:38:00.8724039Z   type: 'test'
2026-10-08T15:38:00.8724442Z   ...
2026-10-08T15:38:00.8725054Z # Subtest: storage unknown during preview is never silently replaced when it becomes readable
2026-10-08T15:38:00.8725682Z ok 54 - storage unknown during preview is never silently replaced when it becomes readable
2026-10-08T15:38:00.8726417Z   ---
2026-10-08T15:38:00.8727269Z   duration_ms: 2.044889
2026-10-08T15:38:00.8728278Z   type: 'test'
2026-10-08T15:38:00.8729131Z   ...
2026-10-08T15:38:00.8731482Z # Subtest: existing journal replay remains read-only and includes every native tide
2026-10-08T15:38:00.8732340Z ok 55 - existing journal replay remains read-only and includes every native tide
2026-10-08T15:38:00.8732733Z   ---
2026-10-08T15:38:00.8732978Z   duration_ms: 0.653621
2026-10-08T15:38:00.8733288Z   type: 'test'
2026-10-08T15:38:00.8733538Z   ...
2026-10-08T15:38:00.8733988Z # Subtest: existing two-tab protection still keeps the other watch when no file is opened
2026-10-08T15:38:00.8734654Z ok 56 - existing two-tab protection still keeps the other watch when no file is opened
2026-10-08T15:38:00.8735256Z   ---
2026-10-08T15:38:00.8735530Z   duration_ms: 0.600034
2026-10-08T15:38:00.8735811Z   type: 'test'
2026-10-08T15:38:00.8736181Z   ...
2026-10-08T15:38:00.8736723Z # Subtest: a partial actual watch downloads exact native readings without changing play or saved bytes
2026-10-08T15:38:00.8737468Z ok 57 - a partial actual watch downloads exact native readings without changing play or saved bytes
2026-10-08T15:38:00.8737971Z   ---
2026-10-08T15:38:00.8738238Z   duration_ms: 1447.119596
2026-10-08T15:38:00.8738820Z   type: 'test'
2026-10-08T15:38:00.8739088Z   ...
2026-10-08T15:38:00.8739532Z # Subtest: a complete watch retains all fourteen reports and reset cannot export the previous watch
2026-10-08T15:38:00.8741050Z ok 58 - a complete watch retains all fourteen reports and reset cannot export the previous watch
2026-10-08T15:38:00.8741604Z   ---
2026-10-08T15:38:00.8741915Z   duration_ms: 3315.790739
2026-10-08T15:38:00.8742227Z   type: 'test'
2026-10-08T15:38:00.8742749Z   ...
2026-10-08T15:38:00.8743256Z # Subtest: preparation failure preserves the exact watch and allows an explicit successful retry
2026-10-08T15:38:00.8744015Z ok 59 - preparation failure preserves the exact watch and allows an explicit successful retry
2026-10-08T15:38:00.8744664Z   ---
2026-10-08T15:38:00.8744951Z   duration_ms: 734.828142
2026-10-08T15:38:00.8745299Z   type: 'test'
2026-10-08T15:38:00.8745621Z   ...
2026-10-08T15:38:00.8746054Z # Subtest: the direct-open packaged game exposes the same report at phone width
2026-10-08T15:38:00.8746670Z ok 60 - the direct-open packaged game exposes the same report at phone width
2026-10-08T15:38:00.8747068Z   ---
2026-10-08T15:38:00.8747284Z   duration_ms: 1061.194106
2026-10-08T15:38:00.8747546Z   type: 'test'
2026-10-08T15:38:00.8747783Z   ...
2026-10-08T15:38:00.8748103Z # Subtest: renderer treats every name and note as literal text and never mutates its inputs
2026-10-08T15:38:00.8748661Z ok 61 - renderer treats every name and note as literal text and never mutates its inputs
2026-10-08T15:38:00.8749026Z   ---
2026-10-08T15:38:00.8749256Z   duration_ms: 336.982836
2026-10-08T15:38:00.8749508Z   type: 'test'
2026-10-08T15:38:00.8749705Z   ...
2026-10-08T15:38:00.8758967Z # Subtest: incomplete or nonfinite snapshots cannot become a successful report
2026-10-08T15:38:00.8761178Z ok 62 - incomplete or nonfinite snapshots cannot become a successful report
2026-10-08T15:38:00.8761900Z   ---
2026-10-08T15:38:00.8762355Z   duration_ms: 2.701923
2026-10-08T15:38:00.8762769Z   type: 'test'
2026-10-08T15:38:00.8763204Z   ...
2026-10-08T15:38:00.8763776Z # Subtest: closing and reopening the page resumes the same native watch and selected cell
2026-10-08T15:38:00.8764562Z ok 63 - closing and reopening the page resumes the same native watch and selected cell
2026-10-08T15:38:00.8765196Z   ---
2026-10-08T15:38:00.8765596Z   duration_ms: 975.545468
2026-10-08T15:38:00.8766092Z   type: 'test'
2026-10-08T15:38:00.8766507Z   ...
2026-10-08T15:38:00.8767122Z # Subtest: a fourteen-tide ending survives reload and explicit reset stores a fresh watch
2026-10-08T15:38:00.8767945Z ok 64 - a fourteen-tide ending survives reload and explicit reset stores a fresh watch
2026-10-08T15:38:00.8782300Z   ---
2026-10-08T15:38:00.8782911Z   duration_ms: 1217.680155
2026-10-08T15:38:00.8783350Z   type: 'test'
2026-10-08T15:38:00.8783619Z   ...
2026-10-08T15:38:00.8783943Z # Subtest: unavailable actions leave the saved history unchanged
2026-10-08T15:38:00.8784380Z ok 65 - unavailable actions leave the saved history unchanged
2026-10-08T15:38:00.8784731Z   ---
2026-10-08T15:38:00.8784946Z   duration_ms: 501.525726
2026-10-08T15:38:00.8785208Z   type: 'test'
2026-10-08T15:38:00.8785423Z   ...
2026-10-08T15:38:00.8785873Z # Subtest: failed replay preserves saved data while play continues until an explicit reset
2026-10-08T15:38:00.8786553Z ok 66 - failed replay preserves saved data while play continues until an explicit reset
2026-10-08T15:38:00.8786994Z   ---
2026-10-08T15:38:00.8787294Z   duration_ms: 1543.615948
2026-10-08T15:38:00.8787597Z   type: 'test'
2026-10-08T15:38:00.8787915Z   ...
2026-10-08T15:38:00.8788300Z # Subtest: quota failure retains the running tide and the visible retry saves without advancing it
2026-10-08T15:38:00.8788807Z ok 67 - quota failure retains the running tide and the visible retry saves without advancing it
2026-10-08T15:38:00.8789195Z   ---
2026-10-08T15:38:00.8789454Z   duration_ms: 481.212499
2026-10-08T15:38:00.8789707Z   type: 'test'
2026-10-08T15:38:00.8789925Z   ...
2026-10-08T15:38:00.8790473Z # Subtest: a blocked storage getter still allows a playable watch and later save retry
2026-10-08T15:38:00.8791077Z ok 68 - a blocked storage getter still allows a playable watch and later save retry
2026-10-08T15:38:00.8791533Z   ---
2026-10-08T15:38:00.8791820Z   duration_ms: 459.224848
2026-10-08T15:38:00.8792171Z   type: 'test'
2026-10-08T15:38:00.8792467Z   ...
2026-10-08T15:38:00.8793182Z # Subtest: two tabs detect divergent storage and do not overwrite the other watch
2026-10-08T15:38:00.8793858Z ok 69 - two tabs detect divergent storage and do not overwrite the other watch
2026-10-08T15:38:00.8794334Z   ---
2026-10-08T15:38:00.8794661Z   duration_ms: 753.361829
2026-10-08T15:38:00.8794967Z   type: 'test'
2026-10-08T15:38:00.8795358Z   ...
2026-10-08T15:38:00.8795769Z # Subtest: failed WASM startup never replaces an existing saved watch
2026-10-08T15:38:00.8796324Z ok 70 - failed WASM startup never replaces an existing saved watch
2026-10-08T15:38:00.8796754Z   ---
2026-10-08T15:38:00.8797059Z   duration_ms: 567.505976
2026-10-08T15:38:00.8797374Z   type: 'test'
2026-10-08T15:38:00.8797676Z   ...
2026-10-08T15:38:00.8798024Z # Subtest: the save revision pins the actual shipped WASM bytes
2026-10-08T15:38:00.8798524Z ok 71 - the save revision pins the actual shipped WASM bytes
2026-10-08T15:38:00.8798931Z   ---
2026-10-08T15:38:00.8799192Z   duration_ms: 1.655039
2026-10-08T15:38:00.8799536Z   type: 'test'
2026-10-08T15:38:00.8799813Z   ...
2026-10-08T15:38:00.8800171Z # Subtest: a new watch does not write until the player chooses a cell or tide
2026-10-08T15:38:00.8801105Z ok 72 - a new watch does not write until the player chooses a cell or tide
2026-10-08T15:38:00.8801490Z   ---
2026-10-08T15:38:00.8801774Z   duration_ms: 2.811273
2026-10-08T15:38:00.8802009Z   type: 'test'
2026-10-08T15:38:00.8802222Z   ...
2026-10-08T15:38:00.8802583Z # Subtest: reload replays actual accepted tides and restores the exact complete state and selection
2026-10-08T15:38:00.8803238Z ok 73 - reload replays actual accepted tides and restores the exact complete state and selection
2026-10-08T15:38:00.8803775Z   ---
2026-10-08T15:38:00.8803995Z   duration_ms: 4.967725
2026-10-08T15:38:00.8804285Z   type: 'test'
2026-10-08T15:38:00.8804513Z   ...
2026-10-08T15:38:00.8804812Z # Subtest: a completed fourteen-tide watch and its outcome survive reopening
2026-10-08T15:38:00.8805282Z ok 74 - a completed fourteen-tide watch and its outcome survive reopening
2026-10-08T15:38:00.8805695Z   ---
2026-10-08T15:38:00.8805985Z   duration_ms: 4.561026
2026-10-08T15:38:00.8806322Z   type: 'test'
2026-10-08T15:38:00.8806617Z   ...
2026-10-08T15:38:00.8807022Z # Subtest: refused actions are absent from storage and do not change native state
2026-10-08T15:38:00.8807675Z ok 75 - refused actions are absent from storage and do not change native state
2026-10-08T15:38:00.8808123Z   ---
2026-10-08T15:38:00.8808436Z   duration_ms: 0.78166
2026-10-08T15:38:00.8808736Z   type: 'test'
2026-10-08T15:38:00.8809025Z   ...
2026-10-08T15:38:00.8809436Z # Subtest: explicit reset persists a fresh watch that cannot resurrect the old history
2026-10-08T15:38:00.8810047Z ok 76 - explicit reset persists a fresh watch that cannot resurrect the old history
2026-10-08T15:38:00.8810860Z   ---
2026-10-08T15:38:00.8811137Z   duration_ms: 0.89176
2026-10-08T15:38:00.8811507Z   type: 'test'
2026-10-08T15:38:00.8811793Z   ...
2026-10-08T15:38:00.8812264Z # Subtest: malformed, unsupported, overlong and tampered saves remain byte-for-byte intact
2026-10-08T15:38:00.8812968Z ok 77 - malformed, unsupported, overlong and tampered saves remain byte-for-byte intact
2026-10-08T15:38:00.8813461Z   ---
2026-10-08T15:38:00.8813947Z   duration_ms: 7.200538
2026-10-08T15:38:00.8814295Z   type: 'test'
2026-10-08T15:38:00.8814577Z   ...
2026-10-08T15:38:00.8815091Z # Subtest: failed partial native replay frees its candidate and explicit reset replaces a protected save
2026-10-08T15:38:00.8815737Z ok 78 - failed partial native replay frees its candidate and explicit reset replaces a protected save
2026-10-08T15:38:00.8816148Z   ---
2026-10-08T15:38:00.8816388Z   duration_ms: 0.890279
2026-10-08T15:38:00.8816629Z   type: 'test'
2026-10-08T15:38:00.8816939Z   ...
2026-10-08T15:38:00.8817422Z # Subtest: a storage quota failure keeps play in memory and retry saves exactly once without replaying a tide
2026-10-08T15:38:00.8818071Z ok 79 - a storage quota failure keeps play in memory and retry saves exactly once without replaying a tide
2026-10-08T15:38:00.8818677Z   ---
2026-10-08T15:38:00.8818904Z   duration_ms: 2.106948
2026-10-08T15:38:00.8819226Z   type: 'test'
2026-10-08T15:38:00.8819484Z   ...
2026-10-08T15:38:00.8819814Z # Subtest: an unavailable localStorage getter does not prevent play and can later recover
2026-10-08T15:38:00.8820712Z ok 80 - an unavailable localStorage getter does not prevent play and can later recover
2026-10-08T15:38:00.8821179Z   ---
2026-10-08T15:38:00.8821505Z   duration_ms: 0.904348
2026-10-08T15:38:00.8821857Z   type: 'test'
2026-10-08T15:38:00.8822136Z   ...
2026-10-08T15:38:00.8822589Z # Subtest: retry after unreadable storage never overwrites a previously unknown saved watch
2026-10-08T15:38:00.8823249Z ok 81 - retry after unreadable storage never overwrites a previously unknown saved watch
2026-10-08T15:38:00.8823724Z   ---
2026-10-08T15:38:00.8824070Z   duration_ms: 0.58768
2026-10-08T15:38:00.8824374Z   type: 'test'
2026-10-08T15:38:00.8824654Z   ...
2026-10-08T15:38:00.8825139Z # Subtest: a stale tab detects another saved watch before writing its divergent tide
2026-10-08T15:38:00.8825734Z ok 82 - a stale tab detects another saved watch before writing its divergent tide
2026-10-08T15:38:00.8826266Z   ---
2026-10-08T15:38:00.8826543Z   duration_ms: 3.491904
2026-10-08T15:38:00.8826845Z   type: 'test'
2026-10-08T15:38:00.8827134Z   ...
2026-10-08T15:38:00.8827613Z # Subtest: storage change and clear notifications hold stale writes without mutating the current watch
2026-10-08T15:38:00.8828353Z ok 83 - storage change and clear notifications hold stale writes without mutating the current watch
2026-10-08T15:38:00.8828781Z   ---
2026-10-08T15:38:00.8829039Z   duration_ms: 0.728638
2026-10-08T15:38:00.8829389Z   type: 'test'
2026-10-08T15:38:00.8829657Z   ...
2026-10-08T15:38:00.8830119Z # Subtest: a failed reset write reports the unsaved state and retry cannot restore old actions
2026-10-08T15:38:00.8830812Z ok 84 - a failed reset write reports the unsaved state and retry cannot restore old actions
2026-10-08T15:38:00.8831183Z   ---
2026-10-08T15:38:00.8831472Z   duration_ms: 0.74683
2026-10-08T15:38:00.8831745Z   type: 'test'
2026-10-08T15:38:00.8832053Z   ...
2026-10-08T15:38:01.1863594Z # Subtest: opening trends expose five correctly labelled metrics without inventing a completed tide
2026-10-08T15:38:01.1865085Z ok 85 - opening trends expose five correctly labelled metrics without inventing a completed tide
2026-10-08T15:38:01.1866007Z   ---
2026-10-08T15:38:01.1866359Z   duration_ms: 838.747633
2026-10-08T15:38:01.1866710Z   type: 'test'
2026-10-08T15:38:01.1867159Z   ...
2026-10-08T15:38:01.1867752Z # Subtest: changed real WASM actions produce complete exact tables and separate cell series without changing the watch
2026-10-08T15:38:01.1879360Z ok 86 - changed real WASM actions produce complete exact tables and separate cell series without changing the watch
2026-10-08T15:38:01.1880563Z   ---
2026-10-08T15:38:01.1880871Z   duration_ms: 1182.812912
2026-10-08T15:38:01.1881219Z   type: 'test'
2026-10-08T15:38:01.1881476Z   ...
2026-10-08T15:38:01.6848405Z # Subtest: native keyboard controls retain earlier selection and focus while later tides arrive
2026-10-08T15:38:01.6849466Z ok 87 - native keyboard controls retain earlier selection and focus while later tides arrive
2026-10-08T15:38:01.6850581Z   ---
2026-10-08T15:38:01.6851149Z   duration_ms: 498.60689
2026-10-08T15:38:01.6851656Z   type: 'test'
2026-10-08T15:38:01.6852178Z   ...
2026-10-08T15:38:02.2362487Z # Subtest: selection and refused actions add no trend, and reset starts at the actual opening
2026-10-08T15:38:02.2363667Z ok 88 - selection and refused actions add no trend, and reset starts at the actual opening
2026-10-08T15:38:02.2365645Z   ---
2026-10-08T15:38:02.2366377Z   duration_ms: 551.309393
2026-10-08T15:38:02.2366710Z   type: 'test'
2026-10-08T15:38:02.2372139Z   ...
2026-10-08T15:38:02.6847431Z # Subtest: clicking the chart selects the tide and leaves keyboard focus on its slider
2026-10-08T15:38:02.6848572Z ok 89 - clicking the chart selects the tide and leaves keyboard focus on its slider
2026-10-08T15:38:02.6849084Z   ---
2026-10-08T15:38:02.6849352Z   duration_ms: 448.668281
2026-10-08T15:38:02.6849789Z   type: 'test'
2026-10-08T15:38:02.6850044Z   ...
2026-10-08T15:38:04.2193959Z # Subtest: partial and complete native replay retain the opening, all completed tides and the finished watch
2026-10-08T15:38:04.2202115Z ok 90 - partial and complete native replay retain the opening, all completed tides and the finished watch
2026-10-08T15:38:04.2202873Z   ---
2026-10-08T15:38:04.2203116Z   duration_ms: 1532.861987
2026-10-08T15:38:04.2203473Z   type: 'test'
2026-10-08T15:38:04.2203698Z   ...
2026-10-08T15:38:04.5115294Z # Subtest: invalid journal replay cannot replace an existing trends history
2026-10-08T15:38:04.5116709Z ok 91 - invalid journal replay cannot replace an existing trends history
2026-10-08T15:38:04.5119578Z   ---
2026-10-08T15:38:04.5120743Z   duration_ms: 293.036153
2026-10-08T15:38:04.5121209Z   type: 'test'
2026-10-08T15:38:04.5121787Z   ...
2026-10-08T15:38:05.0980496Z # Subtest: direct-open packaging embeds the same trends and reopens native saved readings offline
2026-10-08T15:38:05.0985438Z ok 92 - direct-open packaging embeds the same trends and reopens native saved readings offline
2026-10-08T15:38:05.0985991Z   ---
2026-10-08T15:38:05.0986429Z   duration_ms: 586.905301
2026-10-08T15:38:05.0986783Z   type: 'test'
2026-10-08T15:38:05.0987089Z   ...
2026-10-08T15:38:05.1421356Z 1..92
2026-10-08T15:38:05.1421888Z # tests 92
2026-10-08T15:38:05.1422158Z # suites 0
2026-10-08T15:38:05.1422523Z # pass 92
2026-10-08T15:38:05.1422799Z # fail 0
2026-10-08T15:38:05.1423076Z # cancelled 0
2026-10-08T15:38:05.1423425Z # skipped 0
2026-10-08T15:38:05.1423737Z # todo 0
2026-10-08T15:38:05.1424024Z # duration_ms 28052.893246
2026-10-08T15:38:05.1623916Z Post job cleanup.
2026-10-08T15:38:05.2317210Z [command]/usr/bin/git version
2026-10-08T15:38:05.2351585Z git version 2.55.0
2026-10-08T15:38:05.2377534Z Temporarily overriding HOME='/home/runner/work/_temp/9507eef2-522d-47a0-86ef-f617949d413b' before making global git config changes
2026-10-08T15:38:05.2378743Z Adding repository directory to the temporary git global config as a safe directory
2026-10-08T15:38:05.2381920Z [command]/usr/bin/git config --global --add safe.directory /home/runner/work/longwater-browser-demo/longwater-browser-demo
2026-10-08T15:38:05.2414496Z [command]/usr/bin/git config --local --name-only --get-regexp core\.sshCommand
2026-10-08T15:38:05.2440414Z [command]/usr/bin/git submodule foreach --recursive sh -c "git config --local --name-only --get-regexp 'core\.sshCommand' && git config --local --unset-all 'core.sshCommand' || :"
2026-10-08T15:38:05.2619570Z [command]/usr/bin/git config --local --name-only --get-regexp http\.https\:\/\/github\.com\/\.extraheader
2026-10-08T15:38:05.2640729Z http.https://github.com/.extraheader
2026-10-08T15:38:05.2651586Z [command]/usr/bin/git config --local --unset-all http.https://github.com/.extraheader
2026-10-08T15:38:05.2686524Z [command]/usr/bin/git submodule foreach --recursive sh -c "git config --local --name-only --get-regexp 'http\.https\:\/\/github\.com\/\.extraheader' && git config --local --unset-all 'http.https://github.com/.extraheader' || :"
2026-10-08T15:38:05.2872835Z [command]/usr/bin/git config --local --name-only --get-regexp ^includeIf\.gitdir:
2026-10-08T15:38:05.2904768Z [command]/usr/bin/git submodule foreach --recursive git config --local --show-origin --name-only --get-regexp remote.origin.url
2026-10-08T15:38:05.3215336Z Cleaning up orphan processes
2026-10-08T15:38:05.3466582Z ##[warning]Node.js 20 is deprecated. The following actions target Node.js 20 but are being forced to run on Node.js 24: actions/checkout@11d5960a326750d5838078e36cf38b85af677262. For more information see: https://github.blog/changelog/2025-09-19-deprecation-of-node-20-on-github-actions-runners/
