2026-10-08T14:22:57.8356678Z Current runner version: '2.337.0'
2026-10-08T14:22:57.8407303Z ##[group]Runner Image Provisioner
2026-10-08T14:22:57.8408183Z Hosted Compute Agent
2026-10-08T14:22:57.8408780Z Version: 20261002.596
2026-10-08T14:22:57.8409511Z Commit: c3d12f3313a95f25162a1503be624f3b0617f8c0
2026-10-08T14:22:57.8410254Z Build Date: 2026-10-02T22:28:27Z
2026-10-08T14:22:57.8411023Z Worker ID: {25063b7a-7f00-4412-bc0d-07f1c94442fd}
2026-10-08T14:22:57.8411777Z Region: westcentralus
2026-10-08T14:22:57.8412386Z Cloud: Azure
2026-10-08T14:22:57.8413046Z ##[endgroup]
2026-10-08T14:22:57.8414445Z ##[group]Operating System
2026-10-08T14:22:57.8415570Z Ubuntu
2026-10-08T14:22:57.8416137Z 24.04.5
2026-10-08T14:22:57.8416679Z LTS
2026-10-08T14:22:57.8417274Z ##[endgroup]
2026-10-08T14:22:57.8417847Z ##[group]Runner Image
2026-10-08T14:22:57.8418554Z Image: ubuntu-24.04
2026-10-08T14:22:57.8419311Z Version: 20261004.327.1
2026-10-08T14:22:57.8420590Z Included Software: https://github.com/actions/runner-images/blob/ubuntu24/20261004.327/images/ubuntu/Ubuntu2404-Readme.md
2026-10-08T14:22:57.8422212Z Image Release: https://github.com/actions/runner-images/releases/tag/ubuntu24%2F20261004.327
2026-10-08T14:22:57.8423228Z ##[endgroup]
2026-10-08T14:22:57.8424536Z ##[group]GITHUB_TOKEN Permissions
2026-10-08T14:22:57.8426824Z Contents: read
2026-10-08T14:22:57.8427599Z Metadata: read
2026-10-08T14:22:57.8428229Z Packages: read
2026-10-08T14:22:57.8428890Z ##[endgroup]
2026-10-08T14:22:57.8430933Z Secret source: Actions
2026-10-08T14:22:57.8431934Z Cache mode: write
2026-10-08T14:22:57.8432698Z Prepare workflow directory
2026-10-08T14:22:57.8812175Z Prepare all required actions
2026-10-08T14:22:57.8858594Z Getting action download info
2026-10-08T14:22:58.1898435Z Download action repository 'actions/checkout@11d5960a326750d5838078e36cf38b85af677262' (SHA:11d5960a326750d5838078e36cf38b85af677262)
2026-10-08T14:22:58.2957233Z Download action repository 'actions/upload-artifact@ea165f8d65b6e75b540449e92b4886f43607fa02' (SHA:ea165f8d65b6e75b540449e92b4886f43607fa02)
2026-10-08T14:22:58.5510609Z Complete job name: browser
2026-10-08T14:22:58.6312920Z ##[group]Run actions/checkout@11d5960a326750d5838078e36cf38b85af677262
2026-10-08T14:22:58.6313920Z with:
2026-10-08T14:22:58.6314420Z   repository: Jacob-Met/longwater-browser-demo
2026-10-08T14:22:58.6318727Z   token: ***
2026-10-08T14:22:58.6319170Z   ssh-strict: true
2026-10-08T14:22:58.6319624Z   ssh-user: git
2026-10-08T14:22:58.6320084Z   persist-credentials: true
2026-10-08T14:22:58.6320572Z   clean: true
2026-10-08T14:22:58.6321032Z   sparse-checkout-cone-mode: true
2026-10-08T14:22:58.6321549Z   fetch-depth: 1
2026-10-08T14:22:58.6321981Z   fetch-tags: false
2026-10-08T14:22:58.6322430Z   show-progress: true
2026-10-08T14:22:58.6322873Z   lfs: false
2026-10-08T14:22:58.6323283Z   submodules: false
2026-10-08T14:22:58.6323725Z   set-safe-directory: true
2026-10-08T14:22:58.6324231Z   allow-unsafe-pr-checkout: false
2026-10-08T14:22:58.6325140Z ##[endgroup]
2026-10-08T14:22:58.7331890Z Syncing repository: Jacob-Met/longwater-browser-demo
2026-10-08T14:22:58.7333844Z ##[group]Getting Git version info
2026-10-08T14:22:58.7335053Z Working directory is '/home/runner/work/longwater-browser-demo/longwater-browser-demo'
2026-10-08T14:22:58.7336305Z [command]/usr/bin/git version
2026-10-08T14:22:58.7749798Z git version 2.55.0
2026-10-08T14:22:58.7770094Z ##[endgroup]
2026-10-08T14:22:58.7792731Z Temporarily overriding HOME='/home/runner/work/_temp/c2e10bcd-493d-487e-99f9-914b2b977274' before making global git config changes
2026-10-08T14:22:58.7795332Z Adding repository directory to the temporary git global config as a safe directory
2026-10-08T14:22:58.7798078Z [command]/usr/bin/git config --global --add safe.directory /home/runner/work/longwater-browser-demo/longwater-browser-demo
2026-10-08T14:22:58.7866275Z Deleting the contents of '/home/runner/work/longwater-browser-demo/longwater-browser-demo'
2026-10-08T14:22:58.7868505Z ##[group]Initializing the repository
2026-10-08T14:22:58.7869938Z [command]/usr/bin/git init /home/runner/work/longwater-browser-demo/longwater-browser-demo
2026-10-08T14:22:58.7938728Z hint: Using 'master' as the name for the initial branch. This default branch name
2026-10-08T14:22:58.7940545Z hint: will change to "main" in Git 3.0. To configure the initial branch name
2026-10-08T14:22:58.7942367Z hint: to use in all of your new repositories, which will suppress this warning,
2026-10-08T14:22:58.7943846Z hint: call:
2026-10-08T14:22:58.7944883Z hint:
2026-10-08T14:22:58.7945991Z hint: 	git config --global init.defaultBranch <name>
2026-10-08T14:22:58.7946710Z hint:
2026-10-08T14:22:58.7947325Z hint: Names commonly chosen instead of 'master' are 'main', 'trunk' and
2026-10-08T14:22:58.7948298Z hint: 'development'. The just-created branch can be renamed via this command:
2026-10-08T14:22:58.7949053Z hint:
2026-10-08T14:22:58.7949489Z hint: 	git branch -m <name>
2026-10-08T14:22:58.7949982Z hint:
2026-10-08T14:22:58.7950618Z hint: Disable this message with "git config set advice.defaultBranchName false"
2026-10-08T14:22:58.7957720Z Initialized empty Git repository in /home/runner/work/longwater-browser-demo/longwater-browser-demo/.git/
2026-10-08T14:22:58.7969929Z [command]/usr/bin/git remote add origin https://github.com/Jacob-Met/longwater-browser-demo
2026-10-08T14:22:58.8015620Z ##[endgroup]
2026-10-08T14:22:58.8016873Z ##[group]Disabling automatic garbage collection
2026-10-08T14:22:58.8036155Z [command]/usr/bin/git config --local gc.auto 0
2026-10-08T14:22:58.8097057Z ##[endgroup]
2026-10-08T14:22:58.8111514Z ##[group]Setting up auth
2026-10-08T14:22:58.8113451Z [command]/usr/bin/git config --local --name-only --get-regexp core\.sshCommand
2026-10-08T14:22:58.8118235Z [command]/usr/bin/git submodule foreach --recursive sh -c "git config --local --name-only --get-regexp 'core\.sshCommand' && git config --local --unset-all 'core.sshCommand' || :"
2026-10-08T14:22:58.8452153Z [command]/usr/bin/git config --local --name-only --get-regexp http\.https\:\/\/github\.com\/\.extraheader
2026-10-08T14:22:58.8492885Z [command]/usr/bin/git submodule foreach --recursive sh -c "git config --local --name-only --get-regexp 'http\.https\:\/\/github\.com\/\.extraheader' && git config --local --unset-all 'http.https://github.com/.extraheader' || :"
2026-10-08T14:22:58.8731912Z [command]/usr/bin/git config --local --name-only --get-regexp ^includeIf\.gitdir:
2026-10-08T14:22:58.8769865Z [command]/usr/bin/git submodule foreach --recursive git config --local --show-origin --name-only --get-regexp remote.origin.url
2026-10-08T14:22:58.9009501Z [command]/usr/bin/git config --local http.https://github.com/.extraheader AUTHORIZATION: basic ***
2026-10-08T14:22:58.9052478Z ##[endgroup]
2026-10-08T14:22:58.9053359Z ##[group]Fetching the repository
2026-10-08T14:22:58.9062410Z [command]/usr/bin/git -c protocol.version=2 fetch --no-tags --prune --no-recurse-submodules --depth=1 origin +2ea43cefe06690b11d91a033349ffa96148ff78f:refs/remotes/pull/19/merge
2026-10-08T14:22:59.9030701Z From https://github.com/Jacob-Met/longwater-browser-demo
2026-10-08T14:22:59.9033042Z  * [new ref]         2ea43cefe06690b11d91a033349ffa96148ff78f -> pull/19/merge
2026-10-08T14:22:59.9038214Z ##[endgroup]
2026-10-08T14:22:59.9039976Z ##[group]Determining the checkout info
2026-10-08T14:22:59.9041854Z ##[endgroup]
2026-10-08T14:22:59.9046420Z [command]/usr/bin/git sparse-checkout disable
2026-10-08T14:22:59.9099823Z [command]/usr/bin/git config --local --unset-all extensions.worktreeConfig
2026-10-08T14:22:59.9133709Z ##[group]Checking out the ref
2026-10-08T14:22:59.9136674Z [command]/usr/bin/git checkout --progress --force refs/remotes/pull/19/merge
2026-10-08T14:22:59.9400127Z Note: switching to 'refs/remotes/pull/19/merge'.
2026-10-08T14:22:59.9401031Z 
2026-10-08T14:22:59.9401756Z You are in 'detached HEAD' state. You can look around, make experimental
2026-10-08T14:22:59.9403517Z changes and commit them, and you can discard any commits you make in this
2026-10-08T14:22:59.9405604Z state without impacting any branches by switching back to a branch.
2026-10-08T14:22:59.9407277Z 
2026-10-08T14:22:59.9407995Z If you want to create a new branch to retain commits you create, you may
2026-10-08T14:22:59.9409602Z do so (now or later) by using -c with the switch command. Example:
2026-10-08T14:22:59.9410722Z 
2026-10-08T14:22:59.9411136Z   git switch -c <new-branch-name>
2026-10-08T14:22:59.9411841Z 
2026-10-08T14:22:59.9412396Z Or undo this operation with:
2026-10-08T14:22:59.9413215Z 
2026-10-08T14:22:59.9413708Z   git switch -
2026-10-08T14:22:59.9414540Z 
2026-10-08T14:22:59.9415636Z Turn off this advice by setting config variable advice.detachedHead to false
2026-10-08T14:22:59.9416945Z 
2026-10-08T14:22:59.9418451Z HEAD is now at 2ea43ce Merge d40f0b9c8b5e8e80cb11608e374dcf23fd768b18 into f3215e82795d881c27f0c0225aa8ea5fcd2bbe4c
2026-10-08T14:22:59.9423429Z ##[endgroup]
2026-10-08T14:22:59.9457341Z [command]/usr/bin/git log -1 --format=%H
2026-10-08T14:22:59.9486338Z 2ea43cefe06690b11d91a033349ffa96148ff78f
2026-10-08T14:22:59.9776732Z ##[group]Run npm ci
2026-10-08T14:22:59.9777906Z [36;1mnpm ci[0m
2026-10-08T14:23:00.0022497Z shell: /usr/bin/bash -e {0}
2026-10-08T14:23:00.0023724Z ##[endgroup]
2026-10-08T14:23:02.6647426Z 
2026-10-08T14:23:02.6648174Z added 2 packages, and audited 3 packages in 2s
2026-10-08T14:23:02.6660971Z 
2026-10-08T14:23:02.6661430Z found 0 vulnerabilities
2026-10-08T14:23:02.7201052Z ##[group]Run npx playwright install --with-deps chromium
2026-10-08T14:23:02.7201625Z [36;1mnpx playwright install --with-deps chromium[0m
2026-10-08T14:23:02.7275188Z shell: /usr/bin/bash -e {0}
2026-10-08T14:23:02.7275523Z ##[endgroup]
2026-10-08T14:23:03.5728749Z Installing dependencies...
2026-10-08T14:23:03.5802400Z Switching to root user to install dependencies...
2026-10-08T14:23:03.7131933Z Get:1 file:/etc/apt/apt-mirrors.txt Mirrorlist [144 B]
2026-10-08T14:23:03.7287332Z Get:6 https://packages.microsoft.com/ubuntu/24.04/prod noble InRelease [3600 B]
2026-10-08T14:23:03.7491603Z Hit:2 http://azure.archive.ubuntu.com/ubuntu noble InRelease
2026-10-08T14:23:03.7509718Z Get:3 http://azure.archive.ubuntu.com/ubuntu noble-updates InRelease [126 kB]
2026-10-08T14:23:03.7587760Z Get:4 http://azure.archive.ubuntu.com/ubuntu noble-backports InRelease [126 kB]
2026-10-08T14:23:03.7659191Z Get:5 http://azure.archive.ubuntu.com/ubuntu noble-security InRelease [126 kB]
2026-10-08T14:23:03.8527340Z Get:7 https://packages.microsoft.com/ubuntu/24.04/prod noble/main amd64 Packages [531 kB]
2026-10-08T14:23:03.8694867Z Get:8 https://packages.microsoft.com/ubuntu/24.04/prod noble/main all Packages [640 B]
2026-10-08T14:23:03.8721186Z Get:9 https://packages.microsoft.com/ubuntu/24.04/prod noble/main arm64 Packages [474 kB]
2026-10-08T14:23:03.8769951Z Get:10 https://packages.microsoft.com/ubuntu/24.04/prod noble/main armhf Packages [12.3 kB]
2026-10-08T14:23:03.9835848Z Get:11 http://azure.archive.ubuntu.com/ubuntu noble-updates/main amd64 Packages [1375 kB]
2026-10-08T14:23:03.9921160Z Get:12 http://azure.archive.ubuntu.com/ubuntu noble-updates/main Translation-en [306 kB]
2026-10-08T14:23:03.9946256Z Get:13 http://azure.archive.ubuntu.com/ubuntu noble-updates/universe amd64 Packages [1702 kB]
2026-10-08T14:23:04.0037651Z Get:14 http://azure.archive.ubuntu.com/ubuntu noble-updates/universe Translation-en [341 kB]
2026-10-08T14:23:04.0105756Z Get:15 http://azure.archive.ubuntu.com/ubuntu noble-updates/restricted amd64 Packages [1761 kB]
2026-10-08T14:23:04.0181335Z Get:16 http://azure.archive.ubuntu.com/ubuntu noble-updates/restricted Translation-en [401 kB]
2026-10-08T14:23:04.0210816Z Get:17 http://azure.archive.ubuntu.com/ubuntu noble-updates/multiverse amd64 Packages [55.0 kB]
2026-10-08T14:23:04.0236325Z Get:18 http://azure.archive.ubuntu.com/ubuntu noble-updates/multiverse Translation-en [14.3 kB]
2026-10-08T14:23:04.0924899Z Get:19 http://azure.archive.ubuntu.com/ubuntu noble-security/main amd64 Packages [1089 kB]
2026-10-08T14:23:04.0987170Z Get:20 http://azure.archive.ubuntu.com/ubuntu noble-security/main Translation-en [225 kB]
2026-10-08T14:23:04.1429923Z Get:21 http://azure.archive.ubuntu.com/ubuntu noble-security/universe amd64 Packages [1218 kB]
2026-10-08T14:23:04.1498052Z Get:22 http://azure.archive.ubuntu.com/ubuntu noble-security/universe Translation-en [245 kB]
2026-10-08T14:23:04.1519379Z Get:23 http://azure.archive.ubuntu.com/ubuntu noble-security/restricted amd64 Packages [1594 kB]
2026-10-08T14:23:04.1602576Z Get:24 http://azure.archive.ubuntu.com/ubuntu noble-security/restricted Translation-en [366 kB]
2026-10-08T14:23:04.1628731Z Get:25 http://azure.archive.ubuntu.com/ubuntu noble-security/multiverse Translation-en [11.6 kB]
2026-10-08T14:23:10.7180810Z Fetched 12.1 MB in 1s (8746 kB/s)
2026-10-08T14:23:11.5426250Z Reading package lists...
2026-10-08T14:23:11.5677514Z Reading package lists...
2026-10-08T14:23:11.7718264Z Building dependency tree...
2026-10-08T14:23:11.7725647Z Reading state information...
2026-10-08T14:23:11.9287604Z libasound2t64 is already the newest version (1.2.11-1ubuntu0.3).
2026-10-08T14:23:11.9288210Z libasound2t64 set to manually installed.
2026-10-08T14:23:11.9288903Z libatk-bridge2.0-0t64 is already the newest version (2.52.0-1build1).
2026-10-08T14:23:11.9289592Z libatk-bridge2.0-0t64 set to manually installed.
2026-10-08T14:23:11.9290142Z libatk1.0-0t64 is already the newest version (2.52.0-1build1).
2026-10-08T14:23:11.9291231Z libatk1.0-0t64 set to manually installed.
2026-10-08T14:23:11.9291816Z libatspi2.0-0t64 is already the newest version (2.52.0-1build1).
2026-10-08T14:23:11.9292397Z libatspi2.0-0t64 set to manually installed.
2026-10-08T14:23:11.9292880Z libcairo2 is already the newest version (1.18.0-3build1).
2026-10-08T14:23:11.9293373Z libcairo2 set to manually installed.
2026-10-08T14:23:11.9293896Z libcups2t64 is already the newest version (2.4.7-1.2ubuntu7.14).
2026-10-08T14:23:11.9294408Z libcups2t64 set to manually installed.
2026-10-08T14:23:11.9295121Z libdbus-1-3 is already the newest version (1.14.10-4ubuntu4.1).
2026-10-08T14:23:11.9295618Z libdbus-1-3 set to manually installed.
2026-10-08T14:23:11.9296106Z libdrm2 is already the newest version (2.4.125-1ubuntu0.1~24.04.2).
2026-10-08T14:23:11.9296620Z libdrm2 set to manually installed.
2026-10-08T14:23:11.9297079Z libgbm1 is already the newest version (25.2.8-0ubuntu0.24.04.4).
2026-10-08T14:23:11.9297566Z libgbm1 set to manually installed.
2026-10-08T14:23:11.9298036Z libglib2.0-0t64 is already the newest version (2.80.0-6ubuntu3.9).
2026-10-08T14:23:11.9298535Z libglib2.0-0t64 set to manually installed.
2026-10-08T14:23:11.9299020Z libnspr4 is already the newest version (2:4.35-1.1build1).
2026-10-08T14:23:11.9299531Z libnspr4 set to manually installed.
2026-10-08T14:23:11.9300004Z libnss3 is already the newest version (2:3.98-1ubuntu0.2).
2026-10-08T14:23:11.9300341Z libnss3 set to manually installed.
2026-10-08T14:23:11.9300736Z libpango-1.0-0 is already the newest version (1.52.1+ds-1build1).
2026-10-08T14:23:11.9301211Z libpango-1.0-0 set to manually installed.
2026-10-08T14:23:11.9301535Z libx11-6 is already the newest version (2:1.8.7-1build1).
2026-10-08T14:23:11.9301863Z libx11-6 set to manually installed.
2026-10-08T14:23:11.9302156Z libxcb1 is already the newest version (1.15-1ubuntu2).
2026-10-08T14:23:11.9302463Z libxcb1 set to manually installed.
2026-10-08T14:23:11.9302845Z libxcomposite1 is already the newest version (1:0.4.5-1build3).
2026-10-08T14:23:11.9303282Z libxcomposite1 set to manually installed.
2026-10-08T14:23:11.9303626Z libxdamage1 is already the newest version (1:1.1.6-1build1).
2026-10-08T14:23:11.9303960Z libxdamage1 set to manually installed.
2026-10-08T14:23:11.9304273Z libxext6 is already the newest version (2:1.3.4-1build2).
2026-10-08T14:23:11.9304588Z libxext6 set to manually installed.
2026-10-08T14:23:11.9305217Z libxfixes3 is already the newest version (1:6.0.0-2build1).
2026-10-08T14:23:11.9305549Z libxfixes3 set to manually installed.
2026-10-08T14:23:11.9305871Z libxkbcommon0 is already the newest version (1.6.0-1build1).
2026-10-08T14:23:11.9306220Z libxkbcommon0 set to manually installed.
2026-10-08T14:23:11.9306769Z libxrandr2 is already the newest version (2:1.5.2-2build1).
2026-10-08T14:23:11.9307133Z libxrandr2 set to manually installed.
2026-10-08T14:23:11.9307447Z xvfb is already the newest version (2:21.1.12-1ubuntu1.8).
2026-10-08T14:23:11.9307883Z fonts-noto-color-emoji is already the newest version (2.047-0ubuntu0.24.04.1).
2026-10-08T14:23:11.9308366Z libfontconfig1 is already the newest version (2.15.0-1.1ubuntu2).
2026-10-08T14:23:11.9308732Z libfontconfig1 set to manually installed.
2026-10-08T14:23:11.9309087Z fonts-liberation is already the newest version (1:2.1.5-3).
2026-10-08T14:23:11.9309439Z fonts-liberation set to manually installed.
2026-10-08T14:23:11.9309771Z The following additional packages will be installed:
2026-10-08T14:23:11.9310208Z   xfonts-encodings xfonts-utils
2026-10-08T14:23:11.9310465Z Recommended packages:
2026-10-08T14:23:11.9310718Z   fonts-ipafont-mincho fonts-tlwg-loma
2026-10-08T14:23:11.9681283Z The following NEW packages will be installed:
2026-10-08T14:23:11.9682158Z   fonts-freefont-ttf fonts-ipafont-gothic fonts-tlwg-loma-otf fonts-unifont
2026-10-08T14:23:11.9695505Z   fonts-wqy-zenhei xfonts-cyrillic xfonts-encodings xfonts-scalable
2026-10-08T14:23:11.9696140Z   xfonts-utils
2026-10-08T14:23:11.9696485Z The following packages will be upgraded:
2026-10-08T14:23:11.9697788Z   libfreetype6
2026-10-08T14:23:11.9880452Z 1 upgraded, 9 newly installed, 0 to remove and 16 not upgraded.
2026-10-08T14:23:11.9880884Z Need to get 21.5 MB of archives.
2026-10-08T14:23:11.9881241Z After this operation, 79.5 MB of additional disk space will be used.
2026-10-08T14:23:11.9881919Z Get:1 file:/etc/apt/apt-mirrors.txt Mirrorlist [144 B]
2026-10-08T14:23:12.0977647Z Get:2 http://azure.archive.ubuntu.com/ubuntu noble/universe amd64 fonts-ipafont-gothic all 00303-21ubuntu1 [3513 kB]
2026-10-08T14:23:12.5262620Z Get:3 http://azure.archive.ubuntu.com/ubuntu noble/main amd64 fonts-freefont-ttf all 20211204+svn4273-2 [5641 kB]
2026-10-08T14:23:12.6686594Z Get:4 http://azure.archive.ubuntu.com/ubuntu noble/universe amd64 fonts-tlwg-loma-otf all 1:0.7.3-1 [107 kB]
2026-10-08T14:23:12.7166468Z Get:5 http://azure.archive.ubuntu.com/ubuntu noble/universe amd64 fonts-unifont all 1:15.1.01-1build1 [2993 kB]
2026-10-08T14:23:12.8121369Z Get:6 http://azure.archive.ubuntu.com/ubuntu noble/universe amd64 fonts-wqy-zenhei all 0.9.45-8 [7472 kB]
2026-10-08T14:23:13.0124479Z Get:7 http://azure.archive.ubuntu.com/ubuntu noble-updates/main amd64 libfreetype6 amd64 2.13.2+dfsg-1ubuntu0.2 [403 kB]
2026-10-08T14:23:13.0684195Z Get:8 http://azure.archive.ubuntu.com/ubuntu noble/main amd64 xfonts-encodings all 1:1.0.5-0ubuntu2 [578 kB]
2026-10-08T14:23:13.1307376Z Get:9 http://azure.archive.ubuntu.com/ubuntu noble/main amd64 xfonts-utils amd64 1:7.7+6build3 [94.4 kB]
2026-10-08T14:23:13.1798450Z Get:10 http://azure.archive.ubuntu.com/ubuntu noble/universe amd64 xfonts-cyrillic all 1:1.0.5+nmu1 [384 kB]
2026-10-08T14:23:13.2385666Z Get:11 http://azure.archive.ubuntu.com/ubuntu noble/main amd64 xfonts-scalable all 1:1.0.3-1.3 [304 kB]
2026-10-08T14:23:13.5190426Z Fetched 21.5 MB in 1s (16.9 MB/s)
2026-10-08T14:23:13.5655743Z Selecting previously unselected package fonts-ipafont-gothic.
2026-10-08T14:23:13.6231308Z (Reading database ... 
2026-10-08T14:23:13.6231729Z (Reading database ... 5%
2026-10-08T14:23:13.6232080Z (Reading database ... 10%
2026-10-08T14:23:13.6232376Z (Reading database ... 15%
2026-10-08T14:23:13.6232615Z (Reading database ... 20%
2026-10-08T14:23:13.6232955Z (Reading database ... 25%
2026-10-08T14:23:13.6233203Z (Reading database ... 30%
2026-10-08T14:23:13.6233422Z (Reading database ... 35%
2026-10-08T14:23:13.6233659Z (Reading database ... 40%
2026-10-08T14:23:13.6234098Z (Reading database ... 45%
2026-10-08T14:23:13.6234522Z (Reading database ... 50%
2026-10-08T14:23:13.6660248Z (Reading database ... 55%
2026-10-08T14:23:14.0491131Z (Reading database ... 60%
2026-10-08T14:23:14.3436771Z (Reading database ... 65%
2026-10-08T14:23:14.6376206Z (Reading database ... 70%
2026-10-08T14:23:14.9923765Z (Reading database ... 75%
2026-10-08T14:23:15.4001216Z (Reading database ... 80%
2026-10-08T14:23:16.1019387Z (Reading database ... 85%
2026-10-08T14:23:16.7832083Z (Reading database ... 90%
2026-10-08T14:23:17.4653068Z (Reading database ... 95%
2026-10-08T14:23:17.4653531Z (Reading database ... 100%
2026-10-08T14:23:17.4653973Z (Reading database ... 203191 files and directories currently installed.)
2026-10-08T14:23:17.4700965Z Preparing to unpack .../0-fonts-ipafont-gothic_00303-21ubuntu1_all.deb ...
2026-10-08T14:23:17.4797185Z Unpacking fonts-ipafont-gothic (00303-21ubuntu1) ...
2026-10-08T14:23:17.7118676Z Selecting previously unselected package fonts-freefont-ttf.
2026-10-08T14:23:17.7252436Z Preparing to unpack .../1-fonts-freefont-ttf_20211204+svn4273-2_all.deb ...
2026-10-08T14:23:17.7259650Z Unpacking fonts-freefont-ttf (20211204+svn4273-2) ...
2026-10-08T14:23:17.8053252Z Selecting previously unselected package fonts-tlwg-loma-otf.
2026-10-08T14:23:17.8186603Z Preparing to unpack .../2-fonts-tlwg-loma-otf_1%3a0.7.3-1_all.deb ...
2026-10-08T14:23:17.8194885Z Unpacking fonts-tlwg-loma-otf (1:0.7.3-1) ...
2026-10-08T14:23:17.8453892Z Selecting previously unselected package fonts-unifont.
2026-10-08T14:23:17.8584403Z Preparing to unpack .../3-fonts-unifont_1%3a15.1.01-1build1_all.deb ...
2026-10-08T14:23:17.8591896Z Unpacking fonts-unifont (1:15.1.01-1build1) ...
2026-10-08T14:23:17.9972918Z Selecting previously unselected package fonts-wqy-zenhei.
2026-10-08T14:23:18.0186534Z Preparing to unpack .../4-fonts-wqy-zenhei_0.9.45-8_all.deb ...
2026-10-08T14:23:18.0292747Z Unpacking fonts-wqy-zenhei (0.9.45-8) ...
2026-10-08T14:23:18.5093802Z Preparing to unpack .../5-libfreetype6_2.13.2+dfsg-1ubuntu0.2_amd64.deb ...
2026-10-08T14:23:18.5121757Z Unpacking libfreetype6:amd64 (2.13.2+dfsg-1ubuntu0.2) over (2.13.2+dfsg-1ubuntu0.1) ...
2026-10-08T14:23:18.5374099Z Selecting previously unselected package xfonts-encodings.
2026-10-08T14:23:18.5505174Z Preparing to unpack .../6-xfonts-encodings_1%3a1.0.5-0ubuntu2_all.deb ...
2026-10-08T14:23:18.5512480Z Unpacking xfonts-encodings (1:1.0.5-0ubuntu2) ...
2026-10-08T14:23:18.5788144Z Selecting previously unselected package xfonts-utils.
2026-10-08T14:23:18.5916941Z Preparing to unpack .../7-xfonts-utils_1%3a7.7+6build3_amd64.deb ...
2026-10-08T14:23:18.5924505Z Unpacking xfonts-utils (1:7.7+6build3) ...
2026-10-08T14:23:18.6620487Z Selecting previously unselected package xfonts-cyrillic.
2026-10-08T14:23:18.6752125Z Preparing to unpack .../8-xfonts-cyrillic_1%3a1.0.5+nmu1_all.deb ...
2026-10-08T14:23:18.6758915Z Unpacking xfonts-cyrillic (1:1.0.5+nmu1) ...
2026-10-08T14:23:18.7087243Z Selecting previously unselected package xfonts-scalable.
2026-10-08T14:23:18.7216877Z Preparing to unpack .../9-xfonts-scalable_1%3a1.0.3-1.3_all.deb ...
2026-10-08T14:23:18.7223801Z Unpacking xfonts-scalable (1:1.0.3-1.3) ...
2026-10-08T14:23:18.7661975Z Setting up fonts-wqy-zenhei (0.9.45-8) ...
2026-10-08T14:23:18.7778125Z Setting up fonts-freefont-ttf (20211204+svn4273-2) ...
2026-10-08T14:23:18.7793968Z Setting up fonts-tlwg-loma-otf (1:0.7.3-1) ...
2026-10-08T14:23:18.7811771Z Setting up libfreetype6:amd64 (2.13.2+dfsg-1ubuntu0.2) ...
2026-10-08T14:23:18.7828390Z Setting up xfonts-encodings (1:1.0.5-0ubuntu2) ...
2026-10-08T14:23:18.7844817Z Setting up fonts-ipafont-gothic (00303-21ubuntu1) ...
2026-10-08T14:23:18.7912221Z update-alternatives: using /usr/share/fonts/opentype/ipafont-gothic/ipag.ttf to provide /usr/share/fonts/truetype/fonts-japanese-gothic.ttf (fonts-japanese-gothic.ttf) in auto mode
2026-10-08T14:23:18.7926309Z Setting up fonts-unifont (1:15.1.01-1build1) ...
2026-10-08T14:23:18.7942762Z Setting up xfonts-utils (1:7.7+6build3) ...
2026-10-08T14:23:18.7982072Z Setting up xfonts-cyrillic (1:1.0.5+nmu1) ...
2026-10-08T14:23:18.8316658Z Setting up xfonts-scalable (1:1.0.3-1.3) ...
2026-10-08T14:23:18.8651590Z Processing triggers for libc-bin (2.39-0ubuntu8.9) ...
2026-10-08T14:23:18.9426498Z Processing triggers for man-db (2.12.0-4build2) ...
2026-10-08T14:23:18.9446880Z Not building database; man-db/auto-update is not 'true'.
2026-10-08T14:23:18.9460268Z Processing triggers for fontconfig (2.15.0-1.1ubuntu2) ...
2026-10-08T14:23:20.3171751Z 
2026-10-08T14:23:20.3172307Z Running kernel seems to be up-to-date.
2026-10-08T14:23:20.3172690Z 
2026-10-08T14:23:20.3172848Z Restarting services...
2026-10-08T14:23:20.3255386Z  systemctl restart php8.3-fpm.service
2026-10-08T14:23:20.4560200Z 
2026-10-08T14:23:20.4561625Z No containers need to be restarted.
2026-10-08T14:23:20.4561897Z 
2026-10-08T14:23:20.4605037Z No user sessions are running outdated binaries.
2026-10-08T14:23:20.4605434Z 
2026-10-08T14:23:20.4605740Z No VM guests are running outdated hypervisor (qemu) binaries on this host.
2026-10-08T14:23:21.3699393Z Downloading Chrome for Testing 151.0.7922.34 (playwright chromium v1234) from https://cdn.playwright.dev/builds/cft/151.0.7922.34/linux64/chrome-linux64.zip
2026-10-08T14:23:22.4052557Z |                                                                                |   0% of 184.3 MiB
2026-10-08T14:23:22.6249498Z |■■■■■■■■                                                                        |  10% of 184.3 MiB
2026-10-08T14:23:22.7190358Z |■■■■■■■■■■■■■■■■                                                                |  20% of 184.3 MiB
2026-10-08T14:23:22.7897408Z |■■■■■■■■■■■■■■■■■■■■■■■■                                                        |  30% of 184.3 MiB
2026-10-08T14:23:22.8696595Z |■■■■■■■■■■■■■■■■■■■■■■■■■■■■■■■■                                                |  40% of 184.3 MiB
2026-10-08T14:23:22.9482370Z |■■■■■■■■■■■■■■■■■■■■■■■■■■■■■■■■■■■■■■■■                                        |  50% of 184.3 MiB
2026-10-08T14:23:23.0254429Z |■■■■■■■■■■■■■■■■■■■■■■■■■■■■■■■■■■■■■■■■■■■■■■■■                                |  60% of 184.3 MiB
2026-10-08T14:23:23.1017976Z |■■■■■■■■■■■■■■■■■■■■■■■■■■■■■■■■■■■■■■■■■■■■■■■■■■■■■■■■                        |  70% of 184.3 MiB
2026-10-08T14:23:23.1772232Z |■■■■■■■■■■■■■■■■■■■■■■■■■■■■■■■■■■■■■■■■■■■■■■■■■■■■■■■■■■■■■■■■                |  80% of 184.3 MiB
2026-10-08T14:23:23.2515916Z |■■■■■■■■■■■■■■■■■■■■■■■■■■■■■■■■■■■■■■■■■■■■■■■■■■■■■■■■■■■■■■■■■■■■■■■■        |  90% of 184.3 MiB
2026-10-08T14:23:23.3266426Z |■■■■■■■■■■■■■■■■■■■■■■■■■■■■■■■■■■■■■■■■■■■■■■■■■■■■■■■■■■■■■■■■■■■■■■■■■■■■■■■■| 100% of 184.3 MiB
2026-10-08T14:23:25.9501068Z Chrome for Testing 151.0.7922.34 (playwright chromium v1234) downloaded to /home/runner/.cache/ms-playwright/chromium-1234
2026-10-08T14:23:25.9504359Z Downloading FFmpeg (playwright ffmpeg v1011) from https://cdn.playwright.dev/dbazure/download/playwright/builds/ffmpeg/1011/ffmpeg-linux.zip
2026-10-08T14:23:26.9702044Z |                                                                                |   0% of 2.3 MiB
2026-10-08T14:23:27.0196903Z |■■■■■■■■                                                                        |  10% of 2.3 MiB
2026-10-08T14:23:27.0395538Z |■■■■■■■■■■■■■■■■                                                                |  20% of 2.3 MiB
2026-10-08T14:23:27.0558600Z |■■■■■■■■■■■■■■■■■■■■■■■■                                                        |  30% of 2.3 MiB
2026-10-08T14:23:27.0618191Z |■■■■■■■■■■■■■■■■■■■■■■■■■■■■■■■■                                                |  40% of 2.3 MiB
2026-10-08T14:23:27.0747476Z |■■■■■■■■■■■■■■■■■■■■■■■■■■■■■■■■■■■■■■■■                                        |  50% of 2.3 MiB
2026-10-08T14:23:27.0889533Z |■■■■■■■■■■■■■■■■■■■■■■■■■■■■■■■■■■■■■■■■■■■■■■■■                                |  60% of 2.3 MiB
2026-10-08T14:23:27.0912292Z |■■■■■■■■■■■■■■■■■■■■■■■■■■■■■■■■■■■■■■■■■■■■■■■■■■■■■■■■                        |  70% of 2.3 MiB
2026-10-08T14:23:27.0934735Z |■■■■■■■■■■■■■■■■■■■■■■■■■■■■■■■■■■■■■■■■■■■■■■■■■■■■■■■■■■■■■■■■                |  80% of 2.3 MiB
2026-10-08T14:23:27.1056745Z |■■■■■■■■■■■■■■■■■■■■■■■■■■■■■■■■■■■■■■■■■■■■■■■■■■■■■■■■■■■■■■■■■■■■■■■■        |  90% of 2.3 MiB
2026-10-08T14:23:27.1077371Z |■■■■■■■■■■■■■■■■■■■■■■■■■■■■■■■■■■■■■■■■■■■■■■■■■■■■■■■■■■■■■■■■■■■■■■■■■■■■■■■■| 100% of 2.3 MiB
2026-10-08T14:23:27.1643972Z FFmpeg (playwright ffmpeg v1011) downloaded to /home/runner/.cache/ms-playwright/ffmpeg-1011
2026-10-08T14:23:27.1647009Z Downloading Chrome Headless Shell 151.0.7922.34 (playwright chromium-headless-shell v1234) from https://cdn.playwright.dev/builds/cft/151.0.7922.34/linux64/chrome-headless-shell-linux64.zip
2026-10-08T14:23:28.2023166Z |                                                                                |   0% of 114.7 MiB
2026-10-08T14:23:28.3763284Z |■■■■■■■■                                                                        |  10% of 114.7 MiB
2026-10-08T14:23:28.4337191Z |■■■■■■■■■■■■■■■■                                                                |  20% of 114.7 MiB
2026-10-08T14:23:28.4866872Z |■■■■■■■■■■■■■■■■■■■■■■■■                                                        |  30% of 114.7 MiB
2026-10-08T14:23:28.5375275Z |■■■■■■■■■■■■■■■■■■■■■■■■■■■■■■■■                                                |  40% of 114.7 MiB
2026-10-08T14:23:28.5848991Z |■■■■■■■■■■■■■■■■■■■■■■■■■■■■■■■■■■■■■■■■                                        |  50% of 114.7 MiB
2026-10-08T14:23:28.6339887Z |■■■■■■■■■■■■■■■■■■■■■■■■■■■■■■■■■■■■■■■■■■■■■■■■                                |  60% of 114.7 MiB
2026-10-08T14:23:28.6865919Z |■■■■■■■■■■■■■■■■■■■■■■■■■■■■■■■■■■■■■■■■■■■■■■■■■■■■■■■■                        |  70% of 114.7 MiB
2026-10-08T14:23:28.7336991Z |■■■■■■■■■■■■■■■■■■■■■■■■■■■■■■■■■■■■■■■■■■■■■■■■■■■■■■■■■■■■■■■■                |  80% of 114.7 MiB
2026-10-08T14:23:28.7797084Z |■■■■■■■■■■■■■■■■■■■■■■■■■■■■■■■■■■■■■■■■■■■■■■■■■■■■■■■■■■■■■■■■■■■■■■■■        |  90% of 114.7 MiB
2026-10-08T14:23:28.8270834Z |■■■■■■■■■■■■■■■■■■■■■■■■■■■■■■■■■■■■■■■■■■■■■■■■■■■■■■■■■■■■■■■■■■■■■■■■■■■■■■■■| 100% of 114.7 MiB
2026-10-08T14:23:30.7020452Z Chrome Headless Shell 151.0.7922.34 (playwright chromium-headless-shell v1234) downloaded to /home/runner/.cache/ms-playwright/chromium_headless_shell-1234
2026-10-08T14:23:30.7290856Z ##[group]Run npm test
2026-10-08T14:23:30.7291125Z [36;1mnpm test[0m
2026-10-08T14:23:30.7359355Z shell: /usr/bin/bash -e {0}
2026-10-08T14:23:30.7359625Z ##[endgroup]
2026-10-08T14:23:30.8609998Z 
2026-10-08T14:23:30.8610446Z > test
2026-10-08T14:23:30.8610743Z > node --test tests/*.test.mjs
2026-10-08T14:23:30.8610949Z 
2026-10-08T14:23:30.9203571Z TAP version 13
2026-10-08T14:23:33.7476044Z # Subtest: the actual WASM watch exposes operable cells, actions, and complete readings
2026-10-08T14:23:33.7567883Z ok 1 - the actual WASM watch exposes operable cells, actions, and complete readings
2026-10-08T14:23:33.7675955Z   ---
2026-10-08T14:23:33.7825693Z   duration_ms: 2140.357572
2026-10-08T14:23:33.7826669Z   type: 'test'
2026-10-08T14:23:33.7828642Z   ...
2026-10-08T14:23:34.4220426Z # Subtest: Tab, Enter, Space, arrows and shortcuts share one turn path
2026-10-08T14:23:34.4250086Z ok 2 - Tab, Enter, Space, arrows and shortcuts share one turn path
2026-10-08T14:23:34.4252273Z   ---
2026-10-08T14:23:34.4252718Z   duration_ms: 678.682192
2026-10-08T14:23:34.4253195Z   type: 'test'
2026-10-08T14:23:34.4253650Z   ...
2026-10-08T14:23:35.0320370Z # Subtest: unavailable actions and modified/repeated shortcuts do not spend a tide
2026-10-08T14:23:35.0322121Z ok 3 - unavailable actions and modified/repeated shortcuts do not spend a tide
2026-10-08T14:23:35.0322920Z   ---
2026-10-08T14:23:35.0323467Z   duration_ms: 609.072806
2026-10-08T14:23:35.0323979Z   type: 'test'
2026-10-08T14:23:35.0324483Z   ...
2026-10-08T14:23:37.8218364Z # Subtest: a player can finish all fourteen tides using only semantic controls and reset
2026-10-08T14:23:37.8235107Z ok 4 - a player can finish all fourteen tides using only semantic controls and reset
2026-10-08T14:23:37.8270625Z   ---
2026-10-08T14:23:37.8295580Z   duration_ms: 2787.646521
2026-10-08T14:23:37.8301939Z   type: 'test'
2026-10-08T14:23:37.8313345Z   ...
2026-10-08T14:23:38.4966080Z # Subtest: phone touch targets follow the canvas with separated notes and actions
2026-10-08T14:23:38.5035873Z ok 5 - phone touch targets follow the canvas with separated notes and actions
2026-10-08T14:23:38.5121792Z   ---
2026-10-08T14:23:38.5122659Z   duration_ms: 676.923243
2026-10-08T14:23:38.5151502Z   type: 'test'
2026-10-08T14:23:38.5198851Z   ...
2026-10-08T14:23:38.7855146Z # Subtest: failed WASM startup leaves an understandable error and no active controls
2026-10-08T14:23:38.7869747Z ok 6 - failed WASM startup leaves an understandable error and no active controls
2026-10-08T14:23:38.7881061Z   ---
2026-10-08T14:23:38.7881901Z   duration_ms: 283.100626
2026-10-08T14:23:38.7882589Z   type: 'test'
2026-10-08T14:23:38.7883186Z   ...
2026-10-08T14:23:38.8450311Z # Subtest: the journal preserves complete real WASM reports and all three cells across later choices
2026-10-08T14:23:38.8476107Z ok 7 - the journal preserves complete real WASM reports and all three cells across later choices
2026-10-08T14:23:38.8477060Z   ---
2026-10-08T14:23:38.8477852Z   duration_ms: 2798.761001
2026-10-08T14:23:38.8478515Z   type: 'test'
2026-10-08T14:23:38.8479062Z   ...
2026-10-08T14:23:38.8479869Z # Subtest: unavailable choices create no journal entry and journal keyboard reading spends no tide
2026-10-08T14:23:38.8481087Z ok 8 - unavailable choices create no journal entry and journal keyboard reading spends no tide
2026-10-08T14:23:38.8481979Z   ---
2026-10-08T14:23:38.8482450Z   duration_ms: 744.44608
2026-10-08T14:23:38.8482970Z   type: 'test'
2026-10-08T14:23:38.8483448Z   ...
2026-10-08T14:23:38.8484297Z # Subtest: all fourteen native tides remain reviewable with an exact final recap, then reset starts a fresh journal
2026-10-08T14:23:38.8486206Z ok 9 - all fourteen native tides remain reviewable with an exact final recap, then reset starts a fresh journal
2026-10-08T14:23:38.8487112Z   ---
2026-10-08T14:23:38.8487566Z   duration_ms: 2079.442153
2026-10-08T14:23:38.8488093Z   type: 'test'
2026-10-08T14:23:38.8488560Z   ...
2026-10-08T14:23:38.8489735Z # Subtest: phone readers can expand every note and cell without horizontal overflow
2026-10-08T14:23:38.8490827Z ok 10 - phone readers can expand every note and cell without horizontal overflow
2026-10-08T14:23:38.8491823Z   ---
2026-10-08T14:23:38.8492341Z   duration_ms: 782.43279
2026-10-08T14:23:38.8492853Z   type: 'test'
2026-10-08T14:23:38.8493333Z   ...
2026-10-08T14:23:38.8493967Z # Subtest: a failed simulation startup offers no fabricated watch history
2026-10-08T14:23:38.8495032Z ok 11 - a failed simulation startup offers no fabricated watch history
2026-10-08T14:23:38.8495743Z   ---
2026-10-08T14:23:38.8496255Z   duration_ms: 212.144542
2026-10-08T14:23:38.8496778Z   type: 'test'
2026-10-08T14:23:38.8497257Z   ...
2026-10-08T14:23:38.8498016Z # Subtest: an accepted native replay restores its full history, and a missing tide cannot replace it
2026-10-08T14:23:38.8499193Z ok 12 - an accepted native replay restores its full history, and a missing tide cannot replace it
2026-10-08T14:23:38.8500060Z   ---
2026-10-08T14:23:38.8500537Z   duration_ms: 490.515904
2026-10-08T14:23:38.8502306Z   type: 'test'
2026-10-08T14:23:38.8503699Z   ...
2026-10-08T14:23:39.1950882Z # Subtest: Reset reviews replacement before changing a native watch; cancel retains exact saved state and journal
2026-10-08T14:23:39.1955785Z ok 13 - Reset reviews replacement before changing a native watch; cancel retains exact saved state and journal
2026-10-08T14:23:39.1960291Z   ---
2026-10-08T14:23:39.1961050Z   duration_ms: 3468.18908
2026-10-08T14:23:39.1961600Z   type: 'test'
2026-10-08T14:23:39.1962209Z   ...
2026-10-08T14:23:39.1963198Z # Subtest: R uses the same review; Escape and the initially focused Enter action keep the watch
2026-10-08T14:23:39.1964348Z ok 14 - R uses the same review; Escape and the initially focused Enter action keep the watch
2026-10-08T14:23:39.1965520Z   ---
2026-10-08T14:23:39.1965960Z   duration_ms: 729.76979
2026-10-08T14:23:39.1966502Z   type: 'test'
2026-10-08T14:23:39.1966969Z   ...
2026-10-08T14:23:39.1967705Z # Subtest: confirming starts exactly the native opening and resets the saved journal once
2026-10-08T14:23:39.1968741Z ok 15 - confirming starts exactly the native opening and resets the saved journal once
2026-10-08T14:23:39.1969597Z   ---
2026-10-08T14:23:39.1970017Z   duration_ms: 746.482752
2026-10-08T14:23:39.1970519Z   type: 'test'
2026-10-08T14:23:39.1971002Z   ...
2026-10-08T14:23:39.1971751Z # Subtest: completed fourteen-tide outcome and full history survive a declined new watch
2026-10-08T14:23:39.1972906Z ok 16 - completed fourteen-tide outcome and full history survive a declined new watch
2026-10-08T14:23:39.1973672Z   ---
2026-10-08T14:23:39.1974173Z   duration_ms: 1737.741081
2026-10-08T14:23:39.1975660Z   type: 'test'
2026-10-08T14:23:39.1976222Z   ...
2026-10-08T14:23:39.1977016Z # Subtest: phone touch can cancel then deliberately confirm without horizontal overflow
2026-10-08T14:23:39.1978249Z ok 17 - phone touch can cancel then deliberately confirm without horizontal overflow
2026-10-08T14:23:39.1979183Z   ---
2026-10-08T14:23:39.1979758Z   duration_ms: 961.843218
2026-10-08T14:23:39.1980373Z   type: 'test'
2026-10-08T14:23:39.1980912Z   ...
2026-10-08T14:23:40.1871391Z # Subtest: the review blocks background game controls and ignores their keyboard shortcuts
2026-10-08T14:23:40.1872443Z ok 18 - the review blocks background game controls and ignores their keyboard shortcuts
2026-10-08T14:23:40.1906487Z   ---
2026-10-08T14:23:40.1974598Z   duration_ms: 988.209489
2026-10-08T14:23:40.2029256Z   type: 'test'
2026-10-08T14:23:40.2055562Z   ...
2026-10-08T14:23:41.4562209Z # Subtest: a saved-watch change from another tab invalidates an already open replacement review
2026-10-08T14:23:41.4592403Z ok 19 - a saved-watch change from another tab invalidates an already open replacement review
2026-10-08T14:23:41.4628120Z   ---
2026-10-08T14:23:41.4665489Z   duration_ms: 1270.323457
2026-10-08T14:23:41.4685304Z   type: 'test'
2026-10-08T14:23:41.4741727Z   ...
2026-10-08T14:23:42.4193234Z # Subtest: unavailable browser storage still lets the player decline then explicitly start a fresh watch
2026-10-08T14:23:42.4235683Z ok 20 - unavailable browser storage still lets the player decline then explicitly start a fresh watch
2026-10-08T14:23:42.4262358Z   ---
2026-10-08T14:23:42.4291216Z   duration_ms: 964.51858
2026-10-08T14:23:42.4291829Z   type: 'test'
2026-10-08T14:23:42.4292351Z   ...
2026-10-08T14:23:43.1979809Z # Subtest: modified or held R and R while reading the journal remain inert
2026-10-08T14:23:43.2035826Z ok 21 - modified or held R and R while reading the journal remain inert
2026-10-08T14:23:43.2036497Z   ---
2026-10-08T14:23:43.2107577Z   duration_ms: 780.642209
2026-10-08T14:23:43.2135541Z   type: 'test'
2026-10-08T14:23:43.2136082Z   ...
2026-10-08T14:23:43.9739497Z # Subtest: ordinary actions still advance exactly the existing native simulation
2026-10-08T14:23:43.9744245Z ok 22 - ordinary actions still advance exactly the existing native simulation
2026-10-08T14:23:43.9745314Z   ---
2026-10-08T14:23:43.9745869Z   duration_ms: 700.616519
2026-10-08T14:23:43.9746420Z   type: 'test'
2026-10-08T14:23:43.9746898Z   ...
2026-10-08T14:23:45.2408885Z # Subtest: the assembled offline file preserves a declined watch and saves only an explicitly confirmed new watch
2026-10-08T14:23:45.2463254Z ok 23 - the assembled offline file preserves a declined watch and saves only an explicitly confirmed new watch
2026-10-08T14:23:45.2464242Z   ---
2026-10-08T14:23:45.2466848Z   duration_ms: 1342.567882
2026-10-08T14:23:45.2485634Z   type: 'test'
2026-10-08T14:23:45.2486152Z   ...
2026-10-08T14:23:45.3192786Z # Subtest: a visitor downloads the current game and resumes its complete journal offline
2026-10-08T14:23:45.3196015Z ok 24 - a visitor downloads the current game and resumes its complete journal offline
2026-10-08T14:23:45.3196674Z   ---
2026-10-08T14:23:45.3196973Z   duration_ms: 2515.008094
2026-10-08T14:23:45.3197324Z   type: 'test'
2026-10-08T14:23:45.3197639Z   ...
2026-10-08T14:23:45.3198248Z # Subtest: the packaged watch plays and restores its complete journal offline
2026-10-08T14:23:45.3206034Z ok 25 - the packaged watch plays and restores its complete journal offline
2026-10-08T14:23:45.3206819Z   ---
2026-10-08T14:23:45.3207359Z   duration_ms: 1729.608542
2026-10-08T14:23:45.3207987Z   type: 'test'
2026-10-08T14:23:45.3208460Z   ...
2026-10-08T14:23:47.6993147Z # Subtest: a resumed watch reconstructs every earlier native report before accepting the next tide
2026-10-08T14:23:47.7009397Z ok 26 - a resumed watch reconstructs every earlier native report before accepting the next tide
2026-10-08T14:23:47.7010233Z   ---
2026-10-08T14:23:47.7010686Z   duration_ms: 2951.757985
2026-10-08T14:23:47.7011183Z   type: 'test'
2026-10-08T14:23:47.7011599Z   ...
2026-10-08T14:23:47.7012295Z # Subtest: a completed saved watch retains fourteen reports and the actual opening-to-final recap
2026-10-08T14:23:47.7013360Z ok 27 - a completed saved watch retains fourteen reports and the actual opening-to-final recap
2026-10-08T14:23:47.7014130Z   ---
2026-10-08T14:23:47.7014579Z   duration_ms: 2725.190366
2026-10-08T14:23:47.7015245Z   type: 'test'
2026-10-08T14:23:47.7015730Z   ...
2026-10-08T14:23:48.6222566Z # Subtest: failed saving keeps current reports and a successful explicit retry makes the whole journal resumable
2026-10-08T14:23:48.6252493Z ok 28 - failed saving keeps current reports and a successful explicit retry makes the whole journal resumable
2026-10-08T14:23:48.6293223Z   ---
2026-10-08T14:23:48.6324516Z   duration_ms: 916.415378
2026-10-08T14:23:48.6375240Z   type: 'test'
2026-10-08T14:23:48.6375615Z   ...
2026-10-08T14:23:49.3011308Z # Subtest: a save that disagrees with real replay is protected and cannot fabricate a journal
2026-10-08T14:23:49.3013954Z ok 29 - a save that disagrees with real replay is protected and cannot fabricate a journal
2026-10-08T14:23:49.3024244Z   ---
2026-10-08T14:23:49.3025518Z   duration_ms: 685.067411
2026-10-08T14:23:49.3026049Z   type: 'test'
2026-10-08T14:23:49.3026474Z   ...
2026-10-08T14:23:50.3328821Z # Subtest: another tab's saved branch stays authoritative while the local journal can continue unsaved
2026-10-08T14:23:50.3335215Z ok 30 - another tab's saved branch stays authoritative while the local journal can continue unsaved
2026-10-08T14:23:50.3336134Z   ---
2026-10-08T14:23:50.3336615Z   duration_ms: 1031.633387
2026-10-08T14:23:50.3337140Z   type: 'test'
2026-10-08T14:23:50.3337595Z   ...
2026-10-08T14:23:50.4157378Z # Subtest: unavailable display state retires comparison without history reads or native allocations and can rebind
2026-10-08T14:23:50.4186306Z ok 31 - unavailable display state retires comparison without history reads or native allocations and can rebind
2026-10-08T14:23:50.4187361Z   ---
2026-10-08T14:23:50.4187822Z   duration_ms: 587.131313
2026-10-08T14:23:50.4188332Z   type: 'test'
2026-10-08T14:23:50.4188768Z   ...
2026-10-08T14:23:50.4189533Z # Subtest: each recorded choice reproduces the exact complete native tide and frees both sessions
2026-10-08T14:23:50.4190765Z ok 32 - each recorded choice reproduces the exact complete native tide and frees both sessions
2026-10-08T14:23:50.4191566Z   ---
2026-10-08T14:23:50.4192016Z   duration_ms: 7.764238
2026-10-08T14:23:50.4192481Z   type: 'test'
2026-10-08T14:23:50.4192910Z   ...
2026-10-08T14:23:50.4193692Z # Subtest: alternative actions on every cell preserve every native field and the original input history
2026-10-08T14:23:50.4195077Z ok 33 - alternative actions on every cell preserve every native field and the original input history
2026-10-08T14:23:50.4195959Z   ---
2026-10-08T14:23:50.4196407Z   duration_ms: 9.070099
2026-10-08T14:23:50.4196894Z   type: 'test'
2026-10-08T14:23:50.4197335Z   ...
2026-10-08T14:23:50.4198187Z # Subtest: changed intermediate native readings or field notes are refused even with an exact final snapshot
2026-10-08T14:23:50.4199444Z ok 34 - changed intermediate native readings or field notes are refused even with an exact final snapshot
2026-10-08T14:23:50.4200262Z   ---
2026-10-08T14:23:50.4200688Z   duration_ms: 3.065917
2026-10-08T14:23:50.4201141Z   type: 'test'
2026-10-08T14:23:50.4201547Z   ...
2026-10-08T14:23:50.4202242Z # Subtest: a changed native opening and a changed completed action cannot become comparison authority
2026-10-08T14:23:50.4229169Z ok 35 - a changed native opening and a changed completed action cannot become comparison authority
2026-10-08T14:23:50.4229999Z   ---
2026-10-08T14:23:50.4230468Z   duration_ms: 0.997315
2026-10-08T14:23:50.4230951Z   type: 'test'
2026-10-08T14:23:50.4231402Z   ...
2026-10-08T14:23:50.4232233Z # Subtest: empty, malformed, overlong, reordered and incomplete histories refuse before allocating native state
2026-10-08T14:23:50.4233577Z ok 36 - empty, malformed, overlong, reordered and incomplete histories refuse before allocating native state
2026-10-08T14:23:50.4234504Z   ---
2026-10-08T14:23:50.4235107Z   duration_ms: 1.441686
2026-10-08T14:23:50.4235588Z   type: 'test'
2026-10-08T14:23:50.4236035Z   ...
2026-10-08T14:23:50.4236848Z # Subtest: historical canopy admission uses the selected tide and a native refusal frees its isolated session
2026-10-08T14:23:50.4238162Z ok 37 - historical canopy admission uses the selected tide and a native refusal frees its isolated session
2026-10-08T14:23:50.4239066Z   ---
2026-10-08T14:23:50.4239494Z   duration_ms: 2.005067
2026-10-08T14:23:50.4239992Z   type: 'test'
2026-10-08T14:23:50.4240428Z   ...
2026-10-08T14:23:50.4241156Z # Subtest: exhausted current water and seed packs do not prevent an available historical alternative
2026-10-08T14:23:50.4257684Z ok 38 - exhausted current water and seed packs do not prevent an available historical alternative
2026-10-08T14:23:50.4270667Z   ---
2026-10-08T14:23:50.4271195Z   duration_ms: 6.157002
2026-10-08T14:23:50.4271735Z   type: 'test'
2026-10-08T14:23:50.4272212Z   ...
2026-10-08T14:23:50.4273159Z # Subtest: successful and refused comparisons leave the actual SavedWatch, selection, storage bytes and next tide unchanged
2026-10-08T14:23:50.4275540Z ok 39 - successful and refused comparisons leave the actual SavedWatch, selection, storage bytes and next tide unchanged
2026-10-08T14:23:50.4276505Z   ---
2026-10-08T14:23:50.4277052Z   duration_ms: 3.012056
2026-10-08T14:23:50.4277406Z   type: 'test'
2026-10-08T14:23:50.4277692Z   ...
2026-10-08T14:23:50.4278190Z # Subtest: read-only comparison remains available while the real watch cannot access storage
2026-10-08T14:23:50.4278923Z ok 40 - read-only comparison remains available while the real watch cannot access storage
2026-10-08T14:23:50.4279425Z   ---
2026-10-08T14:23:50.4279618Z   duration_ms: 1.310889
2026-10-08T14:23:50.4279928Z   type: 'test'
2026-10-08T14:23:50.4280172Z   ...
2026-10-08T14:23:50.4280748Z # Subtest: all fourteen admitted snapshots and the final native outcome remain reproducible
2026-10-08T14:23:50.4281346Z ok 41 - all fourteen admitted snapshots and the final native outcome remain reproducible
2026-10-08T14:23:50.4281855Z   ---
2026-10-08T14:23:50.4282050Z   duration_ms: 17.197274
2026-10-08T14:23:50.4282372Z   type: 'test'
2026-10-08T14:23:50.4282582Z   ...
2026-10-08T14:23:50.5146704Z # Subtest: an opening watch stays playable before any historical choice is available
2026-10-08T14:23:50.5191667Z ok 42 - an opening watch stays playable before any historical choice is available
2026-10-08T14:23:50.5206507Z   ---
2026-10-08T14:23:50.5233788Z   duration_ms: 619.908862
2026-10-08T14:23:50.5265409Z   type: 'test'
2026-10-08T14:23:50.5269089Z   ...
2026-10-08T14:23:50.5270188Z # Subtest: a completed historical alternative shows every native consequence without changing the active watch
2026-10-08T14:23:50.5271591Z ok 43 - a completed historical alternative shows every native consequence without changing the active watch
2026-10-08T14:23:50.5272600Z   ---
2026-10-08T14:23:50.5273082Z   duration_ms: 1144.239175
2026-10-08T14:23:50.5273617Z   type: 'test'
2026-10-08T14:23:50.5274213Z   ...
2026-10-08T14:23:50.5275199Z # Subtest: recorded choices match exactly and changing controls clears a previous comparison
2026-10-08T14:23:50.5276586Z ok 44 - recorded choices match exactly and changing controls clears a previous comparison
2026-10-08T14:23:50.5277396Z   ---
2026-10-08T14:23:50.5277819Z   duration_ms: 958.307261
2026-10-08T14:23:50.5278335Z   type: 'test'
2026-10-08T14:23:50.5278796Z   ...
2026-10-08T14:23:50.5279920Z # Subtest: an unavailable historical choice refuses cleanly while an earlier available choice still works
2026-10-08T14:23:50.5327920Z ok 45 - an unavailable historical choice refuses cleanly while an earlier available choice still works
2026-10-08T14:23:50.5328924Z   ---
2026-10-08T14:23:50.5329644Z   duration_ms: 1067.25309
2026-10-08T14:23:50.5331222Z   type: 'test'
2026-10-08T14:23:50.5358509Z   ...
2026-10-08T14:23:50.5384865Z # Subtest: panel keyboard choices remain separate from game shortcuts and phone readings fit
2026-10-08T14:23:50.5398340Z ok 46 - panel keyboard choices remain separate from game shortcuts and phone readings fit
2026-10-08T14:23:50.5399307Z   ---
2026-10-08T14:23:50.5399864Z   duration_ms: 1177.970949
2026-10-08T14:23:50.5400431Z   type: 'test'
2026-10-08T14:23:50.5400921Z   ...
2026-10-08T14:23:50.5401815Z # Subtest: reset invalidates a comparison even when canvas geometry temporarily disappears
2026-10-08T14:23:50.5403033Z ok 47 - reset invalidates a comparison even when canvas geometry temporarily disappears
2026-10-08T14:23:50.5407719Z   ---
2026-10-08T14:23:50.5408390Z   duration_ms: 1322.053496
2026-10-08T14:23:50.5408983Z   type: 'test'
2026-10-08T14:23:50.5409525Z   ...
2026-10-08T14:23:51.5730226Z # Subtest: comparison reads native history when browser saving is unavailable
2026-10-08T14:23:51.5735846Z ok 48 - comparison reads native history when browser saving is unavailable
2026-10-08T14:23:51.5736711Z   ---
2026-10-08T14:23:51.5737137Z   duration_ms: 1060.294479
2026-10-08T14:23:51.5737496Z   type: 'test'
2026-10-08T14:23:51.5737787Z   ...
2026-10-08T14:23:53.5488635Z # Subtest: a closed watch can compare its final native tide without reopening the live watch
2026-10-08T14:23:53.5491113Z ok 49 - a closed watch can compare its final native tide without reopening the live watch
2026-10-08T14:23:53.5492200Z   ---
2026-10-08T14:23:53.5494990Z   duration_ms: 1915.254614
2026-10-08T14:23:53.5495666Z   type: 'test'
2026-10-08T14:23:53.5496749Z   ...
2026-10-08T14:23:54.6829430Z # Subtest: the directly opened packaged HTML contains the same isolated native comparison
2026-10-08T14:23:54.6832873Z ok 50 - the directly opened packaged HTML contains the same isolated native comparison
2026-10-08T14:23:54.6835084Z   ---
2026-10-08T14:23:54.6837381Z   duration_ms: 1194.699107
2026-10-08T14:23:54.6838058Z   type: 'test'
2026-10-08T14:23:54.6838335Z   ...
2026-10-08T14:23:54.7406142Z # Subtest: closing and reopening the page resumes the same native watch and selected cell
2026-10-08T14:23:54.7433409Z ok 51 - closing and reopening the page resumes the same native watch and selected cell
2026-10-08T14:23:54.7463796Z   ---
2026-10-08T14:23:54.7470062Z   duration_ms: 1194.370585
2026-10-08T14:23:54.7470436Z   type: 'test'
2026-10-08T14:23:54.7470663Z   ...
2026-10-08T14:23:54.7471031Z # Subtest: a fourteen-tide ending survives reload and explicit reset stores a fresh watch
2026-10-08T14:23:54.7471781Z ok 52 - a fourteen-tide ending survives reload and explicit reset stores a fresh watch
2026-10-08T14:23:54.7472180Z   ---
2026-10-08T14:23:54.7472377Z   duration_ms: 1433.348846
2026-10-08T14:23:54.7472608Z   type: 'test'
2026-10-08T14:23:54.7472807Z   ...
2026-10-08T14:23:54.7473082Z # Subtest: unavailable actions leave the saved history unchanged
2026-10-08T14:23:54.7473591Z ok 53 - unavailable actions leave the saved history unchanged
2026-10-08T14:23:54.7473995Z   ---
2026-10-08T14:23:54.7474197Z   duration_ms: 586.362648
2026-10-08T14:23:54.7474424Z   type: 'test'
2026-10-08T14:23:54.7474866Z   ...
2026-10-08T14:23:54.7475400Z # Subtest: failed replay preserves saved data while play continues until an explicit reset
2026-10-08T14:23:54.7476317Z ok 54 - failed replay preserves saved data while play continues until an explicit reset
2026-10-08T14:23:54.7476951Z   ---
2026-10-08T14:23:54.7477231Z   duration_ms: 1812.936992
2026-10-08T14:23:54.7477569Z   type: 'test'
2026-10-08T14:23:54.7477846Z   ...
2026-10-08T14:23:54.7478449Z # Subtest: quota failure retains the running tide and the visible retry saves without advancing it
2026-10-08T14:23:54.7479431Z ok 55 - quota failure retains the running tide and the visible retry saves without advancing it
2026-10-08T14:23:54.7480096Z   ---
2026-10-08T14:23:54.7480373Z   duration_ms: 582.408198
2026-10-08T14:23:54.7480703Z   type: 'test'
2026-10-08T14:23:54.7480982Z   ...
2026-10-08T14:23:54.7481480Z # Subtest: a blocked storage getter still allows a playable watch and later save retry
2026-10-08T14:23:54.7482332Z ok 56 - a blocked storage getter still allows a playable watch and later save retry
2026-10-08T14:23:54.7482940Z   ---
2026-10-08T14:23:54.7483215Z   duration_ms: 528.796758
2026-10-08T14:23:54.7483540Z   type: 'test'
2026-10-08T14:23:54.7483813Z   ...
2026-10-08T14:23:54.7484294Z # Subtest: two tabs detect divergent storage and do not overwrite the other watch
2026-10-08T14:23:54.7485287Z ok 57 - two tabs detect divergent storage and do not overwrite the other watch
2026-10-08T14:23:54.7485856Z   ---
2026-10-08T14:23:54.7486121Z   duration_ms: 782.636828
2026-10-08T14:23:54.7486457Z   type: 'test'
2026-10-08T14:23:54.7486737Z   ...
2026-10-08T14:23:54.7487171Z # Subtest: failed WASM startup never replaces an existing saved watch
2026-10-08T14:23:54.7487861Z ok 58 - failed WASM startup never replaces an existing saved watch
2026-10-08T14:23:54.7488367Z   ---
2026-10-08T14:23:54.7488645Z   duration_ms: 408.699506
2026-10-08T14:23:54.7488969Z   type: 'test'
2026-10-08T14:23:54.7489244Z   ...
2026-10-08T14:23:54.7489627Z # Subtest: the save revision pins the actual shipped WASM bytes
2026-10-08T14:23:54.7490232Z ok 59 - the save revision pins the actual shipped WASM bytes
2026-10-08T14:23:54.7490699Z   ---
2026-10-08T14:23:54.7490969Z   duration_ms: 2.067851
2026-10-08T14:23:54.7491771Z   type: 'test'
2026-10-08T14:23:54.7492093Z   ...
2026-10-08T14:23:54.7492556Z # Subtest: a new watch does not write until the player chooses a cell or tide
2026-10-08T14:23:54.7493575Z ok 60 - a new watch does not write until the player chooses a cell or tide
2026-10-08T14:23:54.7494024Z   ---
2026-10-08T14:23:54.7494281Z   duration_ms: 3.728867
2026-10-08T14:23:54.7494504Z   type: 'test'
2026-10-08T14:23:54.7494932Z   ...
2026-10-08T14:23:54.7495349Z # Subtest: reload replays actual accepted tides and restores the exact complete state and selection
2026-10-08T14:23:54.7496004Z ok 61 - reload replays actual accepted tides and restores the exact complete state and selection
2026-10-08T14:23:54.7496430Z   ---
2026-10-08T14:23:54.7496738Z   duration_ms: 4.92304
2026-10-08T14:23:54.7496969Z   type: 'test'
2026-10-08T14:23:54.7497170Z   ...
2026-10-08T14:23:54.7497482Z # Subtest: a completed fourteen-tide watch and its outcome survive reopening
2026-10-08T14:23:54.7497991Z ok 62 - a completed fourteen-tide watch and its outcome survive reopening
2026-10-08T14:23:54.7498479Z   ---
2026-10-08T14:23:54.7498694Z   duration_ms: 4.87665
2026-10-08T14:23:54.7498914Z   type: 'test'
2026-10-08T14:23:54.7499103Z   ...
2026-10-08T14:23:54.7499587Z # Subtest: refused actions are absent from storage and do not change native state
2026-10-08T14:23:54.7500390Z ok 63 - refused actions are absent from storage and do not change native state
2026-10-08T14:23:54.7500939Z   ---
2026-10-08T14:23:54.7501255Z   duration_ms: 1.836161
2026-10-08T14:23:54.7501590Z   type: 'test'
2026-10-08T14:23:54.7501883Z   ...
2026-10-08T14:23:54.7502387Z # Subtest: explicit reset persists a fresh watch that cannot resurrect the old history
2026-10-08T14:23:54.7503249Z ok 64 - explicit reset persists a fresh watch that cannot resurrect the old history
2026-10-08T14:23:54.7503854Z   ---
2026-10-08T14:23:54.7504129Z   duration_ms: 1.200121
2026-10-08T14:23:54.7504466Z   type: 'test'
2026-10-08T14:23:54.7504933Z   ...
2026-10-08T14:23:54.7505472Z # Subtest: malformed, unsupported, overlong and tampered saves remain byte-for-byte intact
2026-10-08T14:23:54.7506397Z ok 65 - malformed, unsupported, overlong and tampered saves remain byte-for-byte intact
2026-10-08T14:23:54.7507047Z   ---
2026-10-08T14:23:54.7507330Z   duration_ms: 10.10421
2026-10-08T14:23:54.7507651Z   type: 'test'
2026-10-08T14:23:54.7507947Z   ...
2026-10-08T14:23:54.7508583Z # Subtest: failed partial native replay frees its candidate and explicit reset replaces a protected save
2026-10-08T14:23:54.7509474Z ok 66 - failed partial native replay frees its candidate and explicit reset replaces a protected save
2026-10-08T14:23:54.7509911Z   ---
2026-10-08T14:23:54.7510099Z   duration_ms: 1.384129
2026-10-08T14:23:54.7510315Z   type: 'test'
2026-10-08T14:23:54.7510505Z   ...
2026-10-08T14:23:54.7511054Z # Subtest: a storage quota failure keeps play in memory and retry saves exactly once without replaying a tide
2026-10-08T14:23:54.7512094Z ok 67 - a storage quota failure keeps play in memory and retry saves exactly once without replaying a tide
2026-10-08T14:23:54.7512805Z   ---
2026-10-08T14:23:54.7513031Z   duration_ms: 1.018997
2026-10-08T14:23:54.7513252Z   type: 'test'
2026-10-08T14:23:54.7513452Z   ...
2026-10-08T14:23:54.7513803Z # Subtest: an unavailable localStorage getter does not prevent play and can later recover
2026-10-08T14:23:54.7514354Z ok 68 - an unavailable localStorage getter does not prevent play and can later recover
2026-10-08T14:23:54.7515035Z   ---
2026-10-08T14:23:54.7515225Z   duration_ms: 1.846336
2026-10-08T14:23:54.7515452Z   type: 'test'
2026-10-08T14:23:54.7515649Z   ...
2026-10-08T14:23:54.7516031Z # Subtest: retry after unreadable storage never overwrites a previously unknown saved watch
2026-10-08T14:23:54.7516654Z ok 69 - retry after unreadable storage never overwrites a previously unknown saved watch
2026-10-08T14:23:54.7517248Z   ---
2026-10-08T14:23:54.7517493Z   duration_ms: 0.736151
2026-10-08T14:23:54.7517796Z   type: 'test'
2026-10-08T14:23:54.7518330Z   ...
2026-10-08T14:23:54.7518843Z # Subtest: a stale tab detects another saved watch before writing its divergent tide
2026-10-08T14:23:54.7519834Z ok 70 - a stale tab detects another saved watch before writing its divergent tide
2026-10-08T14:23:54.7520416Z   ---
2026-10-08T14:23:54.7520668Z   duration_ms: 5.455203
2026-10-08T14:23:54.7520972Z   type: 'test'
2026-10-08T14:23:54.7521246Z   ...
2026-10-08T14:23:54.7521838Z # Subtest: storage change and clear notifications hold stale writes without mutating the current watch
2026-10-08T14:23:54.7522852Z ok 71 - storage change and clear notifications hold stale writes without mutating the current watch
2026-10-08T14:23:54.7523566Z   ---
2026-10-08T14:23:54.7523895Z   duration_ms: 0.952177
2026-10-08T14:23:54.7524329Z   type: 'test'
2026-10-08T14:23:54.7524844Z   ...
2026-10-08T14:23:54.7525348Z # Subtest: a failed reset write reports the unsaved state and retry cannot restore old actions
2026-10-08T14:23:54.7526191Z ok 72 - a failed reset write reports the unsaved state and retry cannot restore old actions
2026-10-08T14:23:54.7526815Z   ---
2026-10-08T14:23:54.7527107Z   duration_ms: 0.751985
2026-10-08T14:23:54.7527443Z   type: 'test'
2026-10-08T14:23:54.7527905Z   ...
2026-10-08T14:23:55.0787360Z # Subtest: opening trends expose five correctly labelled metrics without inventing a completed tide
2026-10-08T14:23:55.0788491Z ok 73 - opening trends expose five correctly labelled metrics without inventing a completed tide
2026-10-08T14:23:55.0795970Z   ---
2026-10-08T14:23:55.0796510Z   duration_ms: 899.877476
2026-10-08T14:23:55.0796882Z   type: 'test'
2026-10-08T14:23:55.0797174Z   ...
2026-10-08T14:23:55.0797885Z # Subtest: changed real WASM actions produce complete exact tables and separate cell series without changing the watch
2026-10-08T14:23:55.0799105Z ok 74 - changed real WASM actions produce complete exact tables and separate cell series without changing the watch
2026-10-08T14:23:55.0799885Z   ---
2026-10-08T14:23:55.0800214Z   duration_ms: 1628.368198
2026-10-08T14:23:55.0800558Z   type: 'test'
2026-10-08T14:23:55.0800841Z   ...
2026-10-08T14:23:55.0801210Z # Subtest: native keyboard controls retain earlier selection and focus while later tides arrive
2026-10-08T14:23:55.0801830Z ok 75 - native keyboard controls retain earlier selection and focus while later tides arrive
2026-10-08T14:23:55.0802247Z   ---
2026-10-08T14:23:55.0802437Z   duration_ms: 625.969415
2026-10-08T14:23:55.0802666Z   type: 'test'
2026-10-08T14:23:55.0802864Z   ...
2026-10-08T14:23:55.0803219Z # Subtest: selection and refused actions add no trend, and reset starts at the actual opening
2026-10-08T14:23:55.0803793Z ok 76 - selection and refused actions add no trend, and reset starts at the actual opening
2026-10-08T14:23:55.0804189Z   ---
2026-10-08T14:23:55.0804373Z   duration_ms: 697.270001
2026-10-08T14:23:55.0804588Z   type: 'test'
2026-10-08T14:23:55.0805015Z   ...
2026-10-08T14:23:55.5521729Z # Subtest: clicking the chart selects the tide and leaves keyboard focus on its slider
2026-10-08T14:23:55.5526201Z ok 77 - clicking the chart selects the tide and leaves keyboard focus on its slider
2026-10-08T14:23:55.5527050Z   ---
2026-10-08T14:23:55.5527635Z   duration_ms: 473.115777
2026-10-08T14:23:55.5528213Z   type: 'test'
2026-10-08T14:23:55.5528695Z   ...
2026-10-08T14:23:57.1891904Z # Subtest: partial and complete native replay retain the opening, all completed tides and the finished watch
2026-10-08T14:23:57.1909688Z ok 78 - partial and complete native replay retain the opening, all completed tides and the finished watch
2026-10-08T14:23:57.1910496Z   ---
2026-10-08T14:23:57.1910806Z   duration_ms: 1637.418327
2026-10-08T14:23:57.1911162Z   type: 'test'
2026-10-08T14:23:57.1911462Z   ...
2026-10-08T14:23:57.5101993Z # Subtest: invalid journal replay cannot replace an existing trends history
2026-10-08T14:23:57.5103177Z ok 79 - invalid journal replay cannot replace an existing trends history
2026-10-08T14:23:57.5104004Z   ---
2026-10-08T14:23:57.5105003Z   duration_ms: 321.440854
2026-10-08T14:23:57.5105369Z   type: 'test'
2026-10-08T14:23:57.5105669Z   ...
2026-10-08T14:23:58.1779143Z # Subtest: direct-open packaging embeds the same trends and reopens native saved readings offline
2026-10-08T14:23:58.1780348Z ok 80 - direct-open packaging embeds the same trends and reopens native saved readings offline
2026-10-08T14:23:58.1780784Z   ---
2026-10-08T14:23:58.1780989Z   duration_ms: 667.34714
2026-10-08T14:23:58.1781219Z   type: 'test'
2026-10-08T14:23:58.1781416Z   ...
2026-10-08T14:23:58.2245982Z 1..80
2026-10-08T14:23:58.2246741Z # tests 80
2026-10-08T14:23:58.2247330Z # suites 0
2026-10-08T14:23:58.2247659Z # pass 80
2026-10-08T14:23:58.2247950Z # fail 0
2026-10-08T14:23:58.2248241Z # cancelled 0
2026-10-08T14:23:58.2248547Z # skipped 0
2026-10-08T14:23:58.2248839Z # todo 0
2026-10-08T14:23:58.2249129Z # duration_ms 27328.916516
2026-10-08T14:23:58.2460898Z ##[group]Run actions/upload-artifact@ea165f8d65b6e75b540449e92b4886f43607fa02
2026-10-08T14:23:58.2461306Z with:
2026-10-08T14:23:58.2461614Z   name: historical-choice-2ea43cefe06690b11d91a033349ffa96148ff78f
2026-10-08T14:23:58.2461998Z   path: test-results/watch-choice
2026-10-08T14:23:58.2462290Z   if-no-files-found: warn
2026-10-08T14:23:58.2462525Z   retention-days: 14
2026-10-08T14:23:58.2462744Z   compression-level: 6
2026-10-08T14:23:58.2462967Z   overwrite: false
2026-10-08T14:23:58.2463186Z   include-hidden-files: false
2026-10-08T14:23:58.2463432Z ##[endgroup]
2026-10-08T14:23:58.4160636Z (node:4494) [DEP0040] DeprecationWarning: The `punycode` module is deprecated. Please use a userland alternative instead.
2026-10-08T14:23:58.4161359Z (Use `node --trace-deprecation ...` to show where the warning was created)
2026-10-08T14:23:58.4221678Z With the provided path, there will be 4 files uploaded
2026-10-08T14:23:58.4232970Z Artifact name is valid!
2026-10-08T14:23:58.4233710Z Root directory input is valid!
2026-10-08T14:23:58.7348824Z Beginning upload of artifact content to blob storage
2026-10-08T14:23:58.8032720Z (node:4494) [DEP0169] DeprecationWarning: `url.parse()` behavior is not standardized and prone to errors that have security implications. Use the WHATWG URL API instead. CVEs are not issued for `url.parse()` vulnerabilities.
2026-10-08T14:23:59.3028492Z Uploaded bytes 1091984
2026-10-08T14:23:59.3629761Z Finished uploading artifact content to blob storage!
2026-10-08T14:23:59.3630614Z SHA256 digest of uploaded artifact zip is 106f06ea74c2c8106f1f4770eac1d1db80cb860f65c04283766808856b1d6750
2026-10-08T14:23:59.3632261Z Finalizing artifact upload
2026-10-08T14:23:59.6206416Z Artifact historical-choice-2ea43cefe06690b11d91a033349ffa96148ff78f.zip successfully finalized. Artifact ID 11556678117
2026-10-08T14:23:59.6207785Z Artifact historical-choice-2ea43cefe06690b11d91a033349ffa96148ff78f has been successfully uploaded! Final size is 1091984 bytes. Artifact ID is 11556678117
2026-10-08T14:23:59.6213607Z Artifact download URL: https://github.com/Jacob-Met/longwater-browser-demo/actions/runs/37791979048/artifacts/11556678117
2026-10-08T14:23:59.6446012Z Post job cleanup.
2026-10-08T14:23:59.7324866Z [command]/usr/bin/git version
2026-10-08T14:23:59.7369038Z git version 2.55.0
2026-10-08T14:23:59.7405533Z Temporarily overriding HOME='/home/runner/work/_temp/0399e829-1dd1-47f1-bd7f-c2acf616a83b' before making global git config changes
2026-10-08T14:23:59.7406839Z Adding repository directory to the temporary git global config as a safe directory
2026-10-08T14:23:59.7410438Z [command]/usr/bin/git config --global --add safe.directory /home/runner/work/longwater-browser-demo/longwater-browser-demo
2026-10-08T14:23:59.7453173Z [command]/usr/bin/git config --local --name-only --get-regexp core\.sshCommand
2026-10-08T14:23:59.7490528Z [command]/usr/bin/git submodule foreach --recursive sh -c "git config --local --name-only --get-regexp 'core\.sshCommand' && git config --local --unset-all 'core.sshCommand' || :"
2026-10-08T14:23:59.7757965Z [command]/usr/bin/git config --local --name-only --get-regexp http\.https\:\/\/github\.com\/\.extraheader
2026-10-08T14:23:59.7785981Z http.https://github.com/.extraheader
2026-10-08T14:23:59.7798523Z [command]/usr/bin/git config --local --unset-all http.https://github.com/.extraheader
2026-10-08T14:23:59.7839070Z [command]/usr/bin/git submodule foreach --recursive sh -c "git config --local --name-only --get-regexp 'http\.https\:\/\/github\.com\/\.extraheader' && git config --local --unset-all 'http.https://github.com/.extraheader' || :"
2026-10-08T14:23:59.8112839Z [command]/usr/bin/git config --local --name-only --get-regexp ^includeIf\.gitdir:
2026-10-08T14:23:59.8154935Z [command]/usr/bin/git submodule foreach --recursive git config --local --show-origin --name-only --get-regexp remote.origin.url
2026-10-08T14:23:59.8586095Z Cleaning up orphan processes
2026-10-08T14:23:59.8981520Z ##[warning]Node.js 20 is deprecated. The following actions target Node.js 20 but are being forced to run on Node.js 24: actions/checkout@11d5960a326750d5838078e36cf38b85af677262, actions/upload-artifact@ea165f8d65b6e75b540449e92b4886f43607fa02. For more information see: https://github.blog/changelog/2025-09-19-deprecation-of-node-20-on-github-actions-runners/
