2026-10-08T14:50:12.116Z pw:browser <launching> /home/jacob/.cache/puppeteer/chrome/linux-154.0.8037.57/chrome-linux64/chrome --disable-field-trial-config --disable-background-networking --disable-background-timer-throttling --disable-backgrounding-occluded-windows --disable-back-forward-cache --disable-breakpad --disable-client-side-phishing-detection --disable-component-extensions-with-background-pages --disable-component-update --no-default-browser-check --disable-default-apps --disable-dev-shm-usage --disable-edgeupdater --disable-extensions --disable-features=AvoidUnnecessaryBeforeUnloadCheckSync,BoundaryEventDispatchTracksNodeRemoval,DestroyProfileOnBrowserClose,DialMediaRouteProvider,GlobalMediaControls,HttpsUpgrades,LensOverlay,MediaRouter,PaintHolding,ThirdPartyStoragePartitioning,BlockOriginHeaderModificationOnRedirect,Translate,AutoDeElevate,OptimizationHints,msForceBrowserSignIn,msEdgeUpdateLaunchServicesPreferredVersion --enable-features=CDPScreenshotNewSurface --allow-pre-commit-input --disable-hang-monitor --disable-ipc-flooding-protection --disable-popup-blocking --disable-prompt-on-repost --disable-renderer-backgrounding --disable-updater-scheduler --force-color-profile=srgb --metrics-recording-only --no-first-run --password-store=basic --use-mock-keychain --no-service-autorun --export-tagged-pdf --disable-search-engine-choice-screen --unsafely-disable-devtools-self-xss-warnings --edge-skip-compat-layer-relaunch --disable-infobars --disable-search-engine-choice-screen --disable-sync --enable-unsafe-swiftshader --headless --hide-scrollbars --mute-audio --blink-settings=primaryHoverType=2,availableHoverTypes=2,primaryPointerType=4,availablePointerTypes=4 --no-sandbox --user-data-dir=/home/jacob/lw49pub-tmp3/playwright_chromiumdev_profile-xKdDKf --remote-debugging-pipe --no-startup-window
2026-10-08T14:50:12.133Z pw:browser <launched> pid=3289010
2026-10-08T14:50:12.673Z pw:browser [pid=3289010][err] [3289010:3289034:1008/145012.670121:ERROR:dbus/bus.cc:405] Failed to connect to the bus: Could not parse server address: Unknown address type (examples of valid types are "tcp" and on UNIX "unix")
2026-10-08T14:50:12.675Z pw:browser [pid=3289010][err] [3289010:3289034:1008/145012.675542:ERROR:dbus/bus.cc:405] Failed to connect to the bus: Could not parse server address: Unknown address type (examples of valid types are "tcp" and on UNIX "unix")
2026-10-08T14:50:13.029Z pw:browser [pid=3289010][err] [3289010:3289034:1008/145013.029351:ERROR:dbus/bus.cc:405] Failed to connect to the bus: Could not parse server address: Unknown address type (examples of valid types are "tcp" and on UNIX "unix")
2026-10-08T14:50:13.144Z pw:browser [pid=3289010][err] [3289010:3289010:1008/145013.143354:ERROR:dbus/object_proxy.cc:572] Failed to call method: org.freedesktop.DBus.NameHasOwner: object_path= /org/freedesktop/DBus: unknown error type: 
2026-10-08T14:50:13.144Z pw:browser [pid=3289010][err] [3289010:3289010:1008/145013.143781:ERROR:dbus/object_proxy.cc:572] Failed to call method: org.freedesktop.DBus.NameHasOwner: object_path= /org/freedesktop/DBus: unknown error type: 
2026-10-08T14:50:13.145Z pw:browser [pid=3289010][err] [3289010:3289034:1008/145013.143794:ERROR:dbus/bus.cc:405] Failed to connect to the bus: Could not parse server address: Unknown address type (examples of valid types are "tcp" and on UNIX "unix")
2026-10-08T14:50:13.145Z pw:browser [pid=3289010][err] [3289010:3289034:1008/145013.144108:ERROR:dbus/bus.cc:405] Failed to connect to the bus: Could not parse server address: Unknown address type (examples of valid types are "tcp" and on UNIX "unix")
2026-10-08T14:50:13.183Z pw:browser [pid=3289010][err] [3289010:3289010:1008/145013.182850:ERROR:dbus/object_proxy.cc:572] Failed to call method: org.freedesktop.DBus.NameHasOwner: object_path= /org/freedesktop/DBus: unknown error type: 
2026-10-08T14:50:13.185Z pw:browser [pid=3289010][err] [3289010:3289034:1008/145013.185502:ERROR:dbus/bus.cc:405] Failed to connect to the bus: Could not parse server address: Unknown address type (examples of valid types are "tcp" and on UNIX "unix")
2026-10-08T14:50:13.196Z pw:browser [pid=3289010][err] [3289010:3289010:1008/145013.195327:ERROR:dbus/object_proxy.cc:572] Failed to call method: org.freedesktop.DBus.NameHasOwner: object_path= /org/freedesktop/DBus: unknown error type: 
2026-10-08T14:50:13.196Z pw:browser [pid=3289010][err] [3289010:3289010:1008/145013.195432:ERROR:dbus/object_proxy.cc:572] Failed to call method: org.freedesktop.DBus.NameHasOwner: object_path= /org/freedesktop/DBus: unknown error type: 
2026-10-08T14:50:13.208Z pw:browser [pid=3289010][err] [3289010:3289034:1008/145013.199364:ERROR:dbus/bus.cc:405] Failed to connect to the bus: Could not parse server address: Unknown address type (examples of valid types are "tcp" and on UNIX "unix")
2026-10-08T14:50:13.215Z pw:browser [pid=3289010][err] [3289010:3289010:1008/145013.214797:ERROR:dbus/object_proxy.cc:572] Failed to call method: org.freedesktop.DBus.NameHasOwner: object_path= /org/freedesktop/DBus: unknown error type: 
2026-10-08T14:50:13.224Z pw:browser [pid=3289010][err] [3289010:3289010:1008/145013.224022:ERROR:dbus/object_proxy.cc:572] Failed to call method: org.freedesktop.DBus.NameHasOwner: object_path= /org/freedesktop/DBus: unknown error type: 
2026-10-08T14:50:13.226Z pw:browser [pid=3289010][err] [3289010:3289034:1008/145013.226056:ERROR:dbus/bus.cc:405] Failed to connect to the bus: Could not parse server address: Unknown address type (examples of valid types are "tcp" and on UNIX "unix")
2026-10-08T14:50:13.242Z pw:browser [pid=3289010][err] [3289010:3289010:1008/145013.238579:ERROR:dbus/object_proxy.cc:572] Failed to call method: org.freedesktop.DBus.NameHasOwner: object_path= /org/freedesktop/DBus: unknown error type: 
2026-10-08T14:50:13.242Z pw:browser [pid=3289010][err] [3289010:3289034:1008/145013.239202:ERROR:dbus/bus.cc:405] Failed to connect to the bus: Could not parse server address: Unknown address type (examples of valid types are "tcp" and on UNIX "unix")
2026-10-08T14:50:13.247Z pw:browser [pid=3289010][err] [3289010:3289010:1008/145013.245280:ERROR:dbus/object_proxy.cc:572] Failed to call method: org.freedesktop.DBus.NameHasOwner: object_path= /org/freedesktop/DBus: unknown error type: 
2026-10-08T14:50:25.408Z pw:browser [pid=3289010] <gracefully close start>
2026-10-08T14:50:25.699Z pw:browser [pid=3289010] <process did exit: exitCode=0, signal=null>
2026-10-08T14:50:25.700Z pw:browser [pid=3289010] starting temporary directories cleanup
2026-10-08T14:50:25.755Z pw:browser [pid=3289010] finished temporary directories cleanup
2026-10-08T14:50:25.755Z pw:browser [pid=3289010] <gracefully close end>
